2025-02-15 21:01:17,121	INFO utils.py:120 -- Get all modules by type: DashboardHeadModule
2025-02-15 21:01:17,213	INFO utils.py:131 -- Module ray.dashboard.modules.actor.actor_head cannot be loaded because we cannot import all dependencies. Install this module using `pip install 'ray[default]'` for the full dashboard functionality. Error: No module named 'aiohttp_cors'
2025-02-15 21:01:17,244	INFO utils.py:131 -- Module ray.dashboard.modules.data.data_head cannot be loaded because we cannot import all dependencies. Install this module using `pip install 'ray[default]'` for the full dashboard functionality. Error: No module named 'aiohttp_cors'
2025-02-15 21:01:17,246	INFO utils.py:131 -- Module ray.dashboard.modules.event.event_agent cannot be loaded because we cannot import all dependencies. Install this module using `pip install 'ray[default]'` for the full dashboard functionality. Error: No module named 'grpc'
2025-02-15 21:01:17,248	INFO utils.py:131 -- Module ray.dashboard.modules.event.event_head cannot be loaded because we cannot import all dependencies. Install this module using `pip install 'ray[default]'` for the full dashboard functionality. Error: No module named 'aiohttp_cors'
2025-02-15 21:01:17,250	INFO utils.py:131 -- Module ray.dashboard.modules.healthz.healthz_agent cannot be loaded because we cannot import all dependencies. Install this module using `pip install 'ray[default]'` for the full dashboard functionality. Error: No module named 'aiohttp_cors'
2025-02-15 21:01:17,250	INFO utils.py:131 -- Module ray.dashboard.modules.healthz.healthz_head cannot be loaded because we cannot import all dependencies. Install this module using `pip install 'ray[default]'` for the full dashboard functionality. Error: No module named 'aiohttp_cors'
2025-02-15 21:01:17,324	INFO utils.py:131 -- Module ray.dashboard.modules.job.job_agent cannot be loaded because we cannot import all dependencies. Install this module using `pip install 'ray[default]'` for the full dashboard functionality. Error: No module named 'aiohttp_cors'
2025-02-15 21:01:17,327	INFO utils.py:131 -- Module ray.dashboard.modules.job.job_head cannot be loaded because we cannot import all dependencies. Install this module using `pip install 'ray[default]'` for the full dashboard functionality. Error: No module named 'aiohttp_cors'
2025-02-15 21:01:17,333	INFO utils.py:131 -- Module ray.dashboard.modules.log.log_agent cannot be loaded because we cannot import all dependencies. Install this module using `pip install 'ray[default]'` for the full dashboard functionality. Error: No module named 'grpc'
2025-02-15 21:01:17,573	INFO utils.py:131 -- Module ray.dashboard.modules.log.log_manager cannot be loaded because we cannot import all dependencies. Install this module using `pip install 'ray[default]'` for the full dashboard functionality. Error: No module named 'grpc'
2025-02-15 21:01:17,584	INFO utils.py:131 -- Module ray.dashboard.modules.metrics.metrics_head cannot be loaded because we cannot import all dependencies. Install this module using `pip install 'ray[default]'` for the full dashboard functionality. Error: No module named 'aiohttp_cors'
2025-02-15 21:01:17,587	INFO utils.py:131 -- Module ray.dashboard.modules.node.node_head cannot be loaded because we cannot import all dependencies. Install this module using `pip install 'ray[default]'` for the full dashboard functionality. Error: No module named 'grpc'
2025-02-15 21:01:17,594	INFO utils.py:131 -- Module ray.dashboard.modules.reporter.reporter_agent cannot be loaded because we cannot import all dependencies. Install this module using `pip install 'ray[default]'` for the full dashboard functionality. Error: No module named 'opencensus'
2025-02-15 21:01:17,596	INFO utils.py:131 -- Module ray.dashboard.modules.reporter.reporter_head cannot be loaded because we cannot import all dependencies. Install this module using `pip install 'ray[default]'` for the full dashboard functionality. Error: No module named 'aiohttp_cors'
2025-02-15 21:01:17,598	INFO utils.py:131 -- Module ray.dashboard.modules.serve.serve_agent cannot be loaded because we cannot import all dependencies. Install this module using `pip install 'ray[default]'` for the full dashboard functionality. Error: No module named 'aiohttp_cors'
2025-02-15 21:01:17,598	INFO utils.py:131 -- Module ray.dashboard.modules.serve.serve_head cannot be loaded because we cannot import all dependencies. Install this module using `pip install 'ray[default]'` for the full dashboard functionality. Error: No module named 'aiohttp_cors'
2025-02-15 21:01:17,600	INFO utils.py:131 -- Module ray.dashboard.modules.serve.serve_rest_api_impl cannot be loaded because we cannot import all dependencies. Install this module using `pip install 'ray[default]'` for the full dashboard functionality. Error: No module named 'aiohttp_cors'
2025-02-15 21:01:17,602	INFO utils.py:131 -- Module ray.dashboard.modules.snapshot.snapshot_head cannot be loaded because we cannot import all dependencies. Install this module using `pip install 'ray[default]'` for the full dashboard functionality. Error: No module named 'aiohttp_cors'
2025-02-15 21:01:17,605	INFO utils.py:131 -- Module ray.dashboard.modules.state.state_head cannot be loaded because we cannot import all dependencies. Install this module using `pip install 'ray[default]'` for the full dashboard functionality. Error: No module named 'aiohttp_cors'
2025-02-15 21:01:17,607	INFO utils.py:131 -- Module ray.dashboard.modules.train.train_head cannot be loaded because we cannot import all dependencies. Install this module using `pip install 'ray[default]'` for the full dashboard functionality. Error: No module named 'aiohttp_cors'
2025-02-15 21:01:17,609	INFO utils.py:153 -- Available modules: [<class 'ray.dashboard.modules.usage_stats.usage_stats_head.UsageStatsHead'>]
2025-02-15 21:01:17,609	INFO head.py:189 -- Modules to load: {'UsageStatsHead'}
2025-02-15 21:01:17,609	INFO head.py:192 -- Loading DashboardHeadModule: <class 'ray.dashboard.modules.usage_stats.usage_stats_head.UsageStatsHead'>
2025-02-15 21:01:17,610	INFO head.py:206 -- Loaded 1 modules. [<ray.dashboard.modules.usage_stats.usage_stats_head.UsageStatsHead object at 0x7f1a3b4219d0>]
2025-02-15 21:01:17,610	INFO head.py:301 -- http server disabled.
2025-02-15 21:01:17,611	INFO usage_stats_head.py:200 -- Usage reporting is disabled.
