2025-02-15 21:01:18,576	INFO log_monitor.py:155 -- Starting log monitor with [max open files=200], [is_autoscaler_v2=False]
2025-02-15 21:01:18,577	INFO log_monitor.py:273 -- Beginning to track file worker-bb8e16ad8bf28084393489871dcd33dfe43b44aa3e4730f1ceb33feb-ffffffff-450.out
2025-02-15 21:01:18,577	INFO log_monitor.py:273 -- Beginning to track file worker-39d56d2adb2a916403bc503da002a3a48d8866c9cc017c8eae28bcf2-ffffffff-440.err
2025-02-15 21:01:18,577	INFO log_monitor.py:273 -- Beginning to track file worker-0b7dbcc340ccb8f4cce36b1de3d730885f19d072e96ac76b4fce1564-ffffffff-451.out
2025-02-15 21:01:18,577	INFO log_monitor.py:273 -- Beginning to track file worker-a0f3ac1587ef007782a9b74c88bfa8c363a79b00b6b1f89e3e2c73ec-ffffffff-435.err
2025-02-15 21:01:18,577	INFO log_monitor.py:273 -- Beginning to track file worker-8b1556393840c118b89efcc8279fd1edf0f67314f697802d78e7f41d-ffffffff-441.out
2025-02-15 21:01:18,577	INFO log_monitor.py:273 -- Beginning to track file worker-48250934abcd00c44e09ec0e91a7400563912f357c5bf088e3c08711-ffffffff-448.err
2025-02-15 21:01:18,577	INFO log_monitor.py:273 -- Beginning to track file worker-330847014cf6a49ef58511fb78bd05d4d3c8e38639514160e209c81d-ffffffff-443.out
2025-02-15 21:01:18,577	INFO log_monitor.py:273 -- Beginning to track file worker-a0f3ac1587ef007782a9b74c88bfa8c363a79b00b6b1f89e3e2c73ec-ffffffff-435.out
2025-02-15 21:01:18,577	INFO log_monitor.py:273 -- Beginning to track file worker-9515a28f6cf25feead0aa5e7520cb91e16f1fbd0b68600b0dcb24089-ffffffff-431.err
2025-02-15 21:01:18,577	INFO log_monitor.py:273 -- Beginning to track file worker-48f5d34a80b6f7c5df6e6255b019a7cb8e8ec9120e94081994f3840f-ffffffff-433.out
2025-02-15 21:01:18,577	INFO log_monitor.py:273 -- Beginning to track file worker-2ef072880c9f61421c5bfe5063c0411a162f32ec975afaf0ab228e03-ffffffff-442.err
2025-02-15 21:01:18,578	INFO log_monitor.py:273 -- Beginning to track file worker-8b1556393840c118b89efcc8279fd1edf0f67314f697802d78e7f41d-ffffffff-441.err
2025-02-15 21:01:18,578	INFO log_monitor.py:273 -- Beginning to track file worker-2ef072880c9f61421c5bfe5063c0411a162f32ec975afaf0ab228e03-ffffffff-442.out
2025-02-15 21:01:18,578	INFO log_monitor.py:273 -- Beginning to track file worker-0b7dbcc340ccb8f4cce36b1de3d730885f19d072e96ac76b4fce1564-ffffffff-451.err
2025-02-15 21:01:18,578	INFO log_monitor.py:273 -- Beginning to track file worker-8ef1b0563949f123222011099e273b862876003e412e2dbecb32df73-ffffffff-445.err
2025-02-15 21:01:18,578	INFO log_monitor.py:273 -- Beginning to track file worker-1c7ca7288a5fef30858b1c6ce1eb3d7c64a71fb882c79c963fe83a10-ffffffff-444.err
2025-02-15 21:01:18,578	INFO log_monitor.py:273 -- Beginning to track file worker-c0dd4c01f826f8579e3875131cadc7cbe4a2f89eabe2e0b5fe4a977e-ffffffff-434.err
2025-02-15 21:01:18,578	INFO log_monitor.py:273 -- Beginning to track file worker-882eaef418ea96b939c0c302270aa2fa365976b8fa96b75ddc0cdf09-ffffffff-447.err
2025-02-15 21:01:18,578	INFO log_monitor.py:273 -- Beginning to track file worker-1137f0c5ed85db69ab57150211b29e98030df40a47e1845b5908e53f-ffffffff-430.err
2025-02-15 21:01:18,578	INFO log_monitor.py:273 -- Beginning to track file worker-48f5d34a80b6f7c5df6e6255b019a7cb8e8ec9120e94081994f3840f-ffffffff-433.err
2025-02-15 21:01:18,578	INFO log_monitor.py:273 -- Beginning to track file worker-1137f0c5ed85db69ab57150211b29e98030df40a47e1845b5908e53f-ffffffff-430.out
2025-02-15 21:01:18,578	INFO log_monitor.py:273 -- Beginning to track file worker-330847014cf6a49ef58511fb78bd05d4d3c8e38639514160e209c81d-ffffffff-443.err
2025-02-15 21:01:18,578	INFO log_monitor.py:273 -- Beginning to track file worker-0a5b174e1d3dbe86f1532e234c05b4bd49f2503b858fef1559f141a5-ffffffff-436.out
2025-02-15 21:01:18,578	INFO log_monitor.py:273 -- Beginning to track file worker-1c7ca7288a5fef30858b1c6ce1eb3d7c64a71fb882c79c963fe83a10-ffffffff-444.out
2025-02-15 21:01:18,578	INFO log_monitor.py:273 -- Beginning to track file worker-64ae22ab1657d1a2c811b1374c5b90f7befa060ac9e66fc371df5510-ffffffff-446.out
2025-02-15 21:01:18,578	INFO log_monitor.py:273 -- Beginning to track file worker-bb8e16ad8bf28084393489871dcd33dfe43b44aa3e4730f1ceb33feb-ffffffff-450.err
2025-02-15 21:01:18,578	INFO log_monitor.py:273 -- Beginning to track file worker-8ef1b0563949f123222011099e273b862876003e412e2dbecb32df73-ffffffff-445.out
2025-02-15 21:01:18,578	INFO log_monitor.py:273 -- Beginning to track file worker-9515a28f6cf25feead0aa5e7520cb91e16f1fbd0b68600b0dcb24089-ffffffff-431.out
2025-02-15 21:01:18,578	INFO log_monitor.py:273 -- Beginning to track file worker-39d56d2adb2a916403bc503da002a3a48d8866c9cc017c8eae28bcf2-ffffffff-440.out
2025-02-15 21:01:18,578	INFO log_monitor.py:273 -- Beginning to track file worker-01e8f8481ac7f1972db6de212ec6d2bbbe1564c4b376871c96df9204-ffffffff-432.err
2025-02-15 21:01:18,578	INFO log_monitor.py:273 -- Beginning to track file worker-0a5b174e1d3dbe86f1532e234c05b4bd49f2503b858fef1559f141a5-ffffffff-436.err
2025-02-15 21:01:18,578	INFO log_monitor.py:273 -- Beginning to track file worker-01e8f8481ac7f1972db6de212ec6d2bbbe1564c4b376871c96df9204-ffffffff-432.out
2025-02-15 21:01:18,578	INFO log_monitor.py:273 -- Beginning to track file worker-be1544a3d49c731cd2966629149d069a6bc860c428aca3711962bdad-ffffffff-437.err
2025-02-15 21:01:18,578	INFO log_monitor.py:273 -- Beginning to track file worker-be1544a3d49c731cd2966629149d069a6bc860c428aca3711962bdad-ffffffff-437.out
2025-02-15 21:01:18,578	INFO log_monitor.py:273 -- Beginning to track file worker-64ae22ab1657d1a2c811b1374c5b90f7befa060ac9e66fc371df5510-ffffffff-446.err
2025-02-15 21:01:18,578	INFO log_monitor.py:273 -- Beginning to track file worker-3970c51d553f9efebfac18b437e14a333906459757c94570f01e268c-ffffffff-439.err
2025-02-15 21:01:18,578	INFO log_monitor.py:273 -- Beginning to track file worker-3970c51d553f9efebfac18b437e14a333906459757c94570f01e268c-ffffffff-439.out
2025-02-15 21:01:18,578	INFO log_monitor.py:273 -- Beginning to track file worker-48250934abcd00c44e09ec0e91a7400563912f357c5bf088e3c08711-ffffffff-448.out
2025-02-15 21:01:18,578	INFO log_monitor.py:273 -- Beginning to track file worker-882eaef418ea96b939c0c302270aa2fa365976b8fa96b75ddc0cdf09-ffffffff-447.out
2025-02-15 21:01:18,578	INFO log_monitor.py:273 -- Beginning to track file worker-1718b527f503a46e9e5c6ec9ad32f760e4d630c8709ab34ebe6431cb-ffffffff-438.out
2025-02-15 21:01:18,578	INFO log_monitor.py:273 -- Beginning to track file worker-c0dd4c01f826f8579e3875131cadc7cbe4a2f89eabe2e0b5fe4a977e-ffffffff-434.out
2025-02-15 21:01:18,578	INFO log_monitor.py:273 -- Beginning to track file worker-1718b527f503a46e9e5c6ec9ad32f760e4d630c8709ab34ebe6431cb-ffffffff-438.err
2025-02-15 21:01:18,578	INFO log_monitor.py:273 -- Beginning to track file raylet.err
2025-02-15 21:01:18,578	INFO log_monitor.py:273 -- Beginning to track file monitor.log
2025-02-15 21:01:18,578	INFO log_monitor.py:273 -- Beginning to track file gcs_server.err
2025-02-15 21:01:18,681	INFO log_monitor.py:273 -- Beginning to track file worker-dee745bf10acb6b8d149d25f16ecab1c4b0c666142ac86b12244b3c7-ffffffff-449.out
2025-02-15 21:01:18,681	INFO log_monitor.py:273 -- Beginning to track file worker-dee745bf10acb6b8d149d25f16ecab1c4b0c666142ac86b12244b3c7-ffffffff-449.err
2025-02-15 21:01:19,487	INFO log_monitor.py:273 -- Beginning to track file worker-669d82f4ea4be77e06a8e8b48637eafc0fe26eca77352189d381e2a4-01000000-1644.err
2025-02-15 21:01:19,487	INFO log_monitor.py:273 -- Beginning to track file worker-669d82f4ea4be77e06a8e8b48637eafc0fe26eca77352189d381e2a4-01000000-1644.out
2025-02-15 21:01:55,086	INFO log_monitor.py:273 -- Beginning to track file worker-bdfc49905e75dc85abbc57b67d227ffcf68538f082e37daf22d20ef2-01000000-1749.out
2025-02-15 21:01:55,087	INFO log_monitor.py:273 -- Beginning to track file worker-bdfc49905e75dc85abbc57b67d227ffcf68538f082e37daf22d20ef2-01000000-1749.err
2025-02-15 21:02:42,145	INFO log_monitor.py:273 -- Beginning to track file worker-c0481687efb41e3720c414718fa381d5371d47d3df44ca0b25890a2f-01000000-1825.err
2025-02-15 21:02:42,145	INFO log_monitor.py:273 -- Beginning to track file worker-c0481687efb41e3720c414718fa381d5371d47d3df44ca0b25890a2f-01000000-1825.out
2025-02-15 21:03:09,101	INFO log_monitor.py:273 -- Beginning to track file worker-544e61dd62d4d71b58056039be0fea6a45d0d44910b20e78acdab7ad-01000000-1898.err
2025-02-15 21:03:09,102	INFO log_monitor.py:273 -- Beginning to track file worker-544e61dd62d4d71b58056039be0fea6a45d0d44910b20e78acdab7ad-01000000-1898.out
2025-02-15 21:03:28,134	INFO log_monitor.py:273 -- Beginning to track file worker-3d411bfad4cce3f54937f69f118f7640b496f014663d4cc3c0ac7fb6-01000000-1971.out
2025-02-15 21:03:28,134	INFO log_monitor.py:273 -- Beginning to track file worker-3d411bfad4cce3f54937f69f118f7640b496f014663d4cc3c0ac7fb6-01000000-1971.err
2025-02-15 21:03:41,191	INFO log_monitor.py:273 -- Beginning to track file worker-1c32f5ebfb294cf28a75144ebc4f8ce5623078e339dbbbbe0f98d5f2-01000000-2044.out
2025-02-15 21:03:41,191	INFO log_monitor.py:273 -- Beginning to track file worker-1c32f5ebfb294cf28a75144ebc4f8ce5623078e339dbbbbe0f98d5f2-01000000-2044.err
2025-02-15 21:04:06,195	INFO log_monitor.py:273 -- Beginning to track file worker-f721a732ce39171fcdcad80552f9b790f7d246c5cf26ccc3f67d28b8-01000000-2117.out
2025-02-15 21:04:06,195	INFO log_monitor.py:273 -- Beginning to track file worker-f721a732ce39171fcdcad80552f9b790f7d246c5cf26ccc3f67d28b8-01000000-2117.err
2025-02-15 21:04:18,154	INFO log_monitor.py:273 -- Beginning to track file worker-cf099066b8dd64655cc3f10c0581777990c6491b8e94e3e3136bfc24-01000000-2189.out
2025-02-15 21:04:18,154	INFO log_monitor.py:273 -- Beginning to track file worker-cf099066b8dd64655cc3f10c0581777990c6491b8e94e3e3136bfc24-01000000-2189.err
2025-02-15 21:05:00,177	INFO log_monitor.py:273 -- Beginning to track file worker-e5344bc78b780eaab02d35503a263dd20f0dc12624a0085c7b9d8567-01000000-2264.out
2025-02-15 21:05:00,177	INFO log_monitor.py:273 -- Beginning to track file worker-e5344bc78b780eaab02d35503a263dd20f0dc12624a0085c7b9d8567-01000000-2264.err
2025-02-15 21:05:37,329	INFO log_monitor.py:273 -- Beginning to track file worker-2ffaaebfccaba9ebd147a630e65fe450c0bab98a5e3910bcbac9e34e-01000000-2339.err
2025-02-15 21:05:37,329	INFO log_monitor.py:273 -- Beginning to track file worker-2ffaaebfccaba9ebd147a630e65fe450c0bab98a5e3910bcbac9e34e-01000000-2339.out
2025-02-15 21:06:03,359	INFO log_monitor.py:273 -- Beginning to track file worker-b182ce3d3fcd6843b3fc55c7a8c95e0df58c1096e5917b76a456cd8e-01000000-2413.err
2025-02-15 21:06:03,359	INFO log_monitor.py:273 -- Beginning to track file worker-b182ce3d3fcd6843b3fc55c7a8c95e0df58c1096e5917b76a456cd8e-01000000-2413.out
2025-02-15 21:06:42,376	INFO log_monitor.py:273 -- Beginning to track file worker-23ef8299bbec94a0eb0e5ca8dddabb1bd929f59fbadfd5605fbad4a4-01000000-2488.err
2025-02-15 21:06:42,376	INFO log_monitor.py:273 -- Beginning to track file worker-23ef8299bbec94a0eb0e5ca8dddabb1bd929f59fbadfd5605fbad4a4-01000000-2488.out
2025-02-15 21:07:17,340	INFO log_monitor.py:273 -- Beginning to track file worker-547e16d4c5e8109536589ba4a522fa8ffdf56906f6ee3d2319047c43-01000000-2562.out
2025-02-15 21:07:17,340	INFO log_monitor.py:273 -- Beginning to track file worker-547e16d4c5e8109536589ba4a522fa8ffdf56906f6ee3d2319047c43-01000000-2562.err
2025-02-15 21:07:36,415	INFO log_monitor.py:273 -- Beginning to track file worker-0de94dadb1e9ba1bc8e7d4b9df5c2fc0b19af0ce24b58290e3909b2e-01000000-2635.out
2025-02-15 21:07:36,416	INFO log_monitor.py:273 -- Beginning to track file worker-0de94dadb1e9ba1bc8e7d4b9df5c2fc0b19af0ce24b58290e3909b2e-01000000-2635.err
2025-02-15 21:08:03,349	INFO log_monitor.py:273 -- Beginning to track file worker-a5f4a31e4cadf140a92330e62e110ac5ce844b538bc2d9997c568bfc-01000000-2709.out
2025-02-15 21:08:03,350	INFO log_monitor.py:273 -- Beginning to track file worker-a5f4a31e4cadf140a92330e62e110ac5ce844b538bc2d9997c568bfc-01000000-2709.err
2025-02-15 21:08:33,336	INFO log_monitor.py:273 -- Beginning to track file worker-99f97783a02531f9c985beaf12945c6473d3d8ee8148bcd20ea852f7-01000000-2783.err
2025-02-15 21:08:33,336	INFO log_monitor.py:273 -- Beginning to track file worker-99f97783a02531f9c985beaf12945c6473d3d8ee8148bcd20ea852f7-01000000-2783.out
2025-02-15 21:09:06,362	INFO log_monitor.py:273 -- Beginning to track file worker-3458510b9f5f4960795d95557898842b80441f36f2f4592b0b77a024-01000000-2857.err
2025-02-15 21:09:06,362	INFO log_monitor.py:273 -- Beginning to track file worker-3458510b9f5f4960795d95557898842b80441f36f2f4592b0b77a024-01000000-2857.out
2025-02-15 21:09:24,348	INFO log_monitor.py:273 -- Beginning to track file worker-fa0b241857e4e2fd61ebaf92f62c41e2fb1e2535b60f3885f15f971e-01000000-2930.err
2025-02-15 21:09:24,349	INFO log_monitor.py:273 -- Beginning to track file worker-fa0b241857e4e2fd61ebaf92f62c41e2fb1e2535b60f3885f15f971e-01000000-2930.out
2025-02-15 21:09:45,386	INFO log_monitor.py:273 -- Beginning to track file worker-e301d16eecdd015f5129b3e6d592f632ad412701aa746f3483041dc2-01000000-3003.err
2025-02-15 21:09:45,387	INFO log_monitor.py:273 -- Beginning to track file worker-e301d16eecdd015f5129b3e6d592f632ad412701aa746f3483041dc2-01000000-3003.out
2025-02-15 21:10:03,472	INFO log_monitor.py:273 -- Beginning to track file worker-ae7beb0ad1fcb50e24eda387889b5f578433046a26a4df856d8a933a-01000000-3076.out
2025-02-15 21:10:03,473	INFO log_monitor.py:273 -- Beginning to track file worker-ae7beb0ad1fcb50e24eda387889b5f578433046a26a4df856d8a933a-01000000-3076.err
2025-02-15 21:10:39,456	INFO log_monitor.py:273 -- Beginning to track file worker-5500c9e32b78ba6cfefc02a74703ad926e388b26db337cc490bd1994-01000000-3150.out
2025-02-15 21:10:39,456	INFO log_monitor.py:273 -- Beginning to track file worker-5500c9e32b78ba6cfefc02a74703ad926e388b26db337cc490bd1994-01000000-3150.err
2025-02-15 21:10:58,427	INFO log_monitor.py:273 -- Beginning to track file worker-fd134399e458c7872d7a97f3604d3ad5ceb57c26c9a390a8994508ec-01000000-3223.out
2025-02-15 21:10:58,427	INFO log_monitor.py:273 -- Beginning to track file worker-fd134399e458c7872d7a97f3604d3ad5ceb57c26c9a390a8994508ec-01000000-3223.err
2025-02-15 21:11:24,445	INFO log_monitor.py:273 -- Beginning to track file worker-9db060f9731b678b84fefcd3e807fd519c5f0a7b384b92d0af0ed48a-01000000-3297.out
2025-02-15 21:11:24,445	INFO log_monitor.py:273 -- Beginning to track file worker-9db060f9731b678b84fefcd3e807fd519c5f0a7b384b92d0af0ed48a-01000000-3297.err
2025-02-15 21:11:41,463	INFO log_monitor.py:273 -- Beginning to track file worker-ee023108e9862fdbd82800b44ed4f7042f45509e5de1fe27b4ce66a7-01000000-3369.err
2025-02-15 21:11:41,463	INFO log_monitor.py:273 -- Beginning to track file worker-ee023108e9862fdbd82800b44ed4f7042f45509e5de1fe27b4ce66a7-01000000-3369.out
2025-02-15 21:11:57,414	INFO log_monitor.py:273 -- Beginning to track file worker-ddb786a5011c146e9cad77c337f495bd8151ee946350d5c789ceaa0a-01000000-3442.out
2025-02-15 21:11:57,414	INFO log_monitor.py:273 -- Beginning to track file worker-ddb786a5011c146e9cad77c337f495bd8151ee946350d5c789ceaa0a-01000000-3442.err
2025-02-15 21:12:31,468	INFO log_monitor.py:273 -- Beginning to track file worker-a49b2716faa5a8cf3e1693713e88450a9b993c243f291ebd4c6f32fa-01000000-3516.err
2025-02-15 21:12:31,468	INFO log_monitor.py:273 -- Beginning to track file worker-a49b2716faa5a8cf3e1693713e88450a9b993c243f291ebd4c6f32fa-01000000-3516.out
2025-02-15 21:12:52,575	INFO log_monitor.py:273 -- Beginning to track file worker-fd9d57d74ebc97f9fb17839430519a4d75898605b26900893f3776d1-01000000-3589.out
2025-02-15 21:12:52,575	INFO log_monitor.py:273 -- Beginning to track file worker-fd9d57d74ebc97f9fb17839430519a4d75898605b26900893f3776d1-01000000-3589.err
2025-02-15 21:13:30,635	INFO log_monitor.py:273 -- Beginning to track file worker-1744d945e1fc700fa349ea008f9242ed8ec73f3c40062737412086c6-01000000-3664.out
2025-02-15 21:13:30,635	INFO log_monitor.py:273 -- Beginning to track file worker-1744d945e1fc700fa349ea008f9242ed8ec73f3c40062737412086c6-01000000-3664.err
2025-02-15 21:14:21,674	INFO log_monitor.py:273 -- Beginning to track file worker-6a8fc7224415e1847a83f5f93c85879d3425627fd47a275de9b7b1e3-01000000-3740.out
2025-02-15 21:14:21,674	INFO log_monitor.py:273 -- Beginning to track file worker-6a8fc7224415e1847a83f5f93c85879d3425627fd47a275de9b7b1e3-01000000-3740.err
2025-02-15 21:14:41,536	INFO log_monitor.py:273 -- Beginning to track file worker-09eabf8ece557e6b8ef37b29845aa442c011bdbb3a066ba930d288bb-01000000-3813.out
2025-02-15 21:14:41,536	INFO log_monitor.py:273 -- Beginning to track file worker-09eabf8ece557e6b8ef37b29845aa442c011bdbb3a066ba930d288bb-01000000-3813.err
