[2025-02-15 21:01:19,475 I 1644 1644] core_worker_process.cc:107: Constructing CoreWorkerProcess. pid: 1644
[2025-02-15 21:01:19,476 I 1644 1644] io_service_pool.cc:35: IOServicePool is running with 1 io_service.
[2025-02-15 21:01:19,478 I 1644 1644] grpc_server.cc:134: worker server started, listening on port 32963.
[2025-02-15 21:01:19,479 I 1644 1644] core_worker.cc:275: Initializing worker at address: 172.19.0.2:32963 worker_id=669d82f4ea4be77e06a8e8b48637eafc0fe26eca77352189d381e2a4 node_id=752ac4f92daae43b5e6788582e57659b4a80764e0181b1cee6c12bc5
[2025-02-15 21:01:19,480 I 1644 1644] task_event_buffer.cc:257: Reporting task events to GCS every 1000ms.
[2025-02-15 21:01:19,480 I 1644 1644] core_worker.cc:703: Adjusted worker niceness to 15
[2025-02-15 21:01:19,480 I 1644 1681] core_worker.cc:642: Event stats:


Global stats: 15 total (9 active)
Queueing time: mean = 8.715 us, max = 76.842 us, min = 13.171 us, total = 130.732 us
Execution time:  mean = 53.594 us, total = 803.909 us
Event stats:
	PeriodicalRunner.RunFnPeriodically - 7 total (5 active, 1 running), Execution time: mean = 1.891 us, total = 13.234 us, Queueing time: mean = 12.859 us, max = 76.842 us, min = 13.171 us, total = 90.013 us
	ray::rpc::WorkerInfoGcsService.grpc_client.AddWorkerInfo - 1 total (0 active), Execution time: mean = 397.922 us, total = 397.922 us, Queueing time: mean = 0.000 s, max = -0.000 s, min = 9223372036.855 s, total = 0.000 s
	ray::rpc::WorkerInfoGcsService.grpc_client.AddWorkerInfo.OnReplyReceived - 1 total (0 active), Execution time: mean = 18.015 us, total = 18.015 us, Queueing time: mean = 23.102 us, max = 23.102 us, min = 23.102 us, total = 23.102 us
	ray::rpc::InternalPubSubGcsService.grpc_client.GcsSubscriberCommandBatch.OnReplyReceived - 1 total (0 active), Execution time: mean = 74.916 us, total = 74.916 us, Queueing time: mean = 17.617 us, max = 17.617 us, min = 17.617 us, total = 17.617 us
	ray::rpc::NodeInfoGcsService.grpc_client.GetAllNodeInfo - 1 total (1 active), Execution time: mean = 0.000 s, total = 0.000 s, Queueing time: mean = 0.000 s, max = -0.000 s, min = 9223372036.855 s, total = 0.000 s
	ray::rpc::InternalPubSubGcsService.grpc_client.GcsSubscriberCommandBatch - 1 total (0 active), Execution time: mean = 299.822 us, total = 299.822 us, Queueing time: mean = 0.000 s, max = -0.000 s, min = 9223372036.855 s, total = 0.000 s
	ray::rpc::InternalPubSubGcsService.grpc_client.GcsSubscriberPoll - 1 total (1 active), Execution time: mean = 0.000 s, total = 0.000 s, Queueing time: mean = 0.000 s, max = -0.000 s, min = 9223372036.855 s, total = 0.000 s
	CoreWorker.ExitIfParentRayletDies - 1 total (1 active), Execution time: mean = 0.000 s, total = 0.000 s, Queueing time: mean = 0.000 s, max = -0.000 s, min = 9223372036.855 s, total = 0.000 s
	Publisher.CheckDeadSubscribers - 1 total (1 active), Execution time: mean = 0.000 s, total = 0.000 s, Queueing time: mean = 0.000 s, max = -0.000 s, min = 9223372036.855 s, total = 0.000 s

-----------------
Task Event stats:

IO Service Stats:

Global stats: 4 total (1 active)
Queueing time: mean = 28.747 us, max = 91.029 us, min = 23.958 us, total = 114.987 us
Execution time:  mean = 116.238 us, total = 464.951 us
Event stats:
	CoreWorker.deadline_timer.flush_task_events - 1 total (1 active), Execution time: mean = 0.000 s, total = 0.000 s, Queueing time: mean = 0.000 s, max = -0.000 s, min = 9223372036.855 s, total = 0.000 s
	ray::rpc::TaskInfoGcsService.grpc_client.AddTaskEventData.OnReplyReceived - 1 total (0 active), Execution time: mean = 13.072 us, total = 13.072 us, Queueing time: mean = 23.958 us, max = 23.958 us, min = 23.958 us, total = 23.958 us
	PeriodicalRunner.RunFnPeriodically - 1 total (0 active), Execution time: mean = 88.913 us, total = 88.913 us, Queueing time: mean = 91.029 us, max = 91.029 us, min = 91.029 us, total = 91.029 us
	ray::rpc::TaskInfoGcsService.grpc_client.AddTaskEventData - 1 total (0 active), Execution time: mean = 362.966 us, total = 362.966 us, Queueing time: mean = 0.000 s, max = -0.000 s, min = 9223372036.855 s, total = 0.000 s
Other Stats:
	grpc_in_progress:0
	current number of task status events in buffer: 0
	current number of profile events in buffer: 0
	current number of dropped task attempts tracked: 0
	total task events sent: 0 MiB
	total number of task attempts sent: 0
	total number of task attempts dropped reported: 0
	total number of sent failure: 0
	num status task events dropped: 0
	num profile task events dropped: 0


[2025-02-15 21:01:19,480 I 1644 1644] event.cc:491: Ray Event initialized for CORE_WORKER
[2025-02-15 21:01:19,480 I 1644 1644] event.cc:491: Ray Event initialized for EXPORT_TASK
[2025-02-15 21:01:19,480 I 1644 1644] event.cc:322: Set ray event level to warning
[2025-02-15 21:01:19,481 I 1644 1681] accessor.cc:762: Received notification for node, IsAlive = 1 node_id=752ac4f92daae43b5e6788582e57659b4a80764e0181b1cee6c12bc5
[2025-02-15 21:01:19,481 I 1644 1681] core_worker.cc:4754: Number of alive nodes:1
[2025-02-15 21:01:19,482 I 1644 1644] actor_task_submitter.cc:73: Set actor max pending calls to -1 actor_id=a5b32aea3465624cbe42040401000000
[2025-02-15 21:01:19,482 I 1644 1644] core_worker.cc:3017: Creating actor actor_id=a5b32aea3465624cbe42040401000000
[2025-02-15 21:01:22,985 I 1644 1644] task_receiver.cc:196: Actor creation task finished, task_id: ffffffffffffffffa5b32aea3465624cbe42040401000000, actor_id: a5b32aea3465624cbe42040401000000, actor_repr_name: _train_tune
[2025-02-15 21:01:29,485 W 1644 1676] metric_exporter.cc:105: [1] Export metrics to agent failed: RpcError: RPC Error message: failed to connect to all addresses; last error: UNKNOWN: ipv4:127.0.0.1:61139: Failed to connect to remote host: Connection refused; RPC Error details: . This won't affect Ray, but you can lose metrics from the cluster.
[2025-02-15 21:01:54,022 I 1644 1681] core_worker.cc:4177: Force kill actor request has received. exiting immediately... The actor is dead because all references to the actor were removed.
[2025-02-15 21:01:54,022 W 1644 1681] core_worker.cc:958: Force exit the process.  Details: Worker exits because the actor is killed. The actor is dead because all references to the actor were removed.
[2025-02-15 21:01:54,023 I 1644 1681] core_worker.cc:855: Try killing all child processes of this worker as it exits. Child process pids: 
[2025-02-15 21:01:54,023 I 1644 1681] core_worker.cc:814: Disconnecting to the raylet.
[2025-02-15 21:01:54,023 I 1644 1681] raylet_client.cc:162: RayletClient::Disconnect, exit_type=INTENDED_SYSTEM_EXIT, exit_detail=Worker exits because the actor is killed. The actor is dead because all references to the actor were removed., has creation_task_exception_pb_bytes=0
[2025-02-15 21:01:54,023 W 1644 1681] raylet_client.cc:187: IOError: Broken pipe [RayletClient] Failed to disconnect from raylet. This means the raylet the worker is connected is probably already dead.
