[2025-02-15 21:05:37,256 I 2339 2339] core_worker_process.cc:107: Constructing CoreWorkerProcess. pid: 2339
[2025-02-15 21:05:37,258 I 2339 2339] io_service_pool.cc:35: IOServicePool is running with 1 io_service.
[2025-02-15 21:05:37,260 I 2339 2339] grpc_server.cc:134: worker server started, listening on port 33537.
[2025-02-15 21:05:37,262 I 2339 2339] core_worker.cc:275: Initializing worker at address: 172.19.0.2:33537 worker_id=2ffaaebfccaba9ebd147a630e65fe450c0bab98a5e3910bcbac9e34e node_id=752ac4f92daae43b5e6788582e57659b4a80764e0181b1cee6c12bc5
[2025-02-15 21:05:37,263 I 2339 2339] task_event_buffer.cc:257: Reporting task events to GCS every 1000ms.
[2025-02-15 21:05:37,264 I 2339 2339] core_worker.cc:703: Adjusted worker niceness to 15
[2025-02-15 21:05:37,264 I 2339 2375] core_worker.cc:642: Event stats:


Global stats: 11 total (5 active)
Queueing time: mean = 36.608 us, max = 315.677 us, min = 22.444 us, total = 402.684 us
Execution time:  mean = 121.705 us, total = 1.339 ms
Event stats:
	PeriodicalRunner.RunFnPeriodically - 3 total (1 active, 1 running), Execution time: mean = 6.101 us, total = 18.303 us, Queueing time: mean = 118.088 us, max = 315.677 us, min = 38.586 us, total = 354.263 us
	ray::rpc::WorkerInfoGcsService.grpc_client.AddWorkerInfo - 1 total (0 active), Execution time: mean = 723.078 us, total = 723.078 us, Queueing time: mean = 0.000 s, max = -0.000 s, min = 9223372036.855 s, total = 0.000 s
	Publisher.CheckDeadSubscribers - 1 total (1 active), Execution time: mean = 0.000 s, total = 0.000 s, Queueing time: mean = 0.000 s, max = -0.000 s, min = 9223372036.855 s, total = 0.000 s
	ray::rpc::InternalPubSubGcsService.grpc_client.GcsSubscriberCommandBatch - 1 total (0 active), Execution time: mean = 472.100 us, total = 472.100 us, Queueing time: mean = 0.000 s, max = -0.000 s, min = 9223372036.855 s, total = 0.000 s
	ray::rpc::InternalPubSubGcsService.grpc_client.GcsSubscriberPoll - 1 total (1 active), Execution time: mean = 0.000 s, total = 0.000 s, Queueing time: mean = 0.000 s, max = -0.000 s, min = 9223372036.855 s, total = 0.000 s
	CoreWorker.ExitIfParentRayletDies - 1 total (1 active), Execution time: mean = 0.000 s, total = 0.000 s, Queueing time: mean = 0.000 s, max = -0.000 s, min = 9223372036.855 s, total = 0.000 s
	ray::rpc::WorkerInfoGcsService.grpc_client.AddWorkerInfo.OnReplyReceived - 1 total (0 active), Execution time: mean = 23.390 us, total = 23.390 us, Queueing time: mean = 25.977 us, max = 25.977 us, min = 25.977 us, total = 25.977 us
	ray::rpc::InternalPubSubGcsService.grpc_client.GcsSubscriberCommandBatch.OnReplyReceived - 1 total (0 active), Execution time: mean = 101.883 us, total = 101.883 us, Queueing time: mean = 22.444 us, max = 22.444 us, min = 22.444 us, total = 22.444 us
	ray::rpc::NodeInfoGcsService.grpc_client.GetAllNodeInfo - 1 total (1 active), Execution time: mean = 0.000 s, total = 0.000 s, Queueing time: mean = 0.000 s, max = -0.000 s, min = 9223372036.855 s, total = 0.000 s

-----------------
Task Event stats:

IO Service Stats:

Global stats: 4 total (1 active)
Queueing time: mean = 11.445 us, max = 25.062 us, min = 20.717 us, total = 45.779 us
Execution time:  mean = 157.915 us, total = 631.660 us
Event stats:
	PeriodicalRunner.RunFnPeriodically - 1 total (0 active), Execution time: mean = 187.611 us, total = 187.611 us, Queueing time: mean = 20.717 us, max = 20.717 us, min = 20.717 us, total = 20.717 us
	ray::rpc::TaskInfoGcsService.grpc_client.AddTaskEventData - 1 total (0 active), Execution time: mean = 428.165 us, total = 428.165 us, Queueing time: mean = 0.000 s, max = -0.000 s, min = 9223372036.855 s, total = 0.000 s
	CoreWorker.deadline_timer.flush_task_events - 1 total (1 active), Execution time: mean = 0.000 s, total = 0.000 s, Queueing time: mean = 0.000 s, max = -0.000 s, min = 9223372036.855 s, total = 0.000 s
	ray::rpc::TaskInfoGcsService.grpc_client.AddTaskEventData.OnReplyReceived - 1 total (0 active), Execution time: mean = 15.884 us, total = 15.884 us, Queueing time: mean = 25.062 us, max = 25.062 us, min = 25.062 us, total = 25.062 us
Other Stats:
	grpc_in_progress:0
	current number of task status events in buffer: 0
	current number of profile events in buffer: 0
	current number of dropped task attempts tracked: 0
	total task events sent: 0 MiB
	total number of task attempts sent: 0
	total number of task attempts dropped reported: 0
	total number of sent failure: 0
	num status task events dropped: 0
	num profile task events dropped: 0


[2025-02-15 21:05:37,264 I 2339 2339] event.cc:491: Ray Event initialized for CORE_WORKER
[2025-02-15 21:05:37,264 I 2339 2339] event.cc:491: Ray Event initialized for EXPORT_TASK
[2025-02-15 21:05:37,264 I 2339 2339] event.cc:322: Set ray event level to warning
[2025-02-15 21:05:37,264 I 2339 2375] accessor.cc:762: Received notification for node, IsAlive = 1 node_id=752ac4f92daae43b5e6788582e57659b4a80764e0181b1cee6c12bc5
[2025-02-15 21:05:37,264 I 2339 2375] core_worker.cc:4754: Number of alive nodes:1
[2025-02-15 21:05:37,266 I 2339 2339] actor_task_submitter.cc:73: Set actor max pending calls to -1 actor_id=b80e219f3b7ca7ad5271ac2e01000000
[2025-02-15 21:05:37,266 I 2339 2339] core_worker.cc:3017: Creating actor actor_id=b80e219f3b7ca7ad5271ac2e01000000
[2025-02-15 21:05:41,425 I 2339 2339] task_receiver.cc:196: Actor creation task finished, task_id: ffffffffffffffffb80e219f3b7ca7ad5271ac2e01000000, actor_id: b80e219f3b7ca7ad5271ac2e01000000, actor_repr_name: _train_tune
[2025-02-15 21:05:47,270 W 2339 2370] metric_exporter.cc:105: [1] Export metrics to agent failed: RpcError: RPC Error message: failed to connect to all addresses; last error: UNKNOWN: ipv4:127.0.0.1:61139: Failed to connect to remote host: Connection refused; RPC Error details: . This won't affect Ray, but you can lose metrics from the cluster.
[2025-02-15 21:06:01,761 I 2339 2375] core_worker.cc:4177: Force kill actor request has received. exiting immediately... The actor is dead because all references to the actor were removed.
[2025-02-15 21:06:01,761 W 2339 2375] core_worker.cc:958: Force exit the process.  Details: Worker exits because the actor is killed. The actor is dead because all references to the actor were removed.
[2025-02-15 21:06:01,762 I 2339 2375] core_worker.cc:855: Try killing all child processes of this worker as it exits. Child process pids: 
[2025-02-15 21:06:01,763 I 2339 2375] core_worker.cc:814: Disconnecting to the raylet.
[2025-02-15 21:06:01,763 I 2339 2375] raylet_client.cc:162: RayletClient::Disconnect, exit_type=INTENDED_SYSTEM_EXIT, exit_detail=Worker exits because the actor is killed. The actor is dead because all references to the actor were removed., has creation_task_exception_pb_bytes=0
[2025-02-15 21:06:01,763 W 2339 2375] raylet_client.cc:187: IOError: Broken pipe [RayletClient] Failed to disconnect from raylet. This means the raylet the worker is connected is probably already dead.
