[2025-02-15 21:14:41,501 I 3813 3813] core_worker_process.cc:107: Constructing CoreWorkerProcess. pid: 3813
[2025-02-15 21:14:41,502 I 3813 3813] io_service_pool.cc:35: IOServicePool is running with 1 io_service.
[2025-02-15 21:14:41,505 I 3813 3813] grpc_server.cc:134: worker server started, listening on port 38427.
[2025-02-15 21:14:41,506 I 3813 3813] core_worker.cc:275: Initializing worker at address: 172.19.0.2:38427 worker_id=09eabf8ece557e6b8ef37b29845aa442c011bdbb3a066ba930d288bb node_id=752ac4f92daae43b5e6788582e57659b4a80764e0181b1cee6c12bc5
[2025-02-15 21:14:41,507 I 3813 3813] task_event_buffer.cc:257: Reporting task events to GCS every 1000ms.
[2025-02-15 21:14:41,507 I 3813 3813] core_worker.cc:703: Adjusted worker niceness to 15
[2025-02-15 21:14:41,507 I 3813 3849] core_worker.cc:642: Event stats:


Global stats: 15 total (9 active)
Queueing time: mean = 11.265 us, max = 88.771 us, min = 19.896 us, total = 168.978 us
Execution time:  mean = 74.004 us, total = 1.110 ms
Event stats:
	PeriodicalRunner.RunFnPeriodically - 7 total (5 active, 1 running), Execution time: mean = 2.212 us, total = 15.485 us, Queueing time: mean = 18.438 us, max = 88.771 us, min = 40.294 us, total = 129.065 us
	ray::rpc::InternalPubSubGcsService.grpc_client.GcsSubscriberCommandBatch.OnReplyReceived - 1 total (0 active), Execution time: mean = 103.556 us, total = 103.556 us, Queueing time: mean = 19.896 us, max = 19.896 us, min = 19.896 us, total = 19.896 us
	Publisher.CheckDeadSubscribers - 1 total (1 active), Execution time: mean = 0.000 s, total = 0.000 s, Queueing time: mean = 0.000 s, max = -0.000 s, min = 9223372036.855 s, total = 0.000 s
	ray::rpc::InternalPubSubGcsService.grpc_client.GcsSubscriberPoll - 1 total (1 active), Execution time: mean = 0.000 s, total = 0.000 s, Queueing time: mean = 0.000 s, max = -0.000 s, min = 9223372036.855 s, total = 0.000 s
	ray::rpc::WorkerInfoGcsService.grpc_client.AddWorkerInfo.OnReplyReceived - 1 total (0 active), Execution time: mean = 15.712 us, total = 15.712 us, Queueing time: mean = 20.017 us, max = 20.017 us, min = 20.017 us, total = 20.017 us
	ray::rpc::NodeInfoGcsService.grpc_client.GetAllNodeInfo - 1 total (1 active), Execution time: mean = 0.000 s, total = 0.000 s, Queueing time: mean = 0.000 s, max = -0.000 s, min = 9223372036.855 s, total = 0.000 s
	ray::rpc::WorkerInfoGcsService.grpc_client.AddWorkerInfo - 1 total (0 active), Execution time: mean = 495.486 us, total = 495.486 us, Queueing time: mean = 0.000 s, max = -0.000 s, min = 9223372036.855 s, total = 0.000 s
	CoreWorker.ExitIfParentRayletDies - 1 total (1 active), Execution time: mean = 0.000 s, total = 0.000 s, Queueing time: mean = 0.000 s, max = -0.000 s, min = 9223372036.855 s, total = 0.000 s
	ray::rpc::InternalPubSubGcsService.grpc_client.GcsSubscriberCommandBatch - 1 total (0 active), Execution time: mean = 479.818 us, total = 479.818 us, Queueing time: mean = 0.000 s, max = -0.000 s, min = 9223372036.855 s, total = 0.000 s

-----------------
Task Event stats:

IO Service Stats:

Global stats: 4 total (1 active)
Queueing time: mean = 10.293 us, max = 20.821 us, min = 20.349 us, total = 41.170 us
Execution time:  mean = 129.055 us, total = 516.221 us
Event stats:
	ray::rpc::TaskInfoGcsService.grpc_client.AddTaskEventData - 1 total (0 active), Execution time: mean = 370.230 us, total = 370.230 us, Queueing time: mean = 0.000 s, max = -0.000 s, min = 9223372036.855 s, total = 0.000 s
	CoreWorker.deadline_timer.flush_task_events - 1 total (1 active), Execution time: mean = 0.000 s, total = 0.000 s, Queueing time: mean = 0.000 s, max = -0.000 s, min = 9223372036.855 s, total = 0.000 s
	PeriodicalRunner.RunFnPeriodically - 1 total (0 active), Execution time: mean = 129.520 us, total = 129.520 us, Queueing time: mean = 20.349 us, max = 20.349 us, min = 20.349 us, total = 20.349 us
	ray::rpc::TaskInfoGcsService.grpc_client.AddTaskEventData.OnReplyReceived - 1 total (0 active), Execution time: mean = 16.471 us, total = 16.471 us, Queueing time: mean = 20.821 us, max = 20.821 us, min = 20.821 us, total = 20.821 us
Other Stats:
	grpc_in_progress:0
	current number of task status events in buffer: 0
	current number of profile events in buffer: 0
	current number of dropped task attempts tracked: 0
	total task events sent: 0 MiB
	total number of task attempts sent: 0
	total number of task attempts dropped reported: 0
	total number of sent failure: 0
	num status task events dropped: 0
	num profile task events dropped: 0


[2025-02-15 21:14:41,507 I 3813 3813] event.cc:491: Ray Event initialized for CORE_WORKER
[2025-02-15 21:14:41,507 I 3813 3813] event.cc:491: Ray Event initialized for EXPORT_TASK
[2025-02-15 21:14:41,507 I 3813 3813] event.cc:322: Set ray event level to warning
[2025-02-15 21:14:41,508 I 3813 3849] accessor.cc:762: Received notification for node, IsAlive = 1 node_id=752ac4f92daae43b5e6788582e57659b4a80764e0181b1cee6c12bc5
[2025-02-15 21:14:41,508 I 3813 3849] core_worker.cc:4754: Number of alive nodes:1
[2025-02-15 21:14:41,509 I 3813 3813] actor_task_submitter.cc:73: Set actor max pending calls to -1 actor_id=8ed76c757b9150bc59ddd1b301000000
[2025-02-15 21:14:41,509 I 3813 3813] core_worker.cc:3017: Creating actor actor_id=8ed76c757b9150bc59ddd1b301000000
[2025-02-15 21:14:45,356 I 3813 3813] task_receiver.cc:196: Actor creation task finished, task_id: ffffffffffffffff8ed76c757b9150bc59ddd1b301000000, actor_id: 8ed76c757b9150bc59ddd1b301000000, actor_repr_name: _train_tune
[2025-02-15 21:14:51,512 W 3813 3844] metric_exporter.cc:105: [1] Export metrics to agent failed: RpcError: RPC Error message: failed to connect to all addresses; last error: UNKNOWN: ipv4:127.0.0.1:61139: Failed to connect to remote host: Connection refused; RPC Error details: . This won't affect Ray, but you can lose metrics from the cluster.
[2025-02-15 21:15:03,902 I 3813 3849] core_worker.cc:4177: Force kill actor request has received. exiting immediately... The actor is dead because all references to the actor were removed including lineage ref count.
[2025-02-15 21:15:03,902 W 3813 3849] core_worker.cc:958: Force exit the process.  Details: Worker exits because the actor is killed. The actor is dead because all references to the actor were removed including lineage ref count.
[2025-02-15 21:15:03,903 I 3813 3849] core_worker.cc:855: Try killing all child processes of this worker as it exits. Child process pids: 
[2025-02-15 21:15:03,903 I 3813 3849] core_worker.cc:814: Disconnecting to the raylet.
[2025-02-15 21:15:03,903 I 3813 3849] raylet_client.cc:162: RayletClient::Disconnect, exit_type=INTENDED_SYSTEM_EXIT, exit_detail=Worker exits because the actor is killed. The actor is dead because all references to the actor were removed including lineage ref count., has creation_task_exception_pb_bytes=0
[2025-02-15 21:15:03,903 W 3813 3849] raylet_client.cc:187: IOError: Broken pipe [RayletClient] Failed to disconnect from raylet. This means the raylet the worker is connected is probably already dead.
