[2025-02-15 21:04:06,097 I 2117 2117] core_worker_process.cc:107: Constructing CoreWorkerProcess. pid: 2117
[2025-02-15 21:04:06,099 I 2117 2117] io_service_pool.cc:35: IOServicePool is running with 1 io_service.
[2025-02-15 21:04:06,101 I 2117 2117] grpc_server.cc:134: worker server started, listening on port 40571.
[2025-02-15 21:04:06,102 I 2117 2117] core_worker.cc:275: Initializing worker at address: 172.19.0.2:40571 worker_id=f721a732ce39171fcdcad80552f9b790f7d246c5cf26ccc3f67d28b8 node_id=752ac4f92daae43b5e6788582e57659b4a80764e0181b1cee6c12bc5
[2025-02-15 21:04:06,103 I 2117 2117] task_event_buffer.cc:257: Reporting task events to GCS every 1000ms.
[2025-02-15 21:04:06,104 I 2117 2117] core_worker.cc:703: Adjusted worker niceness to 15
[2025-02-15 21:04:06,104 I 2117 2117] event.cc:491: Ray Event initialized for CORE_WORKER
[2025-02-15 21:04:06,104 I 2117 2153] core_worker.cc:642: Event stats:


Global stats: 15 total (9 active)
Queueing time: mean = 9.360 us, max = 80.697 us, min = 19.014 us, total = 140.398 us
Execution time:  mean = 74.902 us, total = 1.124 ms
Event stats:
	PeriodicalRunner.RunFnPeriodically - 7 total (5 active, 1 running), Execution time: mean = 2.419 us, total = 16.932 us, Queueing time: mean = 14.244 us, max = 80.697 us, min = 19.014 us, total = 99.711 us
	CoreWorker.ExitIfParentRayletDies - 1 total (1 active), Execution time: mean = 0.000 s, total = 0.000 s, Queueing time: mean = 0.000 s, max = -0.000 s, min = 9223372036.855 s, total = 0.000 s
	ray::rpc::WorkerInfoGcsService.grpc_client.AddWorkerInfo - 1 total (0 active), Execution time: mean = 480.220 us, total = 480.220 us, Queueing time: mean = 0.000 s, max = -0.000 s, min = 9223372036.855 s, total = 0.000 s
	ray::rpc::InternalPubSubGcsService.grpc_client.GcsSubscriberCommandBatch - 1 total (0 active), Execution time: mean = 472.115 us, total = 472.115 us, Queueing time: mean = 0.000 s, max = -0.000 s, min = 9223372036.855 s, total = 0.000 s
	ray::rpc::WorkerInfoGcsService.grpc_client.AddWorkerInfo.OnReplyReceived - 1 total (0 active), Execution time: mean = 17.998 us, total = 17.998 us, Queueing time: mean = 21.055 us, max = 21.055 us, min = 21.055 us, total = 21.055 us
	Publisher.CheckDeadSubscribers - 1 total (1 active), Execution time: mean = 0.000 s, total = 0.000 s, Queueing time: mean = 0.000 s, max = -0.000 s, min = 9223372036.855 s, total = 0.000 s
	ray::rpc::NodeInfoGcsService.grpc_client.GetAllNodeInfo - 1 total (1 active), Execution time: mean = 0.000 s, total = 0.000 s, Queueing time: mean = 0.000 s, max = -0.000 s, min = 9223372036.855 s, total = 0.000 s
	ray::rpc::InternalPubSubGcsService.grpc_client.GcsSubscriberCommandBatch.OnReplyReceived - 1 total (0 active), Execution time: mean = 136.264 us, total = 136.264 us, Queueing time: mean = 19.632 us, max = 19.632 us, min = 19.632 us, total = 19.632 us
	ray::rpc::InternalPubSubGcsService.grpc_client.GcsSubscriberPoll - 1 total (1 active), Execution time: mean = 0.000 s, total = 0.000 s, Queueing time: mean = 0.000 s, max = -0.000 s, min = 9223372036.855 s, total = 0.000 s

-----------------
Task Event stats:

IO Service Stats:

Global stats: 4 total (1 active)
Queueing time: mean = 10.731 us, max = 23.382 us, min = 19.542 us, total = 42.924 us
Execution time:  mean = 140.284 us, total = 561.136 us
Event stats:
	ray::rpc::TaskInfoGcsService.grpc_client.AddTaskEventData.OnReplyReceived - 1 total (0 active), Execution time: mean = 10.962 us, total = 10.962 us, Queueing time: mean = 19.542 us, max = 19.542 us, min = 19.542 us, total = 19.542 us
	ray::rpc::TaskInfoGcsService.grpc_client.AddTaskEventData - 1 total (0 active), Execution time: mean = 415.291 us, total = 415.291 us, Queueing time: mean = 0.000 s, max = -0.000 s, min = 9223372036.855 s, total = 0.000 s
	PeriodicalRunner.RunFnPeriodically - 1 total (0 active), Execution time: mean = 134.883 us, total = 134.883 us, Queueing time: mean = 23.382 us, max = 23.382 us, min = 23.382 us, total = 23.382 us
	CoreWorker.deadline_timer.flush_task_events - 1 total (1 active), Execution time: mean = 0.000 s, total = 0.000 s, Queueing time: mean = 0.000 s, max = -0.000 s, min = 9223372036.855 s, total = 0.000 s
Other Stats:
	grpc_in_progress:0
	current number of task status events in buffer: 0
	current number of profile events in buffer: 0
	current number of dropped task attempts tracked: 0
	total task events sent: 0 MiB
	total number of task attempts sent: 0
	total number of task attempts dropped reported: 0
	total number of sent failure: 0
	num status task events dropped: 0
	num profile task events dropped: 0


[2025-02-15 21:04:06,104 I 2117 2117] event.cc:491: Ray Event initialized for EXPORT_TASK
[2025-02-15 21:04:06,104 I 2117 2117] event.cc:322: Set ray event level to warning
[2025-02-15 21:04:06,104 I 2117 2153] accessor.cc:762: Received notification for node, IsAlive = 1 node_id=752ac4f92daae43b5e6788582e57659b4a80764e0181b1cee6c12bc5
[2025-02-15 21:04:06,104 I 2117 2153] core_worker.cc:4754: Number of alive nodes:1
[2025-02-15 21:04:06,106 I 2117 2117] actor_task_submitter.cc:73: Set actor max pending calls to -1 actor_id=2d6b6d89558e95059585d33101000000
[2025-02-15 21:04:06,106 I 2117 2117] core_worker.cc:3017: Creating actor actor_id=2d6b6d89558e95059585d33101000000
[2025-02-15 21:04:09,864 I 2117 2117] task_receiver.cc:196: Actor creation task finished, task_id: ffffffffffffffff2d6b6d89558e95059585d33101000000, actor_id: 2d6b6d89558e95059585d33101000000, actor_repr_name: _train_tune
[2025-02-15 21:04:16,109 W 2117 2148] metric_exporter.cc:105: [1] Export metrics to agent failed: RpcError: RPC Error message: failed to connect to all addresses; last error: UNKNOWN: ipv4:127.0.0.1:61139: Failed to connect to remote host: Connection refused; RPC Error details: . This won't affect Ray, but you can lose metrics from the cluster.
[2025-02-15 21:04:17,472 I 2117 2153] core_worker.cc:4177: Force kill actor request has received. exiting immediately... The actor is dead because all references to the actor were removed.
[2025-02-15 21:04:17,472 W 2117 2153] core_worker.cc:958: Force exit the process.  Details: Worker exits because the actor is killed. The actor is dead because all references to the actor were removed.
[2025-02-15 21:04:17,472 I 2117 2153] core_worker.cc:855: Try killing all child processes of this worker as it exits. Child process pids: 
[2025-02-15 21:04:17,473 I 2117 2153] core_worker.cc:814: Disconnecting to the raylet.
[2025-02-15 21:04:17,473 I 2117 2153] raylet_client.cc:162: RayletClient::Disconnect, exit_type=INTENDED_SYSTEM_EXIT, exit_detail=Worker exits because the actor is killed. The actor is dead because all references to the actor were removed., has creation_task_exception_pb_bytes=0
[2025-02-15 21:04:17,473 W 2117 2153] raylet_client.cc:187: IOError: Broken pipe [RayletClient] Failed to disconnect from raylet. This means the raylet the worker is connected is probably already dead.
