[2025-02-15 21:07:36,305 I 2635 2635] core_worker_process.cc:107: Constructing CoreWorkerProcess. pid: 2635
[2025-02-15 21:07:36,307 I 2635 2635] io_service_pool.cc:35: IOServicePool is running with 1 io_service.
[2025-02-15 21:07:36,311 I 2635 2635] grpc_server.cc:134: worker server started, listening on port 42459.
[2025-02-15 21:07:36,312 I 2635 2635] core_worker.cc:275: Initializing worker at address: 172.19.0.2:42459 worker_id=0de94dadb1e9ba1bc8e7d4b9df5c2fc0b19af0ce24b58290e3909b2e node_id=752ac4f92daae43b5e6788582e57659b4a80764e0181b1cee6c12bc5
[2025-02-15 21:07:36,313 I 2635 2635] task_event_buffer.cc:257: Reporting task events to GCS every 1000ms.
[2025-02-15 21:07:36,314 I 2635 2635] core_worker.cc:703: Adjusted worker niceness to 15
[2025-02-15 21:07:36,314 I 2635 2635] event.cc:491: Ray Event initialized for CORE_WORKER
[2025-02-15 21:07:36,314 I 2635 2635] event.cc:491: Ray Event initialized for EXPORT_TASK
[2025-02-15 21:07:36,314 I 2635 2635] event.cc:322: Set ray event level to warning
[2025-02-15 21:07:36,314 I 2635 2671] core_worker.cc:642: Event stats:


Global stats: 16 total (9 active)
Queueing time: mean = 10.495 us, max = 98.485 us, min = 21.376 us, total = 167.913 us
Execution time:  mean = 95.267 us, total = 1.524 ms
Event stats:
	PeriodicalRunner.RunFnPeriodically - 7 total (5 active, 1 running), Execution time: mean = 2.734 us, total = 19.138 us, Queueing time: mean = 17.471 us, max = 98.485 us, min = 23.815 us, total = 122.300 us
	ray::rpc::WorkerInfoGcsService.grpc_client.AddWorkerInfo.OnReplyReceived - 1 total (0 active), Execution time: mean = 18.387 us, total = 18.387 us, Queueing time: mean = 24.237 us, max = 24.237 us, min = 24.237 us, total = 24.237 us
	ray::rpc::NodeInfoGcsService.grpc_client.GetAllNodeInfo - 1 total (0 active), Execution time: mean = 448.897 us, total = 448.897 us, Queueing time: mean = 0.000 s, max = -0.000 s, min = 9223372036.855 s, total = 0.000 s
	ray::rpc::InternalPubSubGcsService.grpc_client.GcsSubscriberPoll - 1 total (1 active), Execution time: mean = 0.000 s, total = 0.000 s, Queueing time: mean = 0.000 s, max = -0.000 s, min = 9223372036.855 s, total = 0.000 s
	ray::rpc::InternalPubSubGcsService.grpc_client.GcsSubscriberCommandBatch - 1 total (0 active), Execution time: mean = 414.427 us, total = 414.427 us, Queueing time: mean = 0.000 s, max = -0.000 s, min = 9223372036.855 s, total = 0.000 s
	ray::rpc::InternalPubSubGcsService.grpc_client.GcsSubscriberCommandBatch.OnReplyReceived - 1 total (0 active), Execution time: mean = 65.919 us, total = 65.919 us, Queueing time: mean = 21.376 us, max = 21.376 us, min = 21.376 us, total = 21.376 us
	CoreWorker.ExitIfParentRayletDies - 1 total (1 active), Execution time: mean = 0.000 s, total = 0.000 s, Queueing time: mean = 0.000 s, max = -0.000 s, min = 9223372036.855 s, total = 0.000 s
	ray::rpc::WorkerInfoGcsService.grpc_client.AddWorkerInfo - 1 total (0 active), Execution time: mean = 557.502 us, total = 557.502 us, Queueing time: mean = 0.000 s, max = -0.000 s, min = 9223372036.855 s, total = 0.000 s
	Publisher.CheckDeadSubscribers - 1 total (1 active), Execution time: mean = 0.000 s, total = 0.000 s, Queueing time: mean = 0.000 s, max = -0.000 s, min = 9223372036.855 s, total = 0.000 s
	ray::rpc::NodeInfoGcsService.grpc_client.GetAllNodeInfo.OnReplyReceived - 1 total (1 active), Execution time: mean = 0.000 s, total = 0.000 s, Queueing time: mean = 0.000 s, max = -0.000 s, min = 9223372036.855 s, total = 0.000 s

-----------------
Task Event stats:

IO Service Stats:

Global stats: 4 total (1 active)
Queueing time: mean = 16.035 us, max = 35.206 us, min = 28.933 us, total = 64.139 us
Execution time:  mean = 167.814 us, total = 671.257 us
Event stats:
	CoreWorker.deadline_timer.flush_task_events - 1 total (1 active), Execution time: mean = 0.000 s, total = 0.000 s, Queueing time: mean = 0.000 s, max = -0.000 s, min = 9223372036.855 s, total = 0.000 s
	ray::rpc::TaskInfoGcsService.grpc_client.AddTaskEventData.OnReplyReceived - 1 total (0 active), Execution time: mean = 17.118 us, total = 17.118 us, Queueing time: mean = 28.933 us, max = 28.933 us, min = 28.933 us, total = 28.933 us
	PeriodicalRunner.RunFnPeriodically - 1 total (0 active), Execution time: mean = 91.152 us, total = 91.152 us, Queueing time: mean = 35.206 us, max = 35.206 us, min = 35.206 us, total = 35.206 us
	ray::rpc::TaskInfoGcsService.grpc_client.AddTaskEventData - 1 total (0 active), Execution time: mean = 562.987 us, total = 562.987 us, Queueing time: mean = 0.000 s, max = -0.000 s, min = 9223372036.855 s, total = 0.000 s
Other Stats:
	grpc_in_progress:0
	current number of task status events in buffer: 0
	current number of profile events in buffer: 0
	current number of dropped task attempts tracked: 0
	total task events sent: 0 MiB
	total number of task attempts sent: 0
	total number of task attempts dropped reported: 0
	total number of sent failure: 0
	num status task events dropped: 0
	num profile task events dropped: 0


[2025-02-15 21:07:36,315 I 2635 2671] accessor.cc:762: Received notification for node, IsAlive = 1 node_id=752ac4f92daae43b5e6788582e57659b4a80764e0181b1cee6c12bc5
[2025-02-15 21:07:36,315 I 2635 2671] core_worker.cc:4754: Number of alive nodes:1
[2025-02-15 21:07:36,316 I 2635 2635] actor_task_submitter.cc:73: Set actor max pending calls to -1 actor_id=a1bda2ab4fe8572ce9f3a77701000000
[2025-02-15 21:07:36,316 I 2635 2635] core_worker.cc:3017: Creating actor actor_id=a1bda2ab4fe8572ce9f3a77701000000
[2025-02-15 21:07:40,088 I 2635 2635] task_receiver.cc:196: Actor creation task finished, task_id: ffffffffffffffffa1bda2ab4fe8572ce9f3a77701000000, actor_id: a1bda2ab4fe8572ce9f3a77701000000, actor_repr_name: _train_tune
[2025-02-15 21:07:46,321 W 2635 2666] metric_exporter.cc:105: [1] Export metrics to agent failed: RpcError: RPC Error message: failed to connect to all addresses; last error: UNKNOWN: ipv4:127.0.0.1:61139: Failed to connect to remote host: Connection refused; RPC Error details: . This won't affect Ray, but you can lose metrics from the cluster.
[2025-02-15 21:08:02,683 I 2635 2671] core_worker.cc:4177: Force kill actor request has received. exiting immediately... The actor is dead because all references to the actor were removed.
[2025-02-15 21:08:02,683 W 2635 2671] core_worker.cc:958: Force exit the process.  Details: Worker exits because the actor is killed. The actor is dead because all references to the actor were removed.
[2025-02-15 21:08:02,683 I 2635 2671] core_worker.cc:855: Try killing all child processes of this worker as it exits. Child process pids: 
[2025-02-15 21:08:02,684 I 2635 2671] core_worker.cc:814: Disconnecting to the raylet.
[2025-02-15 21:08:02,684 I 2635 2671] raylet_client.cc:162: RayletClient::Disconnect, exit_type=INTENDED_SYSTEM_EXIT, exit_detail=Worker exits because the actor is killed. The actor is dead because all references to the actor were removed., has creation_task_exception_pb_bytes=0
[2025-02-15 21:08:02,684 W 2635 2671] raylet_client.cc:187: IOError: Broken pipe [RayletClient] Failed to disconnect from raylet. This means the raylet the worker is connected is probably already dead.
