[2025-02-15 21:10:58,339 I 3223 3223] core_worker_process.cc:107: Constructing CoreWorkerProcess. pid: 3223
[2025-02-15 21:10:58,341 I 3223 3223] io_service_pool.cc:35: IOServicePool is running with 1 io_service.
[2025-02-15 21:10:58,343 I 3223 3223] grpc_server.cc:134: worker server started, listening on port 40149.
[2025-02-15 21:10:58,344 I 3223 3223] core_worker.cc:275: Initializing worker at address: 172.19.0.2:40149 worker_id=fd134399e458c7872d7a97f3604d3ad5ceb57c26c9a390a8994508ec node_id=752ac4f92daae43b5e6788582e57659b4a80764e0181b1cee6c12bc5
[2025-02-15 21:10:58,344 I 3223 3223] task_event_buffer.cc:257: Reporting task events to GCS every 1000ms.
[2025-02-15 21:10:58,345 I 3223 3223] core_worker.cc:703: Adjusted worker niceness to 15
[2025-02-15 21:10:58,345 I 3223 3259] core_worker.cc:642: Event stats:


Global stats: 11 total (5 active)
Queueing time: mean = 33.022 us, max = 304.250 us, min = 17.547 us, total = 363.244 us
Execution time:  mean = 126.726 us, total = 1.394 ms
Event stats:
	PeriodicalRunner.RunFnPeriodically - 3 total (1 active, 1 running), Execution time: mean = 8.584 us, total = 25.751 us, Queueing time: mean = 107.266 us, max = 304.250 us, min = 17.547 us, total = 321.797 us
	ray::rpc::WorkerInfoGcsService.grpc_client.AddWorkerInfo - 1 total (0 active), Execution time: mean = 613.347 us, total = 613.347 us, Queueing time: mean = 0.000 s, max = -0.000 s, min = 9223372036.855 s, total = 0.000 s
	ray::rpc::InternalPubSubGcsService.grpc_client.GcsSubscriberCommandBatch - 1 total (0 active), Execution time: mean = 652.692 us, total = 652.692 us, Queueing time: mean = 0.000 s, max = -0.000 s, min = 9223372036.855 s, total = 0.000 s
	ray::rpc::InternalPubSubGcsService.grpc_client.GcsSubscriberPoll - 1 total (1 active), Execution time: mean = 0.000 s, total = 0.000 s, Queueing time: mean = 0.000 s, max = -0.000 s, min = 9223372036.855 s, total = 0.000 s
	ray::rpc::NodeInfoGcsService.grpc_client.GetAllNodeInfo - 1 total (1 active), Execution time: mean = 0.000 s, total = 0.000 s, Queueing time: mean = 0.000 s, max = -0.000 s, min = 9223372036.855 s, total = 0.000 s
	CoreWorker.ExitIfParentRayletDies - 1 total (1 active), Execution time: mean = 0.000 s, total = 0.000 s, Queueing time: mean = 0.000 s, max = -0.000 s, min = 9223372036.855 s, total = 0.000 s
	Publisher.CheckDeadSubscribers - 1 total (1 active), Execution time: mean = 0.000 s, total = 0.000 s, Queueing time: mean = 0.000 s, max = -0.000 s, min = 9223372036.855 s, total = 0.000 s
	ray::rpc::InternalPubSubGcsService.grpc_client.GcsSubscriberCommandBatch.OnReplyReceived - 1 total (0 active), Execution time: mean = 83.551 us, total = 83.551 us, Queueing time: mean = 21.108 us, max = 21.108 us, min = 21.108 us, total = 21.108 us
	ray::rpc::WorkerInfoGcsService.grpc_client.AddWorkerInfo.OnReplyReceived - 1 total (0 active), Execution time: mean = 18.649 us, total = 18.649 us, Queueing time: mean = 20.339 us, max = 20.339 us, min = 20.339 us, total = 20.339 us

-----------------
Task Event stats:

IO Service Stats:

Global stats: 4 total (1 active)
Queueing time: mean = 9.659 us, max = 19.600 us, min = 19.034 us, total = 38.634 us
Execution time:  mean = 137.956 us, total = 551.825 us
Event stats:
	PeriodicalRunner.RunFnPeriodically - 1 total (0 active), Execution time: mean = 133.861 us, total = 133.861 us, Queueing time: mean = 19.600 us, max = 19.600 us, min = 19.600 us, total = 19.600 us
	ray::rpc::TaskInfoGcsService.grpc_client.AddTaskEventData - 1 total (0 active), Execution time: mean = 403.054 us, total = 403.054 us, Queueing time: mean = 0.000 s, max = -0.000 s, min = 9223372036.855 s, total = 0.000 s
	CoreWorker.deadline_timer.flush_task_events - 1 total (1 active), Execution time: mean = 0.000 s, total = 0.000 s, Queueing time: mean = 0.000 s, max = -0.000 s, min = 9223372036.855 s, total = 0.000 s
	ray::rpc::TaskInfoGcsService.grpc_client.AddTaskEventData.OnReplyReceived - 1 total (0 active), Execution time: mean = 14.910 us, total = 14.910 us, Queueing time: mean = 19.034 us, max = 19.034 us, min = 19.034 us, total = 19.034 us
Other Stats:
	grpc_in_progress:0
	current number of task status events in buffer: 0
	current number of profile events in buffer: 0
	current number of dropped task attempts tracked: 0
	total task events sent: 0 MiB
	total number of task attempts sent: 0
	total number of task attempts dropped reported: 0
	total number of sent failure: 0
	num status task events dropped: 0
	num profile task events dropped: 0


[2025-02-15 21:10:58,345 I 3223 3223] event.cc:491: Ray Event initialized for CORE_WORKER
[2025-02-15 21:10:58,346 I 3223 3223] event.cc:491: Ray Event initialized for EXPORT_TASK
[2025-02-15 21:10:58,346 I 3223 3223] event.cc:322: Set ray event level to warning
[2025-02-15 21:10:58,346 I 3223 3259] accessor.cc:762: Received notification for node, IsAlive = 1 node_id=752ac4f92daae43b5e6788582e57659b4a80764e0181b1cee6c12bc5
[2025-02-15 21:10:58,346 I 3223 3259] core_worker.cc:4754: Number of alive nodes:1
[2025-02-15 21:10:58,347 I 3223 3223] actor_task_submitter.cc:73: Set actor max pending calls to -1 actor_id=dbf3561bca3172b297750c2e01000000
[2025-02-15 21:10:58,347 I 3223 3223] core_worker.cc:3017: Creating actor actor_id=dbf3561bca3172b297750c2e01000000
[2025-02-15 21:11:01,767 I 3223 3223] task_receiver.cc:196: Actor creation task finished, task_id: ffffffffffffffffdbf3561bca3172b297750c2e01000000, actor_id: dbf3561bca3172b297750c2e01000000, actor_repr_name: _train_tune
[2025-02-15 21:11:08,370 W 3223 3254] metric_exporter.cc:105: [1] Export metrics to agent failed: RpcError: RPC Error message: failed to connect to all addresses; last error: UNKNOWN: ipv4:127.0.0.1:61139: Failed to connect to remote host: Connection refused; RPC Error details: . This won't affect Ray, but you can lose metrics from the cluster.
[2025-02-15 21:11:23,070 I 3223 3259] core_worker.cc:4177: Force kill actor request has received. exiting immediately... The actor is dead because all references to the actor were removed.
[2025-02-15 21:11:23,070 W 3223 3259] core_worker.cc:958: Force exit the process.  Details: Worker exits because the actor is killed. The actor is dead because all references to the actor were removed.
[2025-02-15 21:11:23,071 I 3223 3259] core_worker.cc:855: Try killing all child processes of this worker as it exits. Child process pids: 
[2025-02-15 21:11:23,071 I 3223 3259] core_worker.cc:814: Disconnecting to the raylet.
[2025-02-15 21:11:23,071 I 3223 3259] raylet_client.cc:162: RayletClient::Disconnect, exit_type=INTENDED_SYSTEM_EXIT, exit_detail=Worker exits because the actor is killed. The actor is dead because all references to the actor were removed., has creation_task_exception_pb_bytes=0
[2025-02-15 21:11:23,071 W 3223 3259] raylet_client.cc:187: IOError: Broken pipe [RayletClient] Failed to disconnect from raylet. This means the raylet the worker is connected is probably already dead.
