[2025-02-15 21:09:24,281 I 2930 2930] core_worker_process.cc:107: Constructing CoreWorkerProcess. pid: 2930
[2025-02-15 21:09:24,283 I 2930 2930] io_service_pool.cc:35: IOServicePool is running with 1 io_service.
[2025-02-15 21:09:24,286 I 2930 2930] grpc_server.cc:134: worker server started, listening on port 40223.
[2025-02-15 21:09:24,287 I 2930 2930] core_worker.cc:275: Initializing worker at address: 172.19.0.2:40223 worker_id=fa0b241857e4e2fd61ebaf92f62c41e2fb1e2535b60f3885f15f971e node_id=752ac4f92daae43b5e6788582e57659b4a80764e0181b1cee6c12bc5
[2025-02-15 21:09:24,287 I 2930 2930] task_event_buffer.cc:257: Reporting task events to GCS every 1000ms.
[2025-02-15 21:09:24,288 I 2930 2930] core_worker.cc:703: Adjusted worker niceness to 15
[2025-02-15 21:09:24,288 I 2930 2966] core_worker.cc:642: Event stats:


Global stats: 15 total (9 active)
Queueing time: mean = 14.707 us, max = 74.960 us, min = 23.893 us, total = 220.598 us
Execution time:  mean = 77.244 us, total = 1.159 ms
Event stats:
	PeriodicalRunner.RunFnPeriodically - 7 total (5 active, 1 running), Execution time: mean = 2.282 us, total = 15.973 us, Queueing time: mean = 20.263 us, max = 74.960 us, min = 66.881 us, total = 141.841 us
	CoreWorker.ExitIfParentRayletDies - 1 total (1 active), Execution time: mean = 0.000 s, total = 0.000 s, Queueing time: mean = 0.000 s, max = -0.000 s, min = 9223372036.855 s, total = 0.000 s
	ray::rpc::NodeInfoGcsService.grpc_client.GetAllNodeInfo - 1 total (1 active), Execution time: mean = 0.000 s, total = 0.000 s, Queueing time: mean = 0.000 s, max = -0.000 s, min = 9223372036.855 s, total = 0.000 s
	ray::rpc::InternalPubSubGcsService.grpc_client.GcsSubscriberPoll - 1 total (1 active), Execution time: mean = 0.000 s, total = 0.000 s, Queueing time: mean = 0.000 s, max = -0.000 s, min = 9223372036.855 s, total = 0.000 s
	ray::rpc::WorkerInfoGcsService.grpc_client.AddWorkerInfo.OnReplyReceived - 1 total (0 active), Execution time: mean = 17.955 us, total = 17.955 us, Queueing time: mean = 54.864 us, max = 54.864 us, min = 54.864 us, total = 54.864 us
	ray::rpc::InternalPubSubGcsService.grpc_client.GcsSubscriberCommandBatch - 1 total (0 active), Execution time: mean = 497.288 us, total = 497.288 us, Queueing time: mean = 0.000 s, max = -0.000 s, min = 9223372036.855 s, total = 0.000 s
	ray::rpc::InternalPubSubGcsService.grpc_client.GcsSubscriberCommandBatch.OnReplyReceived - 1 total (0 active), Execution time: mean = 111.034 us, total = 111.034 us, Queueing time: mean = 23.893 us, max = 23.893 us, min = 23.893 us, total = 23.893 us
	ray::rpc::WorkerInfoGcsService.grpc_client.AddWorkerInfo - 1 total (0 active), Execution time: mean = 516.411 us, total = 516.411 us, Queueing time: mean = 0.000 s, max = -0.000 s, min = 9223372036.855 s, total = 0.000 s
	Publisher.CheckDeadSubscribers - 1 total (1 active), Execution time: mean = 0.000 s, total = 0.000 s, Queueing time: mean = 0.000 s, max = -0.000 s, min = 9223372036.855 s, total = 0.000 s

-----------------
Task Event stats:

IO Service Stats:

Global stats: 4 total (1 active)
Queueing time: mean = 40.800 us, max = 136.480 us, min = 26.720 us, total = 163.200 us
Execution time:  mean = 169.531 us, total = 678.124 us
Event stats:
	ray::rpc::TaskInfoGcsService.grpc_client.AddTaskEventData.OnReplyReceived - 1 total (0 active), Execution time: mean = 11.794 us, total = 11.794 us, Queueing time: mean = 26.720 us, max = 26.720 us, min = 26.720 us, total = 26.720 us
	PeriodicalRunner.RunFnPeriodically - 1 total (0 active), Execution time: mean = 225.435 us, total = 225.435 us, Queueing time: mean = 136.480 us, max = 136.480 us, min = 136.480 us, total = 136.480 us
	CoreWorker.deadline_timer.flush_task_events - 1 total (1 active), Execution time: mean = 0.000 s, total = 0.000 s, Queueing time: mean = 0.000 s, max = -0.000 s, min = 9223372036.855 s, total = 0.000 s
	ray::rpc::TaskInfoGcsService.grpc_client.AddTaskEventData - 1 total (0 active), Execution time: mean = 440.895 us, total = 440.895 us, Queueing time: mean = 0.000 s, max = -0.000 s, min = 9223372036.855 s, total = 0.000 s
Other Stats:
	grpc_in_progress:0
	current number of task status events in buffer: 0
	current number of profile events in buffer: 0
	current number of dropped task attempts tracked: 0
	total task events sent: 0 MiB
	total number of task attempts sent: 0
	total number of task attempts dropped reported: 0
	total number of sent failure: 0
	num status task events dropped: 0
	num profile task events dropped: 0


[2025-02-15 21:09:24,288 I 2930 2930] event.cc:491: Ray Event initialized for CORE_WORKER
[2025-02-15 21:09:24,288 I 2930 2930] event.cc:491: Ray Event initialized for EXPORT_TASK
[2025-02-15 21:09:24,288 I 2930 2930] event.cc:322: Set ray event level to warning
[2025-02-15 21:09:24,288 I 2930 2966] accessor.cc:762: Received notification for node, IsAlive = 1 node_id=752ac4f92daae43b5e6788582e57659b4a80764e0181b1cee6c12bc5
[2025-02-15 21:09:24,288 I 2930 2966] core_worker.cc:4754: Number of alive nodes:1
[2025-02-15 21:09:24,290 I 2930 2930] actor_task_submitter.cc:73: Set actor max pending calls to -1 actor_id=058f370f78ef4e5b7995ed2201000000
[2025-02-15 21:09:24,290 I 2930 2930] core_worker.cc:3017: Creating actor actor_id=058f370f78ef4e5b7995ed2201000000
[2025-02-15 21:09:27,780 I 2930 2930] task_receiver.cc:196: Actor creation task finished, task_id: ffffffffffffffff058f370f78ef4e5b7995ed2201000000, actor_id: 058f370f78ef4e5b7995ed2201000000, actor_repr_name: _train_tune
[2025-02-15 21:09:34,309 W 2930 2961] metric_exporter.cc:105: [1] Export metrics to agent failed: RpcError: RPC Error message: failed to connect to all addresses; last error: UNKNOWN: ipv4:127.0.0.1:61139: Failed to connect to remote host: Connection refused; RPC Error details: . This won't affect Ray, but you can lose metrics from the cluster.
[2025-02-15 21:09:43,730 I 2930 2966] core_worker.cc:4177: Force kill actor request has received. exiting immediately... The actor is dead because all references to the actor were removed.
[2025-02-15 21:09:43,730 W 2930 2966] core_worker.cc:958: Force exit the process.  Details: Worker exits because the actor is killed. The actor is dead because all references to the actor were removed.
[2025-02-15 21:09:43,731 I 2930 2966] core_worker.cc:855: Try killing all child processes of this worker as it exits. Child process pids: 
[2025-02-15 21:09:43,732 I 2930 2966] core_worker.cc:814: Disconnecting to the raylet.
[2025-02-15 21:09:43,732 I 2930 2966] raylet_client.cc:162: RayletClient::Disconnect, exit_type=INTENDED_SYSTEM_EXIT, exit_detail=Worker exits because the actor is killed. The actor is dead because all references to the actor were removed., has creation_task_exception_pb_bytes=0
[2025-02-15 21:09:43,732 W 2930 2966] raylet_client.cc:187: IOError: Broken pipe [RayletClient] Failed to disconnect from raylet. This means the raylet the worker is connected is probably already dead.
