[2025-02-15 21:14:21,641 I 3740 3740] core_worker_process.cc:107: Constructing CoreWorkerProcess. pid: 3740
[2025-02-15 21:14:21,643 I 3740 3740] io_service_pool.cc:35: IOServicePool is running with 1 io_service.
[2025-02-15 21:14:21,646 I 3740 3740] grpc_server.cc:134: worker server started, listening on port 44665.
[2025-02-15 21:14:21,647 I 3740 3740] core_worker.cc:275: Initializing worker at address: 172.19.0.2:44665 worker_id=6a8fc7224415e1847a83f5f93c85879d3425627fd47a275de9b7b1e3 node_id=752ac4f92daae43b5e6788582e57659b4a80764e0181b1cee6c12bc5
[2025-02-15 21:14:21,648 I 3740 3740] task_event_buffer.cc:257: Reporting task events to GCS every 1000ms.
[2025-02-15 21:14:21,649 I 3740 3740] core_worker.cc:703: Adjusted worker niceness to 15
[2025-02-15 21:14:21,649 I 3740 3776] core_worker.cc:642: Event stats:


Global stats: 15 total (9 active)
Queueing time: mean = 12.502 us, max = 92.965 us, min = 28.480 us, total = 187.532 us
Execution time:  mean = 89.309 us, total = 1.340 ms
Event stats:
	PeriodicalRunner.RunFnPeriodically - 7 total (5 active, 1 running), Execution time: mean = 2.564 us, total = 17.951 us, Queueing time: mean = 18.442 us, max = 92.965 us, min = 36.128 us, total = 129.093 us
	CoreWorker.ExitIfParentRayletDies - 1 total (1 active), Execution time: mean = 0.000 s, total = 0.000 s, Queueing time: mean = 0.000 s, max = -0.000 s, min = 9223372036.855 s, total = 0.000 s
	ray::rpc::InternalPubSubGcsService.grpc_client.GcsSubscriberCommandBatch - 1 total (0 active), Execution time: mean = 510.498 us, total = 510.498 us, Queueing time: mean = 0.000 s, max = -0.000 s, min = 9223372036.855 s, total = 0.000 s
	ray::rpc::InternalPubSubGcsService.grpc_client.GcsSubscriberPoll - 1 total (1 active), Execution time: mean = 0.000 s, total = 0.000 s, Queueing time: mean = 0.000 s, max = -0.000 s, min = 9223372036.855 s, total = 0.000 s
	ray::rpc::InternalPubSubGcsService.grpc_client.GcsSubscriberCommandBatch.OnReplyReceived - 1 total (0 active), Execution time: mean = 121.049 us, total = 121.049 us, Queueing time: mean = 29.959 us, max = 29.959 us, min = 29.959 us, total = 29.959 us
	ray::rpc::WorkerInfoGcsService.grpc_client.AddWorkerInfo - 1 total (0 active), Execution time: mean = 662.427 us, total = 662.427 us, Queueing time: mean = 0.000 s, max = -0.000 s, min = 9223372036.855 s, total = 0.000 s
	ray::rpc::WorkerInfoGcsService.grpc_client.AddWorkerInfo.OnReplyReceived - 1 total (0 active), Execution time: mean = 27.706 us, total = 27.706 us, Queueing time: mean = 28.480 us, max = 28.480 us, min = 28.480 us, total = 28.480 us
	ray::rpc::NodeInfoGcsService.grpc_client.GetAllNodeInfo - 1 total (1 active), Execution time: mean = 0.000 s, total = 0.000 s, Queueing time: mean = 0.000 s, max = -0.000 s, min = 9223372036.855 s, total = 0.000 s
	Publisher.CheckDeadSubscribers - 1 total (1 active), Execution time: mean = 0.000 s, total = 0.000 s, Queueing time: mean = 0.000 s, max = -0.000 s, min = 9223372036.855 s, total = 0.000 s

-----------------
Task Event stats:

IO Service Stats:

Global stats: 4 total (1 active)
Queueing time: mean = 12.516 us, max = 25.933 us, min = 24.132 us, total = 50.065 us
Execution time:  mean = 166.698 us, total = 666.793 us
Event stats:
	CoreWorker.deadline_timer.flush_task_events - 1 total (1 active), Execution time: mean = 0.000 s, total = 0.000 s, Queueing time: mean = 0.000 s, max = -0.000 s, min = 9223372036.855 s, total = 0.000 s
	ray::rpc::TaskInfoGcsService.grpc_client.AddTaskEventData - 1 total (0 active), Execution time: mean = 510.669 us, total = 510.669 us, Queueing time: mean = 0.000 s, max = -0.000 s, min = 9223372036.855 s, total = 0.000 s
	PeriodicalRunner.RunFnPeriodically - 1 total (0 active), Execution time: mean = 137.588 us, total = 137.588 us, Queueing time: mean = 24.132 us, max = 24.132 us, min = 24.132 us, total = 24.132 us
	ray::rpc::TaskInfoGcsService.grpc_client.AddTaskEventData.OnReplyReceived - 1 total (0 active), Execution time: mean = 18.536 us, total = 18.536 us, Queueing time: mean = 25.933 us, max = 25.933 us, min = 25.933 us, total = 25.933 us
Other Stats:
	grpc_in_progress:0
	current number of task status events in buffer: 0
	current number of profile events in buffer: 0
	current number of dropped task attempts tracked: 0
	total task events sent: 0 MiB
	total number of task attempts sent: 0
	total number of task attempts dropped reported: 0
	total number of sent failure: 0
	num status task events dropped: 0
	num profile task events dropped: 0


[2025-02-15 21:14:21,649 I 3740 3740] event.cc:491: Ray Event initialized for CORE_WORKER
[2025-02-15 21:14:21,649 I 3740 3740] event.cc:491: Ray Event initialized for EXPORT_TASK
[2025-02-15 21:14:21,649 I 3740 3740] event.cc:322: Set ray event level to warning
[2025-02-15 21:14:21,650 I 3740 3776] accessor.cc:762: Received notification for node, IsAlive = 1 node_id=752ac4f92daae43b5e6788582e57659b4a80764e0181b1cee6c12bc5
[2025-02-15 21:14:21,650 I 3740 3776] core_worker.cc:4754: Number of alive nodes:1
[2025-02-15 21:14:21,651 I 3740 3740] actor_task_submitter.cc:73: Set actor max pending calls to -1 actor_id=a435c408f931f4e8baedfd0301000000
[2025-02-15 21:14:21,651 I 3740 3740] core_worker.cc:3017: Creating actor actor_id=a435c408f931f4e8baedfd0301000000
[2025-02-15 21:14:25,557 I 3740 3740] task_receiver.cc:196: Actor creation task finished, task_id: ffffffffffffffffa435c408f931f4e8baedfd0301000000, actor_id: a435c408f931f4e8baedfd0301000000, actor_repr_name: _train_tune
[2025-02-15 21:14:31,656 W 3740 3771] metric_exporter.cc:105: [1] Export metrics to agent failed: RpcError: RPC Error message: failed to connect to all addresses; last error: UNKNOWN: ipv4:127.0.0.1:61139: Failed to connect to remote host: Connection refused; RPC Error details: . This won't affect Ray, but you can lose metrics from the cluster.
[2025-02-15 21:14:40,363 I 3740 3776] core_worker.cc:4177: Force kill actor request has received. exiting immediately... The actor is dead because all references to the actor were removed.
[2025-02-15 21:14:40,363 W 3740 3776] core_worker.cc:958: Force exit the process.  Details: Worker exits because the actor is killed. The actor is dead because all references to the actor were removed.
[2025-02-15 21:14:40,363 I 3740 3776] core_worker.cc:855: Try killing all child processes of this worker as it exits. Child process pids: 
[2025-02-15 21:14:40,364 I 3740 3776] core_worker.cc:814: Disconnecting to the raylet.
[2025-02-15 21:14:40,364 I 3740 3776] raylet_client.cc:162: RayletClient::Disconnect, exit_type=INTENDED_SYSTEM_EXIT, exit_detail=Worker exits because the actor is killed. The actor is dead because all references to the actor were removed., has creation_task_exception_pb_bytes=0
[2025-02-15 21:14:40,364 W 3740 3776] raylet_client.cc:187: IOError: Broken pipe [RayletClient] Failed to disconnect from raylet. This means the raylet the worker is connected is probably already dead.
