[2025-02-15 21:09:45,299 I 3003 3003] core_worker_process.cc:107: Constructing CoreWorkerProcess. pid: 3003
[2025-02-15 21:09:45,301 I 3003 3003] io_service_pool.cc:35: IOServicePool is running with 1 io_service.
[2025-02-15 21:09:45,303 I 3003 3003] grpc_server.cc:134: worker server started, listening on port 33593.
[2025-02-15 21:09:45,304 I 3003 3003] core_worker.cc:275: Initializing worker at address: 172.19.0.2:33593 worker_id=e301d16eecdd015f5129b3e6d592f632ad412701aa746f3483041dc2 node_id=752ac4f92daae43b5e6788582e57659b4a80764e0181b1cee6c12bc5
[2025-02-15 21:09:45,306 I 3003 3003] task_event_buffer.cc:257: Reporting task events to GCS every 1000ms.
[2025-02-15 21:09:45,307 I 3003 3003] core_worker.cc:703: Adjusted worker niceness to 15
[2025-02-15 21:09:45,307 I 3003 3039] core_worker.cc:642: Event stats:


Global stats: 11 total (5 active)
Queueing time: mean = 12.171 us, max = 76.317 us, min = 18.508 us, total = 133.878 us
Execution time:  mean = 99.733 us, total = 1.097 ms
Event stats:
	PeriodicalRunner.RunFnPeriodically - 3 total (1 active, 1 running), Execution time: mean = 4.902 us, total = 14.706 us, Queueing time: mean = 31.764 us, max = 76.317 us, min = 18.976 us, total = 95.293 us
	ray::rpc::InternalPubSubGcsService.grpc_client.GcsSubscriberCommandBatch - 1 total (0 active), Execution time: mean = 531.142 us, total = 531.142 us, Queueing time: mean = 0.000 s, max = -0.000 s, min = 9223372036.855 s, total = 0.000 s
	ray::rpc::InternalPubSubGcsService.grpc_client.GcsSubscriberCommandBatch.OnReplyReceived - 1 total (0 active), Execution time: mean = 77.862 us, total = 77.862 us, Queueing time: mean = 20.077 us, max = 20.077 us, min = 20.077 us, total = 20.077 us
	ray::rpc::InternalPubSubGcsService.grpc_client.GcsSubscriberPoll - 1 total (1 active), Execution time: mean = 0.000 s, total = 0.000 s, Queueing time: mean = 0.000 s, max = -0.000 s, min = 9223372036.855 s, total = 0.000 s
	ray::rpc::WorkerInfoGcsService.grpc_client.AddWorkerInfo.OnReplyReceived - 1 total (0 active), Execution time: mean = 16.175 us, total = 16.175 us, Queueing time: mean = 18.508 us, max = 18.508 us, min = 18.508 us, total = 18.508 us
	Publisher.CheckDeadSubscribers - 1 total (1 active), Execution time: mean = 0.000 s, total = 0.000 s, Queueing time: mean = 0.000 s, max = -0.000 s, min = 9223372036.855 s, total = 0.000 s
	CoreWorker.ExitIfParentRayletDies - 1 total (1 active), Execution time: mean = 0.000 s, total = 0.000 s, Queueing time: mean = 0.000 s, max = -0.000 s, min = 9223372036.855 s, total = 0.000 s
	ray::rpc::WorkerInfoGcsService.grpc_client.AddWorkerInfo - 1 total (0 active), Execution time: mean = 457.178 us, total = 457.178 us, Queueing time: mean = 0.000 s, max = -0.000 s, min = 9223372036.855 s, total = 0.000 s
	ray::rpc::NodeInfoGcsService.grpc_client.GetAllNodeInfo - 1 total (1 active), Execution time: mean = 0.000 s, total = 0.000 s, Queueing time: mean = 0.000 s, max = -0.000 s, min = 9223372036.855 s, total = 0.000 s

-----------------
Task Event stats:

IO Service Stats:

Global stats: 4 total (1 active)
Queueing time: mean = 8.796 us, max = 18.512 us, min = 16.671 us, total = 35.183 us
Execution time:  mean = 152.126 us, total = 608.504 us
Event stats:
	PeriodicalRunner.RunFnPeriodically - 1 total (0 active), Execution time: mean = 112.693 us, total = 112.693 us, Queueing time: mean = 16.671 us, max = 16.671 us, min = 16.671 us, total = 16.671 us
	ray::rpc::TaskInfoGcsService.grpc_client.AddTaskEventData - 1 total (0 active), Execution time: mean = 481.861 us, total = 481.861 us, Queueing time: mean = 0.000 s, max = -0.000 s, min = 9223372036.855 s, total = 0.000 s
	CoreWorker.deadline_timer.flush_task_events - 1 total (1 active), Execution time: mean = 0.000 s, total = 0.000 s, Queueing time: mean = 0.000 s, max = -0.000 s, min = 9223372036.855 s, total = 0.000 s
	ray::rpc::TaskInfoGcsService.grpc_client.AddTaskEventData.OnReplyReceived - 1 total (0 active), Execution time: mean = 13.950 us, total = 13.950 us, Queueing time: mean = 18.512 us, max = 18.512 us, min = 18.512 us, total = 18.512 us
Other Stats:
	grpc_in_progress:0
	current number of task status events in buffer: 0
	current number of profile events in buffer: 0
	current number of dropped task attempts tracked: 0
	total task events sent: 0 MiB
	total number of task attempts sent: 0
	total number of task attempts dropped reported: 0
	total number of sent failure: 0
	num status task events dropped: 0
	num profile task events dropped: 0


[2025-02-15 21:09:45,307 I 3003 3003] event.cc:491: Ray Event initialized for CORE_WORKER
[2025-02-15 21:09:45,307 I 3003 3003] event.cc:491: Ray Event initialized for EXPORT_TASK
[2025-02-15 21:09:45,307 I 3003 3003] event.cc:322: Set ray event level to warning
[2025-02-15 21:09:45,307 I 3003 3039] accessor.cc:762: Received notification for node, IsAlive = 1 node_id=752ac4f92daae43b5e6788582e57659b4a80764e0181b1cee6c12bc5
[2025-02-15 21:09:45,307 I 3003 3039] core_worker.cc:4754: Number of alive nodes:1
[2025-02-15 21:09:45,308 I 3003 3003] actor_task_submitter.cc:73: Set actor max pending calls to -1 actor_id=85fa065a28a22f6faef108d901000000
[2025-02-15 21:09:45,308 I 3003 3003] core_worker.cc:3017: Creating actor actor_id=85fa065a28a22f6faef108d901000000
[2025-02-15 21:09:48,801 I 3003 3003] task_receiver.cc:196: Actor creation task finished, task_id: ffffffffffffffff85fa065a28a22f6faef108d901000000, actor_id: 85fa065a28a22f6faef108d901000000, actor_repr_name: _train_tune
[2025-02-15 21:09:55,311 W 3003 3034] metric_exporter.cc:105: [1] Export metrics to agent failed: RpcError: RPC Error message: failed to connect to all addresses; last error: UNKNOWN: ipv4:127.0.0.1:61139: Failed to connect to remote host: Connection refused; RPC Error details: . This won't affect Ray, but you can lose metrics from the cluster.
[2025-02-15 21:10:02,460 I 3003 3039] core_worker.cc:4177: Force kill actor request has received. exiting immediately... The actor is dead because all references to the actor were removed.
[2025-02-15 21:10:02,460 W 3003 3039] core_worker.cc:958: Force exit the process.  Details: Worker exits because the actor is killed. The actor is dead because all references to the actor were removed.
[2025-02-15 21:10:02,461 I 3003 3039] core_worker.cc:855: Try killing all child processes of this worker as it exits. Child process pids: 
[2025-02-15 21:10:02,462 I 3003 3039] core_worker.cc:814: Disconnecting to the raylet.
[2025-02-15 21:10:02,462 I 3003 3039] raylet_client.cc:162: RayletClient::Disconnect, exit_type=INTENDED_SYSTEM_EXIT, exit_detail=Worker exits because the actor is killed. The actor is dead because all references to the actor were removed., has creation_task_exception_pb_bytes=0
[2025-02-15 21:10:02,462 W 3003 3039] raylet_client.cc:187: IOError: Broken pipe [RayletClient] Failed to disconnect from raylet. This means the raylet the worker is connected is probably already dead.
[2025-02-15 21:10:02,462 I 3003 3003] core_worker.cc:877: Exit signal received, this process will exit after all outstanding tasks have finished, exit_type=SYSTEM_ERROR, detail=Worker exits unexpectedly by a signal. SystemExit is raised (sys.exit is called). Exit code: 1. The process receives a SIGTERM.
[2025-02-15 21:10:02,462 W 3003 3003] core_worker.cc:890: Failed to notify Raylet. It is either the raylet is already dead or the raylet disconnects the client because it kills this worker.
