[2025-02-15 21:03:41,109 I 2044 2044] core_worker_process.cc:107: Constructing CoreWorkerProcess. pid: 2044
[2025-02-15 21:03:41,111 I 2044 2044] io_service_pool.cc:35: IOServicePool is running with 1 io_service.
[2025-02-15 21:03:41,113 I 2044 2044] grpc_server.cc:134: worker server started, listening on port 39311.
[2025-02-15 21:03:41,114 I 2044 2044] core_worker.cc:275: Initializing worker at address: 172.19.0.2:39311 worker_id=1c32f5ebfb294cf28a75144ebc4f8ce5623078e339dbbbbe0f98d5f2 node_id=752ac4f92daae43b5e6788582e57659b4a80764e0181b1cee6c12bc5
[2025-02-15 21:03:41,115 I 2044 2044] task_event_buffer.cc:257: Reporting task events to GCS every 1000ms.
[2025-02-15 21:03:41,116 I 2044 2044] core_worker.cc:703: Adjusted worker niceness to 15
[2025-02-15 21:03:41,116 I 2044 2080] core_worker.cc:642: Event stats:


Global stats: 15 total (9 active)
Queueing time: mean = 13.876 us, max = 86.038 us, min = 38.328 us, total = 208.142 us
Execution time:  mean = 111.914 us, total = 1.679 ms
Event stats:
	PeriodicalRunner.RunFnPeriodically - 7 total (5 active, 1 running), Execution time: mean = 2.134 us, total = 14.935 us, Queueing time: mean = 18.508 us, max = 86.038 us, min = 43.516 us, total = 129.554 us
	ray::rpc::WorkerInfoGcsService.grpc_client.AddWorkerInfo.OnReplyReceived - 1 total (0 active), Execution time: mean = 29.436 us, total = 29.436 us, Queueing time: mean = 40.260 us, max = 40.260 us, min = 40.260 us, total = 40.260 us
	Publisher.CheckDeadSubscribers - 1 total (1 active), Execution time: mean = 0.000 s, total = 0.000 s, Queueing time: mean = 0.000 s, max = -0.000 s, min = 9223372036.855 s, total = 0.000 s
	ray::rpc::InternalPubSubGcsService.grpc_client.GcsSubscriberCommandBatch.OnReplyReceived - 1 total (0 active), Execution time: mean = 111.105 us, total = 111.105 us, Queueing time: mean = 38.328 us, max = 38.328 us, min = 38.328 us, total = 38.328 us
	ray::rpc::InternalPubSubGcsService.grpc_client.GcsSubscriberCommandBatch - 1 total (0 active), Execution time: mean = 722.765 us, total = 722.765 us, Queueing time: mean = 0.000 s, max = -0.000 s, min = 9223372036.855 s, total = 0.000 s
	ray::rpc::InternalPubSubGcsService.grpc_client.GcsSubscriberPoll - 1 total (1 active), Execution time: mean = 0.000 s, total = 0.000 s, Queueing time: mean = 0.000 s, max = -0.000 s, min = 9223372036.855 s, total = 0.000 s
	ray::rpc::NodeInfoGcsService.grpc_client.GetAllNodeInfo - 1 total (1 active), Execution time: mean = 0.000 s, total = 0.000 s, Queueing time: mean = 0.000 s, max = -0.000 s, min = 9223372036.855 s, total = 0.000 s
	ray::rpc::WorkerInfoGcsService.grpc_client.AddWorkerInfo - 1 total (0 active), Execution time: mean = 800.463 us, total = 800.463 us, Queueing time: mean = 0.000 s, max = -0.000 s, min = 9223372036.855 s, total = 0.000 s
	CoreWorker.ExitIfParentRayletDies - 1 total (1 active), Execution time: mean = 0.000 s, total = 0.000 s, Queueing time: mean = 0.000 s, max = -0.000 s, min = 9223372036.855 s, total = 0.000 s

-----------------
Task Event stats:

IO Service Stats:

Global stats: 4 total (1 active)
Queueing time: mean = 22.796 us, max = 59.981 us, min = 31.202 us, total = 91.183 us
Execution time:  mean = 245.269 us, total = 981.075 us
Event stats:
	ray::rpc::TaskInfoGcsService.grpc_client.AddTaskEventData - 1 total (0 active), Execution time: mean = 827.172 us, total = 827.172 us, Queueing time: mean = 0.000 s, max = -0.000 s, min = 9223372036.855 s, total = 0.000 s
	ray::rpc::TaskInfoGcsService.grpc_client.AddTaskEventData.OnReplyReceived - 1 total (0 active), Execution time: mean = 27.575 us, total = 27.575 us, Queueing time: mean = 59.981 us, max = 59.981 us, min = 59.981 us, total = 59.981 us
	CoreWorker.deadline_timer.flush_task_events - 1 total (1 active), Execution time: mean = 0.000 s, total = 0.000 s, Queueing time: mean = 0.000 s, max = -0.000 s, min = 9223372036.855 s, total = 0.000 s
	PeriodicalRunner.RunFnPeriodically - 1 total (0 active), Execution time: mean = 126.328 us, total = 126.328 us, Queueing time: mean = 31.202 us, max = 31.202 us, min = 31.202 us, total = 31.202 us
Other Stats:
	grpc_in_progress:0
	current number of task status events in buffer: 0
	current number of profile events in buffer: 0
	current number of dropped task attempts tracked: 0
	total task events sent: 0 MiB
	total number of task attempts sent: 0
	total number of task attempts dropped reported: 0
	total number of sent failure: 0
	num status task events dropped: 0
	num profile task events dropped: 0


[2025-02-15 21:03:41,116 I 2044 2044] event.cc:491: Ray Event initialized for CORE_WORKER
[2025-02-15 21:03:41,116 I 2044 2044] event.cc:491: Ray Event initialized for EXPORT_TASK
[2025-02-15 21:03:41,116 I 2044 2044] event.cc:322: Set ray event level to warning
[2025-02-15 21:03:41,116 I 2044 2080] accessor.cc:762: Received notification for node, IsAlive = 1 node_id=752ac4f92daae43b5e6788582e57659b4a80764e0181b1cee6c12bc5
[2025-02-15 21:03:41,116 I 2044 2080] core_worker.cc:4754: Number of alive nodes:1
[2025-02-15 21:03:41,118 I 2044 2044] actor_task_submitter.cc:73: Set actor max pending calls to -1 actor_id=e5a60e8f25e4a1811ba1982601000000
[2025-02-15 21:03:41,118 I 2044 2044] core_worker.cc:3017: Creating actor actor_id=e5a60e8f25e4a1811ba1982601000000
[2025-02-15 21:03:45,009 I 2044 2044] task_receiver.cc:196: Actor creation task finished, task_id: ffffffffffffffffe5a60e8f25e4a1811ba1982601000000, actor_id: e5a60e8f25e4a1811ba1982601000000, actor_repr_name: _train_tune
[2025-02-15 21:03:51,121 W 2044 2075] metric_exporter.cc:105: [1] Export metrics to agent failed: RpcError: RPC Error message: failed to connect to all addresses; last error: UNKNOWN: ipv4:127.0.0.1:61139: Failed to connect to remote host: Connection refused; RPC Error details: . This won't affect Ray, but you can lose metrics from the cluster.
[2025-02-15 21:04:04,801 I 2044 2080] core_worker.cc:4177: Force kill actor request has received. exiting immediately... The actor is dead because all references to the actor were removed.
[2025-02-15 21:04:04,801 W 2044 2080] core_worker.cc:958: Force exit the process.  Details: Worker exits because the actor is killed. The actor is dead because all references to the actor were removed.
[2025-02-15 21:04:04,802 I 2044 2080] core_worker.cc:855: Try killing all child processes of this worker as it exits. Child process pids: 
[2025-02-15 21:04:04,803 I 2044 2080] core_worker.cc:814: Disconnecting to the raylet.
[2025-02-15 21:04:04,803 I 2044 2080] raylet_client.cc:162: RayletClient::Disconnect, exit_type=INTENDED_SYSTEM_EXIT, exit_detail=Worker exits because the actor is killed. The actor is dead because all references to the actor were removed., has creation_task_exception_pb_bytes=0
[2025-02-15 21:04:04,803 W 2044 2080] raylet_client.cc:187: IOError: Broken pipe [RayletClient] Failed to disconnect from raylet. This means the raylet the worker is connected is probably already dead.
