[2025-02-15 21:03:28,041 I 1971 1971] core_worker_process.cc:107: Constructing CoreWorkerProcess. pid: 1971
[2025-02-15 21:03:28,043 I 1971 1971] io_service_pool.cc:35: IOServicePool is running with 1 io_service.
[2025-02-15 21:03:28,046 I 1971 1971] grpc_server.cc:134: worker server started, listening on port 35597.
[2025-02-15 21:03:28,047 I 1971 1971] core_worker.cc:275: Initializing worker at address: 172.19.0.2:35597 worker_id=3d411bfad4cce3f54937f69f118f7640b496f014663d4cc3c0ac7fb6 node_id=752ac4f92daae43b5e6788582e57659b4a80764e0181b1cee6c12bc5
[2025-02-15 21:03:28,048 I 1971 1971] task_event_buffer.cc:257: Reporting task events to GCS every 1000ms.
[2025-02-15 21:03:28,049 I 1971 1971] core_worker.cc:703: Adjusted worker niceness to 15
[2025-02-15 21:03:28,049 I 1971 1971] event.cc:491: Ray Event initialized for CORE_WORKER
[2025-02-15 21:03:28,049 I 1971 2007] core_worker.cc:642: Event stats:


Global stats: 13 total (9 active)
Queueing time: mean = 54.392 us, max = 659.046 us, min = 19.360 us, total = 707.092 us
Execution time:  mean = 50.993 us, total = 662.912 us
Event stats:
	PeriodicalRunner.RunFnPeriodically - 7 total (5 active, 1 running), Execution time: mean = 2.106 us, total = 14.740 us, Queueing time: mean = 96.915 us, max = 659.046 us, min = 19.360 us, total = 678.406 us
	ray::rpc::WorkerInfoGcsService.grpc_client.AddWorkerInfo.OnReplyReceived - 1 total (0 active), Execution time: mean = 19.576 us, total = 19.576 us, Queueing time: mean = 28.686 us, max = 28.686 us, min = 28.686 us, total = 28.686 us
	ray::rpc::WorkerInfoGcsService.grpc_client.AddWorkerInfo - 1 total (0 active), Execution time: mean = 628.596 us, total = 628.596 us, Queueing time: mean = 0.000 s, max = -0.000 s, min = 9223372036.855 s, total = 0.000 s
	ray::rpc::InternalPubSubGcsService.grpc_client.GcsSubscriberPoll - 1 total (1 active), Execution time: mean = 0.000 s, total = 0.000 s, Queueing time: mean = 0.000 s, max = -0.000 s, min = 9223372036.855 s, total = 0.000 s
	CoreWorker.ExitIfParentRayletDies - 1 total (1 active), Execution time: mean = 0.000 s, total = 0.000 s, Queueing time: mean = 0.000 s, max = -0.000 s, min = 9223372036.855 s, total = 0.000 s
	Publisher.CheckDeadSubscribers - 1 total (1 active), Execution time: mean = 0.000 s, total = 0.000 s, Queueing time: mean = 0.000 s, max = -0.000 s, min = 9223372036.855 s, total = 0.000 s
	ray::rpc::InternalPubSubGcsService.grpc_client.GcsSubscriberCommandBatch - 1 total (1 active), Execution time: mean = 0.000 s, total = 0.000 s, Queueing time: mean = 0.000 s, max = -0.000 s, min = 9223372036.855 s, total = 0.000 s

-----------------
Task Event stats:

IO Service Stats:

Global stats: 4 total (3 active)
Queueing time: mean = 17.849 us, max = 71.396 us, min = 71.396 us, total = 71.396 us
Execution time:  mean = 34.714 us, total = 138.857 us
Event stats:
	PeriodicalRunner.RunFnPeriodically - 1 total (0 active), Execution time: mean = 138.857 us, total = 138.857 us, Queueing time: mean = 71.396 us, max = 71.396 us, min = 71.396 us, total = 71.396 us
	CoreWorker.deadline_timer.flush_task_events - 1 total (1 active), Execution time: mean = 0.000 s, total = 0.000 s, Queueing time: mean = 0.000 s, max = -0.000 s, min = 9223372036.855 s, total = 0.000 s
	ray::rpc::TaskInfoGcsService.grpc_client.AddTaskEventData.OnReplyReceived - 1 total (1 active), Execution time: mean = 0.000 s, total = 0.000 s, Queueing time: mean = 0.000 s, max = -0.000 s, min = 9223372036.855 s, total = 0.000 s
	ray::rpc::TaskInfoGcsService.grpc_client.AddTaskEventData - 1 total (1 active), Execution time: mean = 0.000 s, total = 0.000 s, Queueing time: mean = 0.000 s, max = -0.000 s, min = 9223372036.855 s, total = 0.000 s
Other Stats:
	grpc_in_progress:0
	current number of task status events in buffer: 0
	current number of profile events in buffer: 0
	current number of dropped task attempts tracked: 0
	total task events sent: 0 MiB
	total number of task attempts sent: 0
	total number of task attempts dropped reported: 0
	total number of sent failure: 0
	num status task events dropped: 0
	num profile task events dropped: 0


[2025-02-15 21:03:28,049 I 1971 1971] event.cc:491: Ray Event initialized for EXPORT_TASK
[2025-02-15 21:03:28,049 I 1971 1971] event.cc:322: Set ray event level to warning
[2025-02-15 21:03:28,050 I 1971 2007] accessor.cc:762: Received notification for node, IsAlive = 1 node_id=752ac4f92daae43b5e6788582e57659b4a80764e0181b1cee6c12bc5
[2025-02-15 21:03:28,050 I 1971 2007] core_worker.cc:4754: Number of alive nodes:1
[2025-02-15 21:03:28,051 I 1971 1971] actor_task_submitter.cc:73: Set actor max pending calls to -1 actor_id=17ba5f06d3ce088383aa7c1301000000
[2025-02-15 21:03:28,051 I 1971 1971] core_worker.cc:3017: Creating actor actor_id=17ba5f06d3ce088383aa7c1301000000
[2025-02-15 21:03:31,605 I 1971 1971] task_receiver.cc:196: Actor creation task finished, task_id: ffffffffffffffff17ba5f06d3ce088383aa7c1301000000, actor_id: 17ba5f06d3ce088383aa7c1301000000, actor_repr_name: _train_tune
[2025-02-15 21:03:38,075 W 1971 2002] metric_exporter.cc:105: [1] Export metrics to agent failed: RpcError: RPC Error message: failed to connect to all addresses; last error: UNKNOWN: ipv4:127.0.0.1:61139: Failed to connect to remote host: Connection refused; RPC Error details: . This won't affect Ray, but you can lose metrics from the cluster.
[2025-02-15 21:03:39,672 I 1971 1971] core_worker.cc:877: Exit signal received, this process will exit after all outstanding tasks have finished, exit_type=SYSTEM_ERROR, detail=Worker exits unexpectedly by a signal. SystemExit is raised (sys.exit is called). Exit code: 1. The process receives a SIGTERM.
[2025-02-15 21:03:39,672 W 1971 1971] core_worker.cc:890: Failed to notify Raylet. It is either the raylet is already dead or the raylet disconnects the client because it kills this worker.
[2025-02-15 21:03:39,673 I 1971 1971] core_worker.cc:855: Try killing all child processes of this worker as it exits. Child process pids: 
[2025-02-15 21:03:39,674 I 1971 1971] core_worker.cc:814: Disconnecting to the raylet.
[2025-02-15 21:03:39,675 I 1971 1971] raylet_client.cc:162: RayletClient::Disconnect, exit_type=SYSTEM_ERROR, exit_detail=Worker exits unexpectedly by a signal. SystemExit is raised (sys.exit is called). Exit code: 1. The process receives a SIGTERM., has creation_task_exception_pb_bytes=0
[2025-02-15 21:03:39,675 W 1971 1971] raylet_client.cc:187: IOError: Broken pipe [RayletClient] Failed to disconnect from raylet. This means the raylet the worker is connected is probably already dead.
[2025-02-15 21:03:39,675 I 1971 1971] core_worker.cc:722: Shutting down a core worker.
[2025-02-15 21:03:39,675 I 1971 1971] task_event_buffer.cc:268: Shutting down TaskEventBuffer.
[2025-02-15 21:03:39,675 I 1971 2022] task_event_buffer.cc:236: Task event buffer io service stopped.
[2025-02-15 21:03:39,675 I 1971 1971] core_worker.cc:748: Disconnecting a GCS client.
[2025-02-15 21:03:39,675 I 1971 1971] core_worker.cc:752: Waiting for joining a core worker io thread. If it hangs here, there might be deadlock or a high load in the core worker io service.
[2025-02-15 21:03:39,675 I 1971 2007] core_worker.cc:985: Core worker main io service stopped.
[2025-02-15 21:03:39,676 I 1971 1971] core_worker.cc:765: Core worker ready to be deallocated.
[2025-02-15 21:03:39,676 I 1971 1971] core_worker_process.cc:249: Task execution loop terminated. Removing the global worker.
[2025-02-15 21:03:39,676 I 1971 1971] core_worker.cc:713: Core worker is destructed
[2025-02-15 21:03:39,676 I 1971 1971] task_event_buffer.cc:268: Shutting down TaskEventBuffer.
[2025-02-15 21:03:39,921 I 1971 1971] core_worker_process.cc:151: Destructing CoreWorkerProcessImpl. pid: 1971
[2025-02-15 21:03:39,921 I 1971 1971] io_service_pool.cc:47: IOServicePool is stopped.
[2025-02-15 21:03:39,977 I 1971 1971] stats.h:120: Stats module has shutdown.
