[2025-02-15 21:11:24,395 I 3297 3297] core_worker_process.cc:107: Constructing CoreWorkerProcess. pid: 3297
[2025-02-15 21:11:24,397 I 3297 3297] io_service_pool.cc:35: IOServicePool is running with 1 io_service.
[2025-02-15 21:11:24,399 I 3297 3297] grpc_server.cc:134: worker server started, listening on port 42737.
[2025-02-15 21:11:24,400 I 3297 3297] core_worker.cc:275: Initializing worker at address: 172.19.0.2:42737 worker_id=9db060f9731b678b84fefcd3e807fd519c5f0a7b384b92d0af0ed48a node_id=752ac4f92daae43b5e6788582e57659b4a80764e0181b1cee6c12bc5
[2025-02-15 21:11:24,401 I 3297 3297] task_event_buffer.cc:257: Reporting task events to GCS every 1000ms.
[2025-02-15 21:11:24,402 I 3297 3297] core_worker.cc:703: Adjusted worker niceness to 15
[2025-02-15 21:11:24,402 I 3297 3333] core_worker.cc:642: Event stats:


Global stats: 15 total (9 active)
Queueing time: mean = 10.000 us, max = 89.141 us, min = 17.320 us, total = 149.993 us
Execution time:  mean = 87.209 us, total = 1.308 ms
Event stats:
	PeriodicalRunner.RunFnPeriodically - 7 total (5 active, 1 running), Execution time: mean = 2.102 us, total = 14.714 us, Queueing time: mean = 15.406 us, max = 89.141 us, min = 18.701 us, total = 107.842 us
	ray::rpc::InternalPubSubGcsService.grpc_client.GcsSubscriberCommandBatch.OnReplyReceived - 1 total (0 active), Execution time: mean = 103.901 us, total = 103.901 us, Queueing time: mean = 24.831 us, max = 24.831 us, min = 24.831 us, total = 24.831 us
	ray::rpc::NodeInfoGcsService.grpc_client.GetAllNodeInfo - 1 total (1 active), Execution time: mean = 0.000 s, total = 0.000 s, Queueing time: mean = 0.000 s, max = -0.000 s, min = 9223372036.855 s, total = 0.000 s
	ray::rpc::WorkerInfoGcsService.grpc_client.AddWorkerInfo.OnReplyReceived - 1 total (0 active), Execution time: mean = 41.387 us, total = 41.387 us, Queueing time: mean = 17.320 us, max = 17.320 us, min = 17.320 us, total = 17.320 us
	ray::rpc::WorkerInfoGcsService.grpc_client.AddWorkerInfo - 1 total (0 active), Execution time: mean = 559.569 us, total = 559.569 us, Queueing time: mean = 0.000 s, max = -0.000 s, min = 9223372036.855 s, total = 0.000 s
	CoreWorker.ExitIfParentRayletDies - 1 total (1 active), Execution time: mean = 0.000 s, total = 0.000 s, Queueing time: mean = 0.000 s, max = -0.000 s, min = 9223372036.855 s, total = 0.000 s
	ray::rpc::InternalPubSubGcsService.grpc_client.GcsSubscriberCommandBatch - 1 total (0 active), Execution time: mean = 588.567 us, total = 588.567 us, Queueing time: mean = 0.000 s, max = -0.000 s, min = 9223372036.855 s, total = 0.000 s
	Publisher.CheckDeadSubscribers - 1 total (1 active), Execution time: mean = 0.000 s, total = 0.000 s, Queueing time: mean = 0.000 s, max = -0.000 s, min = 9223372036.855 s, total = 0.000 s
	ray::rpc::InternalPubSubGcsService.grpc_client.GcsSubscriberPoll - 1 total (1 active), Execution time: mean = 0.000 s, total = 0.000 s, Queueing time: mean = 0.000 s, max = -0.000 s, min = 9223372036.855 s, total = 0.000 s

-----------------
Task Event stats:

IO Service Stats:

Global stats: 4 total (1 active)
Queueing time: mean = 8.879 us, max = 19.199 us, min = 16.318 us, total = 35.517 us
Execution time:  mean = 152.984 us, total = 611.936 us
Event stats:
	CoreWorker.deadline_timer.flush_task_events - 1 total (1 active), Execution time: mean = 0.000 s, total = 0.000 s, Queueing time: mean = 0.000 s, max = -0.000 s, min = 9223372036.855 s, total = 0.000 s
	ray::rpc::TaskInfoGcsService.grpc_client.AddTaskEventData.OnReplyReceived - 1 total (0 active), Execution time: mean = 16.764 us, total = 16.764 us, Queueing time: mean = 19.199 us, max = 19.199 us, min = 19.199 us, total = 19.199 us
	ray::rpc::TaskInfoGcsService.grpc_client.AddTaskEventData - 1 total (0 active), Execution time: mean = 485.705 us, total = 485.705 us, Queueing time: mean = 0.000 s, max = -0.000 s, min = 9223372036.855 s, total = 0.000 s
	PeriodicalRunner.RunFnPeriodically - 1 total (0 active), Execution time: mean = 109.467 us, total = 109.467 us, Queueing time: mean = 16.318 us, max = 16.318 us, min = 16.318 us, total = 16.318 us
Other Stats:
	grpc_in_progress:0
	current number of task status events in buffer: 0
	current number of profile events in buffer: 0
	current number of dropped task attempts tracked: 0
	total task events sent: 0 MiB
	total number of task attempts sent: 0
	total number of task attempts dropped reported: 0
	total number of sent failure: 0
	num status task events dropped: 0
	num profile task events dropped: 0


[2025-02-15 21:11:24,402 I 3297 3297] event.cc:491: Ray Event initialized for CORE_WORKER
[2025-02-15 21:11:24,402 I 3297 3297] event.cc:491: Ray Event initialized for EXPORT_TASK
[2025-02-15 21:11:24,402 I 3297 3297] event.cc:322: Set ray event level to warning
[2025-02-15 21:11:24,402 I 3297 3333] accessor.cc:762: Received notification for node, IsAlive = 1 node_id=752ac4f92daae43b5e6788582e57659b4a80764e0181b1cee6c12bc5
[2025-02-15 21:11:24,402 I 3297 3333] core_worker.cc:4754: Number of alive nodes:1
[2025-02-15 21:11:24,404 I 3297 3297] actor_task_submitter.cc:73: Set actor max pending calls to -1 actor_id=7add56ca2eeadd1125859cf301000000
[2025-02-15 21:11:24,404 I 3297 3297] core_worker.cc:3017: Creating actor actor_id=7add56ca2eeadd1125859cf301000000
[2025-02-15 21:11:28,033 I 3297 3297] task_receiver.cc:196: Actor creation task finished, task_id: ffffffffffffffff7add56ca2eeadd1125859cf301000000, actor_id: 7add56ca2eeadd1125859cf301000000, actor_repr_name: _train_tune
[2025-02-15 21:11:34,423 W 3297 3328] metric_exporter.cc:105: [1] Export metrics to agent failed: RpcError: RPC Error message: failed to connect to all addresses; last error: UNKNOWN: ipv4:127.0.0.1:61139: Failed to connect to remote host: Connection refused; RPC Error details: . This won't affect Ray, but you can lose metrics from the cluster.
[2025-02-15 21:11:40,107 I 3297 3297] core_worker.cc:877: Exit signal received, this process will exit after all outstanding tasks have finished, exit_type=SYSTEM_ERROR, detail=Worker exits unexpectedly by a signal. SystemExit is raised (sys.exit is called). Exit code: 1. The process receives a SIGTERM.
[2025-02-15 21:11:40,107 W 3297 3297] core_worker.cc:890: Failed to notify Raylet. It is either the raylet is already dead or the raylet disconnects the client because it kills this worker.
[2025-02-15 21:11:40,108 I 3297 3297] core_worker.cc:855: Try killing all child processes of this worker as it exits. Child process pids: 
[2025-02-15 21:11:40,109 I 3297 3297] core_worker.cc:814: Disconnecting to the raylet.
[2025-02-15 21:11:40,109 I 3297 3297] raylet_client.cc:162: RayletClient::Disconnect, exit_type=SYSTEM_ERROR, exit_detail=Worker exits unexpectedly by a signal. SystemExit is raised (sys.exit is called). Exit code: 1. The process receives a SIGTERM., has creation_task_exception_pb_bytes=0
[2025-02-15 21:11:40,109 W 3297 3297] raylet_client.cc:187: IOError: Broken pipe [RayletClient] Failed to disconnect from raylet. This means the raylet the worker is connected is probably already dead.
[2025-02-15 21:11:40,109 I 3297 3297] core_worker.cc:722: Shutting down a core worker.
[2025-02-15 21:11:40,109 I 3297 3297] task_event_buffer.cc:268: Shutting down TaskEventBuffer.
[2025-02-15 21:11:40,109 I 3297 3348] task_event_buffer.cc:236: Task event buffer io service stopped.
[2025-02-15 21:11:40,109 I 3297 3297] core_worker.cc:748: Disconnecting a GCS client.
[2025-02-15 21:11:40,109 I 3297 3297] core_worker.cc:752: Waiting for joining a core worker io thread. If it hangs here, there might be deadlock or a high load in the core worker io service.
[2025-02-15 21:11:40,109 I 3297 3333] core_worker.cc:985: Core worker main io service stopped.
[2025-02-15 21:11:40,110 I 3297 3297] core_worker.cc:765: Core worker ready to be deallocated.
[2025-02-15 21:11:40,110 I 3297 3297] core_worker_process.cc:249: Task execution loop terminated. Removing the global worker.
[2025-02-15 21:11:40,110 I 3297 3297] core_worker.cc:713: Core worker is destructed
[2025-02-15 21:11:40,110 I 3297 3297] task_event_buffer.cc:268: Shutting down TaskEventBuffer.
[2025-02-15 21:11:40,355 I 3297 3297] core_worker_process.cc:151: Destructing CoreWorkerProcessImpl. pid: 3297
[2025-02-15 21:11:40,355 I 3297 3297] io_service_pool.cc:47: IOServicePool is stopped.
[2025-02-15 21:11:40,530 I 3297 3297] stats.h:120: Stats module has shutdown.
