[2025-02-15 21:04:18,112 I 2189 2189] core_worker_process.cc:107: Constructing CoreWorkerProcess. pid: 2189
[2025-02-15 21:04:18,113 I 2189 2189] io_service_pool.cc:35: IOServicePool is running with 1 io_service.
[2025-02-15 21:04:18,116 I 2189 2189] grpc_server.cc:134: worker server started, listening on port 45131.
[2025-02-15 21:04:18,117 I 2189 2189] core_worker.cc:275: Initializing worker at address: 172.19.0.2:45131 worker_id=cf099066b8dd64655cc3f10c0581777990c6491b8e94e3e3136bfc24 node_id=752ac4f92daae43b5e6788582e57659b4a80764e0181b1cee6c12bc5
[2025-02-15 21:04:18,118 I 2189 2189] task_event_buffer.cc:257: Reporting task events to GCS every 1000ms.
[2025-02-15 21:04:18,118 I 2189 2189] core_worker.cc:703: Adjusted worker niceness to 15
[2025-02-15 21:04:18,118 I 2189 2225] core_worker.cc:642: Event stats:


Global stats: 11 total (5 active)
Queueing time: mean = 17.234 us, max = 117.762 us, min = 21.324 us, total = 189.573 us
Execution time:  mean = 96.638 us, total = 1.063 ms
Event stats:
	PeriodicalRunner.RunFnPeriodically - 3 total (1 active, 1 running), Execution time: mean = 10.602 us, total = 31.807 us, Queueing time: mean = 48.973 us, max = 117.762 us, min = 29.158 us, total = 146.920 us
	ray::rpc::WorkerInfoGcsService.grpc_client.AddWorkerInfo.OnReplyReceived - 1 total (0 active), Execution time: mean = 15.697 us, total = 15.697 us, Queueing time: mean = 21.329 us, max = 21.329 us, min = 21.329 us, total = 21.329 us
	ray::rpc::InternalPubSubGcsService.grpc_client.GcsSubscriberPoll - 1 total (1 active), Execution time: mean = 0.000 s, total = 0.000 s, Queueing time: mean = 0.000 s, max = -0.000 s, min = 9223372036.855 s, total = 0.000 s
	ray::rpc::InternalPubSubGcsService.grpc_client.GcsSubscriberCommandBatch.OnReplyReceived - 1 total (0 active), Execution time: mean = 88.131 us, total = 88.131 us, Queueing time: mean = 21.324 us, max = 21.324 us, min = 21.324 us, total = 21.324 us
	ray::rpc::InternalPubSubGcsService.grpc_client.GcsSubscriberCommandBatch - 1 total (0 active), Execution time: mean = 442.327 us, total = 442.327 us, Queueing time: mean = 0.000 s, max = -0.000 s, min = 9223372036.855 s, total = 0.000 s
	Publisher.CheckDeadSubscribers - 1 total (1 active), Execution time: mean = 0.000 s, total = 0.000 s, Queueing time: mean = 0.000 s, max = -0.000 s, min = 9223372036.855 s, total = 0.000 s
	CoreWorker.ExitIfParentRayletDies - 1 total (1 active), Execution time: mean = 0.000 s, total = 0.000 s, Queueing time: mean = 0.000 s, max = -0.000 s, min = 9223372036.855 s, total = 0.000 s
	ray::rpc::NodeInfoGcsService.grpc_client.GetAllNodeInfo - 1 total (1 active), Execution time: mean = 0.000 s, total = 0.000 s, Queueing time: mean = 0.000 s, max = -0.000 s, min = 9223372036.855 s, total = 0.000 s
	ray::rpc::WorkerInfoGcsService.grpc_client.AddWorkerInfo - 1 total (0 active), Execution time: mean = 485.061 us, total = 485.061 us, Queueing time: mean = 0.000 s, max = -0.000 s, min = 9223372036.855 s, total = 0.000 s

-----------------
Task Event stats:

IO Service Stats:

Global stats: 4 total (1 active)
Queueing time: mean = 15.407 us, max = 38.981 us, min = 22.648 us, total = 61.629 us
Execution time:  mean = 166.810 us, total = 667.241 us
Event stats:
	CoreWorker.deadline_timer.flush_task_events - 1 total (1 active), Execution time: mean = 0.000 s, total = 0.000 s, Queueing time: mean = 0.000 s, max = -0.000 s, min = 9223372036.855 s, total = 0.000 s
	PeriodicalRunner.RunFnPeriodically - 1 total (0 active), Execution time: mean = 75.142 us, total = 75.142 us, Queueing time: mean = 38.981 us, max = 38.981 us, min = 38.981 us, total = 38.981 us
	ray::rpc::TaskInfoGcsService.grpc_client.AddTaskEventData.OnReplyReceived - 1 total (0 active), Execution time: mean = 11.345 us, total = 11.345 us, Queueing time: mean = 22.648 us, max = 22.648 us, min = 22.648 us, total = 22.648 us
	ray::rpc::TaskInfoGcsService.grpc_client.AddTaskEventData - 1 total (0 active), Execution time: mean = 580.754 us, total = 580.754 us, Queueing time: mean = 0.000 s, max = -0.000 s, min = 9223372036.855 s, total = 0.000 s
Other Stats:
	grpc_in_progress:0
	current number of task status events in buffer: 0
	current number of profile events in buffer: 0
	current number of dropped task attempts tracked: 0
	total task events sent: 0 MiB
	total number of task attempts sent: 0
	total number of task attempts dropped reported: 0
	total number of sent failure: 0
	num status task events dropped: 0
	num profile task events dropped: 0


[2025-02-15 21:04:18,118 I 2189 2189] event.cc:491: Ray Event initialized for CORE_WORKER
[2025-02-15 21:04:18,118 I 2189 2189] event.cc:491: Ray Event initialized for EXPORT_TASK
[2025-02-15 21:04:18,118 I 2189 2189] event.cc:322: Set ray event level to warning
[2025-02-15 21:04:18,119 I 2189 2225] accessor.cc:762: Received notification for node, IsAlive = 1 node_id=752ac4f92daae43b5e6788582e57659b4a80764e0181b1cee6c12bc5
[2025-02-15 21:04:18,119 I 2189 2225] core_worker.cc:4754: Number of alive nodes:1
[2025-02-15 21:04:18,120 I 2189 2189] actor_task_submitter.cc:73: Set actor max pending calls to -1 actor_id=13f3c20e44f6a66a73f480d201000000
[2025-02-15 21:04:18,120 I 2189 2189] core_worker.cc:3017: Creating actor actor_id=13f3c20e44f6a66a73f480d201000000
[2025-02-15 21:04:21,646 I 2189 2189] task_receiver.cc:196: Actor creation task finished, task_id: ffffffffffffffff13f3c20e44f6a66a73f480d201000000, actor_id: 13f3c20e44f6a66a73f480d201000000, actor_repr_name: _train_tune
[2025-02-15 21:04:28,123 W 2189 2220] metric_exporter.cc:105: [1] Export metrics to agent failed: RpcError: RPC Error message: failed to connect to all addresses; last error: UNKNOWN: ipv4:127.0.0.1:61139: Failed to connect to remote host: Connection refused; RPC Error details: . This won't affect Ray, but you can lose metrics from the cluster.
[2025-02-15 21:04:58,737 I 2189 2225] core_worker.cc:4177: Force kill actor request has received. exiting immediately... The actor is dead because all references to the actor were removed.
[2025-02-15 21:04:58,737 W 2189 2225] core_worker.cc:958: Force exit the process.  Details: Worker exits because the actor is killed. The actor is dead because all references to the actor were removed.
[2025-02-15 21:04:58,738 I 2189 2225] core_worker.cc:855: Try killing all child processes of this worker as it exits. Child process pids: 
[2025-02-15 21:04:58,738 I 2189 2225] core_worker.cc:814: Disconnecting to the raylet.
[2025-02-15 21:04:58,738 I 2189 2225] raylet_client.cc:162: RayletClient::Disconnect, exit_type=INTENDED_SYSTEM_EXIT, exit_detail=Worker exits because the actor is killed. The actor is dead because all references to the actor were removed., has creation_task_exception_pb_bytes=0
[2025-02-15 21:04:58,738 W 2189 2225] raylet_client.cc:187: IOError: Broken pipe [RayletClient] Failed to disconnect from raylet. This means the raylet the worker is connected is probably already dead.
