[2025-02-15 21:09:06,290 I 2857 2857] core_worker_process.cc:107: Constructing CoreWorkerProcess. pid: 2857
[2025-02-15 21:09:06,292 I 2857 2857] io_service_pool.cc:35: IOServicePool is running with 1 io_service.
[2025-02-15 21:09:06,294 I 2857 2857] grpc_server.cc:134: worker server started, listening on port 33767.
[2025-02-15 21:09:06,295 I 2857 2857] core_worker.cc:275: Initializing worker at address: 172.19.0.2:33767 worker_id=3458510b9f5f4960795d95557898842b80441f36f2f4592b0b77a024 node_id=752ac4f92daae43b5e6788582e57659b4a80764e0181b1cee6c12bc5
[2025-02-15 21:09:06,295 I 2857 2857] task_event_buffer.cc:257: Reporting task events to GCS every 1000ms.
[2025-02-15 21:09:06,296 I 2857 2857] core_worker.cc:703: Adjusted worker niceness to 15
[2025-02-15 21:09:06,296 I 2857 2893] core_worker.cc:642: Event stats:


Global stats: 13 total (7 active)
Queueing time: mean = 12.183 us, max = 88.917 us, min = 20.754 us, total = 158.378 us
Execution time:  mean = 83.203 us, total = 1.082 ms
Event stats:
	PeriodicalRunner.RunFnPeriodically - 5 total (3 active, 1 running), Execution time: mean = 4.646 us, total = 23.229 us, Queueing time: mean = 22.403 us, max = 88.917 us, min = 23.100 us, total = 112.017 us
	CoreWorker.ExitIfParentRayletDies - 1 total (1 active), Execution time: mean = 0.000 s, total = 0.000 s, Queueing time: mean = 0.000 s, max = -0.000 s, min = 9223372036.855 s, total = 0.000 s
	ray::rpc::InternalPubSubGcsService.grpc_client.GcsSubscriberPoll - 1 total (1 active), Execution time: mean = 0.000 s, total = 0.000 s, Queueing time: mean = 0.000 s, max = -0.000 s, min = 9223372036.855 s, total = 0.000 s
	ray::rpc::WorkerInfoGcsService.grpc_client.AddWorkerInfo.OnReplyReceived - 1 total (0 active), Execution time: mean = 14.361 us, total = 14.361 us, Queueing time: mean = 25.607 us, max = 25.607 us, min = 25.607 us, total = 25.607 us
	ray::rpc::WorkerInfoGcsService.grpc_client.AddWorkerInfo - 1 total (0 active), Execution time: mean = 507.770 us, total = 507.770 us, Queueing time: mean = 0.000 s, max = -0.000 s, min = 9223372036.855 s, total = 0.000 s
	Publisher.CheckDeadSubscribers - 1 total (1 active), Execution time: mean = 0.000 s, total = 0.000 s, Queueing time: mean = 0.000 s, max = -0.000 s, min = 9223372036.855 s, total = 0.000 s
	ray::rpc::InternalPubSubGcsService.grpc_client.GcsSubscriberCommandBatch - 1 total (0 active), Execution time: mean = 454.814 us, total = 454.814 us, Queueing time: mean = 0.000 s, max = -0.000 s, min = 9223372036.855 s, total = 0.000 s
	ray::rpc::InternalPubSubGcsService.grpc_client.GcsSubscriberCommandBatch.OnReplyReceived - 1 total (0 active), Execution time: mean = 81.462 us, total = 81.462 us, Queueing time: mean = 20.754 us, max = 20.754 us, min = 20.754 us, total = 20.754 us
	ray::rpc::NodeInfoGcsService.grpc_client.GetAllNodeInfo - 1 total (1 active), Execution time: mean = 0.000 s, total = 0.000 s, Queueing time: mean = 0.000 s, max = -0.000 s, min = 9223372036.855 s, total = 0.000 s

-----------------
Task Event stats:

IO Service Stats:

Global stats: 4 total (1 active)
Queueing time: mean = 11.642 us, max = 28.370 us, min = 18.198 us, total = 46.568 us
Execution time:  mean = 135.451 us, total = 541.802 us
Event stats:
	PeriodicalRunner.RunFnPeriodically - 1 total (0 active), Execution time: mean = 122.976 us, total = 122.976 us, Queueing time: mean = 18.198 us, max = 18.198 us, min = 18.198 us, total = 18.198 us
	CoreWorker.deadline_timer.flush_task_events - 1 total (1 active), Execution time: mean = 0.000 s, total = 0.000 s, Queueing time: mean = 0.000 s, max = -0.000 s, min = 9223372036.855 s, total = 0.000 s
	ray::rpc::TaskInfoGcsService.grpc_client.AddTaskEventData.OnReplyReceived - 1 total (0 active), Execution time: mean = 14.790 us, total = 14.790 us, Queueing time: mean = 28.370 us, max = 28.370 us, min = 28.370 us, total = 28.370 us
	ray::rpc::TaskInfoGcsService.grpc_client.AddTaskEventData - 1 total (0 active), Execution time: mean = 404.036 us, total = 404.036 us, Queueing time: mean = 0.000 s, max = -0.000 s, min = 9223372036.855 s, total = 0.000 s
Other Stats:
	grpc_in_progress:0
	current number of task status events in buffer: 0
	current number of profile events in buffer: 0
	current number of dropped task attempts tracked: 0
	total task events sent: 0 MiB
	total number of task attempts sent: 0
	total number of task attempts dropped reported: 0
	total number of sent failure: 0
	num status task events dropped: 0
	num profile task events dropped: 0


[2025-02-15 21:09:06,296 I 2857 2857] event.cc:491: Ray Event initialized for CORE_WORKER
[2025-02-15 21:09:06,296 I 2857 2857] event.cc:491: Ray Event initialized for EXPORT_TASK
[2025-02-15 21:09:06,296 I 2857 2857] event.cc:322: Set ray event level to warning
[2025-02-15 21:09:06,296 I 2857 2893] accessor.cc:762: Received notification for node, IsAlive = 1 node_id=752ac4f92daae43b5e6788582e57659b4a80764e0181b1cee6c12bc5
[2025-02-15 21:09:06,296 I 2857 2893] core_worker.cc:4754: Number of alive nodes:1
[2025-02-15 21:09:06,298 I 2857 2857] actor_task_submitter.cc:73: Set actor max pending calls to -1 actor_id=6637cff15ea2b8c5ceb77f6201000000
[2025-02-15 21:09:06,298 I 2857 2857] core_worker.cc:3017: Creating actor actor_id=6637cff15ea2b8c5ceb77f6201000000
[2025-02-15 21:09:09,868 I 2857 2857] task_receiver.cc:196: Actor creation task finished, task_id: ffffffffffffffff6637cff15ea2b8c5ceb77f6201000000, actor_id: 6637cff15ea2b8c5ceb77f6201000000, actor_repr_name: _train_tune
[2025-02-15 21:09:16,301 W 2857 2888] metric_exporter.cc:105: [1] Export metrics to agent failed: RpcError: RPC Error message: failed to connect to all addresses; last error: UNKNOWN: ipv4:127.0.0.1:61139: Failed to connect to remote host: Connection refused; RPC Error details: . This won't affect Ray, but you can lose metrics from the cluster.
[2025-02-15 21:09:22,317 I 2857 2893] core_worker.cc:4177: Force kill actor request has received. exiting immediately... The actor is dead because all references to the actor were removed.
[2025-02-15 21:09:22,317 W 2857 2893] core_worker.cc:958: Force exit the process.  Details: Worker exits because the actor is killed. The actor is dead because all references to the actor were removed.
[2025-02-15 21:09:22,317 I 2857 2893] core_worker.cc:855: Try killing all child processes of this worker as it exits. Child process pids: 
[2025-02-15 21:09:22,318 I 2857 2893] core_worker.cc:814: Disconnecting to the raylet.
[2025-02-15 21:09:22,318 I 2857 2893] raylet_client.cc:162: RayletClient::Disconnect, exit_type=INTENDED_SYSTEM_EXIT, exit_detail=Worker exits because the actor is killed. The actor is dead because all references to the actor were removed., has creation_task_exception_pb_bytes=0
[2025-02-15 21:09:22,318 W 2857 2893] raylet_client.cc:187: IOError: Broken pipe [RayletClient] Failed to disconnect from raylet. This means the raylet the worker is connected is probably already dead.
