[2025-02-15 21:08:33,256 I 2783 2783] core_worker_process.cc:107: Constructing CoreWorkerProcess. pid: 2783
[2025-02-15 21:08:33,257 I 2783 2783] io_service_pool.cc:35: IOServicePool is running with 1 io_service.
[2025-02-15 21:08:33,259 I 2783 2783] grpc_server.cc:134: worker server started, listening on port 34941.
[2025-02-15 21:08:33,260 I 2783 2783] core_worker.cc:275: Initializing worker at address: 172.19.0.2:34941 worker_id=99f97783a02531f9c985beaf12945c6473d3d8ee8148bcd20ea852f7 node_id=752ac4f92daae43b5e6788582e57659b4a80764e0181b1cee6c12bc5
[2025-02-15 21:08:33,261 I 2783 2783] task_event_buffer.cc:257: Reporting task events to GCS every 1000ms.
[2025-02-15 21:08:33,262 I 2783 2783] core_worker.cc:703: Adjusted worker niceness to 15
[2025-02-15 21:08:33,262 I 2783 2819] core_worker.cc:642: Event stats:


Global stats: 11 total (5 active)
Queueing time: mean = 31.907 us, max = 299.291 us, min = 16.757 us, total = 350.976 us
Execution time:  mean = 105.847 us, total = 1.164 ms
Event stats:
	PeriodicalRunner.RunFnPeriodically - 3 total (1 active, 1 running), Execution time: mean = 7.446 us, total = 22.338 us, Queueing time: mean = 105.732 us, max = 299.291 us, min = 17.906 us, total = 317.197 us
	ray::rpc::WorkerInfoGcsService.grpc_client.AddWorkerInfo.OnReplyReceived - 1 total (0 active), Execution time: mean = 18.893 us, total = 18.893 us, Queueing time: mean = 17.022 us, max = 17.022 us, min = 17.022 us, total = 17.022 us
	Publisher.CheckDeadSubscribers - 1 total (1 active), Execution time: mean = 0.000 s, total = 0.000 s, Queueing time: mean = 0.000 s, max = -0.000 s, min = 9223372036.855 s, total = 0.000 s
	ray::rpc::InternalPubSubGcsService.grpc_client.GcsSubscriberPoll - 1 total (1 active), Execution time: mean = 0.000 s, total = 0.000 s, Queueing time: mean = 0.000 s, max = -0.000 s, min = 9223372036.855 s, total = 0.000 s
	ray::rpc::WorkerInfoGcsService.grpc_client.AddWorkerInfo - 1 total (0 active), Execution time: mean = 570.789 us, total = 570.789 us, Queueing time: mean = 0.000 s, max = -0.000 s, min = 9223372036.855 s, total = 0.000 s
	ray::rpc::NodeInfoGcsService.grpc_client.GetAllNodeInfo - 1 total (1 active), Execution time: mean = 0.000 s, total = 0.000 s, Queueing time: mean = 0.000 s, max = -0.000 s, min = 9223372036.855 s, total = 0.000 s
	ray::rpc::InternalPubSubGcsService.grpc_client.GcsSubscriberCommandBatch - 1 total (0 active), Execution time: mean = 472.348 us, total = 472.348 us, Queueing time: mean = 0.000 s, max = -0.000 s, min = 9223372036.855 s, total = 0.000 s
	ray::rpc::InternalPubSubGcsService.grpc_client.GcsSubscriberCommandBatch.OnReplyReceived - 1 total (0 active), Execution time: mean = 79.945 us, total = 79.945 us, Queueing time: mean = 16.757 us, max = 16.757 us, min = 16.757 us, total = 16.757 us
	CoreWorker.ExitIfParentRayletDies - 1 total (1 active), Execution time: mean = 0.000 s, total = 0.000 s, Queueing time: mean = 0.000 s, max = -0.000 s, min = 9223372036.855 s, total = 0.000 s

-----------------
Task Event stats:

IO Service Stats:

Global stats: 4 total (1 active)
Queueing time: mean = 9.149 us, max = 19.343 us, min = 17.255 us, total = 36.598 us
Execution time:  mean = 140.738 us, total = 562.952 us
Event stats:
	PeriodicalRunner.RunFnPeriodically - 1 total (0 active), Execution time: mean = 75.231 us, total = 75.231 us, Queueing time: mean = 17.255 us, max = 17.255 us, min = 17.255 us, total = 17.255 us
	ray::rpc::TaskInfoGcsService.grpc_client.AddTaskEventData - 1 total (0 active), Execution time: mean = 470.932 us, total = 470.932 us, Queueing time: mean = 0.000 s, max = -0.000 s, min = 9223372036.855 s, total = 0.000 s
	CoreWorker.deadline_timer.flush_task_events - 1 total (1 active), Execution time: mean = 0.000 s, total = 0.000 s, Queueing time: mean = 0.000 s, max = -0.000 s, min = 9223372036.855 s, total = 0.000 s
	ray::rpc::TaskInfoGcsService.grpc_client.AddTaskEventData.OnReplyReceived - 1 total (0 active), Execution time: mean = 16.789 us, total = 16.789 us, Queueing time: mean = 19.343 us, max = 19.343 us, min = 19.343 us, total = 19.343 us
Other Stats:
	grpc_in_progress:0
	current number of task status events in buffer: 0
	current number of profile events in buffer: 0
	current number of dropped task attempts tracked: 0
	total task events sent: 0 MiB
	total number of task attempts sent: 0
	total number of task attempts dropped reported: 0
	total number of sent failure: 0
	num status task events dropped: 0
	num profile task events dropped: 0


[2025-02-15 21:08:33,262 I 2783 2783] event.cc:491: Ray Event initialized for CORE_WORKER
[2025-02-15 21:08:33,262 I 2783 2783] event.cc:491: Ray Event initialized for EXPORT_TASK
[2025-02-15 21:08:33,262 I 2783 2783] event.cc:322: Set ray event level to warning
[2025-02-15 21:08:33,262 I 2783 2819] accessor.cc:762: Received notification for node, IsAlive = 1 node_id=752ac4f92daae43b5e6788582e57659b4a80764e0181b1cee6c12bc5
[2025-02-15 21:08:33,262 I 2783 2819] core_worker.cc:4754: Number of alive nodes:1
[2025-02-15 21:08:33,264 I 2783 2783] actor_task_submitter.cc:73: Set actor max pending calls to -1 actor_id=75db419241e265e097fcab5601000000
[2025-02-15 21:08:33,264 I 2783 2783] core_worker.cc:3017: Creating actor actor_id=75db419241e265e097fcab5601000000
[2025-02-15 21:08:36,733 I 2783 2783] task_receiver.cc:196: Actor creation task finished, task_id: ffffffffffffffff75db419241e265e097fcab5601000000, actor_id: 75db419241e265e097fcab5601000000, actor_repr_name: _train_tune
[2025-02-15 21:08:43,286 W 2783 2814] metric_exporter.cc:105: [1] Export metrics to agent failed: RpcError: RPC Error message: failed to connect to all addresses; last error: UNKNOWN: ipv4:127.0.0.1:61139: Failed to connect to remote host: Connection refused; RPC Error details: . This won't affect Ray, but you can lose metrics from the cluster.
[2025-02-15 21:09:05,550 I 2783 2783] core_worker.cc:877: Exit signal received, this process will exit after all outstanding tasks have finished, exit_type=SYSTEM_ERROR, detail=Worker exits unexpectedly by a signal. SystemExit is raised (sys.exit is called). Exit code: 1. The process receives a SIGTERM.
[2025-02-15 21:09:05,550 W 2783 2783] core_worker.cc:890: Failed to notify Raylet. It is either the raylet is already dead or the raylet disconnects the client because it kills this worker.
[2025-02-15 21:09:05,551 I 2783 2783] core_worker.cc:855: Try killing all child processes of this worker as it exits. Child process pids: 
[2025-02-15 21:09:05,554 I 2783 2783] core_worker.cc:814: Disconnecting to the raylet.
[2025-02-15 21:09:05,554 I 2783 2783] raylet_client.cc:162: RayletClient::Disconnect, exit_type=SYSTEM_ERROR, exit_detail=Worker exits unexpectedly by a signal. SystemExit is raised (sys.exit is called). Exit code: 1. The process receives a SIGTERM., has creation_task_exception_pb_bytes=0
[2025-02-15 21:09:05,554 W 2783 2783] raylet_client.cc:187: IOError: Broken pipe [RayletClient] Failed to disconnect from raylet. This means the raylet the worker is connected is probably already dead.
[2025-02-15 21:09:05,554 I 2783 2783] core_worker.cc:722: Shutting down a core worker.
[2025-02-15 21:09:05,554 I 2783 2783] task_event_buffer.cc:268: Shutting down TaskEventBuffer.
[2025-02-15 21:09:05,555 I 2783 2834] task_event_buffer.cc:236: Task event buffer io service stopped.
[2025-02-15 21:09:05,555 I 2783 2783] core_worker.cc:748: Disconnecting a GCS client.
[2025-02-15 21:09:05,555 I 2783 2783] core_worker.cc:752: Waiting for joining a core worker io thread. If it hangs here, there might be deadlock or a high load in the core worker io service.
[2025-02-15 21:09:05,555 I 2783 2819] core_worker.cc:985: Core worker main io service stopped.
[2025-02-15 21:09:05,556 I 2783 2783] core_worker.cc:765: Core worker ready to be deallocated.
[2025-02-15 21:09:05,556 I 2783 2783] core_worker_process.cc:249: Task execution loop terminated. Removing the global worker.
[2025-02-15 21:09:05,556 I 2783 2783] core_worker.cc:713: Core worker is destructed
[2025-02-15 21:09:05,556 I 2783 2783] task_event_buffer.cc:268: Shutting down TaskEventBuffer.
[2025-02-15 21:09:05,799 I 2783 2783] core_worker_process.cc:151: Destructing CoreWorkerProcessImpl. pid: 2783
[2025-02-15 21:09:05,799 I 2783 2783] io_service_pool.cc:47: IOServicePool is stopped.
[2025-02-15 21:09:05,927 I 2783 2783] stats.h:120: Stats module has shutdown.
