[2025-02-15 21:01:54,994 I 1749 1749] core_worker_process.cc:107: Constructing CoreWorkerProcess. pid: 1749
[2025-02-15 21:01:54,995 I 1749 1749] io_service_pool.cc:35: IOServicePool is running with 1 io_service.
[2025-02-15 21:01:54,997 I 1749 1749] grpc_server.cc:134: worker server started, listening on port 45953.
[2025-02-15 21:01:54,998 I 1749 1749] core_worker.cc:275: Initializing worker at address: 172.19.0.2:45953 worker_id=bdfc49905e75dc85abbc57b67d227ffcf68538f082e37daf22d20ef2 node_id=752ac4f92daae43b5e6788582e57659b4a80764e0181b1cee6c12bc5
[2025-02-15 21:01:54,999 I 1749 1749] task_event_buffer.cc:257: Reporting task events to GCS every 1000ms.
[2025-02-15 21:01:54,999 I 1749 1749] core_worker.cc:703: Adjusted worker niceness to 15
[2025-02-15 21:01:54,999 I 1749 1785] core_worker.cc:642: Event stats:


Global stats: 15 total (9 active)
Queueing time: mean = 9.159 us, max = 83.839 us, min = 16.805 us, total = 137.385 us
Execution time:  mean = 64.833 us, total = 972.502 us
Event stats:
	PeriodicalRunner.RunFnPeriodically - 7 total (5 active, 1 running), Execution time: mean = 2.095 us, total = 14.662 us, Queueing time: mean = 14.464 us, max = 83.839 us, min = 17.408 us, total = 101.247 us
	ray::rpc::WorkerInfoGcsService.grpc_client.AddWorkerInfo.OnReplyReceived - 1 total (0 active), Execution time: mean = 11.774 us, total = 11.774 us, Queueing time: mean = 19.333 us, max = 19.333 us, min = 19.333 us, total = 19.333 us
	ray::rpc::InternalPubSubGcsService.grpc_client.GcsSubscriberCommandBatch.OnReplyReceived - 1 total (0 active), Execution time: mean = 87.912 us, total = 87.912 us, Queueing time: mean = 16.805 us, max = 16.805 us, min = 16.805 us, total = 16.805 us
	ray::rpc::InternalPubSubGcsService.grpc_client.GcsSubscriberPoll - 1 total (1 active), Execution time: mean = 0.000 s, total = 0.000 s, Queueing time: mean = 0.000 s, max = -0.000 s, min = 9223372036.855 s, total = 0.000 s
	ray::rpc::WorkerInfoGcsService.grpc_client.AddWorkerInfo - 1 total (0 active), Execution time: mean = 430.249 us, total = 430.249 us, Queueing time: mean = 0.000 s, max = -0.000 s, min = 9223372036.855 s, total = 0.000 s
	ray::rpc::NodeInfoGcsService.grpc_client.GetAllNodeInfo - 1 total (1 active), Execution time: mean = 0.000 s, total = 0.000 s, Queueing time: mean = 0.000 s, max = -0.000 s, min = 9223372036.855 s, total = 0.000 s
	CoreWorker.ExitIfParentRayletDies - 1 total (1 active), Execution time: mean = 0.000 s, total = 0.000 s, Queueing time: mean = 0.000 s, max = -0.000 s, min = 9223372036.855 s, total = 0.000 s
	Publisher.CheckDeadSubscribers - 1 total (1 active), Execution time: mean = 0.000 s, total = 0.000 s, Queueing time: mean = 0.000 s, max = -0.000 s, min = 9223372036.855 s, total = 0.000 s
	ray::rpc::InternalPubSubGcsService.grpc_client.GcsSubscriberCommandBatch - 1 total (0 active), Execution time: mean = 427.905 us, total = 427.905 us, Queueing time: mean = 0.000 s, max = -0.000 s, min = 9223372036.855 s, total = 0.000 s

-----------------
Task Event stats:

IO Service Stats:

Global stats: 4 total (1 active)
Queueing time: mean = 7.966 us, max = 16.554 us, min = 15.309 us, total = 31.863 us
Execution time:  mean = 121.117 us, total = 484.468 us
Event stats:
	ray::rpc::TaskInfoGcsService.grpc_client.AddTaskEventData - 1 total (0 active), Execution time: mean = 380.989 us, total = 380.989 us, Queueing time: mean = 0.000 s, max = -0.000 s, min = 9223372036.855 s, total = 0.000 s
	PeriodicalRunner.RunFnPeriodically - 1 total (0 active), Execution time: mean = 94.486 us, total = 94.486 us, Queueing time: mean = 15.309 us, max = 15.309 us, min = 15.309 us, total = 15.309 us
	CoreWorker.deadline_timer.flush_task_events - 1 total (1 active), Execution time: mean = 0.000 s, total = 0.000 s, Queueing time: mean = 0.000 s, max = -0.000 s, min = 9223372036.855 s, total = 0.000 s
	ray::rpc::TaskInfoGcsService.grpc_client.AddTaskEventData.OnReplyReceived - 1 total (0 active), Execution time: mean = 8.993 us, total = 8.993 us, Queueing time: mean = 16.554 us, max = 16.554 us, min = 16.554 us, total = 16.554 us
Other Stats:
	grpc_in_progress:0
	current number of task status events in buffer: 0
	current number of profile events in buffer: 0
	current number of dropped task attempts tracked: 0
	total task events sent: 0 MiB
	total number of task attempts sent: 0
	total number of task attempts dropped reported: 0
	total number of sent failure: 0
	num status task events dropped: 0
	num profile task events dropped: 0


[2025-02-15 21:01:54,999 I 1749 1749] event.cc:491: Ray Event initialized for CORE_WORKER
[2025-02-15 21:01:54,999 I 1749 1749] event.cc:491: Ray Event initialized for EXPORT_TASK
[2025-02-15 21:01:54,999 I 1749 1749] event.cc:322: Set ray event level to warning
[2025-02-15 21:01:55,000 I 1749 1785] accessor.cc:762: Received notification for node, IsAlive = 1 node_id=752ac4f92daae43b5e6788582e57659b4a80764e0181b1cee6c12bc5
[2025-02-15 21:01:55,000 I 1749 1785] core_worker.cc:4754: Number of alive nodes:1
[2025-02-15 21:01:55,001 I 1749 1749] actor_task_submitter.cc:73: Set actor max pending calls to -1 actor_id=335cf8e9576b5d000a789ac801000000
[2025-02-15 21:01:55,001 I 1749 1749] core_worker.cc:3017: Creating actor actor_id=335cf8e9576b5d000a789ac801000000
[2025-02-15 21:01:58,541 I 1749 1749] task_receiver.cc:196: Actor creation task finished, task_id: ffffffffffffffff335cf8e9576b5d000a789ac801000000, actor_id: 335cf8e9576b5d000a789ac801000000, actor_repr_name: _train_tune
[2025-02-15 21:02:05,035 W 1749 1780] metric_exporter.cc:105: [1] Export metrics to agent failed: RpcError: RPC Error message: failed to connect to all addresses; last error: UNKNOWN: ipv4:127.0.0.1:61139: Failed to connect to remote host: Connection refused; RPC Error details: . This won't affect Ray, but you can lose metrics from the cluster.
[2025-02-15 21:02:41,068 I 1749 1785] core_worker.cc:4177: Force kill actor request has received. exiting immediately... The actor is dead because all references to the actor were removed.
[2025-02-15 21:02:41,068 W 1749 1785] core_worker.cc:958: Force exit the process.  Details: Worker exits because the actor is killed. The actor is dead because all references to the actor were removed.
[2025-02-15 21:02:41,069 I 1749 1785] core_worker.cc:855: Try killing all child processes of this worker as it exits. Child process pids: 
[2025-02-15 21:02:41,069 I 1749 1785] core_worker.cc:814: Disconnecting to the raylet.
[2025-02-15 21:02:41,069 I 1749 1785] raylet_client.cc:162: RayletClient::Disconnect, exit_type=INTENDED_SYSTEM_EXIT, exit_detail=Worker exits because the actor is killed. The actor is dead because all references to the actor were removed., has creation_task_exception_pb_bytes=0
[2025-02-15 21:02:41,069 W 1749 1785] raylet_client.cc:187: IOError: Broken pipe [RayletClient] Failed to disconnect from raylet. This means the raylet the worker is connected is probably already dead.
