[2025-02-15 21:05:00,132 I 2264 2264] core_worker_process.cc:107: Constructing CoreWorkerProcess. pid: 2264
[2025-02-15 21:05:00,134 I 2264 2264] io_service_pool.cc:35: IOServicePool is running with 1 io_service.
[2025-02-15 21:05:00,137 I 2264 2264] grpc_server.cc:134: worker server started, listening on port 44107.
[2025-02-15 21:05:00,138 I 2264 2264] core_worker.cc:275: Initializing worker at address: 172.19.0.2:44107 worker_id=e5344bc78b780eaab02d35503a263dd20f0dc12624a0085c7b9d8567 node_id=752ac4f92daae43b5e6788582e57659b4a80764e0181b1cee6c12bc5
[2025-02-15 21:05:00,138 I 2264 2264] task_event_buffer.cc:257: Reporting task events to GCS every 1000ms.
[2025-02-15 21:05:00,139 I 2264 2264] core_worker.cc:703: Adjusted worker niceness to 15
[2025-02-15 21:05:00,139 I 2264 2300] core_worker.cc:642: Event stats:


Global stats: 15 total (9 active)
Queueing time: mean = 13.336 us, max = 104.703 us, min = 18.653 us, total = 200.043 us
Execution time:  mean = 70.699 us, total = 1.060 ms
Event stats:
	PeriodicalRunner.RunFnPeriodically - 7 total (5 active, 1 running), Execution time: mean = 1.964 us, total = 13.746 us, Queueing time: mean = 20.737 us, max = 104.703 us, min = 40.454 us, total = 145.157 us
	ray::rpc::WorkerInfoGcsService.grpc_client.AddWorkerInfo.OnReplyReceived - 1 total (0 active), Execution time: mean = 13.688 us, total = 13.688 us, Queueing time: mean = 36.233 us, max = 36.233 us, min = 36.233 us, total = 36.233 us
	CoreWorker.ExitIfParentRayletDies - 1 total (1 active), Execution time: mean = 0.000 s, total = 0.000 s, Queueing time: mean = 0.000 s, max = -0.000 s, min = 9223372036.855 s, total = 0.000 s
	ray::rpc::NodeInfoGcsService.grpc_client.GetAllNodeInfo - 1 total (1 active), Execution time: mean = 0.000 s, total = 0.000 s, Queueing time: mean = 0.000 s, max = -0.000 s, min = 9223372036.855 s, total = 0.000 s
	ray::rpc::InternalPubSubGcsService.grpc_client.GcsSubscriberCommandBatch - 1 total (0 active), Execution time: mean = 445.511 us, total = 445.511 us, Queueing time: mean = 0.000 s, max = -0.000 s, min = 9223372036.855 s, total = 0.000 s
	ray::rpc::InternalPubSubGcsService.grpc_client.GcsSubscriberCommandBatch.OnReplyReceived - 1 total (0 active), Execution time: mean = 91.936 us, total = 91.936 us, Queueing time: mean = 18.653 us, max = 18.653 us, min = 18.653 us, total = 18.653 us
	ray::rpc::WorkerInfoGcsService.grpc_client.AddWorkerInfo - 1 total (0 active), Execution time: mean = 495.611 us, total = 495.611 us, Queueing time: mean = 0.000 s, max = -0.000 s, min = 9223372036.855 s, total = 0.000 s
	Publisher.CheckDeadSubscribers - 1 total (1 active), Execution time: mean = 0.000 s, total = 0.000 s, Queueing time: mean = 0.000 s, max = -0.000 s, min = 9223372036.855 s, total = 0.000 s
	ray::rpc::InternalPubSubGcsService.grpc_client.GcsSubscriberPoll - 1 total (1 active), Execution time: mean = 0.000 s, total = 0.000 s, Queueing time: mean = 0.000 s, max = -0.000 s, min = 9223372036.855 s, total = 0.000 s

-----------------
Task Event stats:

IO Service Stats:

Global stats: 4 total (1 active)
Queueing time: mean = 9.094 us, max = 19.447 us, min = 16.929 us, total = 36.376 us
Execution time:  mean = 120.587 us, total = 482.348 us
Event stats:
	ray::rpc::TaskInfoGcsService.grpc_client.AddTaskEventData - 1 total (0 active), Execution time: mean = 335.643 us, total = 335.643 us, Queueing time: mean = 0.000 s, max = -0.000 s, min = 9223372036.855 s, total = 0.000 s
	PeriodicalRunner.RunFnPeriodically - 1 total (0 active), Execution time: mean = 133.917 us, total = 133.917 us, Queueing time: mean = 16.929 us, max = 16.929 us, min = 16.929 us, total = 16.929 us
	CoreWorker.deadline_timer.flush_task_events - 1 total (1 active), Execution time: mean = 0.000 s, total = 0.000 s, Queueing time: mean = 0.000 s, max = -0.000 s, min = 9223372036.855 s, total = 0.000 s
	ray::rpc::TaskInfoGcsService.grpc_client.AddTaskEventData.OnReplyReceived - 1 total (0 active), Execution time: mean = 12.788 us, total = 12.788 us, Queueing time: mean = 19.447 us, max = 19.447 us, min = 19.447 us, total = 19.447 us
Other Stats:
	grpc_in_progress:0
	current number of task status events in buffer: 0
	current number of profile events in buffer: 0
	current number of dropped task attempts tracked: 0
	total task events sent: 0 MiB
	total number of task attempts sent: 0
	total number of task attempts dropped reported: 0
	total number of sent failure: 0
	num status task events dropped: 0
	num profile task events dropped: 0


[2025-02-15 21:05:00,139 I 2264 2264] event.cc:491: Ray Event initialized for CORE_WORKER
[2025-02-15 21:05:00,139 I 2264 2264] event.cc:491: Ray Event initialized for EXPORT_TASK
[2025-02-15 21:05:00,139 I 2264 2264] event.cc:322: Set ray event level to warning
[2025-02-15 21:05:00,140 I 2264 2300] accessor.cc:762: Received notification for node, IsAlive = 1 node_id=752ac4f92daae43b5e6788582e57659b4a80764e0181b1cee6c12bc5
[2025-02-15 21:05:00,140 I 2264 2300] core_worker.cc:4754: Number of alive nodes:1
[2025-02-15 21:05:00,141 I 2264 2264] actor_task_submitter.cc:73: Set actor max pending calls to -1 actor_id=515d1801dc1f2d2fd7d67ce801000000
[2025-02-15 21:05:00,141 I 2264 2264] core_worker.cc:3017: Creating actor actor_id=515d1801dc1f2d2fd7d67ce801000000
[2025-02-15 21:05:03,709 I 2264 2264] task_receiver.cc:196: Actor creation task finished, task_id: ffffffffffffffff515d1801dc1f2d2fd7d67ce801000000, actor_id: 515d1801dc1f2d2fd7d67ce801000000, actor_repr_name: _train_tune
[2025-02-15 21:05:10,166 W 2264 2295] metric_exporter.cc:105: [1] Export metrics to agent failed: RpcError: RPC Error message: failed to connect to all addresses; last error: UNKNOWN: ipv4:127.0.0.1:61139: Failed to connect to remote host: Connection refused; RPC Error details: . This won't affect Ray, but you can lose metrics from the cluster.
[2025-02-15 21:05:36,598 I 2264 2300] core_worker.cc:4177: Force kill actor request has received. exiting immediately... The actor is dead because all references to the actor were removed.
[2025-02-15 21:05:36,598 W 2264 2300] core_worker.cc:958: Force exit the process.  Details: Worker exits because the actor is killed. The actor is dead because all references to the actor were removed.
[2025-02-15 21:05:36,599 I 2264 2300] core_worker.cc:855: Try killing all child processes of this worker as it exits. Child process pids: 
[2025-02-15 21:05:36,599 I 2264 2300] core_worker.cc:814: Disconnecting to the raylet.
[2025-02-15 21:05:36,599 I 2264 2300] raylet_client.cc:162: RayletClient::Disconnect, exit_type=INTENDED_SYSTEM_EXIT, exit_detail=Worker exits because the actor is killed. The actor is dead because all references to the actor were removed., has creation_task_exception_pb_bytes=0
[2025-02-15 21:05:36,600 W 2264 2300] raylet_client.cc:187: IOError: Broken pipe [RayletClient] Failed to disconnect from raylet. This means the raylet the worker is connected is probably already dead.
