[2025-02-15 21:11:57,377 I 3442 3442] core_worker_process.cc:107: Constructing CoreWorkerProcess. pid: 3442
[2025-02-15 21:11:57,378 I 3442 3442] io_service_pool.cc:35: IOServicePool is running with 1 io_service.
[2025-02-15 21:11:57,381 I 3442 3442] grpc_server.cc:134: worker server started, listening on port 44123.
[2025-02-15 21:11:57,382 I 3442 3442] core_worker.cc:275: Initializing worker at address: 172.19.0.2:44123 worker_id=ddb786a5011c146e9cad77c337f495bd8151ee946350d5c789ceaa0a node_id=752ac4f92daae43b5e6788582e57659b4a80764e0181b1cee6c12bc5
[2025-02-15 21:11:57,383 I 3442 3442] task_event_buffer.cc:257: Reporting task events to GCS every 1000ms.
[2025-02-15 21:11:57,383 I 3442 3442] core_worker.cc:703: Adjusted worker niceness to 15
[2025-02-15 21:11:57,383 I 3442 3478] core_worker.cc:642: Event stats:


Global stats: 11 total (5 active)
Queueing time: mean = 15.110 us, max = 74.011 us, min = 18.127 us, total = 166.215 us
Execution time:  mean = 117.751 us, total = 1.295 ms
Event stats:
	PeriodicalRunner.RunFnPeriodically - 3 total (1 active, 1 running), Execution time: mean = 5.005 us, total = 15.016 us, Queueing time: mean = 40.928 us, max = 74.011 us, min = 48.772 us, total = 122.783 us
	Publisher.CheckDeadSubscribers - 1 total (1 active), Execution time: mean = 0.000 s, total = 0.000 s, Queueing time: mean = 0.000 s, max = -0.000 s, min = 9223372036.855 s, total = 0.000 s
	ray::rpc::InternalPubSubGcsService.grpc_client.GcsSubscriberCommandBatch - 1 total (0 active), Execution time: mean = 470.912 us, total = 470.912 us, Queueing time: mean = 0.000 s, max = -0.000 s, min = 9223372036.855 s, total = 0.000 s
	ray::rpc::InternalPubSubGcsService.grpc_client.GcsSubscriberPoll - 1 total (1 active), Execution time: mean = 0.000 s, total = 0.000 s, Queueing time: mean = 0.000 s, max = -0.000 s, min = 9223372036.855 s, total = 0.000 s
	CoreWorker.ExitIfParentRayletDies - 1 total (1 active), Execution time: mean = 0.000 s, total = 0.000 s, Queueing time: mean = 0.000 s, max = -0.000 s, min = 9223372036.855 s, total = 0.000 s
	ray::rpc::WorkerInfoGcsService.grpc_client.AddWorkerInfo.OnReplyReceived - 1 total (0 active), Execution time: mean = 19.681 us, total = 19.681 us, Queueing time: mean = 25.305 us, max = 25.305 us, min = 25.305 us, total = 25.305 us
	ray::rpc::NodeInfoGcsService.grpc_client.GetAllNodeInfo - 1 total (1 active), Execution time: mean = 0.000 s, total = 0.000 s, Queueing time: mean = 0.000 s, max = -0.000 s, min = 9223372036.855 s, total = 0.000 s
	ray::rpc::WorkerInfoGcsService.grpc_client.AddWorkerInfo - 1 total (0 active), Execution time: mean = 697.808 us, total = 697.808 us, Queueing time: mean = 0.000 s, max = -0.000 s, min = 9223372036.855 s, total = 0.000 s
	ray::rpc::InternalPubSubGcsService.grpc_client.GcsSubscriberCommandBatch.OnReplyReceived - 1 total (0 active), Execution time: mean = 91.846 us, total = 91.846 us, Queueing time: mean = 18.127 us, max = 18.127 us, min = 18.127 us, total = 18.127 us

-----------------
Task Event stats:

IO Service Stats:

Global stats: 4 total (1 active)
Queueing time: mean = 8.791 us, max = 18.376 us, min = 16.789 us, total = 35.165 us
Execution time:  mean = 166.629 us, total = 666.515 us
Event stats:
	ray::rpc::TaskInfoGcsService.grpc_client.AddTaskEventData - 1 total (0 active), Execution time: mean = 452.787 us, total = 452.787 us, Queueing time: mean = 0.000 s, max = -0.000 s, min = 9223372036.855 s, total = 0.000 s
	CoreWorker.deadline_timer.flush_task_events - 1 total (1 active), Execution time: mean = 0.000 s, total = 0.000 s, Queueing time: mean = 0.000 s, max = -0.000 s, min = 9223372036.855 s, total = 0.000 s
	PeriodicalRunner.RunFnPeriodically - 1 total (0 active), Execution time: mean = 199.742 us, total = 199.742 us, Queueing time: mean = 18.376 us, max = 18.376 us, min = 18.376 us, total = 18.376 us
	ray::rpc::TaskInfoGcsService.grpc_client.AddTaskEventData.OnReplyReceived - 1 total (0 active), Execution time: mean = 13.986 us, total = 13.986 us, Queueing time: mean = 16.789 us, max = 16.789 us, min = 16.789 us, total = 16.789 us
Other Stats:
	grpc_in_progress:0
	current number of task status events in buffer: 0
	current number of profile events in buffer: 0
	current number of dropped task attempts tracked: 0
	total task events sent: 0 MiB
	total number of task attempts sent: 0
	total number of task attempts dropped reported: 0
	total number of sent failure: 0
	num status task events dropped: 0
	num profile task events dropped: 0


[2025-02-15 21:11:57,384 I 3442 3442] event.cc:491: Ray Event initialized for CORE_WORKER
[2025-02-15 21:11:57,384 I 3442 3442] event.cc:491: Ray Event initialized for EXPORT_TASK
[2025-02-15 21:11:57,384 I 3442 3442] event.cc:322: Set ray event level to warning
[2025-02-15 21:11:57,384 I 3442 3478] accessor.cc:762: Received notification for node, IsAlive = 1 node_id=752ac4f92daae43b5e6788582e57659b4a80764e0181b1cee6c12bc5
[2025-02-15 21:11:57,384 I 3442 3478] core_worker.cc:4754: Number of alive nodes:1
[2025-02-15 21:11:57,385 I 3442 3442] actor_task_submitter.cc:73: Set actor max pending calls to -1 actor_id=0f6aab5ad010fe2451b5435701000000
[2025-02-15 21:11:57,385 I 3442 3442] core_worker.cc:3017: Creating actor actor_id=0f6aab5ad010fe2451b5435701000000
[2025-02-15 21:12:00,770 I 3442 3442] task_receiver.cc:196: Actor creation task finished, task_id: ffffffffffffffff0f6aab5ad010fe2451b5435701000000, actor_id: 0f6aab5ad010fe2451b5435701000000, actor_repr_name: _train_tune
[2025-02-15 21:12:07,405 W 3442 3473] metric_exporter.cc:105: [1] Export metrics to agent failed: RpcError: RPC Error message: failed to connect to all addresses; last error: UNKNOWN: ipv4:127.0.0.1:61139: Failed to connect to remote host: Connection refused; RPC Error details: . This won't affect Ray, but you can lose metrics from the cluster.
[2025-02-15 21:12:29,939 I 3442 3442] core_worker.cc:877: Exit signal received, this process will exit after all outstanding tasks have finished, exit_type=SYSTEM_ERROR, detail=Worker exits unexpectedly by a signal. SystemExit is raised (sys.exit is called). Exit code: 1. The process receives a SIGTERM.
[2025-02-15 21:12:29,939 W 3442 3442] core_worker.cc:890: Failed to notify Raylet. It is either the raylet is already dead or the raylet disconnects the client because it kills this worker.
[2025-02-15 21:12:29,939 I 3442 3478] core_worker.cc:4177: Force kill actor request has received. exiting immediately... The actor is dead because all references to the actor were removed.
[2025-02-15 21:12:29,940 W 3442 3478] core_worker.cc:958: Force exit the process.  Details: Worker exits because the actor is killed. The actor is dead because all references to the actor were removed.
[2025-02-15 21:12:29,940 I 3442 3478] core_worker.cc:855: Try killing all child processes of this worker as it exits. Child process pids: 
[2025-02-15 21:12:29,941 I 3442 3442] core_worker.cc:855: Try killing all child processes of this worker as it exits. Child process pids: 
[2025-02-15 21:12:29,941 I 3442 3478] core_worker.cc:814: Disconnecting to the raylet.
[2025-02-15 21:12:29,941 I 3442 3478] raylet_client.cc:162: RayletClient::Disconnect, exit_type=INTENDED_SYSTEM_EXIT, exit_detail=Worker exits because the actor is killed. The actor is dead because all references to the actor were removed., has creation_task_exception_pb_bytes=0
[2025-02-15 21:12:29,941 W 3442 3478] raylet_client.cc:187: IOError: Broken pipe [RayletClient] Failed to disconnect from raylet. This means the raylet the worker is connected is probably already dead.
