[2025-02-15 21:12:31,444 I 3516 3516] core_worker_process.cc:107: Constructing CoreWorkerProcess. pid: 3516
[2025-02-15 21:12:31,446 I 3516 3516] io_service_pool.cc:35: IOServicePool is running with 1 io_service.
[2025-02-15 21:12:31,449 I 3516 3516] grpc_server.cc:134: worker server started, listening on port 34791.
[2025-02-15 21:12:31,450 I 3516 3516] core_worker.cc:275: Initializing worker at address: 172.19.0.2:34791 worker_id=a49b2716faa5a8cf3e1693713e88450a9b993c243f291ebd4c6f32fa node_id=752ac4f92daae43b5e6788582e57659b4a80764e0181b1cee6c12bc5
[2025-02-15 21:12:31,451 I 3516 3516] task_event_buffer.cc:257: Reporting task events to GCS every 1000ms.
[2025-02-15 21:12:31,452 I 3516 3516] core_worker.cc:703: Adjusted worker niceness to 15
[2025-02-15 21:12:31,452 I 3516 3552] core_worker.cc:642: Event stats:


Global stats: 15 total (9 active)
Queueing time: mean = 10.896 us, max = 83.703 us, min = 20.796 us, total = 163.442 us
Execution time:  mean = 83.371 us, total = 1.251 ms
Event stats:
	PeriodicalRunner.RunFnPeriodically - 7 total (5 active, 1 running), Execution time: mean = 4.680 us, total = 32.758 us, Queueing time: mean = 16.149 us, max = 83.703 us, min = 29.338 us, total = 113.041 us
	ray::rpc::InternalPubSubGcsService.grpc_client.GcsSubscriberCommandBatch - 1 total (0 active), Execution time: mean = 602.314 us, total = 602.314 us, Queueing time: mean = 0.000 s, max = -0.000 s, min = 9223372036.855 s, total = 0.000 s
	ray::rpc::InternalPubSubGcsService.grpc_client.GcsSubscriberPoll - 1 total (1 active), Execution time: mean = 0.000 s, total = 0.000 s, Queueing time: mean = 0.000 s, max = -0.000 s, min = 9223372036.855 s, total = 0.000 s
	ray::rpc::WorkerInfoGcsService.grpc_client.AddWorkerInfo.OnReplyReceived - 1 total (0 active), Execution time: mean = 33.066 us, total = 33.066 us, Queueing time: mean = 29.605 us, max = 29.605 us, min = 29.605 us, total = 29.605 us
	ray::rpc::InternalPubSubGcsService.grpc_client.GcsSubscriberCommandBatch.OnReplyReceived - 1 total (0 active), Execution time: mean = 92.825 us, total = 92.825 us, Queueing time: mean = 20.796 us, max = 20.796 us, min = 20.796 us, total = 20.796 us
	ray::rpc::NodeInfoGcsService.grpc_client.GetAllNodeInfo - 1 total (1 active), Execution time: mean = 0.000 s, total = 0.000 s, Queueing time: mean = 0.000 s, max = -0.000 s, min = 9223372036.855 s, total = 0.000 s
	ray::rpc::WorkerInfoGcsService.grpc_client.AddWorkerInfo - 1 total (0 active), Execution time: mean = 489.598 us, total = 489.598 us, Queueing time: mean = 0.000 s, max = -0.000 s, min = 9223372036.855 s, total = 0.000 s
	Publisher.CheckDeadSubscribers - 1 total (1 active), Execution time: mean = 0.000 s, total = 0.000 s, Queueing time: mean = 0.000 s, max = -0.000 s, min = 9223372036.855 s, total = 0.000 s
	CoreWorker.ExitIfParentRayletDies - 1 total (1 active), Execution time: mean = 0.000 s, total = 0.000 s, Queueing time: mean = 0.000 s, max = -0.000 s, min = 9223372036.855 s, total = 0.000 s

-----------------
Task Event stats:

IO Service Stats:

Global stats: 4 total (1 active)
Queueing time: mean = 11.932 us, max = 24.988 us, min = 22.742 us, total = 47.730 us
Execution time:  mean = 175.675 us, total = 702.699 us
Event stats:
	ray::rpc::TaskInfoGcsService.grpc_client.AddTaskEventData - 1 total (0 active), Execution time: mean = 529.589 us, total = 529.589 us, Queueing time: mean = 0.000 s, max = -0.000 s, min = 9223372036.855 s, total = 0.000 s
	PeriodicalRunner.RunFnPeriodically - 1 total (0 active), Execution time: mean = 159.114 us, total = 159.114 us, Queueing time: mean = 24.988 us, max = 24.988 us, min = 24.988 us, total = 24.988 us
	CoreWorker.deadline_timer.flush_task_events - 1 total (1 active), Execution time: mean = 0.000 s, total = 0.000 s, Queueing time: mean = 0.000 s, max = -0.000 s, min = 9223372036.855 s, total = 0.000 s
	ray::rpc::TaskInfoGcsService.grpc_client.AddTaskEventData.OnReplyReceived - 1 total (0 active), Execution time: mean = 13.996 us, total = 13.996 us, Queueing time: mean = 22.742 us, max = 22.742 us, min = 22.742 us, total = 22.742 us
Other Stats:
	grpc_in_progress:0
	current number of task status events in buffer: 0
	current number of profile events in buffer: 0
	current number of dropped task attempts tracked: 0
	total task events sent: 0 MiB
	total number of task attempts sent: 0
	total number of task attempts dropped reported: 0
	total number of sent failure: 0
	num status task events dropped: 0
	num profile task events dropped: 0


[2025-02-15 21:12:31,452 I 3516 3516] event.cc:491: Ray Event initialized for CORE_WORKER
[2025-02-15 21:12:31,452 I 3516 3516] event.cc:491: Ray Event initialized for EXPORT_TASK
[2025-02-15 21:12:31,452 I 3516 3516] event.cc:322: Set ray event level to warning
[2025-02-15 21:12:31,452 I 3516 3552] accessor.cc:762: Received notification for node, IsAlive = 1 node_id=752ac4f92daae43b5e6788582e57659b4a80764e0181b1cee6c12bc5
[2025-02-15 21:12:31,452 I 3516 3552] core_worker.cc:4754: Number of alive nodes:1
[2025-02-15 21:12:31,453 I 3516 3516] actor_task_submitter.cc:73: Set actor max pending calls to -1 actor_id=d42d183d8e5c59deda27cc7c01000000
[2025-02-15 21:12:31,454 I 3516 3516] core_worker.cc:3017: Creating actor actor_id=d42d183d8e5c59deda27cc7c01000000
[2025-02-15 21:12:35,256 I 3516 3516] task_receiver.cc:196: Actor creation task finished, task_id: ffffffffffffffffd42d183d8e5c59deda27cc7c01000000, actor_id: d42d183d8e5c59deda27cc7c01000000, actor_repr_name: _train_tune
[2025-02-15 21:12:41,475 W 3516 3547] metric_exporter.cc:105: [1] Export metrics to agent failed: RpcError: RPC Error message: failed to connect to all addresses; last error: UNKNOWN: ipv4:127.0.0.1:61139: Failed to connect to remote host: Connection refused; RPC Error details: . This won't affect Ray, but you can lose metrics from the cluster.
[2025-02-15 21:12:50,478 I 3516 3552] core_worker.cc:4177: Force kill actor request has received. exiting immediately... The actor is dead because all references to the actor were removed.
[2025-02-15 21:12:50,478 W 3516 3552] core_worker.cc:958: Force exit the process.  Details: Worker exits because the actor is killed. The actor is dead because all references to the actor were removed.
[2025-02-15 21:12:50,479 I 3516 3552] core_worker.cc:855: Try killing all child processes of this worker as it exits. Child process pids: 
[2025-02-15 21:12:50,479 I 3516 3552] core_worker.cc:814: Disconnecting to the raylet.
[2025-02-15 21:12:50,479 I 3516 3552] raylet_client.cc:162: RayletClient::Disconnect, exit_type=INTENDED_SYSTEM_EXIT, exit_detail=Worker exits because the actor is killed. The actor is dead because all references to the actor were removed., has creation_task_exception_pb_bytes=0
[2025-02-15 21:12:50,479 W 3516 3552] raylet_client.cc:187: IOError: Broken pipe [RayletClient] Failed to disconnect from raylet. This means the raylet the worker is connected is probably already dead.
