[2025-02-15 21:08:03,287 I 2709 2709] core_worker_process.cc:107: Constructing CoreWorkerProcess. pid: 2709
[2025-02-15 21:08:03,289 I 2709 2709] io_service_pool.cc:35: IOServicePool is running with 1 io_service.
[2025-02-15 21:08:03,290 I 2709 2709] grpc_server.cc:134: worker server started, listening on port 40481.
[2025-02-15 21:08:03,292 I 2709 2709] core_worker.cc:275: Initializing worker at address: 172.19.0.2:40481 worker_id=a5f4a31e4cadf140a92330e62e110ac5ce844b538bc2d9997c568bfc node_id=752ac4f92daae43b5e6788582e57659b4a80764e0181b1cee6c12bc5
[2025-02-15 21:08:03,292 I 2709 2709] task_event_buffer.cc:257: Reporting task events to GCS every 1000ms.
[2025-02-15 21:08:03,293 I 2709 2709] core_worker.cc:703: Adjusted worker niceness to 15
[2025-02-15 21:08:03,293 I 2709 2745] core_worker.cc:642: Event stats:


Global stats: 15 total (9 active)
Queueing time: mean = 11.696 us, max = 79.938 us, min = 23.030 us, total = 175.433 us
Execution time:  mean = 79.797 us, total = 1.197 ms
Event stats:
	PeriodicalRunner.RunFnPeriodically - 7 total (5 active, 1 running), Execution time: mean = 2.655 us, total = 18.585 us, Queueing time: mean = 18.098 us, max = 79.938 us, min = 46.747 us, total = 126.685 us
	CoreWorker.ExitIfParentRayletDies - 1 total (1 active), Execution time: mean = 0.000 s, total = 0.000 s, Queueing time: mean = 0.000 s, max = -0.000 s, min = 9223372036.855 s, total = 0.000 s
	ray::rpc::InternalPubSubGcsService.grpc_client.GcsSubscriberCommandBatch.OnReplyReceived - 1 total (0 active), Execution time: mean = 122.853 us, total = 122.853 us, Queueing time: mean = 23.030 us, max = 23.030 us, min = 23.030 us, total = 23.030 us
	ray::rpc::WorkerInfoGcsService.grpc_client.AddWorkerInfo - 1 total (0 active), Execution time: mean = 460.723 us, total = 460.723 us, Queueing time: mean = 0.000 s, max = -0.000 s, min = 9223372036.855 s, total = 0.000 s
	ray::rpc::NodeInfoGcsService.grpc_client.GetAllNodeInfo - 1 total (1 active), Execution time: mean = 0.000 s, total = 0.000 s, Queueing time: mean = 0.000 s, max = -0.000 s, min = 9223372036.855 s, total = 0.000 s
	ray::rpc::InternalPubSubGcsService.grpc_client.GcsSubscriberCommandBatch - 1 total (0 active), Execution time: mean = 578.555 us, total = 578.555 us, Queueing time: mean = 0.000 s, max = -0.000 s, min = 9223372036.855 s, total = 0.000 s
	ray::rpc::InternalPubSubGcsService.grpc_client.GcsSubscriberPoll - 1 total (1 active), Execution time: mean = 0.000 s, total = 0.000 s, Queueing time: mean = 0.000 s, max = -0.000 s, min = 9223372036.855 s, total = 0.000 s
	Publisher.CheckDeadSubscribers - 1 total (1 active), Execution time: mean = 0.000 s, total = 0.000 s, Queueing time: mean = 0.000 s, max = -0.000 s, min = 9223372036.855 s, total = 0.000 s
	ray::rpc::WorkerInfoGcsService.grpc_client.AddWorkerInfo.OnReplyReceived - 1 total (0 active), Execution time: mean = 16.236 us, total = 16.236 us, Queueing time: mean = 25.718 us, max = 25.718 us, min = 25.718 us, total = 25.718 us

-----------------
Task Event stats:

IO Service Stats:

Global stats: 4 total (1 active)
Queueing time: mean = 24.212 us, max = 65.643 us, min = 31.205 us, total = 96.848 us
Execution time:  mean = 172.383 us, total = 689.533 us
Event stats:
	ray::rpc::TaskInfoGcsService.grpc_client.AddTaskEventData.OnReplyReceived - 1 total (0 active), Execution time: mean = 16.660 us, total = 16.660 us, Queueing time: mean = 31.205 us, max = 31.205 us, min = 31.205 us, total = 31.205 us
	ray::rpc::TaskInfoGcsService.grpc_client.AddTaskEventData - 1 total (0 active), Execution time: mean = 572.449 us, total = 572.449 us, Queueing time: mean = 0.000 s, max = -0.000 s, min = 9223372036.855 s, total = 0.000 s
	CoreWorker.deadline_timer.flush_task_events - 1 total (1 active), Execution time: mean = 0.000 s, total = 0.000 s, Queueing time: mean = 0.000 s, max = -0.000 s, min = 9223372036.855 s, total = 0.000 s
	PeriodicalRunner.RunFnPeriodically - 1 total (0 active), Execution time: mean = 100.424 us, total = 100.424 us, Queueing time: mean = 65.643 us, max = 65.643 us, min = 65.643 us, total = 65.643 us
Other Stats:
	grpc_in_progress:0
	current number of task status events in buffer: 0
	current number of profile events in buffer: 0
	current number of dropped task attempts tracked: 0
	total task events sent: 0 MiB
	total number of task attempts sent: 0
	total number of task attempts dropped reported: 0
	total number of sent failure: 0
	num status task events dropped: 0
	num profile task events dropped: 0


[2025-02-15 21:08:03,293 I 2709 2709] event.cc:491: Ray Event initialized for CORE_WORKER
[2025-02-15 21:08:03,294 I 2709 2709] event.cc:491: Ray Event initialized for EXPORT_TASK
[2025-02-15 21:08:03,294 I 2709 2709] event.cc:322: Set ray event level to warning
[2025-02-15 21:08:03,294 I 2709 2745] accessor.cc:762: Received notification for node, IsAlive = 1 node_id=752ac4f92daae43b5e6788582e57659b4a80764e0181b1cee6c12bc5
[2025-02-15 21:08:03,294 I 2709 2745] core_worker.cc:4754: Number of alive nodes:1
[2025-02-15 21:08:03,295 I 2709 2709] actor_task_submitter.cc:73: Set actor max pending calls to -1 actor_id=5ba5cd56f70eb3507d1039f301000000
[2025-02-15 21:08:03,295 I 2709 2709] core_worker.cc:3017: Creating actor actor_id=5ba5cd56f70eb3507d1039f301000000
[2025-02-15 21:08:06,773 I 2709 2709] task_receiver.cc:196: Actor creation task finished, task_id: ffffffffffffffff5ba5cd56f70eb3507d1039f301000000, actor_id: 5ba5cd56f70eb3507d1039f301000000, actor_repr_name: _train_tune
[2025-02-15 21:08:13,323 W 2709 2740] metric_exporter.cc:105: [1] Export metrics to agent failed: RpcError: RPC Error message: failed to connect to all addresses; last error: UNKNOWN: ipv4:127.0.0.1:61139: Failed to connect to remote host: Connection refused; RPC Error details: . This won't affect Ray, but you can lose metrics from the cluster.
[2025-02-15 21:08:31,936 I 2709 2745] core_worker.cc:4177: Force kill actor request has received. exiting immediately... The actor is dead because all references to the actor were removed.
[2025-02-15 21:08:31,936 W 2709 2745] core_worker.cc:958: Force exit the process.  Details: Worker exits because the actor is killed. The actor is dead because all references to the actor were removed.
[2025-02-15 21:08:31,937 I 2709 2745] core_worker.cc:855: Try killing all child processes of this worker as it exits. Child process pids: 
[2025-02-15 21:08:31,937 I 2709 2745] core_worker.cc:814: Disconnecting to the raylet.
[2025-02-15 21:08:31,937 I 2709 2745] raylet_client.cc:162: RayletClient::Disconnect, exit_type=INTENDED_SYSTEM_EXIT, exit_detail=Worker exits because the actor is killed. The actor is dead because all references to the actor were removed., has creation_task_exception_pb_bytes=0
[2025-02-15 21:08:31,937 W 2709 2745] raylet_client.cc:187: IOError: Broken pipe [RayletClient] Failed to disconnect from raylet. This means the raylet the worker is connected is probably already dead.
