[2025-02-15 21:07:17,275 I 2562 2562] core_worker_process.cc:107: Constructing CoreWorkerProcess. pid: 2562
[2025-02-15 21:07:17,277 I 2562 2562] io_service_pool.cc:35: IOServicePool is running with 1 io_service.
[2025-02-15 21:07:17,278 I 2562 2562] grpc_server.cc:134: worker server started, listening on port 36091.
[2025-02-15 21:07:17,279 I 2562 2562] core_worker.cc:275: Initializing worker at address: 172.19.0.2:36091 worker_id=547e16d4c5e8109536589ba4a522fa8ffdf56906f6ee3d2319047c43 node_id=752ac4f92daae43b5e6788582e57659b4a80764e0181b1cee6c12bc5
[2025-02-15 21:07:17,280 I 2562 2562] task_event_buffer.cc:257: Reporting task events to GCS every 1000ms.
[2025-02-15 21:07:17,281 I 2562 2562] core_worker.cc:703: Adjusted worker niceness to 15
[2025-02-15 21:07:17,281 I 2562 2598] core_worker.cc:642: Event stats:


Global stats: 11 total (5 active)
Queueing time: mean = 14.311 us, max = 89.614 us, min = 19.105 us, total = 157.421 us
Execution time:  mean = 151.036 us, total = 1.661 ms
Event stats:
	PeriodicalRunner.RunFnPeriodically - 3 total (1 active, 1 running), Execution time: mean = 6.007 us, total = 18.021 us, Queueing time: mean = 36.997 us, max = 89.614 us, min = 21.377 us, total = 110.991 us
	ray::rpc::InternalPubSubGcsService.grpc_client.GcsSubscriberCommandBatch - 1 total (0 active), Execution time: mean = 673.375 us, total = 673.375 us, Queueing time: mean = 0.000 s, max = -0.000 s, min = 9223372036.855 s, total = 0.000 s
	ray::rpc::InternalPubSubGcsService.grpc_client.GcsSubscriberCommandBatch.OnReplyReceived - 1 total (0 active), Execution time: mean = 201.790 us, total = 201.790 us, Queueing time: mean = 19.105 us, max = 19.105 us, min = 19.105 us, total = 19.105 us
	ray::rpc::InternalPubSubGcsService.grpc_client.GcsSubscriberPoll - 1 total (1 active), Execution time: mean = 0.000 s, total = 0.000 s, Queueing time: mean = 0.000 s, max = -0.000 s, min = 9223372036.855 s, total = 0.000 s
	CoreWorker.ExitIfParentRayletDies - 1 total (1 active), Execution time: mean = 0.000 s, total = 0.000 s, Queueing time: mean = 0.000 s, max = -0.000 s, min = 9223372036.855 s, total = 0.000 s
	ray::rpc::WorkerInfoGcsService.grpc_client.AddWorkerInfo - 1 total (0 active), Execution time: mean = 663.474 us, total = 663.474 us, Queueing time: mean = 0.000 s, max = -0.000 s, min = 9223372036.855 s, total = 0.000 s
	ray::rpc::WorkerInfoGcsService.grpc_client.AddWorkerInfo.OnReplyReceived - 1 total (0 active), Execution time: mean = 104.740 us, total = 104.740 us, Queueing time: mean = 27.325 us, max = 27.325 us, min = 27.325 us, total = 27.325 us
	ray::rpc::NodeInfoGcsService.grpc_client.GetAllNodeInfo - 1 total (1 active), Execution time: mean = 0.000 s, total = 0.000 s, Queueing time: mean = 0.000 s, max = -0.000 s, min = 9223372036.855 s, total = 0.000 s
	Publisher.CheckDeadSubscribers - 1 total (1 active), Execution time: mean = 0.000 s, total = 0.000 s, Queueing time: mean = 0.000 s, max = -0.000 s, min = 9223372036.855 s, total = 0.000 s

-----------------
Task Event stats:

IO Service Stats:

Global stats: 4 total (1 active)
Queueing time: mean = 12.835 us, max = 26.071 us, min = 25.269 us, total = 51.340 us
Execution time:  mean = 176.065 us, total = 704.259 us
Event stats:
	CoreWorker.deadline_timer.flush_task_events - 1 total (1 active), Execution time: mean = 0.000 s, total = 0.000 s, Queueing time: mean = 0.000 s, max = -0.000 s, min = 9223372036.855 s, total = 0.000 s
	ray::rpc::TaskInfoGcsService.grpc_client.AddTaskEventData - 1 total (0 active), Execution time: mean = 526.751 us, total = 526.751 us, Queueing time: mean = 0.000 s, max = -0.000 s, min = 9223372036.855 s, total = 0.000 s
	PeriodicalRunner.RunFnPeriodically - 1 total (0 active), Execution time: mean = 159.611 us, total = 159.611 us, Queueing time: mean = 26.071 us, max = 26.071 us, min = 26.071 us, total = 26.071 us
	ray::rpc::TaskInfoGcsService.grpc_client.AddTaskEventData.OnReplyReceived - 1 total (0 active), Execution time: mean = 17.897 us, total = 17.897 us, Queueing time: mean = 25.269 us, max = 25.269 us, min = 25.269 us, total = 25.269 us
Other Stats:
	grpc_in_progress:0
	current number of task status events in buffer: 0
	current number of profile events in buffer: 0
	current number of dropped task attempts tracked: 0
	total task events sent: 0 MiB
	total number of task attempts sent: 0
	total number of task attempts dropped reported: 0
	total number of sent failure: 0
	num status task events dropped: 0
	num profile task events dropped: 0


[2025-02-15 21:07:17,282 I 2562 2562] event.cc:491: Ray Event initialized for CORE_WORKER
[2025-02-15 21:07:17,282 I 2562 2562] event.cc:491: Ray Event initialized for EXPORT_TASK
[2025-02-15 21:07:17,282 I 2562 2562] event.cc:322: Set ray event level to warning
[2025-02-15 21:07:17,282 I 2562 2598] accessor.cc:762: Received notification for node, IsAlive = 1 node_id=752ac4f92daae43b5e6788582e57659b4a80764e0181b1cee6c12bc5
[2025-02-15 21:07:17,282 I 2562 2598] core_worker.cc:4754: Number of alive nodes:1
[2025-02-15 21:07:17,283 I 2562 2562] actor_task_submitter.cc:73: Set actor max pending calls to -1 actor_id=e4a69634a33fd758afcd957001000000
[2025-02-15 21:07:17,284 I 2562 2562] core_worker.cc:3017: Creating actor actor_id=e4a69634a33fd758afcd957001000000
[2025-02-15 21:07:21,370 I 2562 2562] task_receiver.cc:196: Actor creation task finished, task_id: ffffffffffffffffe4a69634a33fd758afcd957001000000, actor_id: e4a69634a33fd758afcd957001000000, actor_repr_name: _train_tune
[2025-02-15 21:07:27,287 W 2562 2593] metric_exporter.cc:105: [1] Export metrics to agent failed: RpcError: RPC Error message: failed to connect to all addresses; last error: UNKNOWN: ipv4:127.0.0.1:61139: Failed to connect to remote host: Connection refused; RPC Error details: . This won't affect Ray, but you can lose metrics from the cluster.
[2025-02-15 21:07:34,937 I 2562 2598] core_worker.cc:4177: Force kill actor request has received. exiting immediately... The actor is dead because all references to the actor were removed.
[2025-02-15 21:07:34,937 W 2562 2598] core_worker.cc:958: Force exit the process.  Details: Worker exits because the actor is killed. The actor is dead because all references to the actor were removed.
[2025-02-15 21:07:34,938 I 2562 2598] core_worker.cc:855: Try killing all child processes of this worker as it exits. Child process pids: 
[2025-02-15 21:07:34,939 I 2562 2598] core_worker.cc:814: Disconnecting to the raylet.
[2025-02-15 21:07:34,939 I 2562 2598] raylet_client.cc:162: RayletClient::Disconnect, exit_type=INTENDED_SYSTEM_EXIT, exit_detail=Worker exits because the actor is killed. The actor is dead because all references to the actor were removed., has creation_task_exception_pb_bytes=0
[2025-02-15 21:07:34,939 W 2562 2598] raylet_client.cc:187: IOError: Broken pipe [RayletClient] Failed to disconnect from raylet. This means the raylet the worker is connected is probably already dead.
