[2025-02-15 21:10:39,371 I 3150 3150] core_worker_process.cc:107: Constructing CoreWorkerProcess. pid: 3150
[2025-02-15 21:10:39,372 I 3150 3150] io_service_pool.cc:35: IOServicePool is running with 1 io_service.
[2025-02-15 21:10:39,374 I 3150 3150] grpc_server.cc:134: worker server started, listening on port 44667.
[2025-02-15 21:10:39,375 I 3150 3150] core_worker.cc:275: Initializing worker at address: 172.19.0.2:44667 worker_id=5500c9e32b78ba6cfefc02a74703ad926e388b26db337cc490bd1994 node_id=752ac4f92daae43b5e6788582e57659b4a80764e0181b1cee6c12bc5
[2025-02-15 21:10:39,376 I 3150 3150] task_event_buffer.cc:257: Reporting task events to GCS every 1000ms.
[2025-02-15 21:10:39,377 I 3150 3150] core_worker.cc:703: Adjusted worker niceness to 15
[2025-02-15 21:10:39,377 I 3150 3186] core_worker.cc:642: Event stats:


Global stats: 11 total (5 active)
Queueing time: mean = 13.680 us, max = 74.618 us, min = 22.784 us, total = 150.476 us
Execution time:  mean = 110.361 us, total = 1.214 ms
Event stats:
	PeriodicalRunner.RunFnPeriodically - 3 total (1 active, 1 running), Execution time: mean = 5.506 us, total = 16.518 us, Queueing time: mean = 33.564 us, max = 74.618 us, min = 26.073 us, total = 100.691 us
	ray::rpc::WorkerInfoGcsService.grpc_client.AddWorkerInfo - 1 total (0 active), Execution time: mean = 583.287 us, total = 583.287 us, Queueing time: mean = 0.000 s, max = -0.000 s, min = 9223372036.855 s, total = 0.000 s
	Publisher.CheckDeadSubscribers - 1 total (1 active), Execution time: mean = 0.000 s, total = 0.000 s, Queueing time: mean = 0.000 s, max = -0.000 s, min = 9223372036.855 s, total = 0.000 s
	ray::rpc::WorkerInfoGcsService.grpc_client.AddWorkerInfo.OnReplyReceived - 1 total (0 active), Execution time: mean = 28.690 us, total = 28.690 us, Queueing time: mean = 27.001 us, max = 27.001 us, min = 27.001 us, total = 27.001 us
	ray::rpc::InternalPubSubGcsService.grpc_client.GcsSubscriberCommandBatch.OnReplyReceived - 1 total (0 active), Execution time: mean = 147.816 us, total = 147.816 us, Queueing time: mean = 22.784 us, max = 22.784 us, min = 22.784 us, total = 22.784 us
	ray::rpc::NodeInfoGcsService.grpc_client.GetAllNodeInfo - 1 total (1 active), Execution time: mean = 0.000 s, total = 0.000 s, Queueing time: mean = 0.000 s, max = -0.000 s, min = 9223372036.855 s, total = 0.000 s
	ray::rpc::InternalPubSubGcsService.grpc_client.GcsSubscriberPoll - 1 total (1 active), Execution time: mean = 0.000 s, total = 0.000 s, Queueing time: mean = 0.000 s, max = -0.000 s, min = 9223372036.855 s, total = 0.000 s
	CoreWorker.ExitIfParentRayletDies - 1 total (1 active), Execution time: mean = 0.000 s, total = 0.000 s, Queueing time: mean = 0.000 s, max = -0.000 s, min = 9223372036.855 s, total = 0.000 s
	ray::rpc::InternalPubSubGcsService.grpc_client.GcsSubscriberCommandBatch - 1 total (0 active), Execution time: mean = 437.661 us, total = 437.661 us, Queueing time: mean = 0.000 s, max = -0.000 s, min = 9223372036.855 s, total = 0.000 s

-----------------
Task Event stats:

IO Service Stats:

Global stats: 4 total (1 active)
Queueing time: mean = 17.757 us, max = 39.119 us, min = 31.910 us, total = 71.029 us
Execution time:  mean = 171.376 us, total = 685.503 us
Event stats:
	ray::rpc::TaskInfoGcsService.grpc_client.AddTaskEventData.OnReplyReceived - 1 total (0 active), Execution time: mean = 18.832 us, total = 18.832 us, Queueing time: mean = 39.119 us, max = 39.119 us, min = 39.119 us, total = 39.119 us
	CoreWorker.deadline_timer.flush_task_events - 1 total (1 active), Execution time: mean = 0.000 s, total = 0.000 s, Queueing time: mean = 0.000 s, max = -0.000 s, min = 9223372036.855 s, total = 0.000 s
	PeriodicalRunner.RunFnPeriodically - 1 total (0 active), Execution time: mean = 164.261 us, total = 164.261 us, Queueing time: mean = 31.910 us, max = 31.910 us, min = 31.910 us, total = 31.910 us
	ray::rpc::TaskInfoGcsService.grpc_client.AddTaskEventData - 1 total (0 active), Execution time: mean = 502.410 us, total = 502.410 us, Queueing time: mean = 0.000 s, max = -0.000 s, min = 9223372036.855 s, total = 0.000 s
Other Stats:
	grpc_in_progress:0
	current number of task status events in buffer: 0
	current number of profile events in buffer: 0
	current number of dropped task attempts tracked: 0
	total task events sent: 0 MiB
	total number of task attempts sent: 0
	total number of task attempts dropped reported: 0
	total number of sent failure: 0
	num status task events dropped: 0
	num profile task events dropped: 0


[2025-02-15 21:10:39,377 I 3150 3150] event.cc:491: Ray Event initialized for CORE_WORKER
[2025-02-15 21:10:39,377 I 3150 3150] event.cc:491: Ray Event initialized for EXPORT_TASK
[2025-02-15 21:10:39,377 I 3150 3150] event.cc:322: Set ray event level to warning
[2025-02-15 21:10:39,377 I 3150 3186] accessor.cc:762: Received notification for node, IsAlive = 1 node_id=752ac4f92daae43b5e6788582e57659b4a80764e0181b1cee6c12bc5
[2025-02-15 21:10:39,377 I 3150 3186] core_worker.cc:4754: Number of alive nodes:1
[2025-02-15 21:10:39,379 I 3150 3150] actor_task_submitter.cc:73: Set actor max pending calls to -1 actor_id=f5b19f1e87365b6231cbb55201000000
[2025-02-15 21:10:39,379 I 3150 3150] core_worker.cc:3017: Creating actor actor_id=f5b19f1e87365b6231cbb55201000000
[2025-02-15 21:10:43,074 I 3150 3150] task_receiver.cc:196: Actor creation task finished, task_id: fffffffffffffffff5b19f1e87365b6231cbb55201000000, actor_id: f5b19f1e87365b6231cbb55201000000, actor_repr_name: _train_tune
[2025-02-15 21:10:49,384 W 3150 3181] metric_exporter.cc:105: [1] Export metrics to agent failed: RpcError: RPC Error message: failed to connect to all addresses; last error: UNKNOWN: ipv4:127.0.0.1:61139: Failed to connect to remote host: Connection refused; RPC Error details: . This won't affect Ray, but you can lose metrics from the cluster.
[2025-02-15 21:10:57,738 I 3150 3186] core_worker.cc:4177: Force kill actor request has received. exiting immediately... The actor is dead because all references to the actor were removed.
[2025-02-15 21:10:57,738 W 3150 3186] core_worker.cc:958: Force exit the process.  Details: Worker exits because the actor is killed. The actor is dead because all references to the actor were removed.
[2025-02-15 21:10:57,738 I 3150 3186] core_worker.cc:855: Try killing all child processes of this worker as it exits. Child process pids: 
[2025-02-15 21:10:57,739 I 3150 3186] core_worker.cc:814: Disconnecting to the raylet.
[2025-02-15 21:10:57,739 I 3150 3186] raylet_client.cc:162: RayletClient::Disconnect, exit_type=INTENDED_SYSTEM_EXIT, exit_detail=Worker exits because the actor is killed. The actor is dead because all references to the actor were removed., has creation_task_exception_pb_bytes=0
[2025-02-15 21:10:57,739 W 3150 3186] raylet_client.cc:187: IOError: Broken pipe [RayletClient] Failed to disconnect from raylet. This means the raylet the worker is connected is probably already dead.
