[2025-02-15 21:03:09,063 I 1898 1898] core_worker_process.cc:107: Constructing CoreWorkerProcess. pid: 1898
[2025-02-15 21:03:09,065 I 1898 1898] io_service_pool.cc:35: IOServicePool is running with 1 io_service.
[2025-02-15 21:03:09,067 I 1898 1898] grpc_server.cc:134: worker server started, listening on port 33137.
[2025-02-15 21:03:09,068 I 1898 1898] core_worker.cc:275: Initializing worker at address: 172.19.0.2:33137 worker_id=544e61dd62d4d71b58056039be0fea6a45d0d44910b20e78acdab7ad node_id=752ac4f92daae43b5e6788582e57659b4a80764e0181b1cee6c12bc5
[2025-02-15 21:03:09,069 I 1898 1898] task_event_buffer.cc:257: Reporting task events to GCS every 1000ms.
[2025-02-15 21:03:09,069 I 1898 1898] core_worker.cc:703: Adjusted worker niceness to 15
[2025-02-15 21:03:09,069 I 1898 1934] core_worker.cc:642: Event stats:


Global stats: 11 total (5 active)
Queueing time: mean = 53.393 us, max = 521.103 us, min = 17.465 us, total = 587.323 us
Execution time:  mean = 91.172 us, total = 1.003 ms
Event stats:
	PeriodicalRunner.RunFnPeriodically - 3 total (1 active, 1 running), Execution time: mean = 7.987 us, total = 23.962 us, Queueing time: mean = 182.026 us, max = 521.103 us, min = 24.974 us, total = 546.077 us
	CoreWorker.ExitIfParentRayletDies - 1 total (1 active), Execution time: mean = 0.000 s, total = 0.000 s, Queueing time: mean = 0.000 s, max = -0.000 s, min = 9223372036.855 s, total = 0.000 s
	ray::rpc::WorkerInfoGcsService.grpc_client.AddWorkerInfo - 1 total (0 active), Execution time: mean = 452.726 us, total = 452.726 us, Queueing time: mean = 0.000 s, max = -0.000 s, min = 9223372036.855 s, total = 0.000 s
	Publisher.CheckDeadSubscribers - 1 total (1 active), Execution time: mean = 0.000 s, total = 0.000 s, Queueing time: mean = 0.000 s, max = -0.000 s, min = 9223372036.855 s, total = 0.000 s
	ray::rpc::InternalPubSubGcsService.grpc_client.GcsSubscriberCommandBatch - 1 total (0 active), Execution time: mean = 423.337 us, total = 423.337 us, Queueing time: mean = 0.000 s, max = -0.000 s, min = 9223372036.855 s, total = 0.000 s
	ray::rpc::NodeInfoGcsService.grpc_client.GetAllNodeInfo - 1 total (1 active), Execution time: mean = 0.000 s, total = 0.000 s, Queueing time: mean = 0.000 s, max = -0.000 s, min = 9223372036.855 s, total = 0.000 s
	ray::rpc::WorkerInfoGcsService.grpc_client.AddWorkerInfo.OnReplyReceived - 1 total (0 active), Execution time: mean = 15.538 us, total = 15.538 us, Queueing time: mean = 23.781 us, max = 23.781 us, min = 23.781 us, total = 23.781 us
	ray::rpc::InternalPubSubGcsService.grpc_client.GcsSubscriberCommandBatch.OnReplyReceived - 1 total (0 active), Execution time: mean = 87.330 us, total = 87.330 us, Queueing time: mean = 17.465 us, max = 17.465 us, min = 17.465 us, total = 17.465 us
	ray::rpc::InternalPubSubGcsService.grpc_client.GcsSubscriberPoll - 1 total (1 active), Execution time: mean = 0.000 s, total = 0.000 s, Queueing time: mean = 0.000 s, max = -0.000 s, min = 9223372036.855 s, total = 0.000 s

-----------------
Task Event stats:

IO Service Stats:

Global stats: 4 total (1 active)
Queueing time: mean = 13.040 us, max = 28.826 us, min = 23.336 us, total = 52.162 us
Execution time:  mean = 123.217 us, total = 492.868 us
Event stats:
	ray::rpc::TaskInfoGcsService.grpc_client.AddTaskEventData - 1 total (0 active), Execution time: mean = 360.543 us, total = 360.543 us, Queueing time: mean = 0.000 s, max = -0.000 s, min = 9223372036.855 s, total = 0.000 s
	PeriodicalRunner.RunFnPeriodically - 1 total (0 active), Execution time: mean = 119.688 us, total = 119.688 us, Queueing time: mean = 23.336 us, max = 23.336 us, min = 23.336 us, total = 23.336 us
	CoreWorker.deadline_timer.flush_task_events - 1 total (1 active), Execution time: mean = 0.000 s, total = 0.000 s, Queueing time: mean = 0.000 s, max = -0.000 s, min = 9223372036.855 s, total = 0.000 s
	ray::rpc::TaskInfoGcsService.grpc_client.AddTaskEventData.OnReplyReceived - 1 total (0 active), Execution time: mean = 12.637 us, total = 12.637 us, Queueing time: mean = 28.826 us, max = 28.826 us, min = 28.826 us, total = 28.826 us
Other Stats:
	grpc_in_progress:0
	current number of task status events in buffer: 0
	current number of profile events in buffer: 0
	current number of dropped task attempts tracked: 0
	total task events sent: 0 MiB
	total number of task attempts sent: 0
	total number of task attempts dropped reported: 0
	total number of sent failure: 0
	num status task events dropped: 0
	num profile task events dropped: 0


[2025-02-15 21:03:09,069 I 1898 1898] event.cc:491: Ray Event initialized for CORE_WORKER
[2025-02-15 21:03:09,070 I 1898 1898] event.cc:491: Ray Event initialized for EXPORT_TASK
[2025-02-15 21:03:09,070 I 1898 1898] event.cc:322: Set ray event level to warning
[2025-02-15 21:03:09,070 I 1898 1934] accessor.cc:762: Received notification for node, IsAlive = 1 node_id=752ac4f92daae43b5e6788582e57659b4a80764e0181b1cee6c12bc5
[2025-02-15 21:03:09,070 I 1898 1934] core_worker.cc:4754: Number of alive nodes:1
[2025-02-15 21:03:09,071 I 1898 1898] actor_task_submitter.cc:73: Set actor max pending calls to -1 actor_id=5912a1ed744392fea21e3eb101000000
[2025-02-15 21:03:09,071 I 1898 1898] core_worker.cc:3017: Creating actor actor_id=5912a1ed744392fea21e3eb101000000
[2025-02-15 21:03:12,697 I 1898 1898] task_receiver.cc:196: Actor creation task finished, task_id: ffffffffffffffff5912a1ed744392fea21e3eb101000000, actor_id: 5912a1ed744392fea21e3eb101000000, actor_repr_name: _train_tune
[2025-02-15 21:03:19,075 W 1898 1929] metric_exporter.cc:105: [1] Export metrics to agent failed: RpcError: RPC Error message: failed to connect to all addresses; last error: UNKNOWN: ipv4:127.0.0.1:61139: Failed to connect to remote host: Connection refused; RPC Error details: . This won't affect Ray, but you can lose metrics from the cluster.
[2025-02-15 21:03:26,687 I 1898 1934] core_worker.cc:4177: Force kill actor request has received. exiting immediately... The actor is dead because all references to the actor were removed including lineage ref count.
[2025-02-15 21:03:26,687 W 1898 1934] core_worker.cc:958: Force exit the process.  Details: Worker exits because the actor is killed. The actor is dead because all references to the actor were removed including lineage ref count.
[2025-02-15 21:03:26,687 I 1898 1934] core_worker.cc:855: Try killing all child processes of this worker as it exits. Child process pids: 
[2025-02-15 21:03:26,687 I 1898 1934] core_worker.cc:814: Disconnecting to the raylet.
[2025-02-15 21:03:26,688 I 1898 1934] raylet_client.cc:162: RayletClient::Disconnect, exit_type=INTENDED_SYSTEM_EXIT, exit_detail=Worker exits because the actor is killed. The actor is dead because all references to the actor were removed including lineage ref count., has creation_task_exception_pb_bytes=0
[2025-02-15 21:03:26,688 W 1898 1934] raylet_client.cc:187: IOError: Broken pipe [RayletClient] Failed to disconnect from raylet. This means the raylet the worker is connected is probably already dead.
