[2025-02-15 21:13:30,546 I 3664 3664] core_worker_process.cc:107: Constructing CoreWorkerProcess. pid: 3664
[2025-02-15 21:13:30,547 I 3664 3664] io_service_pool.cc:35: IOServicePool is running with 1 io_service.
[2025-02-15 21:13:30,549 I 3664 3664] grpc_server.cc:134: worker server started, listening on port 37201.
[2025-02-15 21:13:30,550 I 3664 3664] core_worker.cc:275: Initializing worker at address: 172.19.0.2:37201 worker_id=1744d945e1fc700fa349ea008f9242ed8ec73f3c40062737412086c6 node_id=752ac4f92daae43b5e6788582e57659b4a80764e0181b1cee6c12bc5
[2025-02-15 21:13:30,551 I 3664 3664] task_event_buffer.cc:257: Reporting task events to GCS every 1000ms.
[2025-02-15 21:13:30,552 I 3664 3664] core_worker.cc:703: Adjusted worker niceness to 15
[2025-02-15 21:13:30,552 I 3664 3700] core_worker.cc:642: Event stats:


Global stats: 13 total (7 active)
Queueing time: mean = 15.598 us, max = 92.354 us, min = 20.438 us, total = 202.777 us
Execution time:  mean = 90.752 us, total = 1.180 ms
Event stats:
	PeriodicalRunner.RunFnPeriodically - 5 total (3 active, 1 running), Execution time: mean = 3.236 us, total = 16.179 us, Queueing time: mean = 31.307 us, max = 92.354 us, min = 64.179 us, total = 156.533 us
	ray::rpc::InternalPubSubGcsService.grpc_client.GcsSubscriberPoll - 1 total (1 active), Execution time: mean = 0.000 s, total = 0.000 s, Queueing time: mean = 0.000 s, max = -0.000 s, min = 9223372036.855 s, total = 0.000 s
	ray::rpc::InternalPubSubGcsService.grpc_client.GcsSubscriberCommandBatch - 1 total (0 active), Execution time: mean = 448.666 us, total = 448.666 us, Queueing time: mean = 0.000 s, max = -0.000 s, min = 9223372036.855 s, total = 0.000 s
	ray::rpc::NodeInfoGcsService.grpc_client.GetAllNodeInfo - 1 total (1 active), Execution time: mean = 0.000 s, total = 0.000 s, Queueing time: mean = 0.000 s, max = -0.000 s, min = 9223372036.855 s, total = 0.000 s
	CoreWorker.ExitIfParentRayletDies - 1 total (1 active), Execution time: mean = 0.000 s, total = 0.000 s, Queueing time: mean = 0.000 s, max = -0.000 s, min = 9223372036.855 s, total = 0.000 s
	ray::rpc::WorkerInfoGcsService.grpc_client.AddWorkerInfo.OnReplyReceived - 1 total (0 active), Execution time: mean = 17.398 us, total = 17.398 us, Queueing time: mean = 20.438 us, max = 20.438 us, min = 20.438 us, total = 20.438 us
	ray::rpc::InternalPubSubGcsService.grpc_client.GcsSubscriberCommandBatch.OnReplyReceived - 1 total (0 active), Execution time: mean = 116.998 us, total = 116.998 us, Queueing time: mean = 25.806 us, max = 25.806 us, min = 25.806 us, total = 25.806 us
	ray::rpc::WorkerInfoGcsService.grpc_client.AddWorkerInfo - 1 total (0 active), Execution time: mean = 580.530 us, total = 580.530 us, Queueing time: mean = 0.000 s, max = -0.000 s, min = 9223372036.855 s, total = 0.000 s
	Publisher.CheckDeadSubscribers - 1 total (1 active), Execution time: mean = 0.000 s, total = 0.000 s, Queueing time: mean = 0.000 s, max = -0.000 s, min = 9223372036.855 s, total = 0.000 s

-----------------
Task Event stats:

IO Service Stats:

Global stats: 4 total (1 active)
Queueing time: mean = 23.884 us, max = 50.812 us, min = 44.724 us, total = 95.536 us
Execution time:  mean = 163.148 us, total = 652.590 us
Event stats:
	PeriodicalRunner.RunFnPeriodically - 1 total (0 active), Execution time: mean = 98.018 us, total = 98.018 us, Queueing time: mean = 44.724 us, max = 44.724 us, min = 44.724 us, total = 44.724 us
	CoreWorker.deadline_timer.flush_task_events - 1 total (1 active), Execution time: mean = 0.000 s, total = 0.000 s, Queueing time: mean = 0.000 s, max = -0.000 s, min = 9223372036.855 s, total = 0.000 s
	ray::rpc::TaskInfoGcsService.grpc_client.AddTaskEventData.OnReplyReceived - 1 total (0 active), Execution time: mean = 30.628 us, total = 30.628 us, Queueing time: mean = 50.812 us, max = 50.812 us, min = 50.812 us, total = 50.812 us
	ray::rpc::TaskInfoGcsService.grpc_client.AddTaskEventData - 1 total (0 active), Execution time: mean = 523.944 us, total = 523.944 us, Queueing time: mean = 0.000 s, max = -0.000 s, min = 9223372036.855 s, total = 0.000 s
Other Stats:
	grpc_in_progress:0
	current number of task status events in buffer: 0
	current number of profile events in buffer: 0
	current number of dropped task attempts tracked: 0
	total task events sent: 0 MiB
	total number of task attempts sent: 0
	total number of task attempts dropped reported: 0
	total number of sent failure: 0
	num status task events dropped: 0
	num profile task events dropped: 0


[2025-02-15 21:13:30,552 I 3664 3664] event.cc:491: Ray Event initialized for CORE_WORKER
[2025-02-15 21:13:30,552 I 3664 3664] event.cc:491: Ray Event initialized for EXPORT_TASK
[2025-02-15 21:13:30,552 I 3664 3664] event.cc:322: Set ray event level to warning
[2025-02-15 21:13:30,552 I 3664 3700] accessor.cc:762: Received notification for node, IsAlive = 1 node_id=752ac4f92daae43b5e6788582e57659b4a80764e0181b1cee6c12bc5
[2025-02-15 21:13:30,552 I 3664 3700] core_worker.cc:4754: Number of alive nodes:1
[2025-02-15 21:13:30,556 I 3664 3664] actor_task_submitter.cc:73: Set actor max pending calls to -1 actor_id=3c447c9a64ffe23972c4a90b01000000
[2025-02-15 21:13:30,556 I 3664 3664] core_worker.cc:3017: Creating actor actor_id=3c447c9a64ffe23972c4a90b01000000
[2025-02-15 21:13:34,212 I 3664 3664] task_receiver.cc:196: Actor creation task finished, task_id: ffffffffffffffff3c447c9a64ffe23972c4a90b01000000, actor_id: 3c447c9a64ffe23972c4a90b01000000, actor_repr_name: _train_tune
[2025-02-15 21:13:40,578 W 3664 3695] metric_exporter.cc:105: [1] Export metrics to agent failed: RpcError: RPC Error message: failed to connect to all addresses; last error: UNKNOWN: ipv4:127.0.0.1:61139: Failed to connect to remote host: Connection refused; RPC Error details: . This won't affect Ray, but you can lose metrics from the cluster.
[2025-02-15 21:14:20,838 I 3664 3700] core_worker.cc:4177: Force kill actor request has received. exiting immediately... The actor is dead because all references to the actor were removed.
[2025-02-15 21:14:20,838 W 3664 3700] core_worker.cc:958: Force exit the process.  Details: Worker exits because the actor is killed. The actor is dead because all references to the actor were removed.
[2025-02-15 21:14:20,839 I 3664 3700] core_worker.cc:855: Try killing all child processes of this worker as it exits. Child process pids: 
[2025-02-15 21:14:20,840 I 3664 3700] core_worker.cc:814: Disconnecting to the raylet.
[2025-02-15 21:14:20,840 I 3664 3700] raylet_client.cc:162: RayletClient::Disconnect, exit_type=INTENDED_SYSTEM_EXIT, exit_detail=Worker exits because the actor is killed. The actor is dead because all references to the actor were removed., has creation_task_exception_pb_bytes=0
[2025-02-15 21:14:20,840 W 3664 3700] raylet_client.cc:187: IOError: Broken pipe [RayletClient] Failed to disconnect from raylet. This means the raylet the worker is connected is probably already dead.
