[2025-02-15 21:06:03,307 I 2413 2413] core_worker_process.cc:107: Constructing CoreWorkerProcess. pid: 2413
[2025-02-15 21:06:03,309 I 2413 2413] io_service_pool.cc:35: IOServicePool is running with 1 io_service.
[2025-02-15 21:06:03,311 I 2413 2413] grpc_server.cc:134: worker server started, listening on port 45157.
[2025-02-15 21:06:03,313 I 2413 2413] core_worker.cc:275: Initializing worker at address: 172.19.0.2:45157 worker_id=b182ce3d3fcd6843b3fc55c7a8c95e0df58c1096e5917b76a456cd8e node_id=752ac4f92daae43b5e6788582e57659b4a80764e0181b1cee6c12bc5
[2025-02-15 21:06:03,314 I 2413 2413] task_event_buffer.cc:257: Reporting task events to GCS every 1000ms.
[2025-02-15 21:06:03,314 I 2413 2413] core_worker.cc:703: Adjusted worker niceness to 15
[2025-02-15 21:06:03,315 I 2413 2449] core_worker.cc:642: Event stats:


Global stats: 15 total (9 active)
Queueing time: mean = 14.765 us, max = 94.713 us, min = 29.162 us, total = 221.482 us
Execution time:  mean = 97.570 us, total = 1.464 ms
Event stats:
	PeriodicalRunner.RunFnPeriodically - 7 total (5 active, 1 running), Execution time: mean = 3.025 us, total = 21.173 us, Queueing time: mean = 22.388 us, max = 94.713 us, min = 62.004 us, total = 156.717 us
	ray::rpc::InternalPubSubGcsService.grpc_client.GcsSubscriberPoll - 1 total (1 active), Execution time: mean = 0.000 s, total = 0.000 s, Queueing time: mean = 0.000 s, max = -0.000 s, min = 9223372036.855 s, total = 0.000 s
	ray::rpc::InternalPubSubGcsService.grpc_client.GcsSubscriberCommandBatch.OnReplyReceived - 1 total (0 active), Execution time: mean = 106.373 us, total = 106.373 us, Queueing time: mean = 35.603 us, max = 35.603 us, min = 35.603 us, total = 35.603 us
	ray::rpc::WorkerInfoGcsService.grpc_client.AddWorkerInfo.OnReplyReceived - 1 total (0 active), Execution time: mean = 40.107 us, total = 40.107 us, Queueing time: mean = 29.162 us, max = 29.162 us, min = 29.162 us, total = 29.162 us
	ray::rpc::WorkerInfoGcsService.grpc_client.AddWorkerInfo - 1 total (0 active), Execution time: mean = 759.213 us, total = 759.213 us, Queueing time: mean = 0.000 s, max = -0.000 s, min = 9223372036.855 s, total = 0.000 s
	CoreWorker.ExitIfParentRayletDies - 1 total (1 active), Execution time: mean = 0.000 s, total = 0.000 s, Queueing time: mean = 0.000 s, max = -0.000 s, min = 9223372036.855 s, total = 0.000 s
	Publisher.CheckDeadSubscribers - 1 total (1 active), Execution time: mean = 0.000 s, total = 0.000 s, Queueing time: mean = 0.000 s, max = -0.000 s, min = 9223372036.855 s, total = 0.000 s
	ray::rpc::NodeInfoGcsService.grpc_client.GetAllNodeInfo - 1 total (1 active), Execution time: mean = 0.000 s, total = 0.000 s, Queueing time: mean = 0.000 s, max = -0.000 s, min = 9223372036.855 s, total = 0.000 s
	ray::rpc::InternalPubSubGcsService.grpc_client.GcsSubscriberCommandBatch - 1 total (0 active), Execution time: mean = 536.691 us, total = 536.691 us, Queueing time: mean = 0.000 s, max = -0.000 s, min = 9223372036.855 s, total = 0.000 s

-----------------
Task Event stats:

IO Service Stats:

Global stats: 4 total (1 active)
Queueing time: mean = 18.432 us, max = 44.945 us, min = 28.783 us, total = 73.728 us
Execution time:  mean = 210.476 us, total = 841.905 us
Event stats:
	ray::rpc::TaskInfoGcsService.grpc_client.AddTaskEventData - 1 total (0 active), Execution time: mean = 727.331 us, total = 727.331 us, Queueing time: mean = 0.000 s, max = -0.000 s, min = 9223372036.855 s, total = 0.000 s
	PeriodicalRunner.RunFnPeriodically - 1 total (0 active), Execution time: mean = 97.931 us, total = 97.931 us, Queueing time: mean = 44.945 us, max = 44.945 us, min = 44.945 us, total = 44.945 us
	ray::rpc::TaskInfoGcsService.grpc_client.AddTaskEventData.OnReplyReceived - 1 total (0 active), Execution time: mean = 16.643 us, total = 16.643 us, Queueing time: mean = 28.783 us, max = 28.783 us, min = 28.783 us, total = 28.783 us
	CoreWorker.deadline_timer.flush_task_events - 1 total (1 active), Execution time: mean = 0.000 s, total = 0.000 s, Queueing time: mean = 0.000 s, max = -0.000 s, min = 9223372036.855 s, total = 0.000 s
Other Stats:
	grpc_in_progress:0
	current number of task status events in buffer: 0
	current number of profile events in buffer: 0
	current number of dropped task attempts tracked: 0
	total task events sent: 0 MiB
	total number of task attempts sent: 0
	total number of task attempts dropped reported: 0
	total number of sent failure: 0
	num status task events dropped: 0
	num profile task events dropped: 0


[2025-02-15 21:06:03,315 I 2413 2413] event.cc:491: Ray Event initialized for CORE_WORKER
[2025-02-15 21:06:03,315 I 2413 2413] event.cc:491: Ray Event initialized for EXPORT_TASK
[2025-02-15 21:06:03,315 I 2413 2413] event.cc:322: Set ray event level to warning
[2025-02-15 21:06:03,315 I 2413 2449] accessor.cc:762: Received notification for node, IsAlive = 1 node_id=752ac4f92daae43b5e6788582e57659b4a80764e0181b1cee6c12bc5
[2025-02-15 21:06:03,315 I 2413 2449] core_worker.cc:4754: Number of alive nodes:1
[2025-02-15 21:06:03,317 I 2413 2413] actor_task_submitter.cc:73: Set actor max pending calls to -1 actor_id=3072d3afb0fca76937f1217401000000
[2025-02-15 21:06:03,317 I 2413 2413] core_worker.cc:3017: Creating actor actor_id=3072d3afb0fca76937f1217401000000
[2025-02-15 21:06:07,520 I 2413 2413] task_receiver.cc:196: Actor creation task finished, task_id: ffffffffffffffff3072d3afb0fca76937f1217401000000, actor_id: 3072d3afb0fca76937f1217401000000, actor_repr_name: _train_tune
[2025-02-15 21:06:13,342 W 2413 2444] metric_exporter.cc:105: [1] Export metrics to agent failed: RpcError: RPC Error message: failed to connect to all addresses; last error: UNKNOWN: ipv4:127.0.0.1:61139: Failed to connect to remote host: Connection refused; RPC Error details: . This won't affect Ray, but you can lose metrics from the cluster.
[2025-02-15 21:06:40,624 I 2413 2449] core_worker.cc:4177: Force kill actor request has received. exiting immediately... The actor is dead because all references to the actor were removed.
[2025-02-15 21:06:40,624 W 2413 2449] core_worker.cc:958: Force exit the process.  Details: Worker exits because the actor is killed. The actor is dead because all references to the actor were removed.
[2025-02-15 21:06:40,625 I 2413 2449] core_worker.cc:855: Try killing all child processes of this worker as it exits. Child process pids: 
[2025-02-15 21:06:40,626 I 2413 2449] core_worker.cc:814: Disconnecting to the raylet.
[2025-02-15 21:06:40,626 I 2413 2449] raylet_client.cc:162: RayletClient::Disconnect, exit_type=INTENDED_SYSTEM_EXIT, exit_detail=Worker exits because the actor is killed. The actor is dead because all references to the actor were removed., has creation_task_exception_pb_bytes=0
[2025-02-15 21:06:40,626 W 2413 2449] raylet_client.cc:187: IOError: Broken pipe [RayletClient] Failed to disconnect from raylet. This means the raylet the worker is connected is probably already dead.
