2025-02-10 19:19:52,950 - 00_download_files - INFO - ---------------------------------------------------------------------------------------------------
2025-02-10 19:19:52,950 - 00_download_files - INFO - Iniciando a coleta de dados para os símbolos: ['VALE3.SA', 'PETR4.SA', 'ITUB4.SA', 'ABEV3.SA', 'BBDC4.SA', 'SANB11.SA', 'BBAS3.SA', 'JBSS3.SA', 'KLBN11.SA', 'BPAC11.SA', 'BBDC3.SA', 'ITSA4.SA', 'WEGE3.SA']
2025-02-10 19:19:52,952 - 00_download_files - INFO - Processando VALE3.SA
2025-02-10 19:19:53,973 - 00_download_files - INFO - Dados de VALE3.SA carregados com sucessso.
2025-02-10 19:19:53,974 - 00_download_files - INFO - Ajustando dados para gravação no DeltaLake
2025-02-10 19:19:53,974 - 00_download_files - INFO - Tamanho dos dados organizados de VALE3.SA: 6305
2025-02-10 19:20:21,499 - 00_download_files - INFO - ---------------------------------------------------------------------------------------------------
2025-02-10 19:20:21,499 - 00_download_files - INFO - Iniciando a coleta de dados para os símbolos: ['VALE3.SA', 'PETR4.SA', 'ITUB4.SA', 'ABEV3.SA', 'BBDC4.SA', 'SANB11.SA', 'BBAS3.SA', 'JBSS3.SA', 'KLBN11.SA', 'BPAC11.SA', 'BBDC3.SA', 'ITSA4.SA', 'WEGE3.SA']
2025-02-10 19:20:21,500 - 00_download_files - INFO - Processando VALE3.SA
2025-02-10 19:20:22,474 - 00_download_files - INFO - Dados de VALE3.SA carregados com sucessso.
2025-02-10 19:20:22,474 - 00_download_files - INFO - Ajustando dados para gravação no DeltaLake
2025-02-10 19:20:22,475 - 00_download_files - INFO - Tamanho dos dados organizados de VALE3.SA: 6305
2025-02-10 19:20:22,507 - 00_download_files - INFO - Dados para VALE3.SA gravados com sucesso no DeltaLake
2025-02-10 19:20:22,507 - 00_download_files - INFO - Processando PETR4.SA
2025-02-10 19:20:23,870 - 00_download_files - INFO - Dados de PETR4.SA carregados com sucessso.
2025-02-10 19:20:23,870 - 00_download_files - INFO - Ajustando dados para gravação no DeltaLake
2025-02-10 19:20:23,871 - 00_download_files - INFO - Tamanho dos dados organizados de PETR4.SA: 6305
2025-02-10 19:20:23,880 - 00_download_files - INFO - Dados para PETR4.SA gravados com sucesso no DeltaLake
2025-02-10 19:20:23,880 - 00_download_files - INFO - Processando ITUB4.SA
2025-02-10 19:20:24,380 - 00_download_files - INFO - Dados de ITUB4.SA carregados com sucessso.
2025-02-10 19:20:24,380 - 00_download_files - INFO - Ajustando dados para gravação no DeltaLake
2025-02-10 19:20:24,381 - 00_download_files - INFO - Tamanho dos dados organizados de ITUB4.SA: 6052
2025-02-10 19:20:24,389 - 00_download_files - INFO - Dados para ITUB4.SA gravados com sucesso no DeltaLake
2025-02-10 19:20:24,389 - 00_download_files - INFO - Processando ABEV3.SA
2025-02-10 19:20:25,390 - 00_download_files - INFO - Dados de ABEV3.SA carregados com sucessso.
2025-02-10 19:20:25,390 - 00_download_files - INFO - Ajustando dados para gravação no DeltaLake
2025-02-10 19:20:25,391 - 00_download_files - INFO - Tamanho dos dados organizados de ABEV3.SA: 6303
2025-02-10 19:20:25,399 - 00_download_files - INFO - Dados para ABEV3.SA gravados com sucesso no DeltaLake
2025-02-10 19:20:25,399 - 00_download_files - INFO - Processando BBDC4.SA
2025-02-10 19:20:26,111 - 00_download_files - INFO - Dados de BBDC4.SA carregados com sucessso.
2025-02-10 19:20:26,111 - 00_download_files - INFO - Ajustando dados para gravação no DeltaLake
2025-02-10 19:20:26,112 - 00_download_files - INFO - Tamanho dos dados organizados de BBDC4.SA: 4249
2025-02-10 19:20:26,119 - 00_download_files - INFO - Dados para BBDC4.SA gravados com sucesso no DeltaLake
2025-02-10 19:20:26,120 - 00_download_files - INFO - Processando SANB11.SA
2025-02-10 19:20:27,108 - 00_download_files - INFO - Dados de SANB11.SA carregados com sucessso.
2025-02-10 19:20:27,108 - 00_download_files - INFO - Ajustando dados para gravação no DeltaLake
2025-02-10 19:20:27,109 - 00_download_files - INFO - Tamanho dos dados organizados de SANB11.SA: 3809
2025-02-10 19:20:27,117 - 00_download_files - INFO - Dados para SANB11.SA gravados com sucesso no DeltaLake
2025-02-10 19:20:27,118 - 00_download_files - INFO - Processando BBAS3.SA
2025-02-10 19:20:27,861 - 00_download_files - INFO - Dados de BBAS3.SA carregados com sucessso.
2025-02-10 19:20:27,862 - 00_download_files - INFO - Ajustando dados para gravação no DeltaLake
2025-02-10 19:20:27,862 - 00_download_files - INFO - Tamanho dos dados organizados de BBAS3.SA: 6305
2025-02-10 19:20:27,872 - 00_download_files - INFO - Dados para BBAS3.SA gravados com sucesso no DeltaLake
2025-02-10 19:20:27,873 - 00_download_files - INFO - Processando JBSS3.SA
2025-02-10 19:20:28,535 - 00_download_files - INFO - Dados de JBSS3.SA carregados com sucessso.
2025-02-10 19:20:28,535 - 00_download_files - INFO - Ajustando dados para gravação no DeltaLake
2025-02-10 19:20:28,536 - 00_download_files - INFO - Tamanho dos dados organizados de JBSS3.SA: 4435
2025-02-10 19:20:28,543 - 00_download_files - INFO - Dados para JBSS3.SA gravados com sucesso no DeltaLake
2025-02-10 19:20:28,543 - 00_download_files - INFO - Processando KLBN11.SA
2025-02-10 19:20:28,802 - 00_download_files - INFO - Dados de KLBN11.SA carregados com sucessso.
2025-02-10 19:20:28,802 - 00_download_files - INFO - Ajustando dados para gravação no DeltaLake
2025-02-10 19:20:28,803 - 00_download_files - INFO - Tamanho dos dados organizados de KLBN11.SA: 2748
2025-02-10 19:20:28,811 - 00_download_files - INFO - Dados para KLBN11.SA gravados com sucesso no DeltaLake
2025-02-10 19:20:28,811 - 00_download_files - INFO - Processando BPAC11.SA
2025-02-10 19:20:29,060 - 00_download_files - INFO - Dados de BPAC11.SA carregados com sucessso.
2025-02-10 19:20:29,060 - 00_download_files - INFO - Ajustando dados para gravação no DeltaLake
2025-02-10 19:20:29,061 - 00_download_files - INFO - Tamanho dos dados organizados de BPAC11.SA: 1982
2025-02-10 19:20:29,069 - 00_download_files - INFO - Dados para BPAC11.SA gravados com sucesso no DeltaLake
2025-02-10 19:20:29,069 - 00_download_files - INFO - Processando BBDC3.SA
2025-02-10 19:20:29,789 - 00_download_files - INFO - Dados de BBDC3.SA carregados com sucessso.
2025-02-10 19:20:29,789 - 00_download_files - INFO - Ajustando dados para gravação no DeltaLake
2025-02-10 19:20:29,790 - 00_download_files - INFO - Tamanho dos dados organizados de BBDC3.SA: 6305
2025-02-10 19:20:29,799 - 00_download_files - INFO - Dados para BBDC3.SA gravados com sucesso no DeltaLake
2025-02-10 19:20:29,799 - 00_download_files - INFO - Processando ITSA4.SA
2025-02-10 19:20:30,621 - 00_download_files - INFO - Dados de ITSA4.SA carregados com sucessso.
2025-02-10 19:20:30,621 - 00_download_files - INFO - Ajustando dados para gravação no DeltaLake
2025-02-10 19:20:30,622 - 00_download_files - INFO - Tamanho dos dados organizados de ITSA4.SA: 6305
2025-02-10 19:20:30,630 - 00_download_files - INFO - Dados para ITSA4.SA gravados com sucesso no DeltaLake
2025-02-10 19:20:30,631 - 00_download_files - INFO - Processando WEGE3.SA
2025-02-10 19:20:30,975 - 00_download_files - INFO - Dados de WEGE3.SA carregados com sucessso.
2025-02-10 19:20:30,975 - 00_download_files - INFO - Ajustando dados para gravação no DeltaLake
2025-02-10 19:20:30,976 - 00_download_files - INFO - Tamanho dos dados organizados de WEGE3.SA: 6305
2025-02-10 19:20:30,985 - 00_download_files - INFO - Dados para WEGE3.SA gravados com sucesso no DeltaLake
