2025-02-15 14:36:40,432 - api - INFO - ---------------------------------------------------------------------------------------------------
2025-02-15 14:36:40,433 - api - INFO - Iniciando API
2025-02-15 14:36:40,433 - api - INFO - Configurando acesso ao Pydantic Logfire.
2025-02-15 14:36:40,486 - api - INFO - Adicionando rotas.
2025-02-15 14:36:40,492 - api - INFO - Configurando o instrumentador de métricas do cliente do Prometheus.
2025-02-15 14:36:40,492 - api - INFO - Definindo o endpoint de coleta de métricas a ser usado pelo servidor do Prometheus.
2025-02-15 14:36:40,492 - api - INFO - Realizando configuração inicial da API
2025-02-15 14:36:40,492 - api - INFO - Adicionando middleware para CORS
2025-02-15 15:32:05,729 - api - INFO - ---------------------------------------------------------------------------------------------------
2025-02-15 15:32:05,729 - api - INFO - Iniciando API
2025-02-15 15:32:05,730 - api - INFO - Configurando acesso ao Pydantic Logfire.
2025-02-15 15:32:05,778 - api - INFO - Adicionando rotas.
2025-02-15 15:32:05,782 - api - INFO - Configurando o instrumentador de métricas do cliente do Prometheus.
2025-02-15 15:32:05,782 - api - INFO - Definindo o endpoint de coleta de métricas a ser usado pelo servidor do Prometheus.
2025-02-15 15:32:05,782 - api - INFO - Realizando configuração inicial da API
2025-02-15 15:32:05,782 - api - INFO - Adicionando middleware para CORS
2025-02-15 20:19:51,477 - api - INFO - ---------------------------------------------------------------------------------------------------
2025-02-15 20:19:51,478 - api - INFO - Iniciando API
2025-02-15 20:19:51,478 - api - INFO - Configurando acesso ao Pydantic Logfire.
2025-02-15 20:19:51,522 - api - INFO - Adicionando rotas.
2025-02-15 20:19:51,527 - api - INFO - Configurando o instrumentador de métricas do cliente do Prometheus.
2025-02-15 20:19:51,527 - api - INFO - Definindo o endpoint de coleta de métricas a ser usado pelo servidor do Prometheus.
2025-02-15 20:19:51,527 - api - INFO - Realizando configuração inicial da API
2025-02-15 20:19:51,527 - api - INFO - Adicionando middleware para CORS
2025-02-15 20:35:38,503 - api - INFO - ---------------------------------------------------------------------------------------------------
2025-02-15 20:35:38,503 - api - INFO - Iniciando API
2025-02-15 20:35:38,503 - api - INFO - Configurando acesso ao Pydantic Logfire.
2025-02-15 20:35:38,563 - api - INFO - Adicionando rotas.
2025-02-15 20:35:38,568 - api - INFO - Configurando o instrumentador de métricas do cliente do Prometheus.
2025-02-15 20:35:38,568 - api - INFO - Definindo o endpoint de coleta de métricas a ser usado pelo servidor do Prometheus.
2025-02-15 20:35:38,568 - api - INFO - Realizando configuração inicial da API
2025-02-15 20:35:38,569 - api - INFO - Adicionando middleware para CORS
2025-02-15 20:40:14,608 - api - INFO - ---------------------------------------------------------------------------------------------------
2025-02-15 20:40:14,609 - api - INFO - Iniciando API
2025-02-15 20:40:14,609 - api - INFO - Configurando acesso ao Pydantic Logfire.
2025-02-15 20:40:14,637 - api - INFO - Adicionando rotas.
2025-02-15 20:40:14,641 - api - INFO - Configurando o instrumentador de métricas do cliente do Prometheus.
2025-02-15 20:40:14,641 - api - INFO - Definindo o endpoint de coleta de métricas a ser usado pelo servidor do Prometheus.
2025-02-15 20:40:14,642 - api - INFO - Realizando configuração inicial da API
2025-02-15 20:40:14,642 - api - INFO - Adicionando middleware para CORS
2025-02-15 21:01:06,227 - api - INFO - ---------------------------------------------------------------------------------------------------
2025-02-15 21:01:06,227 - api - INFO - Iniciando API
2025-02-15 21:01:06,228 - api - INFO - Configurando acesso ao Pydantic Logfire.
2025-02-15 21:01:06,272 - api - INFO - Adicionando rotas.
2025-02-15 21:01:06,277 - api - INFO - Configurando o instrumentador de métricas do cliente do Prometheus.
2025-02-15 21:01:06,277 - api - INFO - Definindo o endpoint de coleta de métricas a ser usado pelo servidor do Prometheus.
2025-02-15 21:01:06,277 - api - INFO - Realizando configuração inicial da API
2025-02-15 21:01:06,277 - api - INFO - Adicionando middleware para CORS
2025-02-16 13:58:03,648 - api - INFO - ---------------------------------------------------------------------------------------------------
2025-02-16 13:58:03,649 - api - INFO - Iniciando API
2025-02-16 13:58:03,649 - api - INFO - Configurando acesso ao Pydantic Logfire.
2025-02-16 13:58:03,692 - api - INFO - Adicionando rotas.
2025-02-16 13:58:03,696 - api - INFO - Configurando o instrumentador de métricas do cliente do Prometheus.
2025-02-16 13:58:03,697 - api - INFO - Definindo o endpoint de coleta de métricas a ser usado pelo servidor do Prometheus.
2025-02-16 13:58:03,697 - api - INFO - Realizando configuração inicial da API
2025-02-16 13:58:03,697 - api - INFO - Adicionando middleware para CORS
2025-02-16 14:36:27,441 - api - INFO - ---------------------------------------------------------------------------------------------------
2025-02-16 14:36:27,442 - api - INFO - Iniciando API
2025-02-16 14:36:27,442 - api - INFO - Configurando acesso ao Pydantic Logfire.
2025-02-16 14:36:27,493 - api - INFO - Adicionando rotas.
2025-02-16 14:36:27,498 - api - INFO - Configurando o instrumentador de métricas do cliente do Prometheus.
2025-02-16 14:36:27,498 - api - INFO - Definindo o endpoint de coleta de métricas a ser usado pelo servidor do Prometheus.
2025-02-16 14:36:27,498 - api - INFO - Realizando configuração inicial da API
2025-02-16 14:36:27,498 - api - INFO - Adicionando middleware para CORS
2025-02-16 15:03:01,836 - api - INFO - ---------------------------------------------------------------------------------------------------
2025-02-16 15:03:01,836 - api - INFO - Iniciando API
2025-02-16 15:03:01,837 - api - INFO - Configurando acesso ao Pydantic Logfire.
2025-02-16 15:03:01,875 - api - INFO - Adicionando rotas.
2025-02-16 15:03:01,881 - api - INFO - Configurando o instrumentador de métricas do cliente do Prometheus.
2025-02-16 15:03:01,881 - api - INFO - Definindo o endpoint de coleta de métricas a ser usado pelo servidor do Prometheus.
2025-02-16 15:03:01,881 - api - INFO - Realizando configuração inicial da API
2025-02-16 15:03:01,881 - api - INFO - Adicionando middleware para CORS
2025-02-16 15:22:24,857 - api - INFO - ---------------------------------------------------------------------------------------------------
2025-02-16 15:22:24,860 - api - INFO - Iniciando API
2025-02-16 15:22:24,861 - api - INFO - Configurando acesso ao Pydantic Logfire.
2025-02-16 15:22:24,997 - api - INFO - Adicionando rotas.
2025-02-16 15:22:36,057 - api - INFO - Configurando o instrumentador de métricas do cliente do Prometheus.
2025-02-16 15:22:36,057 - api - INFO - Definindo o endpoint de coleta de métricas a ser usado pelo servidor do Prometheus.
2025-02-16 15:22:36,057 - api - INFO - Realizando configuração inicial da API
2025-02-16 15:22:36,057 - api - INFO - Adicionando middleware para CORS
2025-02-16 15:56:14,746 - api - INFO - ---------------------------------------------------------------------------------------------------
2025-02-16 15:56:14,747 - api - INFO - Iniciando API
2025-02-16 15:56:14,748 - api - INFO - Configurando acesso ao Pydantic Logfire.
2025-02-16 15:56:14,813 - api - INFO - Adicionando rotas.
2025-02-16 15:56:25,303 - api - INFO - Configurando o instrumentador de métricas do cliente do Prometheus.
2025-02-16 15:56:25,303 - api - INFO - Definindo o endpoint de coleta de métricas a ser usado pelo servidor do Prometheus.
2025-02-16 15:56:25,304 - api - INFO - Realizando configuração inicial da API
2025-02-16 15:56:25,304 - api - INFO - Adicionando middleware para CORS
2025-02-16 16:02:48,199 - api - INFO - ---------------------------------------------------------------------------------------------------
2025-02-16 16:02:48,199 - api - INFO - Iniciando API
2025-02-16 16:02:48,199 - api - INFO - Configurando acesso ao Pydantic Logfire.
2025-02-16 16:02:48,253 - api - INFO - Adicionando rotas.
2025-02-16 16:02:58,225 - api - INFO - Configurando o instrumentador de métricas do cliente do Prometheus.
2025-02-16 16:02:58,225 - api - INFO - Definindo o endpoint de coleta de métricas a ser usado pelo servidor do Prometheus.
2025-02-16 16:02:58,225 - api - INFO - Realizando configuração inicial da API
2025-02-16 16:02:58,225 - api - INFO - Adicionando middleware para CORS
2025-02-16 16:12:52,172 - api - INFO - ---------------------------------------------------------------------------------------------------
2025-02-16 16:12:52,173 - api - INFO - Iniciando API
2025-02-16 16:12:52,174 - api - INFO - Configurando acesso ao Pydantic Logfire.
2025-02-16 16:12:52,247 - api - INFO - Adicionando rotas.
2025-02-16 16:13:02,605 - api - INFO - Configurando o instrumentador de métricas do cliente do Prometheus.
2025-02-16 16:13:02,605 - api - INFO - Definindo o endpoint de coleta de métricas a ser usado pelo servidor do Prometheus.
2025-02-16 16:13:02,605 - api - INFO - Realizando configuração inicial da API
2025-02-16 16:13:02,605 - api - INFO - Adicionando middleware para CORS
2025-02-16 16:59:43,710 - api - INFO - ---------------------------------------------------------------------------------------------------
2025-02-16 16:59:43,710 - api - INFO - Iniciando API
2025-02-16 16:59:43,711 - api - INFO - Configurando acesso ao Pydantic Logfire.
2025-02-16 16:59:43,772 - api - INFO - Adicionando rotas.
2025-02-16 16:59:54,377 - api - INFO - Configurando o instrumentador de métricas do cliente do Prometheus.
2025-02-16 16:59:54,378 - api - INFO - Definindo o endpoint de coleta de métricas a ser usado pelo servidor do Prometheus.
2025-02-16 16:59:54,378 - api - INFO - Realizando configuração inicial da API
2025-02-16 16:59:54,378 - api - INFO - Adicionando middleware para CORS
2025-02-16 20:15:06,477 - api - INFO - ---------------------------------------------------------------------------------------------------
2025-02-16 20:15:06,477 - api - INFO - Iniciando API
2025-02-16 20:15:06,478 - api - INFO - Configurando acesso ao Pydantic Logfire.
2025-02-16 20:17:39,543 - api - INFO - ---------------------------------------------------------------------------------------------------
2025-02-16 20:17:39,543 - api - INFO - Iniciando API
2025-02-16 20:17:39,543 - api - INFO - Configurando acesso ao Pydantic Logfire.
2025-02-16 20:26:43,419 - api - INFO - ---------------------------------------------------------------------------------------------------
2025-02-16 20:26:43,420 - api - INFO - Iniciando API
2025-02-16 20:26:43,421 - api - INFO - Configurando acesso ao Pydantic Logfire.
2025-02-16 20:26:43,430 - api - INFO - Não foi possível acessar as credenciais do logfire... 
2025-02-16 20:26:43,430 - api - INFO - Adicionando rotas.
2025-02-16 20:27:00,066 - api - INFO - Configurando o instrumentador de métricas do cliente do Prometheus.
2025-02-16 20:27:00,067 - api - INFO - Definindo o endpoint de coleta de métricas a ser usado pelo servidor do Prometheus.
2025-02-16 20:27:00,068 - api - INFO - Realizando configuração inicial da API
2025-02-16 20:27:00,069 - api - INFO - Adicionando middleware para CORS
