2025-02-16 14:36:42,007	INFO utils.py:120 -- Get all modules by type: DashboardHeadModule
2025-02-16 14:36:42,095	INFO utils.py:131 -- Module ray.dashboard.modules.actor.actor_head cannot be loaded because we cannot import all dependencies. Install this module using `pip install 'ray[default]'` for the full dashboard functionality. Error: No module named 'aiohttp_cors'
2025-02-16 14:36:42,130	INFO utils.py:131 -- Module ray.dashboard.modules.data.data_head cannot be loaded because we cannot import all dependencies. Install this module using `pip install 'ray[default]'` for the full dashboard functionality. Error: No module named 'aiohttp_cors'
2025-02-16 14:36:42,133	INFO utils.py:131 -- Module ray.dashboard.modules.event.event_agent cannot be loaded because we cannot import all dependencies. Install this module using `pip install 'ray[default]'` for the full dashboard functionality. Error: No module named 'grpc'
2025-02-16 14:36:42,136	INFO utils.py:131 -- Module ray.dashboard.modules.event.event_head cannot be loaded because we cannot import all dependencies. Install this module using `pip install 'ray[default]'` for the full dashboard functionality. Error: No module named 'aiohttp_cors'
2025-02-16 14:36:42,139	INFO utils.py:131 -- Module ray.dashboard.modules.healthz.healthz_agent cannot be loaded because we cannot import all dependencies. Install this module using `pip install 'ray[default]'` for the full dashboard functionality. Error: No module named 'aiohttp_cors'
2025-02-16 14:36:42,140	INFO utils.py:131 -- Module ray.dashboard.modules.healthz.healthz_head cannot be loaded because we cannot import all dependencies. Install this module using `pip install 'ray[default]'` for the full dashboard functionality. Error: No module named 'aiohttp_cors'
2025-02-16 14:36:42,217	INFO utils.py:131 -- Module ray.dashboard.modules.job.job_agent cannot be loaded because we cannot import all dependencies. Install this module using `pip install 'ray[default]'` for the full dashboard functionality. Error: No module named 'aiohttp_cors'
2025-02-16 14:36:42,220	INFO utils.py:131 -- Module ray.dashboard.modules.job.job_head cannot be loaded because we cannot import all dependencies. Install this module using `pip install 'ray[default]'` for the full dashboard functionality. Error: No module named 'aiohttp_cors'
2025-02-16 14:36:42,228	INFO utils.py:131 -- Module ray.dashboard.modules.log.log_agent cannot be loaded because we cannot import all dependencies. Install this module using `pip install 'ray[default]'` for the full dashboard functionality. Error: No module named 'grpc'
2025-02-16 14:36:42,471	INFO utils.py:131 -- Module ray.dashboard.modules.log.log_manager cannot be loaded because we cannot import all dependencies. Install this module using `pip install 'ray[default]'` for the full dashboard functionality. Error: No module named 'grpc'
2025-02-16 14:36:42,484	INFO utils.py:131 -- Module ray.dashboard.modules.metrics.metrics_head cannot be loaded because we cannot import all dependencies. Install this module using `pip install 'ray[default]'` for the full dashboard functionality. Error: No module named 'aiohttp_cors'
2025-02-16 14:36:42,488	INFO utils.py:131 -- Module ray.dashboard.modules.node.node_head cannot be loaded because we cannot import all dependencies. Install this module using `pip install 'ray[default]'` for the full dashboard functionality. Error: No module named 'grpc'
2025-02-16 14:36:42,495	INFO utils.py:131 -- Module ray.dashboard.modules.reporter.reporter_agent cannot be loaded because we cannot import all dependencies. Install this module using `pip install 'ray[default]'` for the full dashboard functionality. Error: No module named 'opencensus'
2025-02-16 14:36:42,498	INFO utils.py:131 -- Module ray.dashboard.modules.reporter.reporter_head cannot be loaded because we cannot import all dependencies. Install this module using `pip install 'ray[default]'` for the full dashboard functionality. Error: No module named 'aiohttp_cors'
2025-02-16 14:36:42,500	INFO utils.py:131 -- Module ray.dashboard.modules.serve.serve_agent cannot be loaded because we cannot import all dependencies. Install this module using `pip install 'ray[default]'` for the full dashboard functionality. Error: No module named 'aiohttp_cors'
2025-02-16 14:36:42,501	INFO utils.py:131 -- Module ray.dashboard.modules.serve.serve_head cannot be loaded because we cannot import all dependencies. Install this module using `pip install 'ray[default]'` for the full dashboard functionality. Error: No module named 'aiohttp_cors'
2025-02-16 14:36:42,502	INFO utils.py:131 -- Module ray.dashboard.modules.serve.serve_rest_api_impl cannot be loaded because we cannot import all dependencies. Install this module using `pip install 'ray[default]'` for the full dashboard functionality. Error: No module named 'aiohttp_cors'
2025-02-16 14:36:42,505	INFO utils.py:131 -- Module ray.dashboard.modules.snapshot.snapshot_head cannot be loaded because we cannot import all dependencies. Install this module using `pip install 'ray[default]'` for the full dashboard functionality. Error: No module named 'aiohttp_cors'
2025-02-16 14:36:42,508	INFO utils.py:131 -- Module ray.dashboard.modules.state.state_head cannot be loaded because we cannot import all dependencies. Install this module using `pip install 'ray[default]'` for the full dashboard functionality. Error: No module named 'aiohttp_cors'
2025-02-16 14:36:42,510	INFO utils.py:131 -- Module ray.dashboard.modules.train.train_head cannot be loaded because we cannot import all dependencies. Install this module using `pip install 'ray[default]'` for the full dashboard functionality. Error: No module named 'aiohttp_cors'
2025-02-16 14:36:42,513	INFO utils.py:153 -- Available modules: [<class 'ray.dashboard.modules.usage_stats.usage_stats_head.UsageStatsHead'>]
2025-02-16 14:36:42,513	INFO head.py:189 -- Modules to load: {'UsageStatsHead'}
2025-02-16 14:36:42,513	INFO head.py:192 -- Loading DashboardHeadModule: <class 'ray.dashboard.modules.usage_stats.usage_stats_head.UsageStatsHead'>
2025-02-16 14:36:42,513	INFO head.py:206 -- Loaded 1 modules. [<ray.dashboard.modules.usage_stats.usage_stats_head.UsageStatsHead object at 0x7f37b969c790>]
2025-02-16 14:36:42,513	INFO head.py:301 -- http server disabled.
2025-02-16 14:36:42,515	INFO usage_stats_head.py:200 -- Usage reporting is disabled.
