2025-02-16 14:36:42,927	INFO log_monitor.py:155 -- Starting log monitor with [max open files=200], [is_autoscaler_v2=False]
2025-02-16 14:36:42,927	INFO log_monitor.py:273 -- Beginning to track file raylet.err
2025-02-16 14:36:42,928	INFO log_monitor.py:273 -- Beginning to track file monitor.log
2025-02-16 14:36:42,928	INFO log_monitor.py:273 -- Beginning to track file gcs_server.err
2025-02-16 14:36:44,438	INFO log_monitor.py:273 -- Beginning to track file worker-cdbced107d30f4558e87b18f1ce4569d82ca6344eb6e2e719d67ddc7-ffffffff-462.out
2025-02-16 14:36:44,438	INFO log_monitor.py:273 -- Beginning to track file worker-4914a2c9adf6f7d0190ebfcf23dd04a8cf0158917af1f6a3e3081da5-ffffffff-469.out
2025-02-16 14:36:44,438	INFO log_monitor.py:273 -- Beginning to track file worker-0ec437012b1c563a3fb60f411cc74dc73aca985eab05c6e6869ab463-ffffffff-461.err
2025-02-16 14:36:44,438	INFO log_monitor.py:273 -- Beginning to track file worker-a388413c4897eabcf3005d59f470068c35938572c747aa5b67076ffc-ffffffff-471.err
2025-02-16 14:36:44,438	INFO log_monitor.py:273 -- Beginning to track file worker-2a29af417f6629f28b5ad4b1bdf9c340b63b01768957b19f68f56e0d-ffffffff-465.err
2025-02-16 14:36:44,438	INFO log_monitor.py:273 -- Beginning to track file worker-54b35d4675e9a28cbfc515be038491761470850278a30f279b161da3-ffffffff-456.out
2025-02-16 14:36:44,438	INFO log_monitor.py:273 -- Beginning to track file worker-e74a49293730741be7cb334bbe65166ff3382df511f1606656bac960-ffffffff-464.out
2025-02-16 14:36:44,438	INFO log_monitor.py:273 -- Beginning to track file worker-1f8daa717ae164fac15df4603dfded3722fbe8d84d409ad6d7b38673-ffffffff-458.out
2025-02-16 14:36:44,438	INFO log_monitor.py:273 -- Beginning to track file worker-0ec437012b1c563a3fb60f411cc74dc73aca985eab05c6e6869ab463-ffffffff-461.out
2025-02-16 14:36:44,438	INFO log_monitor.py:273 -- Beginning to track file worker-d67578c1c81da23cf66ff61606b752d8f727910929a63525ef94c64e-ffffffff-455.out
2025-02-16 14:36:44,438	INFO log_monitor.py:273 -- Beginning to track file worker-e74a49293730741be7cb334bbe65166ff3382df511f1606656bac960-ffffffff-464.err
2025-02-16 14:36:44,438	INFO log_monitor.py:273 -- Beginning to track file worker-4c05776906d14fbd947b3999d9e2d3f5472a86f950a4ca4a03f2952a-ffffffff-470.err
2025-02-16 14:36:44,438	INFO log_monitor.py:273 -- Beginning to track file worker-7936e8fb8f91bf16e693b2affb13d64b28c468a54f2fdf3977cd9fed-ffffffff-457.out
2025-02-16 14:36:44,438	INFO log_monitor.py:273 -- Beginning to track file worker-9d77679fa08d7ef6f21131c847a27b8e4511086ba8f1930785a84b4b-ffffffff-459.out
2025-02-16 14:36:44,438	INFO log_monitor.py:273 -- Beginning to track file worker-8dc1076b33c27e93e77ad4fb4b0cded035d777c700389093fc6ac764-ffffffff-466.err
2025-02-16 14:36:44,438	INFO log_monitor.py:273 -- Beginning to track file worker-8dc1076b33c27e93e77ad4fb4b0cded035d777c700389093fc6ac764-ffffffff-466.out
2025-02-16 14:36:44,438	INFO log_monitor.py:273 -- Beginning to track file worker-7cf36fc8ce8676de6a3d1d8ee28ba1ae19a584bdfe0c31c6086f0ee1-ffffffff-460.out
2025-02-16 14:36:44,438	INFO log_monitor.py:273 -- Beginning to track file worker-2a29af417f6629f28b5ad4b1bdf9c340b63b01768957b19f68f56e0d-ffffffff-465.out
2025-02-16 14:36:44,438	INFO log_monitor.py:273 -- Beginning to track file worker-3e93f0aac54b496fe1ee479aaabc664a12b3287d62fe2f82f2b14848-ffffffff-463.err
2025-02-16 14:36:44,438	INFO log_monitor.py:273 -- Beginning to track file worker-4c05776906d14fbd947b3999d9e2d3f5472a86f950a4ca4a03f2952a-ffffffff-470.out
2025-02-16 14:36:44,438	INFO log_monitor.py:273 -- Beginning to track file worker-d43306211ffb2bcce48ace3994b6705c3356b0685b2a17d2005ba058-ffffffff-453.err
2025-02-16 14:36:44,438	INFO log_monitor.py:273 -- Beginning to track file worker-3478d9ae5cbefa35b51e7652587602791f98339149310251d48d608e-ffffffff-473.out
2025-02-16 14:36:44,438	INFO log_monitor.py:273 -- Beginning to track file worker-15e8618de083cf182e080b9a0a1fa01c80d173cec86dc933ac3c8dd4-ffffffff-454.err
2025-02-16 14:36:44,438	INFO log_monitor.py:273 -- Beginning to track file worker-d43306211ffb2bcce48ace3994b6705c3356b0685b2a17d2005ba058-ffffffff-453.out
2025-02-16 14:36:44,439	INFO log_monitor.py:273 -- Beginning to track file worker-15e8618de083cf182e080b9a0a1fa01c80d173cec86dc933ac3c8dd4-ffffffff-454.out
2025-02-16 14:36:44,439	INFO log_monitor.py:273 -- Beginning to track file worker-831de1e9e648d0f533bd9aadf31d58ecac1938d26aa165e17328cbb4-ffffffff-468.out
2025-02-16 14:36:44,439	INFO log_monitor.py:273 -- Beginning to track file worker-3478d9ae5cbefa35b51e7652587602791f98339149310251d48d608e-ffffffff-473.err
2025-02-16 14:36:44,439	INFO log_monitor.py:273 -- Beginning to track file worker-7cf36fc8ce8676de6a3d1d8ee28ba1ae19a584bdfe0c31c6086f0ee1-ffffffff-460.err
2025-02-16 14:36:44,439	INFO log_monitor.py:273 -- Beginning to track file worker-73b893b7c1cda11421fbb958dc8e9a278ac401c844eaac95788dea25-ffffffff-472.out
2025-02-16 14:36:44,439	INFO log_monitor.py:273 -- Beginning to track file worker-cdbced107d30f4558e87b18f1ce4569d82ca6344eb6e2e719d67ddc7-ffffffff-462.err
2025-02-16 14:36:44,439	INFO log_monitor.py:273 -- Beginning to track file worker-831de1e9e648d0f533bd9aadf31d58ecac1938d26aa165e17328cbb4-ffffffff-468.err
2025-02-16 14:36:44,439	INFO log_monitor.py:273 -- Beginning to track file worker-1f8daa717ae164fac15df4603dfded3722fbe8d84d409ad6d7b38673-ffffffff-458.err
2025-02-16 14:36:44,439	INFO log_monitor.py:273 -- Beginning to track file worker-7936e8fb8f91bf16e693b2affb13d64b28c468a54f2fdf3977cd9fed-ffffffff-457.err
2025-02-16 14:36:44,439	INFO log_monitor.py:273 -- Beginning to track file worker-9d77679fa08d7ef6f21131c847a27b8e4511086ba8f1930785a84b4b-ffffffff-459.err
2025-02-16 14:36:44,439	INFO log_monitor.py:273 -- Beginning to track file worker-3e93f0aac54b496fe1ee479aaabc664a12b3287d62fe2f82f2b14848-ffffffff-463.out
2025-02-16 14:36:44,439	INFO log_monitor.py:273 -- Beginning to track file worker-73b893b7c1cda11421fbb958dc8e9a278ac401c844eaac95788dea25-ffffffff-472.err
2025-02-16 14:36:44,439	INFO log_monitor.py:273 -- Beginning to track file worker-d67578c1c81da23cf66ff61606b752d8f727910929a63525ef94c64e-ffffffff-455.err
2025-02-16 14:36:44,439	INFO log_monitor.py:273 -- Beginning to track file worker-54b35d4675e9a28cbfc515be038491761470850278a30f279b161da3-ffffffff-456.err
2025-02-16 14:36:44,439	INFO log_monitor.py:273 -- Beginning to track file worker-4914a2c9adf6f7d0190ebfcf23dd04a8cf0158917af1f6a3e3081da5-ffffffff-469.err
2025-02-16 14:36:44,439	INFO log_monitor.py:273 -- Beginning to track file worker-a388413c4897eabcf3005d59f470068c35938572c747aa5b67076ffc-ffffffff-471.out
2025-02-16 14:36:44,540	INFO log_monitor.py:273 -- Beginning to track file worker-63646ed8d07b44acd61bfe5cf00d764074b952b709d4a92daa353046-ffffffff-467.out
2025-02-16 14:36:44,540	INFO log_monitor.py:273 -- Beginning to track file worker-9764f57e7f8d02989b15808cc7437bd211c2d21e6ecc57f422399ee3-ffffffff-474.out
2025-02-16 14:36:44,540	INFO log_monitor.py:273 -- Beginning to track file worker-9764f57e7f8d02989b15808cc7437bd211c2d21e6ecc57f422399ee3-ffffffff-474.err
2025-02-16 14:36:44,540	INFO log_monitor.py:273 -- Beginning to track file worker-63646ed8d07b44acd61bfe5cf00d764074b952b709d4a92daa353046-ffffffff-467.err
2025-02-16 14:36:45,346	INFO log_monitor.py:273 -- Beginning to track file worker-e9d15683a94134d1ec96cd6c8601cd9a6e65e868e19d7b9862b5e7bc-01000000-1639.err
2025-02-16 14:36:45,346	INFO log_monitor.py:273 -- Beginning to track file worker-e9d15683a94134d1ec96cd6c8601cd9a6e65e868e19d7b9862b5e7bc-01000000-1639.out
2025-02-16 14:37:21,017	INFO log_monitor.py:273 -- Beginning to track file worker-3f5d23ce0b14e1c4d82e9f434e047ad899938daafe7eee8014d1b88c-01000000-1744.out
2025-02-16 14:37:21,017	INFO log_monitor.py:273 -- Beginning to track file worker-3f5d23ce0b14e1c4d82e9f434e047ad899938daafe7eee8014d1b88c-01000000-1744.err
2025-02-16 14:38:06,913	INFO log_monitor.py:273 -- Beginning to track file worker-af9201db2f6112e40c9019e79a0aee88f5f96f1b30acd12ac9905fc3-01000000-1820.out
2025-02-16 14:38:06,913	INFO log_monitor.py:273 -- Beginning to track file worker-af9201db2f6112e40c9019e79a0aee88f5f96f1b30acd12ac9905fc3-01000000-1820.err
2025-02-16 14:38:36,986	INFO log_monitor.py:273 -- Beginning to track file worker-54766d136a665f9ff75fb48a3e8a4411459ca71cc77d20fe4758f487-01000000-1894.out
2025-02-16 14:38:36,987	INFO log_monitor.py:273 -- Beginning to track file worker-54766d136a665f9ff75fb48a3e8a4411459ca71cc77d20fe4758f487-01000000-1894.err
2025-02-16 14:38:55,014	INFO log_monitor.py:273 -- Beginning to track file worker-3c431757210b11cf57f478489aef19c3223dddd27a0c926976b75754-01000000-1966.err
2025-02-16 14:38:55,014	INFO log_monitor.py:273 -- Beginning to track file worker-3c431757210b11cf57f478489aef19c3223dddd27a0c926976b75754-01000000-1966.out
2025-02-16 14:39:07,052	INFO log_monitor.py:273 -- Beginning to track file worker-5a7535d51ac8fc925e23c73bb6cc367e9abe637ce5db13da0146d864-01000000-2039.err
2025-02-16 14:39:07,053	INFO log_monitor.py:273 -- Beginning to track file worker-5a7535d51ac8fc925e23c73bb6cc367e9abe637ce5db13da0146d864-01000000-2039.out
2025-02-16 14:39:29,969	INFO log_monitor.py:273 -- Beginning to track file worker-f82b0eb19878e77881fbe90a17465df270c42b497db7f97f3d2b5e19-01000000-2112.err
2025-02-16 14:39:29,969	INFO log_monitor.py:273 -- Beginning to track file worker-f82b0eb19878e77881fbe90a17465df270c42b497db7f97f3d2b5e19-01000000-2112.out
2025-02-16 14:39:41,033	INFO log_monitor.py:273 -- Beginning to track file worker-22b91d8a216c92729d694be05d544d27b9a28e0bdf5377ee5ca333d3-01000000-2184.out
2025-02-16 14:39:41,033	INFO log_monitor.py:273 -- Beginning to track file worker-22b91d8a216c92729d694be05d544d27b9a28e0bdf5377ee5ca333d3-01000000-2184.err
2025-02-16 14:40:19,099	INFO log_monitor.py:273 -- Beginning to track file worker-d7bb19be54a864d58f53e9b3d7722a793d2307cae32c91b35aeb3c48-01000000-2259.out
2025-02-16 14:40:19,100	INFO log_monitor.py:273 -- Beginning to track file worker-d7bb19be54a864d58f53e9b3d7722a793d2307cae32c91b35aeb3c48-01000000-2259.err
2025-02-16 14:40:54,204	INFO log_monitor.py:273 -- Beginning to track file worker-683c970d5ae9d6bf6e9355a52cf8501b88cc5973221ce8ea06de5ab5-01000000-2333.out
2025-02-16 14:40:54,204	INFO log_monitor.py:273 -- Beginning to track file worker-683c970d5ae9d6bf6e9355a52cf8501b88cc5973221ce8ea06de5ab5-01000000-2333.err
2025-02-16 14:41:18,221	INFO log_monitor.py:273 -- Beginning to track file worker-15e4eea3836f280d606806fae0b1daa7909baea6e4f2c6e1cd9edae9-01000000-2407.err
2025-02-16 14:41:18,221	INFO log_monitor.py:273 -- Beginning to track file worker-15e4eea3836f280d606806fae0b1daa7909baea6e4f2c6e1cd9edae9-01000000-2407.out
2025-02-16 14:41:54,397	INFO log_monitor.py:273 -- Beginning to track file worker-a7b30d84aca91fb02c45912d94165e1e795e5e38a52ac936b7b2cc6e-01000000-2481.out
2025-02-16 14:41:54,398	INFO log_monitor.py:273 -- Beginning to track file worker-a7b30d84aca91fb02c45912d94165e1e795e5e38a52ac936b7b2cc6e-01000000-2481.err
2025-02-16 14:42:28,219	INFO log_monitor.py:273 -- Beginning to track file worker-45eb9ee1b62582dc3b375034ef90947457b7aeed579c811915bc0836-01000000-2556.out
2025-02-16 14:42:28,219	INFO log_monitor.py:273 -- Beginning to track file worker-45eb9ee1b62582dc3b375034ef90947457b7aeed579c811915bc0836-01000000-2556.err
2025-02-16 14:42:47,213	INFO log_monitor.py:273 -- Beginning to track file worker-017d626f77b3c78cc4da038ec74fd753ea41f8935efadef8c763160a-01000000-2628.out
2025-02-16 14:42:47,214	INFO log_monitor.py:273 -- Beginning to track file worker-017d626f77b3c78cc4da038ec74fd753ea41f8935efadef8c763160a-01000000-2628.err
2025-02-16 14:43:14,337	INFO log_monitor.py:273 -- Beginning to track file worker-4060bac2274a6185deaef25b7b132d2460076c96369f3a4ab836d9c5-01000000-2702.err
2025-02-16 14:43:14,337	INFO log_monitor.py:273 -- Beginning to track file worker-4060bac2274a6185deaef25b7b132d2460076c96369f3a4ab836d9c5-01000000-2702.out
2025-02-16 14:43:41,339	INFO log_monitor.py:273 -- Beginning to track file worker-2ad596279a905a9cbeea543e1b7b507dd3e0638a6ef0dcb0237d30bd-01000000-2776.err
2025-02-16 14:43:41,339	INFO log_monitor.py:273 -- Beginning to track file worker-2ad596279a905a9cbeea543e1b7b507dd3e0638a6ef0dcb0237d30bd-01000000-2776.out
2025-02-16 14:44:14,390	INFO log_monitor.py:273 -- Beginning to track file worker-f737da384693b52ce53f3a51f20e18a6e67eaea6adf10d4185175724-01000000-2850.err
2025-02-16 14:44:14,390	INFO log_monitor.py:273 -- Beginning to track file worker-f737da384693b52ce53f3a51f20e18a6e67eaea6adf10d4185175724-01000000-2850.out
2025-02-16 14:44:32,377	INFO log_monitor.py:273 -- Beginning to track file worker-238cc68c56d426739b5f36f53425b1753ba1a8478c125bdee3d7309b-01000000-2923.err
2025-02-16 14:44:32,377	INFO log_monitor.py:273 -- Beginning to track file worker-238cc68c56d426739b5f36f53425b1753ba1a8478c125bdee3d7309b-01000000-2923.out
2025-02-16 14:44:52,356	INFO log_monitor.py:273 -- Beginning to track file worker-2c1fd33f6a5860eb51d515cfb9759eaed881d54628bc7f2e79a0f163-01000000-2996.err
2025-02-16 14:44:52,357	INFO log_monitor.py:273 -- Beginning to track file worker-2c1fd33f6a5860eb51d515cfb9759eaed881d54628bc7f2e79a0f163-01000000-2996.out
2025-02-16 14:45:09,417	INFO log_monitor.py:273 -- Beginning to track file worker-5303a99b57a68b52f8e6126558dd8bbf06d6794b5aabfc7758d94682-01000000-3069.err
2025-02-16 14:45:09,417	INFO log_monitor.py:273 -- Beginning to track file worker-5303a99b57a68b52f8e6126558dd8bbf06d6794b5aabfc7758d94682-01000000-3069.out
2025-02-16 14:45:43,491	INFO log_monitor.py:273 -- Beginning to track file worker-bd5eb8daf81aee7951f2cd5711686f293934c95461b81544998938a2-01000000-3143.out
2025-02-16 14:45:43,491	INFO log_monitor.py:273 -- Beginning to track file worker-bd5eb8daf81aee7951f2cd5711686f293934c95461b81544998938a2-01000000-3143.err
2025-02-16 14:46:04,443	INFO log_monitor.py:273 -- Beginning to track file worker-46e94d621100ee975fb2e2e359228465cf1293096bd918af6f072345-01000000-3216.out
2025-02-16 14:46:04,443	INFO log_monitor.py:273 -- Beginning to track file worker-46e94d621100ee975fb2e2e359228465cf1293096bd918af6f072345-01000000-3216.err
2025-02-16 14:46:30,430	INFO log_monitor.py:273 -- Beginning to track file worker-9454d5bf292306b79ab0d44218e26c171cd8f5e5d93a0b926baed24c-01000000-3290.err
2025-02-16 14:46:30,430	INFO log_monitor.py:273 -- Beginning to track file worker-9454d5bf292306b79ab0d44218e26c171cd8f5e5d93a0b926baed24c-01000000-3290.out
2025-02-16 14:46:46,434	INFO log_monitor.py:273 -- Beginning to track file worker-cc12e6fc1b55b38e845d3d6043ad029a005b9ed39acd5abcb7083792-01000000-3362.err
2025-02-16 14:46:46,434	INFO log_monitor.py:273 -- Beginning to track file worker-cc12e6fc1b55b38e845d3d6043ad029a005b9ed39acd5abcb7083792-01000000-3362.out
2025-02-16 14:47:03,471	INFO log_monitor.py:273 -- Beginning to track file worker-2ce0feb32c8e1c8bf93ffcb97a6c8c367a81529b9623328799fb1427-01000000-3435.out
2025-02-16 14:47:03,471	INFO log_monitor.py:273 -- Beginning to track file worker-2ce0feb32c8e1c8bf93ffcb97a6c8c367a81529b9623328799fb1427-01000000-3435.err
2025-02-16 14:47:36,454	INFO log_monitor.py:273 -- Beginning to track file worker-19c29552590f844e1427222a27b2294a0fec00f7802402e3aa0603db-01000000-3509.out
2025-02-16 14:47:36,454	INFO log_monitor.py:273 -- Beginning to track file worker-19c29552590f844e1427222a27b2294a0fec00f7802402e3aa0603db-01000000-3509.err
2025-02-16 14:47:56,505	INFO log_monitor.py:273 -- Beginning to track file worker-40beac3f48c0a57d0e4895f64b716fd928785c065d09ebfdc902f868-01000000-3582.out
2025-02-16 14:47:56,506	INFO log_monitor.py:273 -- Beginning to track file worker-40beac3f48c0a57d0e4895f64b716fd928785c065d09ebfdc902f868-01000000-3582.err
2025-02-16 14:48:31,662	INFO log_monitor.py:273 -- Beginning to track file worker-a7a157d51a713a6a5018878135157c1a6c7c86eba65741dbeef2e298-01000000-3657.err
2025-02-16 14:48:31,662	INFO log_monitor.py:273 -- Beginning to track file worker-a7a157d51a713a6a5018878135157c1a6c7c86eba65741dbeef2e298-01000000-3657.out
2025-02-16 14:49:21,725	INFO log_monitor.py:273 -- Beginning to track file worker-ef0418b432bb91bb813d3a927940060a4c3ad0ec9aae5ab1dd745189-01000000-3733.err
2025-02-16 14:49:21,725	INFO log_monitor.py:273 -- Beginning to track file worker-ef0418b432bb91bb813d3a927940060a4c3ad0ec9aae5ab1dd745189-01000000-3733.out
2025-02-16 14:49:39,635	INFO log_monitor.py:273 -- Beginning to track file worker-5f96082cfdbf39492c6729223816702bf9260522aa799cde51e2af19-01000000-3805.err
2025-02-16 14:49:39,635	INFO log_monitor.py:273 -- Beginning to track file worker-5f96082cfdbf39492c6729223816702bf9260522aa799cde51e2af19-01000000-3805.out
