[2025-02-16 14:49:21,660 I 3733 3733] core_worker_process.cc:107: Constructing CoreWorkerProcess. pid: 3733
[2025-02-16 14:49:21,662 I 3733 3733] io_service_pool.cc:35: IOServicePool is running with 1 io_service.
[2025-02-16 14:49:21,664 I 3733 3733] grpc_server.cc:134: worker server started, listening on port 44687.
[2025-02-16 14:49:21,665 I 3733 3733] core_worker.cc:275: Initializing worker at address: 172.19.0.2:44687 worker_id=ef0418b432bb91bb813d3a927940060a4c3ad0ec9aae5ab1dd745189 node_id=816adedaa007cdcc0cd45373f60e7db6274e62064526c8820e476a2e
[2025-02-16 14:49:21,665 I 3733 3733] task_event_buffer.cc:257: Reporting task events to GCS every 1000ms.
[2025-02-16 14:49:21,666 I 3733 3733] core_worker.cc:703: Adjusted worker niceness to 15
[2025-02-16 14:49:21,666 I 3733 3769] core_worker.cc:642: Event stats:


Global stats: 11 total (5 active)
Queueing time: mean = 10.925 us, max = 59.233 us, min = 19.099 us, total = 120.179 us
Execution time:  mean = 98.014 us, total = 1.078 ms
Event stats:
	PeriodicalRunner.RunFnPeriodically - 3 total (1 active, 1 running), Execution time: mean = 5.304 us, total = 15.911 us, Queueing time: mean = 26.435 us, max = 59.233 us, min = 20.072 us, total = 79.305 us
	ray::rpc::InternalPubSubGcsService.grpc_client.GcsSubscriberCommandBatch.OnReplyReceived - 1 total (0 active), Execution time: mean = 84.716 us, total = 84.716 us, Queueing time: mean = 19.099 us, max = 19.099 us, min = 19.099 us, total = 19.099 us
	ray::rpc::NodeInfoGcsService.grpc_client.GetAllNodeInfo - 1 total (1 active), Execution time: mean = 0.000 s, total = 0.000 s, Queueing time: mean = 0.000 s, max = -0.000 s, min = 9223372036.855 s, total = 0.000 s
	ray::rpc::InternalPubSubGcsService.grpc_client.GcsSubscriberPoll - 1 total (1 active), Execution time: mean = 0.000 s, total = 0.000 s, Queueing time: mean = 0.000 s, max = -0.000 s, min = 9223372036.855 s, total = 0.000 s
	Publisher.CheckDeadSubscribers - 1 total (1 active), Execution time: mean = 0.000 s, total = 0.000 s, Queueing time: mean = 0.000 s, max = -0.000 s, min = 9223372036.855 s, total = 0.000 s
	ray::rpc::WorkerInfoGcsService.grpc_client.AddWorkerInfo - 1 total (0 active), Execution time: mean = 436.169 us, total = 436.169 us, Queueing time: mean = 0.000 s, max = -0.000 s, min = 9223372036.855 s, total = 0.000 s
	ray::rpc::InternalPubSubGcsService.grpc_client.GcsSubscriberCommandBatch - 1 total (0 active), Execution time: mean = 528.799 us, total = 528.799 us, Queueing time: mean = 0.000 s, max = -0.000 s, min = 9223372036.855 s, total = 0.000 s
	CoreWorker.ExitIfParentRayletDies - 1 total (1 active), Execution time: mean = 0.000 s, total = 0.000 s, Queueing time: mean = 0.000 s, max = -0.000 s, min = 9223372036.855 s, total = 0.000 s
	ray::rpc::WorkerInfoGcsService.grpc_client.AddWorkerInfo.OnReplyReceived - 1 total (0 active), Execution time: mean = 12.561 us, total = 12.561 us, Queueing time: mean = 21.775 us, max = 21.775 us, min = 21.775 us, total = 21.775 us

-----------------
Task Event stats:

IO Service Stats:

Global stats: 4 total (1 active)
Queueing time: mean = 15.758 us, max = 33.795 us, min = 29.237 us, total = 63.032 us
Execution time:  mean = 171.693 us, total = 686.772 us
Event stats:
	ray::rpc::TaskInfoGcsService.grpc_client.AddTaskEventData - 1 total (0 active), Execution time: mean = 562.993 us, total = 562.993 us, Queueing time: mean = 0.000 s, max = -0.000 s, min = 9223372036.855 s, total = 0.000 s
	CoreWorker.deadline_timer.flush_task_events - 1 total (1 active), Execution time: mean = 0.000 s, total = 0.000 s, Queueing time: mean = 0.000 s, max = -0.000 s, min = 9223372036.855 s, total = 0.000 s
	ray::rpc::TaskInfoGcsService.grpc_client.AddTaskEventData.OnReplyReceived - 1 total (0 active), Execution time: mean = 18.975 us, total = 18.975 us, Queueing time: mean = 33.795 us, max = 33.795 us, min = 33.795 us, total = 33.795 us
	PeriodicalRunner.RunFnPeriodically - 1 total (0 active), Execution time: mean = 104.804 us, total = 104.804 us, Queueing time: mean = 29.237 us, max = 29.237 us, min = 29.237 us, total = 29.237 us
Other Stats:
	grpc_in_progress:0
	current number of task status events in buffer: 0
	current number of profile events in buffer: 0
	current number of dropped task attempts tracked: 0
	total task events sent: 0 MiB
	total number of task attempts sent: 0
	total number of task attempts dropped reported: 0
	total number of sent failure: 0
	num status task events dropped: 0
	num profile task events dropped: 0


[2025-02-16 14:49:21,667 I 3733 3733] event.cc:491: Ray Event initialized for CORE_WORKER
[2025-02-16 14:49:21,667 I 3733 3733] event.cc:491: Ray Event initialized for EXPORT_TASK
[2025-02-16 14:49:21,667 I 3733 3733] event.cc:322: Set ray event level to warning
[2025-02-16 14:49:21,667 I 3733 3769] accessor.cc:762: Received notification for node, IsAlive = 1 node_id=816adedaa007cdcc0cd45373f60e7db6274e62064526c8820e476a2e
[2025-02-16 14:49:21,667 I 3733 3769] core_worker.cc:4754: Number of alive nodes:1
[2025-02-16 14:49:21,668 I 3733 3733] actor_task_submitter.cc:73: Set actor max pending calls to -1 actor_id=88bf42d65298950e216d5a7401000000
[2025-02-16 14:49:21,669 I 3733 3733] core_worker.cc:3017: Creating actor actor_id=88bf42d65298950e216d5a7401000000
[2025-02-16 14:49:25,480 I 3733 3733] task_receiver.cc:196: Actor creation task finished, task_id: ffffffffffffffff88bf42d65298950e216d5a7401000000, actor_id: 88bf42d65298950e216d5a7401000000, actor_repr_name: _train_tune
[2025-02-16 14:49:31,701 W 3733 3764] metric_exporter.cc:105: [1] Export metrics to agent failed: RpcError: RPC Error message: failed to connect to all addresses; last error: UNKNOWN: ipv4:127.0.0.1:61040: Failed to connect to remote host: Connection refused; RPC Error details: . This won't affect Ray, but you can lose metrics from the cluster.
[2025-02-16 14:49:38,378 I 3733 3769] core_worker.cc:4177: Force kill actor request has received. exiting immediately... The actor is dead because all references to the actor were removed.
[2025-02-16 14:49:38,378 W 3733 3769] core_worker.cc:958: Force exit the process.  Details: Worker exits because the actor is killed. The actor is dead because all references to the actor were removed.
[2025-02-16 14:49:38,378 I 3733 3769] core_worker.cc:855: Try killing all child processes of this worker as it exits. Child process pids: 
[2025-02-16 14:49:38,379 I 3733 3769] core_worker.cc:814: Disconnecting to the raylet.
[2025-02-16 14:49:38,379 I 3733 3769] raylet_client.cc:162: RayletClient::Disconnect, exit_type=INTENDED_SYSTEM_EXIT, exit_detail=Worker exits because the actor is killed. The actor is dead because all references to the actor were removed., has creation_task_exception_pb_bytes=0
[2025-02-16 14:49:38,379 W 3733 3769] raylet_client.cc:187: IOError: Broken pipe [RayletClient] Failed to disconnect from raylet. This means the raylet the worker is connected is probably already dead.
