[2025-02-16 14:40:54,184 I 2333 2333] core_worker_process.cc:107: Constructing CoreWorkerProcess. pid: 2333
[2025-02-16 14:40:54,185 I 2333 2333] io_service_pool.cc:35: IOServicePool is running with 1 io_service.
[2025-02-16 14:40:54,188 I 2333 2333] grpc_server.cc:134: worker server started, listening on port 42683.
[2025-02-16 14:40:54,189 I 2333 2333] core_worker.cc:275: Initializing worker at address: 172.19.0.2:42683 worker_id=683c970d5ae9d6bf6e9355a52cf8501b88cc5973221ce8ea06de5ab5 node_id=816adedaa007cdcc0cd45373f60e7db6274e62064526c8820e476a2e
[2025-02-16 14:40:54,190 I 2333 2333] task_event_buffer.cc:257: Reporting task events to GCS every 1000ms.
[2025-02-16 14:40:54,191 I 2333 2333] core_worker.cc:703: Adjusted worker niceness to 15
[2025-02-16 14:40:54,191 I 2333 2369] core_worker.cc:642: Event stats:


Global stats: 11 total (5 active)
Queueing time: mean = 15.070 us, max = 53.059 us, min = 34.466 us, total = 165.774 us
Execution time:  mean = 126.862 us, total = 1.395 ms
Event stats:
	PeriodicalRunner.RunFnPeriodically - 3 total (1 active, 1 running), Execution time: mean = 4.620 us, total = 13.860 us, Queueing time: mean = 30.808 us, max = 53.059 us, min = 39.364 us, total = 92.423 us
	CoreWorker.ExitIfParentRayletDies - 1 total (1 active), Execution time: mean = 0.000 s, total = 0.000 s, Queueing time: mean = 0.000 s, max = -0.000 s, min = 9223372036.855 s, total = 0.000 s
	ray::rpc::InternalPubSubGcsService.grpc_client.GcsSubscriberCommandBatch - 1 total (0 active), Execution time: mean = 619.260 us, total = 619.260 us, Queueing time: mean = 0.000 s, max = -0.000 s, min = 9223372036.855 s, total = 0.000 s
	ray::rpc::WorkerInfoGcsService.grpc_client.AddWorkerInfo - 1 total (0 active), Execution time: mean = 623.255 us, total = 623.255 us, Queueing time: mean = 0.000 s, max = -0.000 s, min = 9223372036.855 s, total = 0.000 s
	ray::rpc::InternalPubSubGcsService.grpc_client.GcsSubscriberCommandBatch.OnReplyReceived - 1 total (0 active), Execution time: mean = 104.183 us, total = 104.183 us, Queueing time: mean = 38.885 us, max = 38.885 us, min = 38.885 us, total = 38.885 us
	ray::rpc::NodeInfoGcsService.grpc_client.GetAllNodeInfo - 1 total (1 active), Execution time: mean = 0.000 s, total = 0.000 s, Queueing time: mean = 0.000 s, max = -0.000 s, min = 9223372036.855 s, total = 0.000 s
	ray::rpc::InternalPubSubGcsService.grpc_client.GcsSubscriberPoll - 1 total (1 active), Execution time: mean = 0.000 s, total = 0.000 s, Queueing time: mean = 0.000 s, max = -0.000 s, min = 9223372036.855 s, total = 0.000 s
	Publisher.CheckDeadSubscribers - 1 total (1 active), Execution time: mean = 0.000 s, total = 0.000 s, Queueing time: mean = 0.000 s, max = -0.000 s, min = 9223372036.855 s, total = 0.000 s
	ray::rpc::WorkerInfoGcsService.grpc_client.AddWorkerInfo.OnReplyReceived - 1 total (0 active), Execution time: mean = 34.926 us, total = 34.926 us, Queueing time: mean = 34.466 us, max = 34.466 us, min = 34.466 us, total = 34.466 us

-----------------
Task Event stats:

IO Service Stats:

Global stats: 4 total (1 active)
Queueing time: mean = 26.384 us, max = 85.645 us, min = 19.891 us, total = 105.536 us
Execution time:  mean = 166.659 us, total = 666.634 us
Event stats:
	ray::rpc::TaskInfoGcsService.grpc_client.AddTaskEventData - 1 total (0 active), Execution time: mean = 558.488 us, total = 558.488 us, Queueing time: mean = 0.000 s, max = -0.000 s, min = 9223372036.855 s, total = 0.000 s
	PeriodicalRunner.RunFnPeriodically - 1 total (0 active), Execution time: mean = 93.117 us, total = 93.117 us, Queueing time: mean = 85.645 us, max = 85.645 us, min = 85.645 us, total = 85.645 us
	CoreWorker.deadline_timer.flush_task_events - 1 total (1 active), Execution time: mean = 0.000 s, total = 0.000 s, Queueing time: mean = 0.000 s, max = -0.000 s, min = 9223372036.855 s, total = 0.000 s
	ray::rpc::TaskInfoGcsService.grpc_client.AddTaskEventData.OnReplyReceived - 1 total (0 active), Execution time: mean = 15.029 us, total = 15.029 us, Queueing time: mean = 19.891 us, max = 19.891 us, min = 19.891 us, total = 19.891 us
Other Stats:
	grpc_in_progress:0
	current number of task status events in buffer: 0
	current number of profile events in buffer: 0
	current number of dropped task attempts tracked: 0
	total task events sent: 0 MiB
	total number of task attempts sent: 0
	total number of task attempts dropped reported: 0
	total number of sent failure: 0
	num status task events dropped: 0
	num profile task events dropped: 0


[2025-02-16 14:40:54,191 I 2333 2333] event.cc:491: Ray Event initialized for CORE_WORKER
[2025-02-16 14:40:54,191 I 2333 2333] event.cc:491: Ray Event initialized for EXPORT_TASK
[2025-02-16 14:40:54,191 I 2333 2369] accessor.cc:762: Received notification for node, IsAlive = 1 node_id=816adedaa007cdcc0cd45373f60e7db6274e62064526c8820e476a2e
[2025-02-16 14:40:54,191 I 2333 2333] event.cc:322: Set ray event level to warning
[2025-02-16 14:40:54,191 I 2333 2369] core_worker.cc:4754: Number of alive nodes:1
[2025-02-16 14:40:54,193 I 2333 2333] actor_task_submitter.cc:73: Set actor max pending calls to -1 actor_id=6a53effab0b744651020f61301000000
[2025-02-16 14:40:54,193 I 2333 2333] core_worker.cc:3017: Creating actor actor_id=6a53effab0b744651020f61301000000
[2025-02-16 14:40:58,093 I 2333 2333] task_receiver.cc:196: Actor creation task finished, task_id: ffffffffffffffff6a53effab0b744651020f61301000000, actor_id: 6a53effab0b744651020f61301000000, actor_repr_name: _train_tune
[2025-02-16 14:41:04,223 W 2333 2364] metric_exporter.cc:105: [1] Export metrics to agent failed: RpcError: RPC Error message: failed to connect to all addresses; last error: UNKNOWN: ipv4:127.0.0.1:61040: Failed to connect to remote host: Connection refused; RPC Error details: . This won't affect Ray, but you can lose metrics from the cluster.
[2025-02-16 14:41:17,303 I 2333 2369] core_worker.cc:4177: Force kill actor request has received. exiting immediately... The actor is dead because all references to the actor were removed.
[2025-02-16 14:41:17,303 W 2333 2369] core_worker.cc:958: Force exit the process.  Details: Worker exits because the actor is killed. The actor is dead because all references to the actor were removed.
[2025-02-16 14:41:17,304 I 2333 2369] core_worker.cc:855: Try killing all child processes of this worker as it exits. Child process pids: 
[2025-02-16 14:41:17,304 I 2333 2369] core_worker.cc:814: Disconnecting to the raylet.
[2025-02-16 14:41:17,304 I 2333 2369] raylet_client.cc:162: RayletClient::Disconnect, exit_type=INTENDED_SYSTEM_EXIT, exit_detail=Worker exits because the actor is killed. The actor is dead because all references to the actor were removed., has creation_task_exception_pb_bytes=0
[2025-02-16 14:41:17,304 W 2333 2369] raylet_client.cc:187: IOError: Broken pipe [RayletClient] Failed to disconnect from raylet. This means the raylet the worker is connected is probably already dead.
