[2025-02-16 14:46:04,432 I 3216 3216] core_worker_process.cc:107: Constructing CoreWorkerProcess. pid: 3216
[2025-02-16 14:46:04,434 I 3216 3216] io_service_pool.cc:35: IOServicePool is running with 1 io_service.
[2025-02-16 14:46:04,436 I 3216 3216] grpc_server.cc:134: worker server started, listening on port 36437.
[2025-02-16 14:46:04,437 I 3216 3216] core_worker.cc:275: Initializing worker at address: 172.19.0.2:36437 worker_id=46e94d621100ee975fb2e2e359228465cf1293096bd918af6f072345 node_id=816adedaa007cdcc0cd45373f60e7db6274e62064526c8820e476a2e
[2025-02-16 14:46:04,438 I 3216 3216] task_event_buffer.cc:257: Reporting task events to GCS every 1000ms.
[2025-02-16 14:46:04,439 I 3216 3216] core_worker.cc:703: Adjusted worker niceness to 15
[2025-02-16 14:46:04,439 I 3216 3252] core_worker.cc:642: Event stats:


Global stats: 11 total (5 active)
Queueing time: mean = 12.093 us, max = 65.644 us, min = 21.569 us, total = 133.024 us
Execution time:  mean = 101.838 us, total = 1.120 ms
Event stats:
	PeriodicalRunner.RunFnPeriodically - 3 total (1 active, 1 running), Execution time: mean = 5.012 us, total = 15.036 us, Queueing time: mean = 29.737 us, max = 65.644 us, min = 23.566 us, total = 89.210 us
	Publisher.CheckDeadSubscribers - 1 total (1 active), Execution time: mean = 0.000 s, total = 0.000 s, Queueing time: mean = 0.000 s, max = -0.000 s, min = 9223372036.855 s, total = 0.000 s
	ray::rpc::WorkerInfoGcsService.grpc_client.AddWorkerInfo.OnReplyReceived - 1 total (0 active), Execution time: mean = 46.598 us, total = 46.598 us, Queueing time: mean = 22.245 us, max = 22.245 us, min = 22.245 us, total = 22.245 us
	ray::rpc::NodeInfoGcsService.grpc_client.GetAllNodeInfo - 1 total (1 active), Execution time: mean = 0.000 s, total = 0.000 s, Queueing time: mean = 0.000 s, max = -0.000 s, min = 9223372036.855 s, total = 0.000 s
	ray::rpc::WorkerInfoGcsService.grpc_client.AddWorkerInfo - 1 total (0 active), Execution time: mean = 519.043 us, total = 519.043 us, Queueing time: mean = 0.000 s, max = -0.000 s, min = 9223372036.855 s, total = 0.000 s
	CoreWorker.ExitIfParentRayletDies - 1 total (1 active), Execution time: mean = 0.000 s, total = 0.000 s, Queueing time: mean = 0.000 s, max = -0.000 s, min = 9223372036.855 s, total = 0.000 s
	ray::rpc::InternalPubSubGcsService.grpc_client.GcsSubscriberPoll - 1 total (1 active), Execution time: mean = 0.000 s, total = 0.000 s, Queueing time: mean = 0.000 s, max = -0.000 s, min = 9223372036.855 s, total = 0.000 s
	ray::rpc::InternalPubSubGcsService.grpc_client.GcsSubscriberCommandBatch - 1 total (0 active), Execution time: mean = 444.584 us, total = 444.584 us, Queueing time: mean = 0.000 s, max = -0.000 s, min = 9223372036.855 s, total = 0.000 s
	ray::rpc::InternalPubSubGcsService.grpc_client.GcsSubscriberCommandBatch.OnReplyReceived - 1 total (0 active), Execution time: mean = 94.956 us, total = 94.956 us, Queueing time: mean = 21.569 us, max = 21.569 us, min = 21.569 us, total = 21.569 us

-----------------
Task Event stats:

IO Service Stats:

Global stats: 4 total (1 active)
Queueing time: mean = 13.652 us, max = 31.326 us, min = 23.283 us, total = 54.609 us
Execution time:  mean = 144.986 us, total = 579.943 us
Event stats:
	CoreWorker.deadline_timer.flush_task_events - 1 total (1 active), Execution time: mean = 0.000 s, total = 0.000 s, Queueing time: mean = 0.000 s, max = -0.000 s, min = 9223372036.855 s, total = 0.000 s
	PeriodicalRunner.RunFnPeriodically - 1 total (0 active), Execution time: mean = 133.306 us, total = 133.306 us, Queueing time: mean = 23.283 us, max = 23.283 us, min = 23.283 us, total = 23.283 us
	ray::rpc::TaskInfoGcsService.grpc_client.AddTaskEventData - 1 total (0 active), Execution time: mean = 430.193 us, total = 430.193 us, Queueing time: mean = 0.000 s, max = -0.000 s, min = 9223372036.855 s, total = 0.000 s
	ray::rpc::TaskInfoGcsService.grpc_client.AddTaskEventData.OnReplyReceived - 1 total (0 active), Execution time: mean = 16.444 us, total = 16.444 us, Queueing time: mean = 31.326 us, max = 31.326 us, min = 31.326 us, total = 31.326 us
Other Stats:
	grpc_in_progress:0
	current number of task status events in buffer: 0
	current number of profile events in buffer: 0
	current number of dropped task attempts tracked: 0
	total task events sent: 0 MiB
	total number of task attempts sent: 0
	total number of task attempts dropped reported: 0
	total number of sent failure: 0
	num status task events dropped: 0
	num profile task events dropped: 0


[2025-02-16 14:46:04,439 I 3216 3216] event.cc:491: Ray Event initialized for CORE_WORKER
[2025-02-16 14:46:04,439 I 3216 3216] event.cc:491: Ray Event initialized for EXPORT_TASK
[2025-02-16 14:46:04,439 I 3216 3216] event.cc:322: Set ray event level to warning
[2025-02-16 14:46:04,439 I 3216 3252] accessor.cc:762: Received notification for node, IsAlive = 1 node_id=816adedaa007cdcc0cd45373f60e7db6274e62064526c8820e476a2e
[2025-02-16 14:46:04,439 I 3216 3252] core_worker.cc:4754: Number of alive nodes:1
[2025-02-16 14:46:04,441 I 3216 3216] actor_task_submitter.cc:73: Set actor max pending calls to -1 actor_id=626452df3ffaf844b0e3b7cd01000000
[2025-02-16 14:46:04,441 I 3216 3216] core_worker.cc:3017: Creating actor actor_id=626452df3ffaf844b0e3b7cd01000000
[2025-02-16 14:46:07,565 I 3216 3216] task_receiver.cc:196: Actor creation task finished, task_id: ffffffffffffffff626452df3ffaf844b0e3b7cd01000000, actor_id: 626452df3ffaf844b0e3b7cd01000000, actor_repr_name: _train_tune
[2025-02-16 14:46:14,442 W 3216 3247] metric_exporter.cc:105: [1] Export metrics to agent failed: RpcError: RPC Error message: failed to connect to all addresses; last error: UNKNOWN: ipv4:127.0.0.1:61040: Failed to connect to remote host: Connection refused; RPC Error details: . This won't affect Ray, but you can lose metrics from the cluster.
[2025-02-16 14:46:29,216 I 3216 3252] core_worker.cc:4177: Force kill actor request has received. exiting immediately... The actor is dead because all references to the actor were removed.
[2025-02-16 14:46:29,216 W 3216 3252] core_worker.cc:958: Force exit the process.  Details: Worker exits because the actor is killed. The actor is dead because all references to the actor were removed.
[2025-02-16 14:46:29,217 I 3216 3252] core_worker.cc:855: Try killing all child processes of this worker as it exits. Child process pids: 
[2025-02-16 14:46:29,217 I 3216 3252] core_worker.cc:814: Disconnecting to the raylet.
[2025-02-16 14:46:29,217 I 3216 3252] raylet_client.cc:162: RayletClient::Disconnect, exit_type=INTENDED_SYSTEM_EXIT, exit_detail=Worker exits because the actor is killed. The actor is dead because all references to the actor were removed., has creation_task_exception_pb_bytes=0
[2025-02-16 14:46:29,217 W 3216 3252] raylet_client.cc:187: IOError: Broken pipe [RayletClient] Failed to disconnect from raylet. This means the raylet the worker is connected is probably already dead.
