[2025-02-16 14:41:54,291 I 2481 2481] core_worker_process.cc:107: Constructing CoreWorkerProcess. pid: 2481
[2025-02-16 14:41:54,293 I 2481 2481] io_service_pool.cc:35: IOServicePool is running with 1 io_service.
[2025-02-16 14:41:54,296 I 2481 2481] grpc_server.cc:134: worker server started, listening on port 41753.
[2025-02-16 14:41:54,297 I 2481 2481] core_worker.cc:275: Initializing worker at address: 172.19.0.2:41753 worker_id=a7b30d84aca91fb02c45912d94165e1e795e5e38a52ac936b7b2cc6e node_id=816adedaa007cdcc0cd45373f60e7db6274e62064526c8820e476a2e
[2025-02-16 14:41:54,298 I 2481 2481] task_event_buffer.cc:257: Reporting task events to GCS every 1000ms.
[2025-02-16 14:41:54,299 I 2481 2481] core_worker.cc:703: Adjusted worker niceness to 15
[2025-02-16 14:41:54,299 I 2481 2517] core_worker.cc:642: Event stats:


Global stats: 9 total (5 active)
Queueing time: mean = 19.270 us, max = 67.475 us, min = 49.751 us, total = 173.431 us
Execution time:  mean = 79.127 us, total = 712.140 us
Event stats:
	PeriodicalRunner.RunFnPeriodically - 3 total (1 active, 1 running), Execution time: mean = 8.086 us, total = 24.258 us, Queueing time: mean = 41.227 us, max = 67.475 us, min = 56.205 us, total = 123.680 us
	CoreWorker.ExitIfParentRayletDies - 1 total (1 active), Execution time: mean = 0.000 s, total = 0.000 s, Queueing time: mean = 0.000 s, max = -0.000 s, min = 9223372036.855 s, total = 0.000 s
	ray::rpc::WorkerInfoGcsService.grpc_client.AddWorkerInfo - 1 total (0 active), Execution time: mean = 656.809 us, total = 656.809 us, Queueing time: mean = 0.000 s, max = -0.000 s, min = 9223372036.855 s, total = 0.000 s
	ray::rpc::InternalPubSubGcsService.grpc_client.GcsSubscriberCommandBatch - 1 total (1 active), Execution time: mean = 0.000 s, total = 0.000 s, Queueing time: mean = 0.000 s, max = -0.000 s, min = 9223372036.855 s, total = 0.000 s
	ray::rpc::InternalPubSubGcsService.grpc_client.GcsSubscriberPoll - 1 total (1 active), Execution time: mean = 0.000 s, total = 0.000 s, Queueing time: mean = 0.000 s, max = -0.000 s, min = 9223372036.855 s, total = 0.000 s
	ray::rpc::WorkerInfoGcsService.grpc_client.AddWorkerInfo.OnReplyReceived - 1 total (0 active), Execution time: mean = 31.073 us, total = 31.073 us, Queueing time: mean = 49.751 us, max = 49.751 us, min = 49.751 us, total = 49.751 us
	Publisher.CheckDeadSubscribers - 1 total (1 active), Execution time: mean = 0.000 s, total = 0.000 s, Queueing time: mean = 0.000 s, max = -0.000 s, min = 9223372036.855 s, total = 0.000 s

-----------------
Task Event stats:

IO Service Stats:

Global stats: 4 total (1 active)
Queueing time: mean = 45.041 us, max = 153.454 us, min = 26.709 us, total = 180.163 us
Execution time:  mean = 166.678 us, total = 666.712 us
Event stats:
	CoreWorker.deadline_timer.flush_task_events - 1 total (1 active), Execution time: mean = 0.000 s, total = 0.000 s, Queueing time: mean = 0.000 s, max = -0.000 s, min = 9223372036.855 s, total = 0.000 s
	ray::rpc::TaskInfoGcsService.grpc_client.AddTaskEventData.OnReplyReceived - 1 total (0 active), Execution time: mean = 23.044 us, total = 23.044 us, Queueing time: mean = 153.454 us, max = 153.454 us, min = 153.454 us, total = 153.454 us
	ray::rpc::TaskInfoGcsService.grpc_client.AddTaskEventData - 1 total (0 active), Execution time: mean = 530.119 us, total = 530.119 us, Queueing time: mean = 0.000 s, max = -0.000 s, min = 9223372036.855 s, total = 0.000 s
	PeriodicalRunner.RunFnPeriodically - 1 total (0 active), Execution time: mean = 113.549 us, total = 113.549 us, Queueing time: mean = 26.709 us, max = 26.709 us, min = 26.709 us, total = 26.709 us
Other Stats:
	grpc_in_progress:0
	current number of task status events in buffer: 0
	current number of profile events in buffer: 0
	current number of dropped task attempts tracked: 0
	total task events sent: 0 MiB
	total number of task attempts sent: 0
	total number of task attempts dropped reported: 0
	total number of sent failure: 0
	num status task events dropped: 0
	num profile task events dropped: 0


[2025-02-16 14:41:54,299 I 2481 2481] event.cc:491: Ray Event initialized for CORE_WORKER
[2025-02-16 14:41:54,299 I 2481 2481] event.cc:491: Ray Event initialized for EXPORT_TASK
[2025-02-16 14:41:54,299 I 2481 2481] event.cc:322: Set ray event level to warning
[2025-02-16 14:41:54,300 I 2481 2517] accessor.cc:762: Received notification for node, IsAlive = 1 node_id=816adedaa007cdcc0cd45373f60e7db6274e62064526c8820e476a2e
[2025-02-16 14:41:54,300 I 2481 2517] core_worker.cc:4754: Number of alive nodes:1
[2025-02-16 14:41:54,301 I 2481 2481] actor_task_submitter.cc:73: Set actor max pending calls to -1 actor_id=062069299c7c385c770f388801000000
[2025-02-16 14:41:54,301 I 2481 2481] core_worker.cc:3017: Creating actor actor_id=062069299c7c385c770f388801000000
[2025-02-16 14:41:57,849 I 2481 2481] task_receiver.cc:196: Actor creation task finished, task_id: ffffffffffffffff062069299c7c385c770f388801000000, actor_id: 062069299c7c385c770f388801000000, actor_repr_name: _train_tune
[2025-02-16 14:42:04,329 W 2481 2512] metric_exporter.cc:105: [1] Export metrics to agent failed: RpcError: RPC Error message: failed to connect to all addresses; last error: UNKNOWN: ipv4:127.0.0.1:61040: Failed to connect to remote host: Connection refused; RPC Error details: . This won't affect Ray, but you can lose metrics from the cluster.
[2025-02-16 14:42:27,420 I 2481 2517] core_worker.cc:4177: Force kill actor request has received. exiting immediately... The actor is dead because all references to the actor were removed.
[2025-02-16 14:42:27,420 W 2481 2517] core_worker.cc:958: Force exit the process.  Details: Worker exits because the actor is killed. The actor is dead because all references to the actor were removed.
[2025-02-16 14:42:27,421 I 2481 2517] core_worker.cc:855: Try killing all child processes of this worker as it exits. Child process pids: 
[2025-02-16 14:42:27,422 I 2481 2517] core_worker.cc:814: Disconnecting to the raylet.
[2025-02-16 14:42:27,422 I 2481 2517] raylet_client.cc:162: RayletClient::Disconnect, exit_type=INTENDED_SYSTEM_EXIT, exit_detail=Worker exits because the actor is killed. The actor is dead because all references to the actor were removed., has creation_task_exception_pb_bytes=0
[2025-02-16 14:42:27,422 W 2481 2517] raylet_client.cc:187: IOError: Broken pipe [RayletClient] Failed to disconnect from raylet. This means the raylet the worker is connected is probably already dead.
