[2025-02-16 14:43:14,277 I 2702 2702] core_worker_process.cc:107: Constructing CoreWorkerProcess. pid: 2702
[2025-02-16 14:43:14,279 I 2702 2702] io_service_pool.cc:35: IOServicePool is running with 1 io_service.
[2025-02-16 14:43:14,281 I 2702 2702] grpc_server.cc:134: worker server started, listening on port 46737.
[2025-02-16 14:43:14,282 I 2702 2702] core_worker.cc:275: Initializing worker at address: 172.19.0.2:46737 worker_id=4060bac2274a6185deaef25b7b132d2460076c96369f3a4ab836d9c5 node_id=816adedaa007cdcc0cd45373f60e7db6274e62064526c8820e476a2e
[2025-02-16 14:43:14,282 I 2702 2702] task_event_buffer.cc:257: Reporting task events to GCS every 1000ms.
[2025-02-16 14:43:14,283 I 2702 2702] core_worker.cc:703: Adjusted worker niceness to 15
[2025-02-16 14:43:14,283 I 2702 2738] core_worker.cc:642: Event stats:


Global stats: 11 total (5 active)
Queueing time: mean = 14.318 us, max = 54.747 us, min = 21.643 us, total = 157.497 us
Execution time:  mean = 108.868 us, total = 1.198 ms
Event stats:
	PeriodicalRunner.RunFnPeriodically - 3 total (1 active, 1 running), Execution time: mean = 4.910 us, total = 14.730 us, Queueing time: mean = 35.554 us, max = 54.747 us, min = 51.916 us, total = 106.663 us
	CoreWorker.ExitIfParentRayletDies - 1 total (1 active), Execution time: mean = 0.000 s, total = 0.000 s, Queueing time: mean = 0.000 s, max = -0.000 s, min = 9223372036.855 s, total = 0.000 s
	ray::rpc::InternalPubSubGcsService.grpc_client.GcsSubscriberCommandBatch - 1 total (0 active), Execution time: mean = 491.280 us, total = 491.280 us, Queueing time: mean = 0.000 s, max = -0.000 s, min = 9223372036.855 s, total = 0.000 s
	Publisher.CheckDeadSubscribers - 1 total (1 active), Execution time: mean = 0.000 s, total = 0.000 s, Queueing time: mean = 0.000 s, max = -0.000 s, min = 9223372036.855 s, total = 0.000 s
	ray::rpc::NodeInfoGcsService.grpc_client.GetAllNodeInfo - 1 total (1 active), Execution time: mean = 0.000 s, total = 0.000 s, Queueing time: mean = 0.000 s, max = -0.000 s, min = 9223372036.855 s, total = 0.000 s
	ray::rpc::WorkerInfoGcsService.grpc_client.AddWorkerInfo - 1 total (0 active), Execution time: mean = 532.185 us, total = 532.185 us, Queueing time: mean = 0.000 s, max = -0.000 s, min = 9223372036.855 s, total = 0.000 s
	ray::rpc::InternalPubSubGcsService.grpc_client.GcsSubscriberCommandBatch.OnReplyReceived - 1 total (0 active), Execution time: mean = 132.457 us, total = 132.457 us, Queueing time: mean = 21.643 us, max = 21.643 us, min = 21.643 us, total = 21.643 us
	ray::rpc::WorkerInfoGcsService.grpc_client.AddWorkerInfo.OnReplyReceived - 1 total (0 active), Execution time: mean = 26.896 us, total = 26.896 us, Queueing time: mean = 29.191 us, max = 29.191 us, min = 29.191 us, total = 29.191 us
	ray::rpc::InternalPubSubGcsService.grpc_client.GcsSubscriberPoll - 1 total (1 active), Execution time: mean = 0.000 s, total = 0.000 s, Queueing time: mean = 0.000 s, max = -0.000 s, min = 9223372036.855 s, total = 0.000 s

-----------------
Task Event stats:

IO Service Stats:

Global stats: 4 total (1 active)
Queueing time: mean = 20.233 us, max = 47.309 us, min = 33.624 us, total = 80.933 us
Execution time:  mean = 147.772 us, total = 591.086 us
Event stats:
	CoreWorker.deadline_timer.flush_task_events - 1 total (1 active), Execution time: mean = 0.000 s, total = 0.000 s, Queueing time: mean = 0.000 s, max = -0.000 s, min = 9223372036.855 s, total = 0.000 s
	ray::rpc::TaskInfoGcsService.grpc_client.AddTaskEventData - 1 total (0 active), Execution time: mean = 412.226 us, total = 412.226 us, Queueing time: mean = 0.000 s, max = -0.000 s, min = 9223372036.855 s, total = 0.000 s
	PeriodicalRunner.RunFnPeriodically - 1 total (0 active), Execution time: mean = 162.378 us, total = 162.378 us, Queueing time: mean = 47.309 us, max = 47.309 us, min = 47.309 us, total = 47.309 us
	ray::rpc::TaskInfoGcsService.grpc_client.AddTaskEventData.OnReplyReceived - 1 total (0 active), Execution time: mean = 16.482 us, total = 16.482 us, Queueing time: mean = 33.624 us, max = 33.624 us, min = 33.624 us, total = 33.624 us
Other Stats:
	grpc_in_progress:0
	current number of task status events in buffer: 0
	current number of profile events in buffer: 0
	current number of dropped task attempts tracked: 0
	total task events sent: 0 MiB
	total number of task attempts sent: 0
	total number of task attempts dropped reported: 0
	total number of sent failure: 0
	num status task events dropped: 0
	num profile task events dropped: 0


[2025-02-16 14:43:14,284 I 2702 2702] event.cc:491: Ray Event initialized for CORE_WORKER
[2025-02-16 14:43:14,284 I 2702 2702] event.cc:491: Ray Event initialized for EXPORT_TASK
[2025-02-16 14:43:14,284 I 2702 2702] event.cc:322: Set ray event level to warning
[2025-02-16 14:43:14,284 I 2702 2738] accessor.cc:762: Received notification for node, IsAlive = 1 node_id=816adedaa007cdcc0cd45373f60e7db6274e62064526c8820e476a2e
[2025-02-16 14:43:14,284 I 2702 2738] core_worker.cc:4754: Number of alive nodes:1
[2025-02-16 14:43:14,285 I 2702 2702] actor_task_submitter.cc:73: Set actor max pending calls to -1 actor_id=6be3a868ebfed7ee1646d89e01000000
[2025-02-16 14:43:14,286 I 2702 2702] core_worker.cc:3017: Creating actor actor_id=6be3a868ebfed7ee1646d89e01000000
[2025-02-16 14:43:17,465 I 2702 2702] task_receiver.cc:196: Actor creation task finished, task_id: ffffffffffffffff6be3a868ebfed7ee1646d89e01000000, actor_id: 6be3a868ebfed7ee1646d89e01000000, actor_repr_name: _train_tune
[2025-02-16 14:43:24,299 W 2702 2733] metric_exporter.cc:105: [1] Export metrics to agent failed: RpcError: RPC Error message: failed to connect to all addresses; last error: UNKNOWN: ipv4:127.0.0.1:61040: Failed to connect to remote host: Connection refused; RPC Error details: . This won't affect Ray, but you can lose metrics from the cluster.
[2025-02-16 14:43:40,370 I 2702 2738] core_worker.cc:4177: Force kill actor request has received. exiting immediately... The actor is dead because all references to the actor were removed.
[2025-02-16 14:43:40,370 W 2702 2738] core_worker.cc:958: Force exit the process.  Details: Worker exits because the actor is killed. The actor is dead because all references to the actor were removed.
[2025-02-16 14:43:40,371 I 2702 2738] core_worker.cc:855: Try killing all child processes of this worker as it exits. Child process pids: 
[2025-02-16 14:43:40,372 I 2702 2738] core_worker.cc:814: Disconnecting to the raylet.
[2025-02-16 14:43:40,372 I 2702 2738] raylet_client.cc:162: RayletClient::Disconnect, exit_type=INTENDED_SYSTEM_EXIT, exit_detail=Worker exits because the actor is killed. The actor is dead because all references to the actor were removed., has creation_task_exception_pb_bytes=0
[2025-02-16 14:43:40,372 W 2702 2738] raylet_client.cc:187: IOError: Broken pipe [RayletClient] Failed to disconnect from raylet. This means the raylet the worker is connected is probably already dead.
