[2025-02-16 14:39:29,957 I 2112 2112] core_worker_process.cc:107: Constructing CoreWorkerProcess. pid: 2112
[2025-02-16 14:39:29,959 I 2112 2112] io_service_pool.cc:35: IOServicePool is running with 1 io_service.
[2025-02-16 14:39:29,960 I 2112 2112] grpc_server.cc:134: worker server started, listening on port 34997.
[2025-02-16 14:39:29,961 I 2112 2112] core_worker.cc:275: Initializing worker at address: 172.19.0.2:34997 worker_id=f82b0eb19878e77881fbe90a17465df270c42b497db7f97f3d2b5e19 node_id=816adedaa007cdcc0cd45373f60e7db6274e62064526c8820e476a2e
[2025-02-16 14:39:29,962 I 2112 2112] task_event_buffer.cc:257: Reporting task events to GCS every 1000ms.
[2025-02-16 14:39:29,963 I 2112 2112] core_worker.cc:703: Adjusted worker niceness to 15
[2025-02-16 14:39:29,963 I 2112 2148] core_worker.cc:642: Event stats:


Global stats: 15 total (9 active)
Queueing time: mean = 7.528 us, max = 46.354 us, min = 20.144 us, total = 112.915 us
Execution time:  mean = 67.945 us, total = 1.019 ms
Event stats:
	PeriodicalRunner.RunFnPeriodically - 7 total (5 active, 1 running), Execution time: mean = 2.024 us, total = 14.169 us, Queueing time: mean = 10.253 us, max = 46.354 us, min = 25.416 us, total = 71.770 us
	ray::rpc::WorkerInfoGcsService.grpc_client.AddWorkerInfo - 1 total (0 active), Execution time: mean = 425.636 us, total = 425.636 us, Queueing time: mean = 0.000 s, max = -0.000 s, min = 9223372036.855 s, total = 0.000 s
	ray::rpc::InternalPubSubGcsService.grpc_client.GcsSubscriberCommandBatch - 1 total (0 active), Execution time: mean = 476.363 us, total = 476.363 us, Queueing time: mean = 0.000 s, max = -0.000 s, min = 9223372036.855 s, total = 0.000 s
	ray::rpc::InternalPubSubGcsService.grpc_client.GcsSubscriberPoll - 1 total (1 active), Execution time: mean = 0.000 s, total = 0.000 s, Queueing time: mean = 0.000 s, max = -0.000 s, min = 9223372036.855 s, total = 0.000 s
	ray::rpc::InternalPubSubGcsService.grpc_client.GcsSubscriberCommandBatch.OnReplyReceived - 1 total (0 active), Execution time: mean = 88.706 us, total = 88.706 us, Queueing time: mean = 21.001 us, max = 21.001 us, min = 21.001 us, total = 21.001 us
	ray::rpc::WorkerInfoGcsService.grpc_client.AddWorkerInfo.OnReplyReceived - 1 total (0 active), Execution time: mean = 14.297 us, total = 14.297 us, Queueing time: mean = 20.144 us, max = 20.144 us, min = 20.144 us, total = 20.144 us
	Publisher.CheckDeadSubscribers - 1 total (1 active), Execution time: mean = 0.000 s, total = 0.000 s, Queueing time: mean = 0.000 s, max = -0.000 s, min = 9223372036.855 s, total = 0.000 s
	ray::rpc::NodeInfoGcsService.grpc_client.GetAllNodeInfo - 1 total (1 active), Execution time: mean = 0.000 s, total = 0.000 s, Queueing time: mean = 0.000 s, max = -0.000 s, min = 9223372036.855 s, total = 0.000 s
	CoreWorker.ExitIfParentRayletDies - 1 total (1 active), Execution time: mean = 0.000 s, total = 0.000 s, Queueing time: mean = 0.000 s, max = -0.000 s, min = 9223372036.855 s, total = 0.000 s

-----------------
Task Event stats:

IO Service Stats:

Global stats: 4 total (1 active)
Queueing time: mean = 11.250 us, max = 26.595 us, min = 18.404 us, total = 44.999 us
Execution time:  mean = 125.698 us, total = 502.791 us
Event stats:
	ray::rpc::TaskInfoGcsService.grpc_client.AddTaskEventData.OnReplyReceived - 1 total (0 active), Execution time: mean = 16.071 us, total = 16.071 us, Queueing time: mean = 26.595 us, max = 26.595 us, min = 26.595 us, total = 26.595 us
	CoreWorker.deadline_timer.flush_task_events - 1 total (1 active), Execution time: mean = 0.000 s, total = 0.000 s, Queueing time: mean = 0.000 s, max = -0.000 s, min = 9223372036.855 s, total = 0.000 s
	PeriodicalRunner.RunFnPeriodically - 1 total (0 active), Execution time: mean = 128.658 us, total = 128.658 us, Queueing time: mean = 18.404 us, max = 18.404 us, min = 18.404 us, total = 18.404 us
	ray::rpc::TaskInfoGcsService.grpc_client.AddTaskEventData - 1 total (0 active), Execution time: mean = 358.062 us, total = 358.062 us, Queueing time: mean = 0.000 s, max = -0.000 s, min = 9223372036.855 s, total = 0.000 s
Other Stats:
	grpc_in_progress:0
	current number of task status events in buffer: 0
	current number of profile events in buffer: 0
	current number of dropped task attempts tracked: 0
	total task events sent: 0 MiB
	total number of task attempts sent: 0
	total number of task attempts dropped reported: 0
	total number of sent failure: 0
	num status task events dropped: 0
	num profile task events dropped: 0


[2025-02-16 14:39:29,963 I 2112 2112] event.cc:491: Ray Event initialized for CORE_WORKER
[2025-02-16 14:39:29,963 I 2112 2112] event.cc:491: Ray Event initialized for EXPORT_TASK
[2025-02-16 14:39:29,963 I 2112 2112] event.cc:322: Set ray event level to warning
[2025-02-16 14:39:29,963 I 2112 2148] accessor.cc:762: Received notification for node, IsAlive = 1 node_id=816adedaa007cdcc0cd45373f60e7db6274e62064526c8820e476a2e
[2025-02-16 14:39:29,963 I 2112 2148] core_worker.cc:4754: Number of alive nodes:1
[2025-02-16 14:39:29,964 I 2112 2112] actor_task_submitter.cc:73: Set actor max pending calls to -1 actor_id=32fe531dfcf2dc1226331bac01000000
[2025-02-16 14:39:29,965 I 2112 2112] core_worker.cc:3017: Creating actor actor_id=32fe531dfcf2dc1226331bac01000000
[2025-02-16 14:39:33,345 I 2112 2112] task_receiver.cc:196: Actor creation task finished, task_id: ffffffffffffffff32fe531dfcf2dc1226331bac01000000, actor_id: 32fe531dfcf2dc1226331bac01000000, actor_repr_name: _train_tune
[2025-02-16 14:39:39,968 W 2112 2143] metric_exporter.cc:105: [1] Export metrics to agent failed: RpcError: RPC Error message: failed to connect to all addresses; last error: UNKNOWN: ipv4:127.0.0.1:61040: Failed to connect to remote host: Connection refused; RPC Error details: . This won't affect Ray, but you can lose metrics from the cluster.
[2025-02-16 14:39:40,177 I 2112 2148] core_worker.cc:4177: Force kill actor request has received. exiting immediately... The actor is dead because all references to the actor were removed.
[2025-02-16 14:39:40,177 W 2112 2148] core_worker.cc:958: Force exit the process.  Details: Worker exits because the actor is killed. The actor is dead because all references to the actor were removed.
[2025-02-16 14:39:40,177 I 2112 2148] core_worker.cc:855: Try killing all child processes of this worker as it exits. Child process pids: 
[2025-02-16 14:39:40,179 I 2112 2148] core_worker.cc:814: Disconnecting to the raylet.
[2025-02-16 14:39:40,179 I 2112 2148] raylet_client.cc:162: RayletClient::Disconnect, exit_type=INTENDED_SYSTEM_EXIT, exit_detail=Worker exits because the actor is killed. The actor is dead because all references to the actor were removed., has creation_task_exception_pb_bytes=0
[2025-02-16 14:39:40,179 W 2112 2148] raylet_client.cc:187: IOError: Broken pipe [RayletClient] Failed to disconnect from raylet. This means the raylet the worker is connected is probably already dead.
