[2025-02-16 14:43:41,267 I 2776 2776] core_worker_process.cc:107: Constructing CoreWorkerProcess. pid: 2776
[2025-02-16 14:43:41,269 I 2776 2776] io_service_pool.cc:35: IOServicePool is running with 1 io_service.
[2025-02-16 14:43:41,271 I 2776 2776] grpc_server.cc:134: worker server started, listening on port 33747.
[2025-02-16 14:43:41,272 I 2776 2776] core_worker.cc:275: Initializing worker at address: 172.19.0.2:33747 worker_id=2ad596279a905a9cbeea543e1b7b507dd3e0638a6ef0dcb0237d30bd node_id=816adedaa007cdcc0cd45373f60e7db6274e62064526c8820e476a2e
[2025-02-16 14:43:41,273 I 2776 2776] task_event_buffer.cc:257: Reporting task events to GCS every 1000ms.
[2025-02-16 14:43:41,274 I 2776 2776] core_worker.cc:703: Adjusted worker niceness to 15
[2025-02-16 14:43:41,274 I 2776 2812] core_worker.cc:642: Event stats:


Global stats: 11 total (5 active)
Queueing time: mean = 12.141 us, max = 64.378 us, min = 20.494 us, total = 133.551 us
Execution time:  mean = 117.860 us, total = 1.296 ms
Event stats:
	PeriodicalRunner.RunFnPeriodically - 3 total (1 active, 1 running), Execution time: mean = 5.529 us, total = 16.587 us, Queueing time: mean = 29.349 us, max = 64.378 us, min = 23.670 us, total = 88.048 us
	ray::rpc::NodeInfoGcsService.grpc_client.GetAllNodeInfo - 1 total (1 active), Execution time: mean = 0.000 s, total = 0.000 s, Queueing time: mean = 0.000 s, max = -0.000 s, min = 9223372036.855 s, total = 0.000 s
	CoreWorker.ExitIfParentRayletDies - 1 total (1 active), Execution time: mean = 0.000 s, total = 0.000 s, Queueing time: mean = 0.000 s, max = -0.000 s, min = 9223372036.855 s, total = 0.000 s
	ray::rpc::InternalPubSubGcsService.grpc_client.GcsSubscriberCommandBatch.OnReplyReceived - 1 total (0 active), Execution time: mean = 94.881 us, total = 94.881 us, Queueing time: mean = 20.494 us, max = 20.494 us, min = 20.494 us, total = 20.494 us
	ray::rpc::WorkerInfoGcsService.grpc_client.AddWorkerInfo - 1 total (0 active), Execution time: mean = 648.279 us, total = 648.279 us, Queueing time: mean = 0.000 s, max = -0.000 s, min = 9223372036.855 s, total = 0.000 s
	ray::rpc::WorkerInfoGcsService.grpc_client.AddWorkerInfo.OnReplyReceived - 1 total (0 active), Execution time: mean = 22.543 us, total = 22.543 us, Queueing time: mean = 25.009 us, max = 25.009 us, min = 25.009 us, total = 25.009 us
	ray::rpc::InternalPubSubGcsService.grpc_client.GcsSubscriberPoll - 1 total (1 active), Execution time: mean = 0.000 s, total = 0.000 s, Queueing time: mean = 0.000 s, max = -0.000 s, min = 9223372036.855 s, total = 0.000 s
	Publisher.CheckDeadSubscribers - 1 total (1 active), Execution time: mean = 0.000 s, total = 0.000 s, Queueing time: mean = 0.000 s, max = -0.000 s, min = 9223372036.855 s, total = 0.000 s
	ray::rpc::InternalPubSubGcsService.grpc_client.GcsSubscriberCommandBatch - 1 total (0 active), Execution time: mean = 514.166 us, total = 514.166 us, Queueing time: mean = 0.000 s, max = -0.000 s, min = 9223372036.855 s, total = 0.000 s

-----------------
Task Event stats:

IO Service Stats:

Global stats: 4 total (1 active)
Queueing time: mean = 12.425 us, max = 26.420 us, min = 23.282 us, total = 49.702 us
Execution time:  mean = 143.765 us, total = 575.060 us
Event stats:
	ray::rpc::TaskInfoGcsService.grpc_client.AddTaskEventData - 1 total (0 active), Execution time: mean = 412.546 us, total = 412.546 us, Queueing time: mean = 0.000 s, max = -0.000 s, min = 9223372036.855 s, total = 0.000 s
	ray::rpc::TaskInfoGcsService.grpc_client.AddTaskEventData.OnReplyReceived - 1 total (0 active), Execution time: mean = 14.306 us, total = 14.306 us, Queueing time: mean = 23.282 us, max = 23.282 us, min = 23.282 us, total = 23.282 us
	PeriodicalRunner.RunFnPeriodically - 1 total (0 active), Execution time: mean = 148.208 us, total = 148.208 us, Queueing time: mean = 26.420 us, max = 26.420 us, min = 26.420 us, total = 26.420 us
	CoreWorker.deadline_timer.flush_task_events - 1 total (1 active), Execution time: mean = 0.000 s, total = 0.000 s, Queueing time: mean = 0.000 s, max = -0.000 s, min = 9223372036.855 s, total = 0.000 s
Other Stats:
	grpc_in_progress:0
	current number of task status events in buffer: 0
	current number of profile events in buffer: 0
	current number of dropped task attempts tracked: 0
	total task events sent: 0 MiB
	total number of task attempts sent: 0
	total number of task attempts dropped reported: 0
	total number of sent failure: 0
	num status task events dropped: 0
	num profile task events dropped: 0


[2025-02-16 14:43:41,274 I 2776 2776] event.cc:491: Ray Event initialized for CORE_WORKER
[2025-02-16 14:43:41,274 I 2776 2776] event.cc:491: Ray Event initialized for EXPORT_TASK
[2025-02-16 14:43:41,274 I 2776 2776] event.cc:322: Set ray event level to warning
[2025-02-16 14:43:41,274 I 2776 2812] accessor.cc:762: Received notification for node, IsAlive = 1 node_id=816adedaa007cdcc0cd45373f60e7db6274e62064526c8820e476a2e
[2025-02-16 14:43:41,274 I 2776 2812] core_worker.cc:4754: Number of alive nodes:1
[2025-02-16 14:43:41,276 I 2776 2776] actor_task_submitter.cc:73: Set actor max pending calls to -1 actor_id=9551b6d29d27519b83c6cd0101000000
[2025-02-16 14:43:41,276 I 2776 2776] core_worker.cc:3017: Creating actor actor_id=9551b6d29d27519b83c6cd0101000000
[2025-02-16 14:43:44,780 I 2776 2776] task_receiver.cc:196: Actor creation task finished, task_id: ffffffffffffffff9551b6d29d27519b83c6cd0101000000, actor_id: 9551b6d29d27519b83c6cd0101000000, actor_repr_name: _train_tune
[2025-02-16 14:43:51,278 W 2776 2807] metric_exporter.cc:105: [1] Export metrics to agent failed: RpcError: RPC Error message: failed to connect to all addresses; last error: UNKNOWN: ipv4:127.0.0.1:61040: Failed to connect to remote host: Connection refused; RPC Error details: . This won't affect Ray, but you can lose metrics from the cluster.
[2025-02-16 14:44:12,593 I 2776 2812] core_worker.cc:4177: Force kill actor request has received. exiting immediately... The actor is dead because all references to the actor were removed.
[2025-02-16 14:44:12,593 W 2776 2812] core_worker.cc:958: Force exit the process.  Details: Worker exits because the actor is killed. The actor is dead because all references to the actor were removed.
[2025-02-16 14:44:12,593 I 2776 2812] core_worker.cc:855: Try killing all child processes of this worker as it exits. Child process pids: 
[2025-02-16 14:44:12,594 I 2776 2812] core_worker.cc:814: Disconnecting to the raylet.
[2025-02-16 14:44:12,594 I 2776 2812] raylet_client.cc:162: RayletClient::Disconnect, exit_type=INTENDED_SYSTEM_EXIT, exit_detail=Worker exits because the actor is killed. The actor is dead because all references to the actor were removed., has creation_task_exception_pb_bytes=0
[2025-02-16 14:44:12,594 W 2776 2812] raylet_client.cc:187: IOError: Broken pipe [RayletClient] Failed to disconnect from raylet. This means the raylet the worker is connected is probably already dead.
