[2025-02-16 14:40:18,995 I 2259 2259] core_worker_process.cc:107: Constructing CoreWorkerProcess. pid: 2259
[2025-02-16 14:40:18,996 I 2259 2259] io_service_pool.cc:35: IOServicePool is running with 1 io_service.
[2025-02-16 14:40:18,998 I 2259 2259] grpc_server.cc:134: worker server started, listening on port 45475.
[2025-02-16 14:40:18,999 I 2259 2259] core_worker.cc:275: Initializing worker at address: 172.19.0.2:45475 worker_id=d7bb19be54a864d58f53e9b3d7722a793d2307cae32c91b35aeb3c48 node_id=816adedaa007cdcc0cd45373f60e7db6274e62064526c8820e476a2e
[2025-02-16 14:40:19,000 I 2259 2259] task_event_buffer.cc:257: Reporting task events to GCS every 1000ms.
[2025-02-16 14:40:19,001 I 2259 2259] core_worker.cc:703: Adjusted worker niceness to 15
[2025-02-16 14:40:19,001 I 2259 2295] core_worker.cc:642: Event stats:


Global stats: 11 total (5 active)
Queueing time: mean = 10.260 us, max = 56.287 us, min = 17.722 us, total = 112.865 us
Execution time:  mean = 90.420 us, total = 994.615 us
Event stats:
	PeriodicalRunner.RunFnPeriodically - 3 total (1 active, 1 running), Execution time: mean = 4.713 us, total = 14.139 us, Queueing time: mean = 24.670 us, max = 56.287 us, min = 17.722 us, total = 74.009 us
	CoreWorker.ExitIfParentRayletDies - 1 total (1 active), Execution time: mean = 0.000 s, total = 0.000 s, Queueing time: mean = 0.000 s, max = -0.000 s, min = 9223372036.855 s, total = 0.000 s
	Publisher.CheckDeadSubscribers - 1 total (1 active), Execution time: mean = 0.000 s, total = 0.000 s, Queueing time: mean = 0.000 s, max = -0.000 s, min = 9223372036.855 s, total = 0.000 s
	ray::rpc::InternalPubSubGcsService.grpc_client.GcsSubscriberPoll - 1 total (1 active), Execution time: mean = 0.000 s, total = 0.000 s, Queueing time: mean = 0.000 s, max = -0.000 s, min = 9223372036.855 s, total = 0.000 s
	ray::rpc::InternalPubSubGcsService.grpc_client.GcsSubscriberCommandBatch - 1 total (0 active), Execution time: mean = 412.422 us, total = 412.422 us, Queueing time: mean = 0.000 s, max = -0.000 s, min = 9223372036.855 s, total = 0.000 s
	ray::rpc::WorkerInfoGcsService.grpc_client.AddWorkerInfo - 1 total (0 active), Execution time: mean = 462.550 us, total = 462.550 us, Queueing time: mean = 0.000 s, max = -0.000 s, min = 9223372036.855 s, total = 0.000 s
	ray::rpc::InternalPubSubGcsService.grpc_client.GcsSubscriberCommandBatch.OnReplyReceived - 1 total (0 active), Execution time: mean = 86.853 us, total = 86.853 us, Queueing time: mean = 20.798 us, max = 20.798 us, min = 20.798 us, total = 20.798 us
	ray::rpc::WorkerInfoGcsService.grpc_client.AddWorkerInfo.OnReplyReceived - 1 total (0 active), Execution time: mean = 18.651 us, total = 18.651 us, Queueing time: mean = 18.058 us, max = 18.058 us, min = 18.058 us, total = 18.058 us
	ray::rpc::NodeInfoGcsService.grpc_client.GetAllNodeInfo - 1 total (1 active), Execution time: mean = 0.000 s, total = 0.000 s, Queueing time: mean = 0.000 s, max = -0.000 s, min = 9223372036.855 s, total = 0.000 s

-----------------
Task Event stats:

IO Service Stats:

Global stats: 4 total (1 active)
Queueing time: mean = 9.267 us, max = 19.592 us, min = 17.475 us, total = 37.067 us
Execution time:  mean = 120.683 us, total = 482.734 us
Event stats:
	CoreWorker.deadline_timer.flush_task_events - 1 total (1 active), Execution time: mean = 0.000 s, total = 0.000 s, Queueing time: mean = 0.000 s, max = -0.000 s, min = 9223372036.855 s, total = 0.000 s
	PeriodicalRunner.RunFnPeriodically - 1 total (0 active), Execution time: mean = 118.557 us, total = 118.557 us, Queueing time: mean = 17.475 us, max = 17.475 us, min = 17.475 us, total = 17.475 us
	ray::rpc::TaskInfoGcsService.grpc_client.AddTaskEventData.OnReplyReceived - 1 total (0 active), Execution time: mean = 12.511 us, total = 12.511 us, Queueing time: mean = 19.592 us, max = 19.592 us, min = 19.592 us, total = 19.592 us
	ray::rpc::TaskInfoGcsService.grpc_client.AddTaskEventData - 1 total (0 active), Execution time: mean = 351.666 us, total = 351.666 us, Queueing time: mean = 0.000 s, max = -0.000 s, min = 9223372036.855 s, total = 0.000 s
Other Stats:
	grpc_in_progress:0
	current number of task status events in buffer: 0
	current number of profile events in buffer: 0
	current number of dropped task attempts tracked: 0
	total task events sent: 0 MiB
	total number of task attempts sent: 0
	total number of task attempts dropped reported: 0
	total number of sent failure: 0
	num status task events dropped: 0
	num profile task events dropped: 0


[2025-02-16 14:40:19,001 I 2259 2259] event.cc:491: Ray Event initialized for CORE_WORKER
[2025-02-16 14:40:19,001 I 2259 2259] event.cc:491: Ray Event initialized for EXPORT_TASK
[2025-02-16 14:40:19,001 I 2259 2259] event.cc:322: Set ray event level to warning
[2025-02-16 14:40:19,001 I 2259 2295] accessor.cc:762: Received notification for node, IsAlive = 1 node_id=816adedaa007cdcc0cd45373f60e7db6274e62064526c8820e476a2e
[2025-02-16 14:40:19,001 I 2259 2295] core_worker.cc:4754: Number of alive nodes:1
[2025-02-16 14:40:19,002 I 2259 2259] actor_task_submitter.cc:73: Set actor max pending calls to -1 actor_id=0eb183222d1948ebcd38fbbd01000000
[2025-02-16 14:40:19,002 I 2259 2259] core_worker.cc:3017: Creating actor actor_id=0eb183222d1948ebcd38fbbd01000000
[2025-02-16 14:40:22,251 I 2259 2259] task_receiver.cc:196: Actor creation task finished, task_id: ffffffffffffffff0eb183222d1948ebcd38fbbd01000000, actor_id: 0eb183222d1948ebcd38fbbd01000000, actor_repr_name: _train_tune
[2025-02-16 14:40:29,036 W 2259 2290] metric_exporter.cc:105: [1] Export metrics to agent failed: RpcError: RPC Error message: failed to connect to all addresses; last error: UNKNOWN: ipv4:127.0.0.1:61040: Failed to connect to remote host: Connection refused; RPC Error details: . This won't affect Ray, but you can lose metrics from the cluster.
[2025-02-16 14:40:53,486 I 2259 2295] core_worker.cc:4177: Force kill actor request has received. exiting immediately... The actor is dead because all references to the actor were removed.
[2025-02-16 14:40:53,486 W 2259 2295] core_worker.cc:958: Force exit the process.  Details: Worker exits because the actor is killed. The actor is dead because all references to the actor were removed.
[2025-02-16 14:40:53,487 I 2259 2295] core_worker.cc:855: Try killing all child processes of this worker as it exits. Child process pids: 
[2025-02-16 14:40:53,488 I 2259 2295] core_worker.cc:814: Disconnecting to the raylet.
[2025-02-16 14:40:53,488 I 2259 2295] raylet_client.cc:162: RayletClient::Disconnect, exit_type=INTENDED_SYSTEM_EXIT, exit_detail=Worker exits because the actor is killed. The actor is dead because all references to the actor were removed., has creation_task_exception_pb_bytes=0
[2025-02-16 14:40:53,488 W 2259 2295] raylet_client.cc:187: IOError: Broken pipe [RayletClient] Failed to disconnect from raylet. This means the raylet the worker is connected is probably already dead.
