[2025-02-16 14:44:52,256 I 2996 2996] core_worker_process.cc:107: Constructing CoreWorkerProcess. pid: 2996
[2025-02-16 14:44:52,258 I 2996 2996] io_service_pool.cc:35: IOServicePool is running with 1 io_service.
[2025-02-16 14:44:52,259 I 2996 2996] grpc_server.cc:134: worker server started, listening on port 45933.
[2025-02-16 14:44:52,260 I 2996 2996] core_worker.cc:275: Initializing worker at address: 172.19.0.2:45933 worker_id=2c1fd33f6a5860eb51d515cfb9759eaed881d54628bc7f2e79a0f163 node_id=816adedaa007cdcc0cd45373f60e7db6274e62064526c8820e476a2e
[2025-02-16 14:44:52,261 I 2996 2996] task_event_buffer.cc:257: Reporting task events to GCS every 1000ms.
[2025-02-16 14:44:52,262 I 2996 2996] core_worker.cc:703: Adjusted worker niceness to 15
[2025-02-16 14:44:52,262 I 2996 3032] core_worker.cc:642: Event stats:


Global stats: 11 total (5 active)
Queueing time: mean = 15.985 us, max = 59.711 us, min = 25.693 us, total = 175.833 us
Execution time:  mean = 126.946 us, total = 1.396 ms
Event stats:
	PeriodicalRunner.RunFnPeriodically - 3 total (1 active, 1 running), Execution time: mean = 4.946 us, total = 14.838 us, Queueing time: mean = 35.439 us, max = 59.711 us, min = 46.605 us, total = 106.316 us
	ray::rpc::WorkerInfoGcsService.grpc_client.AddWorkerInfo - 1 total (0 active), Execution time: mean = 617.607 us, total = 617.607 us, Queueing time: mean = 0.000 s, max = -0.000 s, min = 9223372036.855 s, total = 0.000 s
	ray::rpc::WorkerInfoGcsService.grpc_client.AddWorkerInfo.OnReplyReceived - 1 total (0 active), Execution time: mean = 60.367 us, total = 60.367 us, Queueing time: mean = 43.824 us, max = 43.824 us, min = 43.824 us, total = 43.824 us
	ray::rpc::InternalPubSubGcsService.grpc_client.GcsSubscriberPoll - 1 total (1 active), Execution time: mean = 0.000 s, total = 0.000 s, Queueing time: mean = 0.000 s, max = -0.000 s, min = 9223372036.855 s, total = 0.000 s
	ray::rpc::NodeInfoGcsService.grpc_client.GetAllNodeInfo - 1 total (1 active), Execution time: mean = 0.000 s, total = 0.000 s, Queueing time: mean = 0.000 s, max = -0.000 s, min = 9223372036.855 s, total = 0.000 s
	ray::rpc::InternalPubSubGcsService.grpc_client.GcsSubscriberCommandBatch - 1 total (0 active), Execution time: mean = 622.777 us, total = 622.777 us, Queueing time: mean = 0.000 s, max = -0.000 s, min = 9223372036.855 s, total = 0.000 s
	ray::rpc::InternalPubSubGcsService.grpc_client.GcsSubscriberCommandBatch.OnReplyReceived - 1 total (0 active), Execution time: mean = 80.812 us, total = 80.812 us, Queueing time: mean = 25.693 us, max = 25.693 us, min = 25.693 us, total = 25.693 us
	CoreWorker.ExitIfParentRayletDies - 1 total (1 active), Execution time: mean = 0.000 s, total = 0.000 s, Queueing time: mean = 0.000 s, max = -0.000 s, min = 9223372036.855 s, total = 0.000 s
	Publisher.CheckDeadSubscribers - 1 total (1 active), Execution time: mean = 0.000 s, total = 0.000 s, Queueing time: mean = 0.000 s, max = -0.000 s, min = 9223372036.855 s, total = 0.000 s

-----------------
Task Event stats:

IO Service Stats:

Global stats: 4 total (1 active)
Queueing time: mean = 17.537 us, max = 49.089 us, min = 21.057 us, total = 70.146 us
Execution time:  mean = 166.850 us, total = 667.400 us
Event stats:
	CoreWorker.deadline_timer.flush_task_events - 1 total (1 active), Execution time: mean = 0.000 s, total = 0.000 s, Queueing time: mean = 0.000 s, max = -0.000 s, min = 9223372036.855 s, total = 0.000 s
	PeriodicalRunner.RunFnPeriodically - 1 total (0 active), Execution time: mean = 63.687 us, total = 63.687 us, Queueing time: mean = 49.089 us, max = 49.089 us, min = 49.089 us, total = 49.089 us
	ray::rpc::TaskInfoGcsService.grpc_client.AddTaskEventData - 1 total (0 active), Execution time: mean = 591.886 us, total = 591.886 us, Queueing time: mean = 0.000 s, max = -0.000 s, min = 9223372036.855 s, total = 0.000 s
	ray::rpc::TaskInfoGcsService.grpc_client.AddTaskEventData.OnReplyReceived - 1 total (0 active), Execution time: mean = 11.827 us, total = 11.827 us, Queueing time: mean = 21.057 us, max = 21.057 us, min = 21.057 us, total = 21.057 us
Other Stats:
	grpc_in_progress:0
	current number of task status events in buffer: 0
	current number of profile events in buffer: 0
	current number of dropped task attempts tracked: 0
	total task events sent: 0 MiB
	total number of task attempts sent: 0
	total number of task attempts dropped reported: 0
	total number of sent failure: 0
	num status task events dropped: 0
	num profile task events dropped: 0


[2025-02-16 14:44:52,262 I 2996 2996] event.cc:491: Ray Event initialized for CORE_WORKER
[2025-02-16 14:44:52,262 I 2996 2996] event.cc:491: Ray Event initialized for EXPORT_TASK
[2025-02-16 14:44:52,262 I 2996 2996] event.cc:322: Set ray event level to warning
[2025-02-16 14:44:52,263 I 2996 3032] accessor.cc:762: Received notification for node, IsAlive = 1 node_id=816adedaa007cdcc0cd45373f60e7db6274e62064526c8820e476a2e
[2025-02-16 14:44:52,263 I 2996 3032] core_worker.cc:4754: Number of alive nodes:1
[2025-02-16 14:44:52,264 I 2996 2996] actor_task_submitter.cc:73: Set actor max pending calls to -1 actor_id=809aa4375f7816a5b5566bfe01000000
[2025-02-16 14:44:52,264 I 2996 2996] core_worker.cc:3017: Creating actor actor_id=809aa4375f7816a5b5566bfe01000000
[2025-02-16 14:44:55,513 I 2996 2996] task_receiver.cc:196: Actor creation task finished, task_id: ffffffffffffffff809aa4375f7816a5b5566bfe01000000, actor_id: 809aa4375f7816a5b5566bfe01000000, actor_repr_name: _train_tune
[2025-02-16 14:45:02,290 W 2996 3027] metric_exporter.cc:105: [1] Export metrics to agent failed: RpcError: RPC Error message: failed to connect to all addresses; last error: UNKNOWN: ipv4:127.0.0.1:61040: Failed to connect to remote host: Connection refused; RPC Error details: . This won't affect Ray, but you can lose metrics from the cluster.
[2025-02-16 14:45:08,498 I 2996 3032] core_worker.cc:4177: Force kill actor request has received. exiting immediately... The actor is dead because all references to the actor were removed.
[2025-02-16 14:45:08,498 W 2996 3032] core_worker.cc:958: Force exit the process.  Details: Worker exits because the actor is killed. The actor is dead because all references to the actor were removed.
[2025-02-16 14:45:08,499 I 2996 3032] core_worker.cc:855: Try killing all child processes of this worker as it exits. Child process pids: 
[2025-02-16 14:45:08,499 I 2996 3032] core_worker.cc:814: Disconnecting to the raylet.
[2025-02-16 14:45:08,499 I 2996 3032] raylet_client.cc:162: RayletClient::Disconnect, exit_type=INTENDED_SYSTEM_EXIT, exit_detail=Worker exits because the actor is killed. The actor is dead because all references to the actor were removed., has creation_task_exception_pb_bytes=0
[2025-02-16 14:45:08,499 W 2996 3032] raylet_client.cc:187: IOError: Broken pipe [RayletClient] Failed to disconnect from raylet. This means the raylet the worker is connected is probably already dead.
