[2025-02-16 14:42:47,188 I 2628 2628] core_worker_process.cc:107: Constructing CoreWorkerProcess. pid: 2628
[2025-02-16 14:42:47,190 I 2628 2628] io_service_pool.cc:35: IOServicePool is running with 1 io_service.
[2025-02-16 14:42:47,192 I 2628 2628] grpc_server.cc:134: worker server started, listening on port 42401.
[2025-02-16 14:42:47,193 I 2628 2628] core_worker.cc:275: Initializing worker at address: 172.19.0.2:42401 worker_id=017d626f77b3c78cc4da038ec74fd753ea41f8935efadef8c763160a node_id=816adedaa007cdcc0cd45373f60e7db6274e62064526c8820e476a2e
[2025-02-16 14:42:47,193 I 2628 2628] task_event_buffer.cc:257: Reporting task events to GCS every 1000ms.
[2025-02-16 14:42:47,194 I 2628 2628] core_worker.cc:703: Adjusted worker niceness to 15
[2025-02-16 14:42:47,194 I 2628 2665] core_worker.cc:642: Event stats:


Global stats: 11 total (5 active)
Queueing time: mean = 14.479 us, max = 82.834 us, min = 21.286 us, total = 159.267 us
Execution time:  mean = 89.328 us, total = 982.606 us
Event stats:
	PeriodicalRunner.RunFnPeriodically - 3 total (1 active, 1 running), Execution time: mean = 5.058 us, total = 15.175 us, Queueing time: mean = 34.707 us, max = 82.834 us, min = 21.286 us, total = 104.120 us
	ray::rpc::WorkerInfoGcsService.grpc_client.AddWorkerInfo.OnReplyReceived - 1 total (0 active), Execution time: mean = 21.779 us, total = 21.779 us, Queueing time: mean = 30.973 us, max = 30.973 us, min = 30.973 us, total = 30.973 us
	ray::rpc::WorkerInfoGcsService.grpc_client.AddWorkerInfo - 1 total (0 active), Execution time: mean = 511.767 us, total = 511.767 us, Queueing time: mean = 0.000 s, max = -0.000 s, min = 9223372036.855 s, total = 0.000 s
	ray::rpc::NodeInfoGcsService.grpc_client.GetAllNodeInfo - 1 total (1 active), Execution time: mean = 0.000 s, total = 0.000 s, Queueing time: mean = 0.000 s, max = -0.000 s, min = 9223372036.855 s, total = 0.000 s
	ray::rpc::InternalPubSubGcsService.grpc_client.GcsSubscriberCommandBatch - 1 total (0 active), Execution time: mean = 344.997 us, total = 344.997 us, Queueing time: mean = 0.000 s, max = -0.000 s, min = 9223372036.855 s, total = 0.000 s
	ray::rpc::InternalPubSubGcsService.grpc_client.GcsSubscriberPoll - 1 total (1 active), Execution time: mean = 0.000 s, total = 0.000 s, Queueing time: mean = 0.000 s, max = -0.000 s, min = 9223372036.855 s, total = 0.000 s
	ray::rpc::InternalPubSubGcsService.grpc_client.GcsSubscriberCommandBatch.OnReplyReceived - 1 total (0 active), Execution time: mean = 88.888 us, total = 88.888 us, Queueing time: mean = 24.174 us, max = 24.174 us, min = 24.174 us, total = 24.174 us
	CoreWorker.ExitIfParentRayletDies - 1 total (1 active), Execution time: mean = 0.000 s, total = 0.000 s, Queueing time: mean = 0.000 s, max = -0.000 s, min = 9223372036.855 s, total = 0.000 s
	Publisher.CheckDeadSubscribers - 1 total (1 active), Execution time: mean = 0.000 s, total = 0.000 s, Queueing time: mean = 0.000 s, max = -0.000 s, min = 9223372036.855 s, total = 0.000 s

-----------------
Task Event stats:

IO Service Stats:

Global stats: 4 total (1 active)
Queueing time: mean = 17.442 us, max = 52.185 us, min = 17.581 us, total = 69.766 us
Execution time:  mean = 150.146 us, total = 600.584 us
Event stats:
	PeriodicalRunner.RunFnPeriodically - 1 total (0 active), Execution time: mean = 124.663 us, total = 124.663 us, Queueing time: mean = 17.581 us, max = 17.581 us, min = 17.581 us, total = 17.581 us
	ray::rpc::TaskInfoGcsService.grpc_client.AddTaskEventData - 1 total (0 active), Execution time: mean = 462.211 us, total = 462.211 us, Queueing time: mean = 0.000 s, max = -0.000 s, min = 9223372036.855 s, total = 0.000 s
	ray::rpc::TaskInfoGcsService.grpc_client.AddTaskEventData.OnReplyReceived - 1 total (0 active), Execution time: mean = 13.710 us, total = 13.710 us, Queueing time: mean = 52.185 us, max = 52.185 us, min = 52.185 us, total = 52.185 us
	CoreWorker.deadline_timer.flush_task_events - 1 total (1 active), Execution time: mean = 0.000 s, total = 0.000 s, Queueing time: mean = 0.000 s, max = -0.000 s, min = 9223372036.855 s, total = 0.000 s
Other Stats:
	grpc_in_progress:0
	current number of task status events in buffer: 0
	current number of profile events in buffer: 0
	current number of dropped task attempts tracked: 0
	total task events sent: 0 MiB
	total number of task attempts sent: 0
	total number of task attempts dropped reported: 0
	total number of sent failure: 0
	num status task events dropped: 0
	num profile task events dropped: 0


[2025-02-16 14:42:47,194 I 2628 2628] event.cc:491: Ray Event initialized for CORE_WORKER
[2025-02-16 14:42:47,194 I 2628 2628] event.cc:491: Ray Event initialized for EXPORT_TASK
[2025-02-16 14:42:47,194 I 2628 2628] event.cc:322: Set ray event level to warning
[2025-02-16 14:42:47,194 I 2628 2665] accessor.cc:762: Received notification for node, IsAlive = 1 node_id=816adedaa007cdcc0cd45373f60e7db6274e62064526c8820e476a2e
[2025-02-16 14:42:47,194 I 2628 2665] core_worker.cc:4754: Number of alive nodes:1
[2025-02-16 14:42:47,196 I 2628 2628] actor_task_submitter.cc:73: Set actor max pending calls to -1 actor_id=4f188283909d74fd36b3902001000000
[2025-02-16 14:42:47,196 I 2628 2628] core_worker.cc:3017: Creating actor actor_id=4f188283909d74fd36b3902001000000
[2025-02-16 14:42:50,720 I 2628 2628] task_receiver.cc:196: Actor creation task finished, task_id: ffffffffffffffff4f188283909d74fd36b3902001000000, actor_id: 4f188283909d74fd36b3902001000000, actor_repr_name: _train_tune
[2025-02-16 14:42:57,225 W 2628 2660] metric_exporter.cc:105: [1] Export metrics to agent failed: RpcError: RPC Error message: failed to connect to all addresses; last error: UNKNOWN: ipv4:127.0.0.1:61040: Failed to connect to remote host: Connection refused; RPC Error details: . This won't affect Ray, but you can lose metrics from the cluster.
[2025-02-16 14:43:12,614 I 2628 2665] core_worker.cc:4177: Force kill actor request has received. exiting immediately... The actor is dead because all references to the actor were removed.
[2025-02-16 14:43:12,614 W 2628 2665] core_worker.cc:958: Force exit the process.  Details: Worker exits because the actor is killed. The actor is dead because all references to the actor were removed.
[2025-02-16 14:43:12,615 I 2628 2665] core_worker.cc:855: Try killing all child processes of this worker as it exits. Child process pids: 
[2025-02-16 14:43:12,615 I 2628 2665] core_worker.cc:814: Disconnecting to the raylet.
[2025-02-16 14:43:12,615 I 2628 2665] raylet_client.cc:162: RayletClient::Disconnect, exit_type=INTENDED_SYSTEM_EXIT, exit_detail=Worker exits because the actor is killed. The actor is dead because all references to the actor were removed., has creation_task_exception_pb_bytes=0
[2025-02-16 14:43:12,615 W 2628 2665] raylet_client.cc:187: IOError: Broken pipe [RayletClient] Failed to disconnect from raylet. This means the raylet the worker is connected is probably already dead.
