[2025-02-16 14:39:41,014 I 2184 2184] core_worker_process.cc:107: Constructing CoreWorkerProcess. pid: 2184
[2025-02-16 14:39:41,015 I 2184 2184] io_service_pool.cc:35: IOServicePool is running with 1 io_service.
[2025-02-16 14:39:41,018 I 2184 2184] grpc_server.cc:134: worker server started, listening on port 35719.
[2025-02-16 14:39:41,019 I 2184 2184] core_worker.cc:275: Initializing worker at address: 172.19.0.2:35719 worker_id=22b91d8a216c92729d694be05d544d27b9a28e0bdf5377ee5ca333d3 node_id=816adedaa007cdcc0cd45373f60e7db6274e62064526c8820e476a2e
[2025-02-16 14:39:41,020 I 2184 2184] task_event_buffer.cc:257: Reporting task events to GCS every 1000ms.
[2025-02-16 14:39:41,020 I 2184 2184] core_worker.cc:703: Adjusted worker niceness to 15
[2025-02-16 14:39:41,021 I 2184 2220] core_worker.cc:642: Event stats:


Global stats: 11 total (5 active)
Queueing time: mean = 14.898 us, max = 75.980 us, min = 20.495 us, total = 163.876 us
Execution time:  mean = 93.909 us, total = 1.033 ms
Event stats:
	PeriodicalRunner.RunFnPeriodically - 3 total (1 active, 1 running), Execution time: mean = 4.722 us, total = 14.167 us, Queueing time: mean = 40.814 us, max = 75.980 us, min = 46.461 us, total = 122.441 us
	ray::rpc::InternalPubSubGcsService.grpc_client.GcsSubscriberCommandBatch.OnReplyReceived - 1 total (0 active), Execution time: mean = 109.047 us, total = 109.047 us, Queueing time: mean = 20.940 us, max = 20.940 us, min = 20.940 us, total = 20.940 us
	ray::rpc::NodeInfoGcsService.grpc_client.GetAllNodeInfo - 1 total (1 active), Execution time: mean = 0.000 s, total = 0.000 s, Queueing time: mean = 0.000 s, max = -0.000 s, min = 9223372036.855 s, total = 0.000 s
	ray::rpc::InternalPubSubGcsService.grpc_client.GcsSubscriberPoll - 1 total (1 active), Execution time: mean = 0.000 s, total = 0.000 s, Queueing time: mean = 0.000 s, max = -0.000 s, min = 9223372036.855 s, total = 0.000 s
	ray::rpc::WorkerInfoGcsService.grpc_client.AddWorkerInfo - 1 total (0 active), Execution time: mean = 475.507 us, total = 475.507 us, Queueing time: mean = 0.000 s, max = -0.000 s, min = 9223372036.855 s, total = 0.000 s
	CoreWorker.ExitIfParentRayletDies - 1 total (1 active), Execution time: mean = 0.000 s, total = 0.000 s, Queueing time: mean = 0.000 s, max = -0.000 s, min = 9223372036.855 s, total = 0.000 s
	ray::rpc::WorkerInfoGcsService.grpc_client.AddWorkerInfo.OnReplyReceived - 1 total (0 active), Execution time: mean = 20.469 us, total = 20.469 us, Queueing time: mean = 20.495 us, max = 20.495 us, min = 20.495 us, total = 20.495 us
	Publisher.CheckDeadSubscribers - 1 total (1 active), Execution time: mean = 0.000 s, total = 0.000 s, Queueing time: mean = 0.000 s, max = -0.000 s, min = 9223372036.855 s, total = 0.000 s
	ray::rpc::InternalPubSubGcsService.grpc_client.GcsSubscriberCommandBatch - 1 total (0 active), Execution time: mean = 413.810 us, total = 413.810 us, Queueing time: mean = 0.000 s, max = -0.000 s, min = 9223372036.855 s, total = 0.000 s

-----------------
Task Event stats:

IO Service Stats:

Global stats: 4 total (1 active)
Queueing time: mean = 21.784 us, max = 51.647 us, min = 35.487 us, total = 87.134 us
Execution time:  mean = 156.155 us, total = 624.620 us
Event stats:
	ray::rpc::TaskInfoGcsService.grpc_client.AddTaskEventData - 1 total (0 active), Execution time: mean = 530.191 us, total = 530.191 us, Queueing time: mean = 0.000 s, max = -0.000 s, min = 9223372036.855 s, total = 0.000 s
	CoreWorker.deadline_timer.flush_task_events - 1 total (1 active), Execution time: mean = 0.000 s, total = 0.000 s, Queueing time: mean = 0.000 s, max = -0.000 s, min = 9223372036.855 s, total = 0.000 s
	PeriodicalRunner.RunFnPeriodically - 1 total (0 active), Execution time: mean = 79.569 us, total = 79.569 us, Queueing time: mean = 35.487 us, max = 35.487 us, min = 35.487 us, total = 35.487 us
	ray::rpc::TaskInfoGcsService.grpc_client.AddTaskEventData.OnReplyReceived - 1 total (0 active), Execution time: mean = 14.860 us, total = 14.860 us, Queueing time: mean = 51.647 us, max = 51.647 us, min = 51.647 us, total = 51.647 us
Other Stats:
	grpc_in_progress:0
	current number of task status events in buffer: 0
	current number of profile events in buffer: 0
	current number of dropped task attempts tracked: 0
	total task events sent: 0 MiB
	total number of task attempts sent: 0
	total number of task attempts dropped reported: 0
	total number of sent failure: 0
	num status task events dropped: 0
	num profile task events dropped: 0


[2025-02-16 14:39:41,021 I 2184 2184] event.cc:491: Ray Event initialized for CORE_WORKER
[2025-02-16 14:39:41,021 I 2184 2184] event.cc:491: Ray Event initialized for EXPORT_TASK
[2025-02-16 14:39:41,021 I 2184 2184] event.cc:322: Set ray event level to warning
[2025-02-16 14:39:41,021 I 2184 2220] accessor.cc:762: Received notification for node, IsAlive = 1 node_id=816adedaa007cdcc0cd45373f60e7db6274e62064526c8820e476a2e
[2025-02-16 14:39:41,021 I 2184 2220] core_worker.cc:4754: Number of alive nodes:1
[2025-02-16 14:39:41,022 I 2184 2184] actor_task_submitter.cc:73: Set actor max pending calls to -1 actor_id=b5bb49431af2b14548dc62fe01000000
[2025-02-16 14:39:41,022 I 2184 2184] core_worker.cc:3017: Creating actor actor_id=b5bb49431af2b14548dc62fe01000000
[2025-02-16 14:39:44,157 I 2184 2184] task_receiver.cc:196: Actor creation task finished, task_id: ffffffffffffffffb5bb49431af2b14548dc62fe01000000, actor_id: b5bb49431af2b14548dc62fe01000000, actor_repr_name: _train_tune
[2025-02-16 14:39:51,026 W 2184 2215] metric_exporter.cc:105: [1] Export metrics to agent failed: RpcError: RPC Error message: failed to connect to all addresses; last error: UNKNOWN: ipv4:127.0.0.1:61040: Failed to connect to remote host: Connection refused; RPC Error details: . This won't affect Ray, but you can lose metrics from the cluster.
[2025-02-16 14:40:17,415 I 2184 2220] core_worker.cc:4177: Force kill actor request has received. exiting immediately... The actor is dead because all references to the actor were removed.
[2025-02-16 14:40:17,415 W 2184 2220] core_worker.cc:958: Force exit the process.  Details: Worker exits because the actor is killed. The actor is dead because all references to the actor were removed.
[2025-02-16 14:40:17,416 I 2184 2220] core_worker.cc:855: Try killing all child processes of this worker as it exits. Child process pids: 
[2025-02-16 14:40:17,416 I 2184 2220] core_worker.cc:814: Disconnecting to the raylet.
[2025-02-16 14:40:17,417 I 2184 2220] raylet_client.cc:162: RayletClient::Disconnect, exit_type=INTENDED_SYSTEM_EXIT, exit_detail=Worker exits because the actor is killed. The actor is dead because all references to the actor were removed., has creation_task_exception_pb_bytes=0
[2025-02-16 14:40:17,417 W 2184 2220] raylet_client.cc:187: IOError: Broken pipe [RayletClient] Failed to disconnect from raylet. This means the raylet the worker is connected is probably already dead.
