[2025-02-16 14:44:32,336 I 2923 2923] core_worker_process.cc:107: Constructing CoreWorkerProcess. pid: 2923
[2025-02-16 14:44:32,338 I 2923 2923] io_service_pool.cc:35: IOServicePool is running with 1 io_service.
[2025-02-16 14:44:32,340 I 2923 2923] grpc_server.cc:134: worker server started, listening on port 45381.
[2025-02-16 14:44:32,341 I 2923 2923] core_worker.cc:275: Initializing worker at address: 172.19.0.2:45381 worker_id=238cc68c56d426739b5f36f53425b1753ba1a8478c125bdee3d7309b node_id=816adedaa007cdcc0cd45373f60e7db6274e62064526c8820e476a2e
[2025-02-16 14:44:32,342 I 2923 2923] task_event_buffer.cc:257: Reporting task events to GCS every 1000ms.
[2025-02-16 14:44:32,342 I 2923 2923] core_worker.cc:703: Adjusted worker niceness to 15
[2025-02-16 14:44:32,343 I 2923 2959] core_worker.cc:642: Event stats:


Global stats: 9 total (5 active)
Queueing time: mean = 11.807 us, max = 61.005 us, min = 22.547 us, total = 106.263 us
Execution time:  mean = 82.436 us, total = 741.923 us
Event stats:
	PeriodicalRunner.RunFnPeriodically - 3 total (1 active, 1 running), Execution time: mean = 5.051 us, total = 15.154 us, Queueing time: mean = 27.905 us, max = 61.005 us, min = 22.711 us, total = 83.716 us
	ray::rpc::WorkerInfoGcsService.grpc_client.AddWorkerInfo - 1 total (0 active), Execution time: mean = 708.230 us, total = 708.230 us, Queueing time: mean = 0.000 s, max = -0.000 s, min = 9223372036.855 s, total = 0.000 s
	ray::rpc::WorkerInfoGcsService.grpc_client.AddWorkerInfo.OnReplyReceived - 1 total (0 active), Execution time: mean = 18.539 us, total = 18.539 us, Queueing time: mean = 22.547 us, max = 22.547 us, min = 22.547 us, total = 22.547 us
	CoreWorker.ExitIfParentRayletDies - 1 total (1 active), Execution time: mean = 0.000 s, total = 0.000 s, Queueing time: mean = 0.000 s, max = -0.000 s, min = 9223372036.855 s, total = 0.000 s
	Publisher.CheckDeadSubscribers - 1 total (1 active), Execution time: mean = 0.000 s, total = 0.000 s, Queueing time: mean = 0.000 s, max = -0.000 s, min = 9223372036.855 s, total = 0.000 s
	ray::rpc::InternalPubSubGcsService.grpc_client.GcsSubscriberCommandBatch - 1 total (1 active), Execution time: mean = 0.000 s, total = 0.000 s, Queueing time: mean = 0.000 s, max = -0.000 s, min = 9223372036.855 s, total = 0.000 s
	ray::rpc::InternalPubSubGcsService.grpc_client.GcsSubscriberPoll - 1 total (1 active), Execution time: mean = 0.000 s, total = 0.000 s, Queueing time: mean = 0.000 s, max = -0.000 s, min = 9223372036.855 s, total = 0.000 s

-----------------
Task Event stats:

IO Service Stats:

Global stats: 4 total (1 active)
Queueing time: mean = 11.486 us, max = 23.647 us, min = 22.297 us, total = 45.944 us
Execution time:  mean = 147.070 us, total = 588.280 us
Event stats:
	ray::rpc::TaskInfoGcsService.grpc_client.AddTaskEventData - 1 total (0 active), Execution time: mean = 435.874 us, total = 435.874 us, Queueing time: mean = 0.000 s, max = -0.000 s, min = 9223372036.855 s, total = 0.000 s
	CoreWorker.deadline_timer.flush_task_events - 1 total (1 active), Execution time: mean = 0.000 s, total = 0.000 s, Queueing time: mean = 0.000 s, max = -0.000 s, min = 9223372036.855 s, total = 0.000 s
	PeriodicalRunner.RunFnPeriodically - 1 total (0 active), Execution time: mean = 136.513 us, total = 136.513 us, Queueing time: mean = 23.647 us, max = 23.647 us, min = 23.647 us, total = 23.647 us
	ray::rpc::TaskInfoGcsService.grpc_client.AddTaskEventData.OnReplyReceived - 1 total (0 active), Execution time: mean = 15.893 us, total = 15.893 us, Queueing time: mean = 22.297 us, max = 22.297 us, min = 22.297 us, total = 22.297 us
Other Stats:
	grpc_in_progress:0
	current number of task status events in buffer: 0
	current number of profile events in buffer: 0
	current number of dropped task attempts tracked: 0
	total task events sent: 0 MiB
	total number of task attempts sent: 0
	total number of task attempts dropped reported: 0
	total number of sent failure: 0
	num status task events dropped: 0
	num profile task events dropped: 0


[2025-02-16 14:44:32,343 I 2923 2923] event.cc:491: Ray Event initialized for CORE_WORKER
[2025-02-16 14:44:32,343 I 2923 2923] event.cc:491: Ray Event initialized for EXPORT_TASK
[2025-02-16 14:44:32,343 I 2923 2923] event.cc:322: Set ray event level to warning
[2025-02-16 14:44:32,343 I 2923 2959] accessor.cc:762: Received notification for node, IsAlive = 1 node_id=816adedaa007cdcc0cd45373f60e7db6274e62064526c8820e476a2e
[2025-02-16 14:44:32,343 I 2923 2959] core_worker.cc:4754: Number of alive nodes:1
[2025-02-16 14:44:32,344 I 2923 2923] actor_task_submitter.cc:73: Set actor max pending calls to -1 actor_id=d16df97a261f689445d16adf01000000
[2025-02-16 14:44:32,345 I 2923 2923] core_worker.cc:3017: Creating actor actor_id=d16df97a261f689445d16adf01000000
[2025-02-16 14:44:35,702 I 2923 2923] task_receiver.cc:196: Actor creation task finished, task_id: ffffffffffffffffd16df97a261f689445d16adf01000000, actor_id: d16df97a261f689445d16adf01000000, actor_repr_name: _train_tune
[2025-02-16 14:44:42,348 W 2923 2954] metric_exporter.cc:105: [1] Export metrics to agent failed: RpcError: RPC Error message: failed to connect to all addresses; last error: UNKNOWN: ipv4:127.0.0.1:61040: Failed to connect to remote host: Connection refused; RPC Error details: . This won't affect Ray, but you can lose metrics from the cluster.
[2025-02-16 14:44:51,460 I 2923 2959] core_worker.cc:4177: Force kill actor request has received. exiting immediately... The actor is dead because all references to the actor were removed.
[2025-02-16 14:44:51,460 W 2923 2959] core_worker.cc:958: Force exit the process.  Details: Worker exits because the actor is killed. The actor is dead because all references to the actor were removed.
[2025-02-16 14:44:51,460 I 2923 2959] core_worker.cc:855: Try killing all child processes of this worker as it exits. Child process pids: 
[2025-02-16 14:44:51,461 I 2923 2959] core_worker.cc:814: Disconnecting to the raylet.
[2025-02-16 14:44:51,461 I 2923 2959] raylet_client.cc:162: RayletClient::Disconnect, exit_type=INTENDED_SYSTEM_EXIT, exit_detail=Worker exits because the actor is killed. The actor is dead because all references to the actor were removed., has creation_task_exception_pb_bytes=0
[2025-02-16 14:44:51,461 W 2923 2959] raylet_client.cc:187: IOError: Broken pipe [RayletClient] Failed to disconnect from raylet. This means the raylet the worker is connected is probably already dead.
