[2025-02-16 14:45:43,430 I 3143 3143] core_worker_process.cc:107: Constructing CoreWorkerProcess. pid: 3143
[2025-02-16 14:45:43,432 I 3143 3143] io_service_pool.cc:35: IOServicePool is running with 1 io_service.
[2025-02-16 14:45:43,434 I 3143 3143] grpc_server.cc:134: worker server started, listening on port 41977.
[2025-02-16 14:45:43,436 I 3143 3143] core_worker.cc:275: Initializing worker at address: 172.19.0.2:41977 worker_id=bd5eb8daf81aee7951f2cd5711686f293934c95461b81544998938a2 node_id=816adedaa007cdcc0cd45373f60e7db6274e62064526c8820e476a2e
[2025-02-16 14:45:43,436 I 3143 3143] task_event_buffer.cc:257: Reporting task events to GCS every 1000ms.
[2025-02-16 14:45:43,437 I 3143 3143] core_worker.cc:703: Adjusted worker niceness to 15
[2025-02-16 14:45:43,437 I 3143 3179] core_worker.cc:642: Event stats:


Global stats: 11 total (5 active)
Queueing time: mean = 15.398 us, max = 72.257 us, min = 24.102 us, total = 169.378 us
Execution time:  mean = 109.207 us, total = 1.201 ms
Event stats:
	PeriodicalRunner.RunFnPeriodically - 3 total (1 active, 1 running), Execution time: mean = 6.003 us, total = 18.008 us, Queueing time: mean = 39.735 us, max = 72.257 us, min = 46.949 us, total = 119.206 us
	ray::rpc::WorkerInfoGcsService.grpc_client.AddWorkerInfo.OnReplyReceived - 1 total (0 active), Execution time: mean = 45.477 us, total = 45.477 us, Queueing time: mean = 24.102 us, max = 24.102 us, min = 24.102 us, total = 24.102 us
	ray::rpc::InternalPubSubGcsService.grpc_client.GcsSubscriberPoll - 1 total (1 active), Execution time: mean = 0.000 s, total = 0.000 s, Queueing time: mean = 0.000 s, max = -0.000 s, min = 9223372036.855 s, total = 0.000 s
	ray::rpc::NodeInfoGcsService.grpc_client.GetAllNodeInfo - 1 total (1 active), Execution time: mean = 0.000 s, total = 0.000 s, Queueing time: mean = 0.000 s, max = -0.000 s, min = 9223372036.855 s, total = 0.000 s
	CoreWorker.ExitIfParentRayletDies - 1 total (1 active), Execution time: mean = 0.000 s, total = 0.000 s, Queueing time: mean = 0.000 s, max = -0.000 s, min = 9223372036.855 s, total = 0.000 s
	ray::rpc::InternalPubSubGcsService.grpc_client.GcsSubscriberCommandBatch - 1 total (0 active), Execution time: mean = 474.356 us, total = 474.356 us, Queueing time: mean = 0.000 s, max = -0.000 s, min = 9223372036.855 s, total = 0.000 s
	Publisher.CheckDeadSubscribers - 1 total (1 active), Execution time: mean = 0.000 s, total = 0.000 s, Queueing time: mean = 0.000 s, max = -0.000 s, min = 9223372036.855 s, total = 0.000 s
	ray::rpc::WorkerInfoGcsService.grpc_client.AddWorkerInfo - 1 total (0 active), Execution time: mean = 533.574 us, total = 533.574 us, Queueing time: mean = 0.000 s, max = -0.000 s, min = 9223372036.855 s, total = 0.000 s
	ray::rpc::InternalPubSubGcsService.grpc_client.GcsSubscriberCommandBatch.OnReplyReceived - 1 total (0 active), Execution time: mean = 129.865 us, total = 129.865 us, Queueing time: mean = 26.070 us, max = 26.070 us, min = 26.070 us, total = 26.070 us

-----------------
Task Event stats:

IO Service Stats:

Global stats: 4 total (1 active)
Queueing time: mean = 12.836 us, max = 26.783 us, min = 24.560 us, total = 51.343 us
Execution time:  mean = 143.790 us, total = 575.161 us
Event stats:
	PeriodicalRunner.RunFnPeriodically - 1 total (0 active), Execution time: mean = 133.457 us, total = 133.457 us, Queueing time: mean = 26.783 us, max = 26.783 us, min = 26.783 us, total = 26.783 us
	CoreWorker.deadline_timer.flush_task_events - 1 total (1 active), Execution time: mean = 0.000 s, total = 0.000 s, Queueing time: mean = 0.000 s, max = -0.000 s, min = 9223372036.855 s, total = 0.000 s
	ray::rpc::TaskInfoGcsService.grpc_client.AddTaskEventData - 1 total (0 active), Execution time: mean = 422.178 us, total = 422.178 us, Queueing time: mean = 0.000 s, max = -0.000 s, min = 9223372036.855 s, total = 0.000 s
	ray::rpc::TaskInfoGcsService.grpc_client.AddTaskEventData.OnReplyReceived - 1 total (0 active), Execution time: mean = 19.526 us, total = 19.526 us, Queueing time: mean = 24.560 us, max = 24.560 us, min = 24.560 us, total = 24.560 us
Other Stats:
	grpc_in_progress:0
	current number of task status events in buffer: 0
	current number of profile events in buffer: 0
	current number of dropped task attempts tracked: 0
	total task events sent: 0 MiB
	total number of task attempts sent: 0
	total number of task attempts dropped reported: 0
	total number of sent failure: 0
	num status task events dropped: 0
	num profile task events dropped: 0


[2025-02-16 14:45:43,437 I 3143 3143] event.cc:491: Ray Event initialized for CORE_WORKER
[2025-02-16 14:45:43,437 I 3143 3143] event.cc:491: Ray Event initialized for EXPORT_TASK
[2025-02-16 14:45:43,437 I 3143 3143] event.cc:322: Set ray event level to warning
[2025-02-16 14:45:43,438 I 3143 3179] accessor.cc:762: Received notification for node, IsAlive = 1 node_id=816adedaa007cdcc0cd45373f60e7db6274e62064526c8820e476a2e
[2025-02-16 14:45:43,438 I 3143 3179] core_worker.cc:4754: Number of alive nodes:1
[2025-02-16 14:45:43,439 I 3143 3143] actor_task_submitter.cc:73: Set actor max pending calls to -1 actor_id=e9e3ed180ea47d9ad418067201000000
[2025-02-16 14:45:43,440 I 3143 3143] core_worker.cc:3017: Creating actor actor_id=e9e3ed180ea47d9ad418067201000000
[2025-02-16 14:45:46,935 I 3143 3143] task_receiver.cc:196: Actor creation task finished, task_id: ffffffffffffffffe9e3ed180ea47d9ad418067201000000, actor_id: e9e3ed180ea47d9ad418067201000000, actor_repr_name: _train_tune
[2025-02-16 14:45:53,448 W 3143 3174] metric_exporter.cc:105: [1] Export metrics to agent failed: RpcError: RPC Error message: failed to connect to all addresses; last error: UNKNOWN: ipv4:127.0.0.1:61040: Failed to connect to remote host: Connection refused; RPC Error details: . This won't affect Ray, but you can lose metrics from the cluster.
[2025-02-16 14:46:02,872 I 3143 3179] core_worker.cc:4177: Force kill actor request has received. exiting immediately... The actor is dead because all references to the actor were removed.
[2025-02-16 14:46:02,872 W 3143 3179] core_worker.cc:958: Force exit the process.  Details: Worker exits because the actor is killed. The actor is dead because all references to the actor were removed.
[2025-02-16 14:46:02,873 I 3143 3179] core_worker.cc:855: Try killing all child processes of this worker as it exits. Child process pids: 
[2025-02-16 14:46:02,873 I 3143 3179] core_worker.cc:814: Disconnecting to the raylet.
[2025-02-16 14:46:02,873 I 3143 3179] raylet_client.cc:162: RayletClient::Disconnect, exit_type=INTENDED_SYSTEM_EXIT, exit_detail=Worker exits because the actor is killed. The actor is dead because all references to the actor were removed., has creation_task_exception_pb_bytes=0
[2025-02-16 14:46:02,873 W 3143 3179] raylet_client.cc:187: IOError: Broken pipe [RayletClient] Failed to disconnect from raylet. This means the raylet the worker is connected is probably already dead.
