[2025-02-16 14:49:39,608 I 3805 3805] core_worker_process.cc:107: Constructing CoreWorkerProcess. pid: 3805
[2025-02-16 14:49:39,610 I 3805 3805] io_service_pool.cc:35: IOServicePool is running with 1 io_service.
[2025-02-16 14:49:39,612 I 3805 3805] grpc_server.cc:134: worker server started, listening on port 44823.
[2025-02-16 14:49:39,613 I 3805 3805] core_worker.cc:275: Initializing worker at address: 172.19.0.2:44823 worker_id=5f96082cfdbf39492c6729223816702bf9260522aa799cde51e2af19 node_id=816adedaa007cdcc0cd45373f60e7db6274e62064526c8820e476a2e
[2025-02-16 14:49:39,614 I 3805 3805] task_event_buffer.cc:257: Reporting task events to GCS every 1000ms.
[2025-02-16 14:49:39,614 I 3805 3805] core_worker.cc:703: Adjusted worker niceness to 15
[2025-02-16 14:49:39,614 I 3805 3842] core_worker.cc:642: Event stats:


Global stats: 11 total (5 active)
Queueing time: mean = 12.061 us, max = 51.186 us, min = 20.840 us, total = 132.675 us
Execution time:  mean = 102.124 us, total = 1.123 ms
Event stats:
	PeriodicalRunner.RunFnPeriodically - 3 total (1 active, 1 running), Execution time: mean = 5.455 us, total = 16.365 us, Queueing time: mean = 25.015 us, max = 51.186 us, min = 23.859 us, total = 75.045 us
	ray::rpc::InternalPubSubGcsService.grpc_client.GcsSubscriberCommandBatch.OnReplyReceived - 1 total (0 active), Execution time: mean = 90.039 us, total = 90.039 us, Queueing time: mean = 20.840 us, max = 20.840 us, min = 20.840 us, total = 20.840 us
	ray::rpc::InternalPubSubGcsService.grpc_client.GcsSubscriberPoll - 1 total (1 active), Execution time: mean = 0.000 s, total = 0.000 s, Queueing time: mean = 0.000 s, max = -0.000 s, min = 9223372036.855 s, total = 0.000 s
	ray::rpc::WorkerInfoGcsService.grpc_client.AddWorkerInfo - 1 total (0 active), Execution time: mean = 511.735 us, total = 511.735 us, Queueing time: mean = 0.000 s, max = -0.000 s, min = 9223372036.855 s, total = 0.000 s
	ray::rpc::NodeInfoGcsService.grpc_client.GetAllNodeInfo - 1 total (1 active), Execution time: mean = 0.000 s, total = 0.000 s, Queueing time: mean = 0.000 s, max = -0.000 s, min = 9223372036.855 s, total = 0.000 s
	ray::rpc::WorkerInfoGcsService.grpc_client.AddWorkerInfo.OnReplyReceived - 1 total (0 active), Execution time: mean = 33.599 us, total = 33.599 us, Queueing time: mean = 36.790 us, max = 36.790 us, min = 36.790 us, total = 36.790 us
	Publisher.CheckDeadSubscribers - 1 total (1 active), Execution time: mean = 0.000 s, total = 0.000 s, Queueing time: mean = 0.000 s, max = -0.000 s, min = 9223372036.855 s, total = 0.000 s
	CoreWorker.ExitIfParentRayletDies - 1 total (1 active), Execution time: mean = 0.000 s, total = 0.000 s, Queueing time: mean = 0.000 s, max = -0.000 s, min = 9223372036.855 s, total = 0.000 s
	ray::rpc::InternalPubSubGcsService.grpc_client.GcsSubscriberCommandBatch - 1 total (0 active), Execution time: mean = 471.626 us, total = 471.626 us, Queueing time: mean = 0.000 s, max = -0.000 s, min = 9223372036.855 s, total = 0.000 s

-----------------
Task Event stats:

IO Service Stats:

Global stats: 4 total (1 active)
Queueing time: mean = 11.666 us, max = 23.472 us, min = 23.192 us, total = 46.664 us
Execution time:  mean = 133.736 us, total = 534.943 us
Event stats:
	CoreWorker.deadline_timer.flush_task_events - 1 total (1 active), Execution time: mean = 0.000 s, total = 0.000 s, Queueing time: mean = 0.000 s, max = -0.000 s, min = 9223372036.855 s, total = 0.000 s
	PeriodicalRunner.RunFnPeriodically - 1 total (0 active), Execution time: mean = 128.328 us, total = 128.328 us, Queueing time: mean = 23.472 us, max = 23.472 us, min = 23.472 us, total = 23.472 us
	ray::rpc::TaskInfoGcsService.grpc_client.AddTaskEventData - 1 total (0 active), Execution time: mean = 391.593 us, total = 391.593 us, Queueing time: mean = 0.000 s, max = -0.000 s, min = 9223372036.855 s, total = 0.000 s
	ray::rpc::TaskInfoGcsService.grpc_client.AddTaskEventData.OnReplyReceived - 1 total (0 active), Execution time: mean = 15.022 us, total = 15.022 us, Queueing time: mean = 23.192 us, max = 23.192 us, min = 23.192 us, total = 23.192 us
Other Stats:
	grpc_in_progress:0
	current number of task status events in buffer: 0
	current number of profile events in buffer: 0
	current number of dropped task attempts tracked: 0
	total task events sent: 0 MiB
	total number of task attempts sent: 0
	total number of task attempts dropped reported: 0
	total number of sent failure: 0
	num status task events dropped: 0
	num profile task events dropped: 0


[2025-02-16 14:49:39,615 I 3805 3805] event.cc:491: Ray Event initialized for CORE_WORKER
[2025-02-16 14:49:39,615 I 3805 3805] event.cc:491: Ray Event initialized for EXPORT_TASK
[2025-02-16 14:49:39,615 I 3805 3805] event.cc:322: Set ray event level to warning
[2025-02-16 14:49:39,615 I 3805 3842] accessor.cc:762: Received notification for node, IsAlive = 1 node_id=816adedaa007cdcc0cd45373f60e7db6274e62064526c8820e476a2e
[2025-02-16 14:49:39,615 I 3805 3842] core_worker.cc:4754: Number of alive nodes:1
[2025-02-16 14:49:39,616 I 3805 3805] actor_task_submitter.cc:73: Set actor max pending calls to -1 actor_id=6fd417c533677927ecd32adb01000000
[2025-02-16 14:49:39,616 I 3805 3805] core_worker.cc:3017: Creating actor actor_id=6fd417c533677927ecd32adb01000000
[2025-02-16 14:49:43,111 I 3805 3805] task_receiver.cc:196: Actor creation task finished, task_id: ffffffffffffffff6fd417c533677927ecd32adb01000000, actor_id: 6fd417c533677927ecd32adb01000000, actor_repr_name: _train_tune
[2025-02-16 14:49:49,619 W 3805 3837] metric_exporter.cc:105: [1] Export metrics to agent failed: RpcError: RPC Error message: failed to connect to all addresses; last error: UNKNOWN: ipv4:127.0.0.1:61040: Failed to connect to remote host: Connection refused; RPC Error details: . This won't affect Ray, but you can lose metrics from the cluster.
[2025-02-16 14:50:01,163 I 3805 3842] core_worker.cc:4177: Force kill actor request has received. exiting immediately... The actor is dead because all references to the actor were removed.
[2025-02-16 14:50:01,164 W 3805 3842] core_worker.cc:958: Force exit the process.  Details: Worker exits because the actor is killed. The actor is dead because all references to the actor were removed.
[2025-02-16 14:50:01,165 I 3805 3842] core_worker.cc:855: Try killing all child processes of this worker as it exits. Child process pids: 
[2025-02-16 14:50:01,165 I 3805 3842] core_worker.cc:814: Disconnecting to the raylet.
[2025-02-16 14:50:01,165 I 3805 3842] raylet_client.cc:162: RayletClient::Disconnect, exit_type=INTENDED_SYSTEM_EXIT, exit_detail=Worker exits because the actor is killed. The actor is dead because all references to the actor were removed., has creation_task_exception_pb_bytes=0
[2025-02-16 14:50:01,165 W 3805 3842] raylet_client.cc:187: IOError: Broken pipe [RayletClient] Failed to disconnect from raylet. This means the raylet the worker is connected is probably already dead.
