[2025-02-16 14:47:56,439 I 3582 3582] core_worker_process.cc:107: Constructing CoreWorkerProcess. pid: 3582
[2025-02-16 14:47:56,440 I 3582 3582] io_service_pool.cc:35: IOServicePool is running with 1 io_service.
[2025-02-16 14:47:56,442 I 3582 3582] grpc_server.cc:134: worker server started, listening on port 43239.
[2025-02-16 14:47:56,443 I 3582 3582] core_worker.cc:275: Initializing worker at address: 172.19.0.2:43239 worker_id=40beac3f48c0a57d0e4895f64b716fd928785c065d09ebfdc902f868 node_id=816adedaa007cdcc0cd45373f60e7db6274e62064526c8820e476a2e
[2025-02-16 14:47:56,444 I 3582 3582] task_event_buffer.cc:257: Reporting task events to GCS every 1000ms.
[2025-02-16 14:47:56,445 I 3582 3582] core_worker.cc:703: Adjusted worker niceness to 15
[2025-02-16 14:47:56,446 I 3582 3618] core_worker.cc:642: Event stats:


Global stats: 13 total (7 active)
Queueing time: mean = 12.363 us, max = 74.426 us, min = 19.101 us, total = 160.724 us
Execution time:  mean = 137.606 us, total = 1.789 ms
Event stats:
	PeriodicalRunner.RunFnPeriodically - 5 total (3 active, 1 running), Execution time: mean = 2.362 us, total = 11.809 us, Queueing time: mean = 24.047 us, max = 74.426 us, min = 45.808 us, total = 120.234 us
	ray::rpc::WorkerInfoGcsService.grpc_client.AddWorkerInfo - 1 total (0 active), Execution time: mean = 408.576 us, total = 408.576 us, Queueing time: mean = 0.000 s, max = -0.000 s, min = 9223372036.855 s, total = 0.000 s
	ray::rpc::InternalPubSubGcsService.grpc_client.GcsSubscriberPoll - 1 total (1 active), Execution time: mean = 0.000 s, total = 0.000 s, Queueing time: mean = 0.000 s, max = -0.000 s, min = 9223372036.855 s, total = 0.000 s
	Publisher.CheckDeadSubscribers - 1 total (1 active), Execution time: mean = 0.000 s, total = 0.000 s, Queueing time: mean = 0.000 s, max = -0.000 s, min = 9223372036.855 s, total = 0.000 s
	ray::rpc::WorkerInfoGcsService.grpc_client.AddWorkerInfo.OnReplyReceived - 1 total (0 active), Execution time: mean = 15.306 us, total = 15.306 us, Queueing time: mean = 21.389 us, max = 21.389 us, min = 21.389 us, total = 21.389 us
	CoreWorker.ExitIfParentRayletDies - 1 total (1 active), Execution time: mean = 0.000 s, total = 0.000 s, Queueing time: mean = 0.000 s, max = -0.000 s, min = 9223372036.855 s, total = 0.000 s
	ray::rpc::InternalPubSubGcsService.grpc_client.GcsSubscriberCommandBatch.OnReplyReceived - 1 total (0 active), Execution time: mean = 83.123 us, total = 83.123 us, Queueing time: mean = 19.101 us, max = 19.101 us, min = 19.101 us, total = 19.101 us
	ray::rpc::NodeInfoGcsService.grpc_client.GetAllNodeInfo - 1 total (1 active), Execution time: mean = 0.000 s, total = 0.000 s, Queueing time: mean = 0.000 s, max = -0.000 s, min = 9223372036.855 s, total = 0.000 s
	ray::rpc::InternalPubSubGcsService.grpc_client.GcsSubscriberCommandBatch - 1 total (0 active), Execution time: mean = 1.270 ms, total = 1.270 ms, Queueing time: mean = 0.000 s, max = -0.000 s, min = 9223372036.855 s, total = 0.000 s

-----------------
Task Event stats:

IO Service Stats:

Global stats: 4 total (1 active)
Queueing time: mean = 9.645 us, max = 19.317 us, min = 19.263 us, total = 38.580 us
Execution time:  mean = 346.760 us, total = 1.387 ms
Event stats:
	ray::rpc::TaskInfoGcsService.grpc_client.AddTaskEventData - 1 total (0 active), Execution time: mean = 1.276 ms, total = 1.276 ms, Queueing time: mean = 0.000 s, max = -0.000 s, min = 9223372036.855 s, total = 0.000 s
	CoreWorker.deadline_timer.flush_task_events - 1 total (1 active), Execution time: mean = 0.000 s, total = 0.000 s, Queueing time: mean = 0.000 s, max = -0.000 s, min = 9223372036.855 s, total = 0.000 s
	ray::rpc::TaskInfoGcsService.grpc_client.AddTaskEventData.OnReplyReceived - 1 total (0 active), Execution time: mean = 11.960 us, total = 11.960 us, Queueing time: mean = 19.263 us, max = 19.263 us, min = 19.263 us, total = 19.263 us
	PeriodicalRunner.RunFnPeriodically - 1 total (0 active), Execution time: mean = 99.464 us, total = 99.464 us, Queueing time: mean = 19.317 us, max = 19.317 us, min = 19.317 us, total = 19.317 us
Other Stats:
	grpc_in_progress:0
	current number of task status events in buffer: 0
	current number of profile events in buffer: 0
	current number of dropped task attempts tracked: 0
	total task events sent: 0 MiB
	total number of task attempts sent: 0
	total number of task attempts dropped reported: 0
	total number of sent failure: 0
	num status task events dropped: 0
	num profile task events dropped: 0


[2025-02-16 14:47:56,446 I 3582 3582] event.cc:491: Ray Event initialized for CORE_WORKER
[2025-02-16 14:47:56,446 I 3582 3618] accessor.cc:762: Received notification for node, IsAlive = 1 node_id=816adedaa007cdcc0cd45373f60e7db6274e62064526c8820e476a2e
[2025-02-16 14:47:56,446 I 3582 3618] core_worker.cc:4754: Number of alive nodes:1
[2025-02-16 14:47:56,446 I 3582 3582] event.cc:491: Ray Event initialized for EXPORT_TASK
[2025-02-16 14:47:56,446 I 3582 3582] event.cc:322: Set ray event level to warning
[2025-02-16 14:47:56,448 I 3582 3582] actor_task_submitter.cc:73: Set actor max pending calls to -1 actor_id=bca05d36b71ead0c7b94eb3301000000
[2025-02-16 14:47:56,448 I 3582 3582] core_worker.cc:3017: Creating actor actor_id=bca05d36b71ead0c7b94eb3301000000
[2025-02-16 14:47:59,703 I 3582 3582] task_receiver.cc:196: Actor creation task finished, task_id: ffffffffffffffffbca05d36b71ead0c7b94eb3301000000, actor_id: bca05d36b71ead0c7b94eb3301000000, actor_repr_name: _train_tune
[2025-02-16 14:48:06,490 W 3582 3613] metric_exporter.cc:105: [1] Export metrics to agent failed: RpcError: RPC Error message: failed to connect to all addresses; last error: UNKNOWN: ipv4:127.0.0.1:61040: Failed to connect to remote host: Connection refused; RPC Error details: . This won't affect Ray, but you can lose metrics from the cluster.
[2025-02-16 14:48:30,787 I 3582 3618] core_worker.cc:4177: Force kill actor request has received. exiting immediately... The actor is dead because all references to the actor were removed.
[2025-02-16 14:48:30,787 W 3582 3618] core_worker.cc:958: Force exit the process.  Details: Worker exits because the actor is killed. The actor is dead because all references to the actor were removed.
[2025-02-16 14:48:30,788 I 3582 3618] core_worker.cc:855: Try killing all child processes of this worker as it exits. Child process pids: 
[2025-02-16 14:48:30,788 I 3582 3618] core_worker.cc:814: Disconnecting to the raylet.
[2025-02-16 14:48:30,789 I 3582 3618] raylet_client.cc:162: RayletClient::Disconnect, exit_type=INTENDED_SYSTEM_EXIT, exit_detail=Worker exits because the actor is killed. The actor is dead because all references to the actor were removed., has creation_task_exception_pb_bytes=0
[2025-02-16 14:48:30,789 W 3582 3618] raylet_client.cc:187: IOError: Broken pipe [RayletClient] Failed to disconnect from raylet. This means the raylet the worker is connected is probably already dead.
