[2025-02-16 14:44:14,336 I 2850 2850] core_worker_process.cc:107: Constructing CoreWorkerProcess. pid: 2850
[2025-02-16 14:44:14,338 I 2850 2850] io_service_pool.cc:35: IOServicePool is running with 1 io_service.
[2025-02-16 14:44:14,340 I 2850 2850] grpc_server.cc:134: worker server started, listening on port 39455.
[2025-02-16 14:44:14,341 I 2850 2850] core_worker.cc:275: Initializing worker at address: 172.19.0.2:39455 worker_id=f737da384693b52ce53f3a51f20e18a6e67eaea6adf10d4185175724 node_id=816adedaa007cdcc0cd45373f60e7db6274e62064526c8820e476a2e
[2025-02-16 14:44:14,342 I 2850 2850] task_event_buffer.cc:257: Reporting task events to GCS every 1000ms.
[2025-02-16 14:44:14,342 I 2850 2850] core_worker.cc:703: Adjusted worker niceness to 15
[2025-02-16 14:44:14,343 I 2850 2886] core_worker.cc:642: Event stats:


Global stats: 15 total (9 active)
Queueing time: mean = 10.593 us, max = 62.874 us, min = 21.282 us, total = 158.898 us
Execution time:  mean = 82.944 us, total = 1.244 ms
Event stats:
	PeriodicalRunner.RunFnPeriodically - 7 total (5 active, 1 running), Execution time: mean = 2.133 us, total = 14.929 us, Queueing time: mean = 10.677 us, max = 53.209 us, min = 21.533 us, total = 74.742 us
	ray::rpc::NodeInfoGcsService.grpc_client.GetAllNodeInfo - 1 total (1 active), Execution time: mean = 0.000 s, total = 0.000 s, Queueing time: mean = 0.000 s, max = -0.000 s, min = 9223372036.855 s, total = 0.000 s
	ray::rpc::WorkerInfoGcsService.grpc_client.AddWorkerInfo - 1 total (0 active), Execution time: mean = 663.569 us, total = 663.569 us, Queueing time: mean = 0.000 s, max = -0.000 s, min = 9223372036.855 s, total = 0.000 s
	Publisher.CheckDeadSubscribers - 1 total (1 active), Execution time: mean = 0.000 s, total = 0.000 s, Queueing time: mean = 0.000 s, max = -0.000 s, min = 9223372036.855 s, total = 0.000 s
	ray::rpc::InternalPubSubGcsService.grpc_client.GcsSubscriberCommandBatch.OnReplyReceived - 1 total (0 active), Execution time: mean = 101.279 us, total = 101.279 us, Queueing time: mean = 21.282 us, max = 21.282 us, min = 21.282 us, total = 21.282 us
	CoreWorker.ExitIfParentRayletDies - 1 total (1 active), Execution time: mean = 0.000 s, total = 0.000 s, Queueing time: mean = 0.000 s, max = -0.000 s, min = 9223372036.855 s, total = 0.000 s
	ray::rpc::InternalPubSubGcsService.grpc_client.GcsSubscriberCommandBatch - 1 total (0 active), Execution time: mean = 447.511 us, total = 447.511 us, Queueing time: mean = 0.000 s, max = -0.000 s, min = 9223372036.855 s, total = 0.000 s
	ray::rpc::InternalPubSubGcsService.grpc_client.GcsSubscriberPoll - 1 total (1 active), Execution time: mean = 0.000 s, total = 0.000 s, Queueing time: mean = 0.000 s, max = -0.000 s, min = 9223372036.855 s, total = 0.000 s
	ray::rpc::WorkerInfoGcsService.grpc_client.AddWorkerInfo.OnReplyReceived - 1 total (0 active), Execution time: mean = 16.872 us, total = 16.872 us, Queueing time: mean = 62.874 us, max = 62.874 us, min = 62.874 us, total = 62.874 us

-----------------
Task Event stats:

IO Service Stats:

Global stats: 3 total (2 active)
Queueing time: mean = 52.305 us, max = 156.914 us, min = 156.914 us, total = 156.914 us
Execution time:  mean = 55.811 us, total = 167.432 us
Event stats:
	PeriodicalRunner.RunFnPeriodically - 1 total (0 active), Execution time: mean = 167.432 us, total = 167.432 us, Queueing time: mean = 156.914 us, max = 156.914 us, min = 156.914 us, total = 156.914 us
	ray::rpc::TaskInfoGcsService.grpc_client.AddTaskEventData - 1 total (1 active), Execution time: mean = 0.000 s, total = 0.000 s, Queueing time: mean = 0.000 s, max = -0.000 s, min = 9223372036.855 s, total = 0.000 s
	CoreWorker.deadline_timer.flush_task_events - 1 total (1 active), Execution time: mean = 0.000 s, total = 0.000 s, Queueing time: mean = 0.000 s, max = -0.000 s, min = 9223372036.855 s, total = 0.000 s
Other Stats:
	grpc_in_progress:1
	current number of task status events in buffer: 0
	current number of profile events in buffer: 0
	current number of dropped task attempts tracked: 0
	total task events sent: 0 MiB
	total number of task attempts sent: 0
	total number of task attempts dropped reported: 0
	total number of sent failure: 0
	num status task events dropped: 0
	num profile task events dropped: 0


[2025-02-16 14:44:14,343 I 2850 2850] event.cc:491: Ray Event initialized for CORE_WORKER
[2025-02-16 14:44:14,343 I 2850 2850] event.cc:491: Ray Event initialized for EXPORT_TASK
[2025-02-16 14:44:14,343 I 2850 2850] event.cc:322: Set ray event level to warning
[2025-02-16 14:44:14,343 I 2850 2886] accessor.cc:762: Received notification for node, IsAlive = 1 node_id=816adedaa007cdcc0cd45373f60e7db6274e62064526c8820e476a2e
[2025-02-16 14:44:14,343 I 2850 2886] core_worker.cc:4754: Number of alive nodes:1
[2025-02-16 14:44:14,344 I 2850 2850] actor_task_submitter.cc:73: Set actor max pending calls to -1 actor_id=d726beb14576615f1c2721f301000000
[2025-02-16 14:44:14,344 I 2850 2850] core_worker.cc:3017: Creating actor actor_id=d726beb14576615f1c2721f301000000
[2025-02-16 14:44:17,877 I 2850 2850] task_receiver.cc:196: Actor creation task finished, task_id: ffffffffffffffffd726beb14576615f1c2721f301000000, actor_id: d726beb14576615f1c2721f301000000, actor_repr_name: _train_tune
[2025-02-16 14:44:24,347 W 2850 2881] metric_exporter.cc:105: [1] Export metrics to agent failed: RpcError: RPC Error message: failed to connect to all addresses; last error: UNKNOWN: ipv4:127.0.0.1:61040: Failed to connect to remote host: Connection refused; RPC Error details: . This won't affect Ray, but you can lose metrics from the cluster.
[2025-02-16 14:44:31,671 I 2850 2886] core_worker.cc:4177: Force kill actor request has received. exiting immediately... The actor is dead because all references to the actor were removed.
[2025-02-16 14:44:31,671 W 2850 2886] core_worker.cc:958: Force exit the process.  Details: Worker exits because the actor is killed. The actor is dead because all references to the actor were removed.
[2025-02-16 14:44:31,672 I 2850 2886] core_worker.cc:855: Try killing all child processes of this worker as it exits. Child process pids: 
[2025-02-16 14:44:31,672 I 2850 2850] core_worker.cc:877: Exit signal received, this process will exit after all outstanding tasks have finished, exit_type=SYSTEM_ERROR, detail=Worker exits unexpectedly by a signal. SystemExit is raised (sys.exit is called). Exit code: 1. The process receives a SIGTERM.
[2025-02-16 14:44:31,672 W 2850 2850] core_worker.cc:890: Failed to notify Raylet. It is either the raylet is already dead or the raylet disconnects the client because it kills this worker.
[2025-02-16 14:44:31,672 I 2850 2886] core_worker.cc:814: Disconnecting to the raylet.
[2025-02-16 14:44:31,672 I 2850 2886] raylet_client.cc:162: RayletClient::Disconnect, exit_type=INTENDED_SYSTEM_EXIT, exit_detail=Worker exits because the actor is killed. The actor is dead because all references to the actor were removed., has creation_task_exception_pb_bytes=0
[2025-02-16 14:44:31,672 W 2850 2886] raylet_client.cc:187: IOError: Broken pipe [RayletClient] Failed to disconnect from raylet. This means the raylet the worker is connected is probably already dead.
