[2025-02-16 14:36:45,330 I 1639 1639] core_worker_process.cc:107: Constructing CoreWorkerProcess. pid: 1639
[2025-02-16 14:36:45,332 I 1639 1639] io_service_pool.cc:35: IOServicePool is running with 1 io_service.
[2025-02-16 14:36:45,335 I 1639 1639] grpc_server.cc:134: worker server started, listening on port 45523.
[2025-02-16 14:36:45,335 I 1639 1639] core_worker.cc:275: Initializing worker at address: 172.19.0.2:45523 worker_id=e9d15683a94134d1ec96cd6c8601cd9a6e65e868e19d7b9862b5e7bc node_id=816adedaa007cdcc0cd45373f60e7db6274e62064526c8820e476a2e
[2025-02-16 14:36:45,336 I 1639 1639] task_event_buffer.cc:257: Reporting task events to GCS every 1000ms.
[2025-02-16 14:36:45,337 I 1639 1639] core_worker.cc:703: Adjusted worker niceness to 15
[2025-02-16 14:36:45,337 I 1639 1676] core_worker.cc:642: Event stats:


Global stats: 10 total (6 active)
Queueing time: mean = 15.840 us, max = 77.135 us, min = 36.271 us, total = 158.404 us
Execution time:  mean = 83.276 us, total = 832.760 us
Event stats:
	PeriodicalRunner.RunFnPeriodically - 3 total (1 active, 1 running), Execution time: mean = 4.193 us, total = 12.579 us, Queueing time: mean = 37.802 us, max = 77.135 us, min = 36.271 us, total = 113.406 us
	ray::rpc::InternalPubSubGcsService.grpc_client.GcsSubscriberCommandBatch - 1 total (1 active), Execution time: mean = 0.000 s, total = 0.000 s, Queueing time: mean = 0.000 s, max = -0.000 s, min = 9223372036.855 s, total = 0.000 s
	ray::rpc::InternalPubSubGcsService.grpc_client.GcsSubscriberPoll - 1 total (1 active), Execution time: mean = 0.000 s, total = 0.000 s, Queueing time: mean = 0.000 s, max = -0.000 s, min = 9223372036.855 s, total = 0.000 s
	CoreWorker.ExitIfParentRayletDies - 1 total (1 active), Execution time: mean = 0.000 s, total = 0.000 s, Queueing time: mean = 0.000 s, max = -0.000 s, min = 9223372036.855 s, total = 0.000 s
	ray::rpc::InternalPubSubGcsService.grpc_client.GcsSubscriberCommandBatch.OnReplyReceived - 1 total (1 active), Execution time: mean = 0.000 s, total = 0.000 s, Queueing time: mean = 0.000 s, max = -0.000 s, min = 9223372036.855 s, total = 0.000 s
	Publisher.CheckDeadSubscribers - 1 total (1 active), Execution time: mean = 0.000 s, total = 0.000 s, Queueing time: mean = 0.000 s, max = -0.000 s, min = 9223372036.855 s, total = 0.000 s
	ray::rpc::WorkerInfoGcsService.grpc_client.AddWorkerInfo - 1 total (0 active), Execution time: mean = 807.035 us, total = 807.035 us, Queueing time: mean = 0.000 s, max = -0.000 s, min = 9223372036.855 s, total = 0.000 s
	ray::rpc::WorkerInfoGcsService.grpc_client.AddWorkerInfo.OnReplyReceived - 1 total (0 active), Execution time: mean = 13.146 us, total = 13.146 us, Queueing time: mean = 44.998 us, max = 44.998 us, min = 44.998 us, total = 44.998 us

-----------------
Task Event stats:

IO Service Stats:

Global stats: 4 total (1 active)
Queueing time: mean = 13.626 us, max = 34.947 us, min = 19.556 us, total = 54.503 us
Execution time:  mean = 175.167 us, total = 700.667 us
Event stats:
	CoreWorker.deadline_timer.flush_task_events - 1 total (1 active), Execution time: mean = 0.000 s, total = 0.000 s, Queueing time: mean = 0.000 s, max = -0.000 s, min = 9223372036.855 s, total = 0.000 s
	PeriodicalRunner.RunFnPeriodically - 1 total (0 active), Execution time: mean = 129.894 us, total = 129.894 us, Queueing time: mean = 19.556 us, max = 19.556 us, min = 19.556 us, total = 19.556 us
	ray::rpc::TaskInfoGcsService.grpc_client.AddTaskEventData - 1 total (0 active), Execution time: mean = 547.197 us, total = 547.197 us, Queueing time: mean = 0.000 s, max = -0.000 s, min = 9223372036.855 s, total = 0.000 s
	ray::rpc::TaskInfoGcsService.grpc_client.AddTaskEventData.OnReplyReceived - 1 total (0 active), Execution time: mean = 23.576 us, total = 23.576 us, Queueing time: mean = 34.947 us, max = 34.947 us, min = 34.947 us, total = 34.947 us
Other Stats:
	grpc_in_progress:0
	current number of task status events in buffer: 0
	current number of profile events in buffer: 0
	current number of dropped task attempts tracked: 0
	total task events sent: 0 MiB
	total number of task attempts sent: 0
	total number of task attempts dropped reported: 0
	total number of sent failure: 0
	num status task events dropped: 0
	num profile task events dropped: 0


[2025-02-16 14:36:45,337 I 1639 1639] event.cc:491: Ray Event initialized for CORE_WORKER
[2025-02-16 14:36:45,337 I 1639 1639] event.cc:491: Ray Event initialized for EXPORT_TASK
[2025-02-16 14:36:45,337 I 1639 1639] event.cc:322: Set ray event level to warning
[2025-02-16 14:36:45,338 I 1639 1676] accessor.cc:762: Received notification for node, IsAlive = 1 node_id=816adedaa007cdcc0cd45373f60e7db6274e62064526c8820e476a2e
[2025-02-16 14:36:45,338 I 1639 1676] core_worker.cc:4754: Number of alive nodes:1
[2025-02-16 14:36:45,339 I 1639 1639] actor_task_submitter.cc:73: Set actor max pending calls to -1 actor_id=bb887cf399ad23a1fa894c1501000000
[2025-02-16 14:36:45,339 I 1639 1639] core_worker.cc:3017: Creating actor actor_id=bb887cf399ad23a1fa894c1501000000
[2025-02-16 14:36:48,480 I 1639 1639] task_receiver.cc:196: Actor creation task finished, task_id: ffffffffffffffffbb887cf399ad23a1fa894c1501000000, actor_id: bb887cf399ad23a1fa894c1501000000, actor_repr_name: _train_tune
[2025-02-16 14:36:55,341 W 1639 1671] metric_exporter.cc:105: [1] Export metrics to agent failed: RpcError: RPC Error message: failed to connect to all addresses; last error: UNKNOWN: ipv4:127.0.0.1:61040: Failed to connect to remote host: Connection refused; RPC Error details: . This won't affect Ray, but you can lose metrics from the cluster.
[2025-02-16 14:37:19,405 I 1639 1639] core_worker.cc:877: Exit signal received, this process will exit after all outstanding tasks have finished, exit_type=SYSTEM_ERROR, detail=Worker exits unexpectedly by a signal. SystemExit is raised (sys.exit is called). Exit code: 1. The process receives a SIGTERM.
[2025-02-16 14:37:19,405 W 1639 1639] core_worker.cc:890: Failed to notify Raylet. It is either the raylet is already dead or the raylet disconnects the client because it kills this worker.
[2025-02-16 14:37:19,405 I 1639 1676] core_worker.cc:4177: Force kill actor request has received. exiting immediately... The actor is dead because all references to the actor were removed.
[2025-02-16 14:37:19,405 W 1639 1676] core_worker.cc:958: Force exit the process.  Details: Worker exits because the actor is killed. The actor is dead because all references to the actor were removed.
[2025-02-16 14:37:19,407 I 1639 1639] core_worker.cc:855: Try killing all child processes of this worker as it exits. Child process pids: 
[2025-02-16 14:37:19,407 I 1639 1676] core_worker.cc:855: Try killing all child processes of this worker as it exits. Child process pids: 
[2025-02-16 14:37:19,407 I 1639 1676] core_worker.cc:814: Disconnecting to the raylet.
[2025-02-16 14:37:19,407 I 1639 1676] raylet_client.cc:162: RayletClient::Disconnect, exit_type=INTENDED_SYSTEM_EXIT, exit_detail=Worker exits because the actor is killed. The actor is dead because all references to the actor were removed., has creation_task_exception_pb_bytes=0
[2025-02-16 14:37:19,408 W 1639 1676] raylet_client.cc:187: IOError: Broken pipe [RayletClient] Failed to disconnect from raylet. This means the raylet the worker is connected is probably already dead.
