[2025-02-16 14:46:30,403 I 3290 3290] core_worker_process.cc:107: Constructing CoreWorkerProcess. pid: 3290
[2025-02-16 14:46:30,405 I 3290 3290] io_service_pool.cc:35: IOServicePool is running with 1 io_service.
[2025-02-16 14:46:30,407 I 3290 3290] grpc_server.cc:134: worker server started, listening on port 46843.
[2025-02-16 14:46:30,408 I 3290 3290] core_worker.cc:275: Initializing worker at address: 172.19.0.2:46843 worker_id=9454d5bf292306b79ab0d44218e26c171cd8f5e5d93a0b926baed24c node_id=816adedaa007cdcc0cd45373f60e7db6274e62064526c8820e476a2e
[2025-02-16 14:46:30,409 I 3290 3290] task_event_buffer.cc:257: Reporting task events to GCS every 1000ms.
[2025-02-16 14:46:30,409 I 3290 3290] core_worker.cc:703: Adjusted worker niceness to 15
[2025-02-16 14:46:30,409 I 3290 3326] core_worker.cc:642: Event stats:


Global stats: 11 total (5 active)
Queueing time: mean = 10.067 us, max = 55.831 us, min = 13.497 us, total = 110.740 us
Execution time:  mean = 87.379 us, total = 961.174 us
Event stats:
	PeriodicalRunner.RunFnPeriodically - 3 total (1 active, 1 running), Execution time: mean = 3.652 us, total = 10.955 us, Queueing time: mean = 23.109 us, max = 55.831 us, min = 13.497 us, total = 69.328 us
	ray::rpc::WorkerInfoGcsService.grpc_client.AddWorkerInfo.OnReplyReceived - 1 total (0 active), Execution time: mean = 17.191 us, total = 17.191 us, Queueing time: mean = 19.429 us, max = 19.429 us, min = 19.429 us, total = 19.429 us
	ray::rpc::InternalPubSubGcsService.grpc_client.GcsSubscriberCommandBatch.OnReplyReceived - 1 total (0 active), Execution time: mean = 107.707 us, total = 107.707 us, Queueing time: mean = 21.983 us, max = 21.983 us, min = 21.983 us, total = 21.983 us
	Publisher.CheckDeadSubscribers - 1 total (1 active), Execution time: mean = 0.000 s, total = 0.000 s, Queueing time: mean = 0.000 s, max = -0.000 s, min = 9223372036.855 s, total = 0.000 s
	ray::rpc::InternalPubSubGcsService.grpc_client.GcsSubscriberPoll - 1 total (1 active), Execution time: mean = 0.000 s, total = 0.000 s, Queueing time: mean = 0.000 s, max = -0.000 s, min = 9223372036.855 s, total = 0.000 s
	CoreWorker.ExitIfParentRayletDies - 1 total (1 active), Execution time: mean = 0.000 s, total = 0.000 s, Queueing time: mean = 0.000 s, max = -0.000 s, min = 9223372036.855 s, total = 0.000 s
	ray::rpc::WorkerInfoGcsService.grpc_client.AddWorkerInfo - 1 total (0 active), Execution time: mean = 448.358 us, total = 448.358 us, Queueing time: mean = 0.000 s, max = -0.000 s, min = 9223372036.855 s, total = 0.000 s
	ray::rpc::InternalPubSubGcsService.grpc_client.GcsSubscriberCommandBatch - 1 total (0 active), Execution time: mean = 376.963 us, total = 376.963 us, Queueing time: mean = 0.000 s, max = -0.000 s, min = 9223372036.855 s, total = 0.000 s
	ray::rpc::NodeInfoGcsService.grpc_client.GetAllNodeInfo - 1 total (1 active), Execution time: mean = 0.000 s, total = 0.000 s, Queueing time: mean = 0.000 s, max = -0.000 s, min = 9223372036.855 s, total = 0.000 s

-----------------
Task Event stats:

IO Service Stats:

Global stats: 4 total (1 active)
Queueing time: mean = 17.013 us, max = 49.645 us, min = 18.406 us, total = 68.051 us
Execution time:  mean = 131.562 us, total = 526.247 us
Event stats:
	PeriodicalRunner.RunFnPeriodically - 1 total (0 active), Execution time: mean = 150.096 us, total = 150.096 us, Queueing time: mean = 49.645 us, max = 49.645 us, min = 49.645 us, total = 49.645 us
	ray::rpc::TaskInfoGcsService.grpc_client.AddTaskEventData - 1 total (0 active), Execution time: mean = 363.202 us, total = 363.202 us, Queueing time: mean = 0.000 s, max = -0.000 s, min = 9223372036.855 s, total = 0.000 s
	ray::rpc::TaskInfoGcsService.grpc_client.AddTaskEventData.OnReplyReceived - 1 total (0 active), Execution time: mean = 12.949 us, total = 12.949 us, Queueing time: mean = 18.406 us, max = 18.406 us, min = 18.406 us, total = 18.406 us
	CoreWorker.deadline_timer.flush_task_events - 1 total (1 active), Execution time: mean = 0.000 s, total = 0.000 s, Queueing time: mean = 0.000 s, max = -0.000 s, min = 9223372036.855 s, total = 0.000 s
Other Stats:
	grpc_in_progress:0
	current number of task status events in buffer: 0
	current number of profile events in buffer: 0
	current number of dropped task attempts tracked: 0
	total task events sent: 0 MiB
	total number of task attempts sent: 0
	total number of task attempts dropped reported: 0
	total number of sent failure: 0
	num status task events dropped: 0
	num profile task events dropped: 0


[2025-02-16 14:46:30,409 I 3290 3290] event.cc:491: Ray Event initialized for CORE_WORKER
[2025-02-16 14:46:30,410 I 3290 3290] event.cc:491: Ray Event initialized for EXPORT_TASK
[2025-02-16 14:46:30,410 I 3290 3326] accessor.cc:762: Received notification for node, IsAlive = 1 node_id=816adedaa007cdcc0cd45373f60e7db6274e62064526c8820e476a2e
[2025-02-16 14:46:30,410 I 3290 3326] core_worker.cc:4754: Number of alive nodes:1
[2025-02-16 14:46:30,410 I 3290 3290] event.cc:322: Set ray event level to warning
[2025-02-16 14:46:30,411 I 3290 3290] actor_task_submitter.cc:73: Set actor max pending calls to -1 actor_id=441ecc95698b4c8a70131d3e01000000
[2025-02-16 14:46:30,411 I 3290 3290] core_worker.cc:3017: Creating actor actor_id=441ecc95698b4c8a70131d3e01000000
[2025-02-16 14:46:33,744 I 3290 3290] task_receiver.cc:196: Actor creation task finished, task_id: ffffffffffffffff441ecc95698b4c8a70131d3e01000000, actor_id: 441ecc95698b4c8a70131d3e01000000, actor_repr_name: _train_tune
[2025-02-16 14:46:40,415 W 3290 3321] metric_exporter.cc:105: [1] Export metrics to agent failed: RpcError: RPC Error message: failed to connect to all addresses; last error: UNKNOWN: ipv4:127.0.0.1:61040: Failed to connect to remote host: Connection refused; RPC Error details: . This won't affect Ray, but you can lose metrics from the cluster.
[2025-02-16 14:46:45,783 I 3290 3326] core_worker.cc:4177: Force kill actor request has received. exiting immediately... The actor is dead because all references to the actor were removed.
[2025-02-16 14:46:45,783 W 3290 3326] core_worker.cc:958: Force exit the process.  Details: Worker exits because the actor is killed. The actor is dead because all references to the actor were removed.
[2025-02-16 14:46:45,784 I 3290 3326] core_worker.cc:855: Try killing all child processes of this worker as it exits. Child process pids: 
[2025-02-16 14:46:45,784 I 3290 3326] core_worker.cc:814: Disconnecting to the raylet.
[2025-02-16 14:46:45,784 I 3290 3326] raylet_client.cc:162: RayletClient::Disconnect, exit_type=INTENDED_SYSTEM_EXIT, exit_detail=Worker exits because the actor is killed. The actor is dead because all references to the actor were removed., has creation_task_exception_pb_bytes=0
[2025-02-16 14:46:45,785 W 3290 3326] raylet_client.cc:187: IOError: Broken pipe [RayletClient] Failed to disconnect from raylet. This means the raylet the worker is connected is probably already dead.
