[2025-02-16 14:37:20,980 I 1744 1744] core_worker_process.cc:107: Constructing CoreWorkerProcess. pid: 1744
[2025-02-16 14:37:20,982 I 1744 1744] io_service_pool.cc:35: IOServicePool is running with 1 io_service.
[2025-02-16 14:37:20,985 I 1744 1744] grpc_server.cc:134: worker server started, listening on port 40841.
[2025-02-16 14:37:20,986 I 1744 1744] core_worker.cc:275: Initializing worker at address: 172.19.0.2:40841 worker_id=3f5d23ce0b14e1c4d82e9f434e047ad899938daafe7eee8014d1b88c node_id=816adedaa007cdcc0cd45373f60e7db6274e62064526c8820e476a2e
[2025-02-16 14:37:20,987 I 1744 1744] task_event_buffer.cc:257: Reporting task events to GCS every 1000ms.
[2025-02-16 14:37:20,988 I 1744 1780] accessor.cc:762: Received notification for node, IsAlive = 1 node_id=816adedaa007cdcc0cd45373f60e7db6274e62064526c8820e476a2e
[2025-02-16 14:37:20,988 I 1744 1780] core_worker.cc:4754: Number of alive nodes:1
[2025-02-16 14:37:20,988 I 1744 1744] core_worker.cc:703: Adjusted worker niceness to 15
[2025-02-16 14:37:20,988 I 1744 1780] core_worker.cc:642: Event stats:


Global stats: 12 total (4 active)
Queueing time: mean = 12.028 us, max = 75.388 us, min = 3.806 us, total = 144.333 us
Execution time:  mean = 148.037 us, total = 1.776 ms
Event stats:
	PeriodicalRunner.RunFnPeriodically - 3 total (1 active, 1 running), Execution time: mean = 4.347 us, total = 13.042 us, Queueing time: mean = 26.398 us, max = 75.388 us, min = 3.806 us, total = 79.194 us
	ray::rpc::InternalPubSubGcsService.grpc_client.GcsSubscriberPoll - 1 total (1 active), Execution time: mean = 0.000 s, total = 0.000 s, Queueing time: mean = 0.000 s, max = -0.000 s, min = 9223372036.855 s, total = 0.000 s
	CoreWorker.ExitIfParentRayletDies - 1 total (1 active), Execution time: mean = 0.000 s, total = 0.000 s, Queueing time: mean = 0.000 s, max = -0.000 s, min = 9223372036.855 s, total = 0.000 s
	ray::rpc::InternalPubSubGcsService.grpc_client.GcsSubscriberCommandBatch.OnReplyReceived - 1 total (0 active), Execution time: mean = 113.916 us, total = 113.916 us, Queueing time: mean = 20.769 us, max = 20.769 us, min = 20.769 us, total = 20.769 us
	ray::rpc::NodeInfoGcsService.grpc_client.GetAllNodeInfo.OnReplyReceived - 1 total (0 active), Execution time: mean = 80.709 us, total = 80.709 us, Queueing time: mean = 22.843 us, max = 22.843 us, min = 22.843 us, total = 22.843 us
	ray::rpc::InternalPubSubGcsService.grpc_client.GcsSubscriberCommandBatch - 1 total (0 active), Execution time: mean = 443.962 us, total = 443.962 us, Queueing time: mean = 0.000 s, max = -0.000 s, min = 9223372036.855 s, total = 0.000 s
	ray::rpc::WorkerInfoGcsService.grpc_client.AddWorkerInfo - 1 total (0 active), Execution time: mean = 719.643 us, total = 719.643 us, Queueing time: mean = 0.000 s, max = -0.000 s, min = 9223372036.855 s, total = 0.000 s
	ray::rpc::WorkerInfoGcsService.grpc_client.AddWorkerInfo.OnReplyReceived - 1 total (0 active), Execution time: mean = 21.716 us, total = 21.716 us, Queueing time: mean = 21.527 us, max = 21.527 us, min = 21.527 us, total = 21.527 us
	Publisher.CheckDeadSubscribers - 1 total (1 active), Execution time: mean = 0.000 s, total = 0.000 s, Queueing time: mean = 0.000 s, max = -0.000 s, min = 9223372036.855 s, total = 0.000 s
	ray::rpc::NodeInfoGcsService.grpc_client.GetAllNodeInfo - 1 total (0 active), Execution time: mean = 383.456 us, total = 383.456 us, Queueing time: mean = 0.000 s, max = -0.000 s, min = 9223372036.855 s, total = 0.000 s

-----------------
Task Event stats:

IO Service Stats:

Global stats: 4 total (1 active)
Queueing time: mean = 13.897 us, max = 37.702 us, min = 17.886 us, total = 55.588 us
Execution time:  mean = 150.285 us, total = 601.141 us
Event stats:
	ray::rpc::TaskInfoGcsService.grpc_client.AddTaskEventData.OnReplyReceived - 1 total (0 active), Execution time: mean = 10.931 us, total = 10.931 us, Queueing time: mean = 17.886 us, max = 17.886 us, min = 17.886 us, total = 17.886 us
	PeriodicalRunner.RunFnPeriodically - 1 total (0 active), Execution time: mean = 155.533 us, total = 155.533 us, Queueing time: mean = 37.702 us, max = 37.702 us, min = 37.702 us, total = 37.702 us
	CoreWorker.deadline_timer.flush_task_events - 1 total (1 active), Execution time: mean = 0.000 s, total = 0.000 s, Queueing time: mean = 0.000 s, max = -0.000 s, min = 9223372036.855 s, total = 0.000 s
	ray::rpc::TaskInfoGcsService.grpc_client.AddTaskEventData - 1 total (0 active), Execution time: mean = 434.677 us, total = 434.677 us, Queueing time: mean = 0.000 s, max = -0.000 s, min = 9223372036.855 s, total = 0.000 s
Other Stats:
	grpc_in_progress:0
	current number of task status events in buffer: 0
	current number of profile events in buffer: 0
	current number of dropped task attempts tracked: 0
	total task events sent: 0 MiB
	total number of task attempts sent: 0
	total number of task attempts dropped reported: 0
	total number of sent failure: 0
	num status task events dropped: 0
	num profile task events dropped: 0


[2025-02-16 14:37:20,988 I 1744 1744] event.cc:491: Ray Event initialized for CORE_WORKER
[2025-02-16 14:37:20,988 I 1744 1744] event.cc:491: Ray Event initialized for EXPORT_TASK
[2025-02-16 14:37:20,988 I 1744 1744] event.cc:322: Set ray event level to warning
[2025-02-16 14:37:20,990 I 1744 1744] actor_task_submitter.cc:73: Set actor max pending calls to -1 actor_id=e4117da18da92126acc28d5b01000000
[2025-02-16 14:37:20,990 I 1744 1744] core_worker.cc:3017: Creating actor actor_id=e4117da18da92126acc28d5b01000000
[2025-02-16 14:37:24,731 I 1744 1744] task_receiver.cc:196: Actor creation task finished, task_id: ffffffffffffffffe4117da18da92126acc28d5b01000000, actor_id: e4117da18da92126acc28d5b01000000, actor_repr_name: _train_tune
[2025-02-16 14:37:31,014 W 1744 1775] metric_exporter.cc:105: [1] Export metrics to agent failed: RpcError: RPC Error message: failed to connect to all addresses; last error: UNKNOWN: ipv4:127.0.0.1:61040: Failed to connect to remote host: Connection refused; RPC Error details: . This won't affect Ray, but you can lose metrics from the cluster.
[2025-02-16 14:38:06,224 I 1744 1780] core_worker.cc:4177: Force kill actor request has received. exiting immediately... The actor is dead because all references to the actor were removed.
[2025-02-16 14:38:06,224 W 1744 1780] core_worker.cc:958: Force exit the process.  Details: Worker exits because the actor is killed. The actor is dead because all references to the actor were removed.
[2025-02-16 14:38:06,225 I 1744 1780] core_worker.cc:855: Try killing all child processes of this worker as it exits. Child process pids: 
[2025-02-16 14:38:06,225 I 1744 1780] core_worker.cc:814: Disconnecting to the raylet.
[2025-02-16 14:38:06,225 I 1744 1780] raylet_client.cc:162: RayletClient::Disconnect, exit_type=INTENDED_SYSTEM_EXIT, exit_detail=Worker exits because the actor is killed. The actor is dead because all references to the actor were removed., has creation_task_exception_pb_bytes=0
[2025-02-16 14:38:06,225 W 1744 1780] raylet_client.cc:187: IOError: Broken pipe [RayletClient] Failed to disconnect from raylet. This means the raylet the worker is connected is probably already dead.
