[2025-02-16 14:42:28,180 I 2556 2556] core_worker_process.cc:107: Constructing CoreWorkerProcess. pid: 2556
[2025-02-16 14:42:28,182 I 2556 2556] io_service_pool.cc:35: IOServicePool is running with 1 io_service.
[2025-02-16 14:42:28,184 I 2556 2556] grpc_server.cc:134: worker server started, listening on port 41265.
[2025-02-16 14:42:28,185 I 2556 2556] core_worker.cc:275: Initializing worker at address: 172.19.0.2:41265 worker_id=45eb9ee1b62582dc3b375034ef90947457b7aeed579c811915bc0836 node_id=816adedaa007cdcc0cd45373f60e7db6274e62064526c8820e476a2e
[2025-02-16 14:42:28,186 I 2556 2556] task_event_buffer.cc:257: Reporting task events to GCS every 1000ms.
[2025-02-16 14:42:28,187 I 2556 2556] core_worker.cc:703: Adjusted worker niceness to 15
[2025-02-16 14:42:28,187 I 2556 2592] core_worker.cc:642: Event stats:


Global stats: 11 total (5 active)
Queueing time: mean = 12.125 us, max = 61.863 us, min = 2.478 us, total = 133.377 us
Execution time:  mean = 114.619 us, total = 1.261 ms
Event stats:
	PeriodicalRunner.RunFnPeriodically - 3 total (1 active, 1 running), Execution time: mean = 6.529 us, total = 19.587 us, Queueing time: mean = 21.447 us, max = 61.863 us, min = 2.478 us, total = 64.341 us
	CoreWorker.ExitIfParentRayletDies - 1 total (1 active), Execution time: mean = 0.000 s, total = 0.000 s, Queueing time: mean = 0.000 s, max = -0.000 s, min = 9223372036.855 s, total = 0.000 s
	ray::rpc::InternalPubSubGcsService.grpc_client.GcsSubscriberCommandBatch - 1 total (0 active), Execution time: mean = 486.445 us, total = 486.445 us, Queueing time: mean = 0.000 s, max = -0.000 s, min = 9223372036.855 s, total = 0.000 s
	Publisher.CheckDeadSubscribers - 1 total (1 active), Execution time: mean = 0.000 s, total = 0.000 s, Queueing time: mean = 0.000 s, max = -0.000 s, min = 9223372036.855 s, total = 0.000 s
	ray::rpc::WorkerInfoGcsService.grpc_client.AddWorkerInfo - 1 total (0 active), Execution time: mean = 612.973 us, total = 612.973 us, Queueing time: mean = 0.000 s, max = -0.000 s, min = 9223372036.855 s, total = 0.000 s
	ray::rpc::WorkerInfoGcsService.grpc_client.AddWorkerInfo.OnReplyReceived - 1 total (0 active), Execution time: mean = 21.100 us, total = 21.100 us, Queueing time: mean = 31.293 us, max = 31.293 us, min = 31.293 us, total = 31.293 us
	ray::rpc::InternalPubSubGcsService.grpc_client.GcsSubscriberPoll - 1 total (1 active), Execution time: mean = 0.000 s, total = 0.000 s, Queueing time: mean = 0.000 s, max = -0.000 s, min = 9223372036.855 s, total = 0.000 s
	ray::rpc::InternalPubSubGcsService.grpc_client.GcsSubscriberCommandBatch.OnReplyReceived - 1 total (0 active), Execution time: mean = 120.700 us, total = 120.700 us, Queueing time: mean = 37.743 us, max = 37.743 us, min = 37.743 us, total = 37.743 us
	ray::rpc::NodeInfoGcsService.grpc_client.GetAllNodeInfo - 1 total (1 active), Execution time: mean = 0.000 s, total = 0.000 s, Queueing time: mean = 0.000 s, max = -0.000 s, min = 9223372036.855 s, total = 0.000 s

-----------------
Task Event stats:

IO Service Stats:

Global stats: 4 total (1 active)
Queueing time: mean = 17.556 us, max = 48.793 us, min = 21.431 us, total = 70.224 us
Execution time:  mean = 162.806 us, total = 651.226 us
Event stats:
	PeriodicalRunner.RunFnPeriodically - 1 total (0 active), Execution time: mean = 156.116 us, total = 156.116 us, Queueing time: mean = 48.793 us, max = 48.793 us, min = 48.793 us, total = 48.793 us
	ray::rpc::TaskInfoGcsService.grpc_client.AddTaskEventData.OnReplyReceived - 1 total (0 active), Execution time: mean = 11.814 us, total = 11.814 us, Queueing time: mean = 21.431 us, max = 21.431 us, min = 21.431 us, total = 21.431 us
	ray::rpc::TaskInfoGcsService.grpc_client.AddTaskEventData - 1 total (0 active), Execution time: mean = 483.296 us, total = 483.296 us, Queueing time: mean = 0.000 s, max = -0.000 s, min = 9223372036.855 s, total = 0.000 s
	CoreWorker.deadline_timer.flush_task_events - 1 total (1 active), Execution time: mean = 0.000 s, total = 0.000 s, Queueing time: mean = 0.000 s, max = -0.000 s, min = 9223372036.855 s, total = 0.000 s
Other Stats:
	grpc_in_progress:0
	current number of task status events in buffer: 0
	current number of profile events in buffer: 0
	current number of dropped task attempts tracked: 0
	total task events sent: 0 MiB
	total number of task attempts sent: 0
	total number of task attempts dropped reported: 0
	total number of sent failure: 0
	num status task events dropped: 0
	num profile task events dropped: 0


[2025-02-16 14:42:28,187 I 2556 2556] event.cc:491: Ray Event initialized for CORE_WORKER
[2025-02-16 14:42:28,187 I 2556 2556] event.cc:491: Ray Event initialized for EXPORT_TASK
[2025-02-16 14:42:28,187 I 2556 2556] event.cc:322: Set ray event level to warning
[2025-02-16 14:42:28,187 I 2556 2592] accessor.cc:762: Received notification for node, IsAlive = 1 node_id=816adedaa007cdcc0cd45373f60e7db6274e62064526c8820e476a2e
[2025-02-16 14:42:28,187 I 2556 2592] core_worker.cc:4754: Number of alive nodes:1
[2025-02-16 14:42:28,189 I 2556 2556] actor_task_submitter.cc:73: Set actor max pending calls to -1 actor_id=00924e1f8afe8bb3d98c109301000000
[2025-02-16 14:42:28,189 I 2556 2556] core_worker.cc:3017: Creating actor actor_id=00924e1f8afe8bb3d98c109301000000
[2025-02-16 14:42:31,745 I 2556 2556] task_receiver.cc:196: Actor creation task finished, task_id: ffffffffffffffff00924e1f8afe8bb3d98c109301000000, actor_id: 00924e1f8afe8bb3d98c109301000000, actor_repr_name: _train_tune
[2025-02-16 14:42:38,200 W 2556 2587] metric_exporter.cc:105: [1] Export metrics to agent failed: RpcError: RPC Error message: failed to connect to all addresses; last error: UNKNOWN: ipv4:127.0.0.1:61040: Failed to connect to remote host: Connection refused; RPC Error details: . This won't affect Ray, but you can lose metrics from the cluster.
[2025-02-16 14:42:45,758 I 2556 2592] core_worker.cc:4177: Force kill actor request has received. exiting immediately... The actor is dead because all references to the actor were removed.
[2025-02-16 14:42:45,758 W 2556 2592] core_worker.cc:958: Force exit the process.  Details: Worker exits because the actor is killed. The actor is dead because all references to the actor were removed.
[2025-02-16 14:42:45,759 I 2556 2592] core_worker.cc:855: Try killing all child processes of this worker as it exits. Child process pids: 
[2025-02-16 14:42:45,759 I 2556 2592] core_worker.cc:814: Disconnecting to the raylet.
[2025-02-16 14:42:45,759 I 2556 2592] raylet_client.cc:162: RayletClient::Disconnect, exit_type=INTENDED_SYSTEM_EXIT, exit_detail=Worker exits because the actor is killed. The actor is dead because all references to the actor were removed., has creation_task_exception_pb_bytes=0
[2025-02-16 14:42:45,759 W 2556 2592] raylet_client.cc:187: IOError: Broken pipe [RayletClient] Failed to disconnect from raylet. This means the raylet the worker is connected is probably already dead.
