[2025-02-16 14:38:36,936 I 1894 1894] core_worker_process.cc:107: Constructing CoreWorkerProcess. pid: 1894
[2025-02-16 14:38:36,938 I 1894 1894] io_service_pool.cc:35: IOServicePool is running with 1 io_service.
[2025-02-16 14:38:36,940 I 1894 1894] grpc_server.cc:134: worker server started, listening on port 43815.
[2025-02-16 14:38:36,941 I 1894 1894] core_worker.cc:275: Initializing worker at address: 172.19.0.2:43815 worker_id=54766d136a665f9ff75fb48a3e8a4411459ca71cc77d20fe4758f487 node_id=816adedaa007cdcc0cd45373f60e7db6274e62064526c8820e476a2e
[2025-02-16 14:38:36,941 I 1894 1894] task_event_buffer.cc:257: Reporting task events to GCS every 1000ms.
[2025-02-16 14:38:36,942 I 1894 1894] core_worker.cc:703: Adjusted worker niceness to 15
[2025-02-16 14:38:36,942 I 1894 1930] core_worker.cc:642: Event stats:


Global stats: 11 total (5 active)
Queueing time: mean = 13.452 us, max = 66.252 us, min = 19.639 us, total = 147.967 us
Execution time:  mean = 108.252 us, total = 1.191 ms
Event stats:
	PeriodicalRunner.RunFnPeriodically - 3 total (1 active, 1 running), Execution time: mean = 4.541 us, total = 13.624 us, Queueing time: mean = 28.630 us, max = 66.252 us, min = 19.639 us, total = 85.891 us
	Publisher.CheckDeadSubscribers - 1 total (1 active), Execution time: mean = 0.000 s, total = 0.000 s, Queueing time: mean = 0.000 s, max = -0.000 s, min = 9223372036.855 s, total = 0.000 s
	ray::rpc::InternalPubSubGcsService.grpc_client.GcsSubscriberCommandBatch - 1 total (0 active), Execution time: mean = 478.382 us, total = 478.382 us, Queueing time: mean = 0.000 s, max = -0.000 s, min = 9223372036.855 s, total = 0.000 s
	CoreWorker.ExitIfParentRayletDies - 1 total (1 active), Execution time: mean = 0.000 s, total = 0.000 s, Queueing time: mean = 0.000 s, max = -0.000 s, min = 9223372036.855 s, total = 0.000 s
	ray::rpc::WorkerInfoGcsService.grpc_client.AddWorkerInfo - 1 total (0 active), Execution time: mean = 592.787 us, total = 592.787 us, Queueing time: mean = 0.000 s, max = -0.000 s, min = 9223372036.855 s, total = 0.000 s
	ray::rpc::InternalPubSubGcsService.grpc_client.GcsSubscriberCommandBatch.OnReplyReceived - 1 total (0 active), Execution time: mean = 86.773 us, total = 86.773 us, Queueing time: mean = 24.748 us, max = 24.748 us, min = 24.748 us, total = 24.748 us
	ray::rpc::NodeInfoGcsService.grpc_client.GetAllNodeInfo - 1 total (1 active), Execution time: mean = 0.000 s, total = 0.000 s, Queueing time: mean = 0.000 s, max = -0.000 s, min = 9223372036.855 s, total = 0.000 s
	ray::rpc::WorkerInfoGcsService.grpc_client.AddWorkerInfo.OnReplyReceived - 1 total (0 active), Execution time: mean = 19.211 us, total = 19.211 us, Queueing time: mean = 37.328 us, max = 37.328 us, min = 37.328 us, total = 37.328 us
	ray::rpc::InternalPubSubGcsService.grpc_client.GcsSubscriberPoll - 1 total (1 active), Execution time: mean = 0.000 s, total = 0.000 s, Queueing time: mean = 0.000 s, max = -0.000 s, min = 9223372036.855 s, total = 0.000 s

-----------------
Task Event stats:

IO Service Stats:

Global stats: 4 total (1 active)
Queueing time: mean = 10.308 us, max = 22.291 us, min = 18.942 us, total = 41.233 us
Execution time:  mean = 135.325 us, total = 541.299 us
Event stats:
	ray::rpc::TaskInfoGcsService.grpc_client.AddTaskEventData.OnReplyReceived - 1 total (0 active), Execution time: mean = 16.018 us, total = 16.018 us, Queueing time: mean = 22.291 us, max = 22.291 us, min = 22.291 us, total = 22.291 us
	ray::rpc::TaskInfoGcsService.grpc_client.AddTaskEventData - 1 total (0 active), Execution time: mean = 398.311 us, total = 398.311 us, Queueing time: mean = 0.000 s, max = -0.000 s, min = 9223372036.855 s, total = 0.000 s
	PeriodicalRunner.RunFnPeriodically - 1 total (0 active), Execution time: mean = 126.970 us, total = 126.970 us, Queueing time: mean = 18.942 us, max = 18.942 us, min = 18.942 us, total = 18.942 us
	CoreWorker.deadline_timer.flush_task_events - 1 total (1 active), Execution time: mean = 0.000 s, total = 0.000 s, Queueing time: mean = 0.000 s, max = -0.000 s, min = 9223372036.855 s, total = 0.000 s
Other Stats:
	grpc_in_progress:0
	current number of task status events in buffer: 0
	current number of profile events in buffer: 0
	current number of dropped task attempts tracked: 0
	total task events sent: 0 MiB
	total number of task attempts sent: 0
	total number of task attempts dropped reported: 0
	total number of sent failure: 0
	num status task events dropped: 0
	num profile task events dropped: 0


[2025-02-16 14:38:36,942 I 1894 1894] event.cc:491: Ray Event initialized for CORE_WORKER
[2025-02-16 14:38:36,942 I 1894 1894] event.cc:491: Ray Event initialized for EXPORT_TASK
[2025-02-16 14:38:36,942 I 1894 1894] event.cc:322: Set ray event level to warning
[2025-02-16 14:38:36,943 I 1894 1930] accessor.cc:762: Received notification for node, IsAlive = 1 node_id=816adedaa007cdcc0cd45373f60e7db6274e62064526c8820e476a2e
[2025-02-16 14:38:36,943 I 1894 1930] core_worker.cc:4754: Number of alive nodes:1
[2025-02-16 14:38:36,944 I 1894 1894] actor_task_submitter.cc:73: Set actor max pending calls to -1 actor_id=93f18d72ac5c1b26f58aa68b01000000
[2025-02-16 14:38:36,944 I 1894 1894] core_worker.cc:3017: Creating actor actor_id=93f18d72ac5c1b26f58aa68b01000000
[2025-02-16 14:38:40,537 I 1894 1894] task_receiver.cc:196: Actor creation task finished, task_id: ffffffffffffffff93f18d72ac5c1b26f58aa68b01000000, actor_id: 93f18d72ac5c1b26f58aa68b01000000, actor_repr_name: _train_tune
[2025-02-16 14:38:46,947 W 1894 1925] metric_exporter.cc:105: [1] Export metrics to agent failed: RpcError: RPC Error message: failed to connect to all addresses; last error: UNKNOWN: ipv4:127.0.0.1:61040: Failed to connect to remote host: Connection refused; RPC Error details: . This won't affect Ray, but you can lose metrics from the cluster.
[2025-02-16 14:38:54,284 I 1894 1930] core_worker.cc:4177: Force kill actor request has received. exiting immediately... The actor is dead because all references to the actor were removed.
[2025-02-16 14:38:54,284 W 1894 1930] core_worker.cc:958: Force exit the process.  Details: Worker exits because the actor is killed. The actor is dead because all references to the actor were removed.
[2025-02-16 14:38:54,285 I 1894 1930] core_worker.cc:855: Try killing all child processes of this worker as it exits. Child process pids: 
[2025-02-16 14:38:54,285 I 1894 1930] core_worker.cc:814: Disconnecting to the raylet.
[2025-02-16 14:38:54,285 I 1894 1930] raylet_client.cc:162: RayletClient::Disconnect, exit_type=INTENDED_SYSTEM_EXIT, exit_detail=Worker exits because the actor is killed. The actor is dead because all references to the actor were removed., has creation_task_exception_pb_bytes=0
[2025-02-16 14:38:54,285 W 1894 1930] raylet_client.cc:187: IOError: Broken pipe [RayletClient] Failed to disconnect from raylet. This means the raylet the worker is connected is probably already dead.
