[2025-02-16 14:46:46,387 I 3362 3362] core_worker_process.cc:107: Constructing CoreWorkerProcess. pid: 3362
[2025-02-16 14:46:46,389 I 3362 3362] io_service_pool.cc:35: IOServicePool is running with 1 io_service.
[2025-02-16 14:46:46,391 I 3362 3362] grpc_server.cc:134: worker server started, listening on port 43085.
[2025-02-16 14:46:46,392 I 3362 3362] core_worker.cc:275: Initializing worker at address: 172.19.0.2:43085 worker_id=cc12e6fc1b55b38e845d3d6043ad029a005b9ed39acd5abcb7083792 node_id=816adedaa007cdcc0cd45373f60e7db6274e62064526c8820e476a2e
[2025-02-16 14:46:46,393 I 3362 3362] task_event_buffer.cc:257: Reporting task events to GCS every 1000ms.
[2025-02-16 14:46:46,393 I 3362 3362] core_worker.cc:703: Adjusted worker niceness to 15
[2025-02-16 14:46:46,394 I 3362 3398] core_worker.cc:642: Event stats:


Global stats: 11 total (5 active)
Queueing time: mean = 16.492 us, max = 74.882 us, min = 18.753 us, total = 181.407 us
Execution time:  mean = 91.729 us, total = 1.009 ms
Event stats:
	PeriodicalRunner.RunFnPeriodically - 3 total (1 active, 1 running), Execution time: mean = 8.149 us, total = 24.448 us, Queueing time: mean = 44.468 us, max = 74.882 us, min = 58.521 us, total = 133.403 us
	ray::rpc::InternalPubSubGcsService.grpc_client.GcsSubscriberPoll - 1 total (1 active), Execution time: mean = 0.000 s, total = 0.000 s, Queueing time: mean = 0.000 s, max = -0.000 s, min = 9223372036.855 s, total = 0.000 s
	Publisher.CheckDeadSubscribers - 1 total (1 active), Execution time: mean = 0.000 s, total = 0.000 s, Queueing time: mean = 0.000 s, max = -0.000 s, min = 9223372036.855 s, total = 0.000 s
	CoreWorker.ExitIfParentRayletDies - 1 total (1 active), Execution time: mean = 0.000 s, total = 0.000 s, Queueing time: mean = 0.000 s, max = -0.000 s, min = 9223372036.855 s, total = 0.000 s
	ray::rpc::InternalPubSubGcsService.grpc_client.GcsSubscriberCommandBatch.OnReplyReceived - 1 total (0 active), Execution time: mean = 87.299 us, total = 87.299 us, Queueing time: mean = 18.753 us, max = 18.753 us, min = 18.753 us, total = 18.753 us
	ray::rpc::InternalPubSubGcsService.grpc_client.GcsSubscriberCommandBatch - 1 total (0 active), Execution time: mean = 423.555 us, total = 423.555 us, Queueing time: mean = 0.000 s, max = -0.000 s, min = 9223372036.855 s, total = 0.000 s
	ray::rpc::WorkerInfoGcsService.grpc_client.AddWorkerInfo.OnReplyReceived - 1 total (0 active), Execution time: mean = 15.444 us, total = 15.444 us, Queueing time: mean = 29.251 us, max = 29.251 us, min = 29.251 us, total = 29.251 us
	ray::rpc::WorkerInfoGcsService.grpc_client.AddWorkerInfo - 1 total (0 active), Execution time: mean = 458.277 us, total = 458.277 us, Queueing time: mean = 0.000 s, max = -0.000 s, min = 9223372036.855 s, total = 0.000 s
	ray::rpc::NodeInfoGcsService.grpc_client.GetAllNodeInfo - 1 total (1 active), Execution time: mean = 0.000 s, total = 0.000 s, Queueing time: mean = 0.000 s, max = -0.000 s, min = 9223372036.855 s, total = 0.000 s

-----------------
Task Event stats:

IO Service Stats:

Global stats: 4 total (1 active)
Queueing time: mean = 11.013 us, max = 23.520 us, min = 20.532 us, total = 44.052 us
Execution time:  mean = 129.480 us, total = 517.919 us
Event stats:
	ray::rpc::TaskInfoGcsService.grpc_client.AddTaskEventData - 1 total (0 active), Execution time: mean = 407.515 us, total = 407.515 us, Queueing time: mean = 0.000 s, max = -0.000 s, min = 9223372036.855 s, total = 0.000 s
	CoreWorker.deadline_timer.flush_task_events - 1 total (1 active), Execution time: mean = 0.000 s, total = 0.000 s, Queueing time: mean = 0.000 s, max = -0.000 s, min = 9223372036.855 s, total = 0.000 s
	PeriodicalRunner.RunFnPeriodically - 1 total (0 active), Execution time: mean = 96.853 us, total = 96.853 us, Queueing time: mean = 20.532 us, max = 20.532 us, min = 20.532 us, total = 20.532 us
	ray::rpc::TaskInfoGcsService.grpc_client.AddTaskEventData.OnReplyReceived - 1 total (0 active), Execution time: mean = 13.551 us, total = 13.551 us, Queueing time: mean = 23.520 us, max = 23.520 us, min = 23.520 us, total = 23.520 us
Other Stats:
	grpc_in_progress:0
	current number of task status events in buffer: 0
	current number of profile events in buffer: 0
	current number of dropped task attempts tracked: 0
	total task events sent: 0 MiB
	total number of task attempts sent: 0
	total number of task attempts dropped reported: 0
	total number of sent failure: 0
	num status task events dropped: 0
	num profile task events dropped: 0


[2025-02-16 14:46:46,394 I 3362 3362] event.cc:491: Ray Event initialized for CORE_WORKER
[2025-02-16 14:46:46,394 I 3362 3362] event.cc:491: Ray Event initialized for EXPORT_TASK
[2025-02-16 14:46:46,394 I 3362 3362] event.cc:322: Set ray event level to warning
[2025-02-16 14:46:46,394 I 3362 3398] accessor.cc:762: Received notification for node, IsAlive = 1 node_id=816adedaa007cdcc0cd45373f60e7db6274e62064526c8820e476a2e
[2025-02-16 14:46:46,394 I 3362 3398] core_worker.cc:4754: Number of alive nodes:1
[2025-02-16 14:46:46,396 I 3362 3362] actor_task_submitter.cc:73: Set actor max pending calls to -1 actor_id=1892f0b06469d54758c7ac6c01000000
[2025-02-16 14:46:46,396 I 3362 3362] core_worker.cc:3017: Creating actor actor_id=1892f0b06469d54758c7ac6c01000000
[2025-02-16 14:46:49,451 I 3362 3362] task_receiver.cc:196: Actor creation task finished, task_id: ffffffffffffffff1892f0b06469d54758c7ac6c01000000, actor_id: 1892f0b06469d54758c7ac6c01000000, actor_repr_name: _train_tune
[2025-02-16 14:46:56,405 W 3362 3393] metric_exporter.cc:105: [1] Export metrics to agent failed: RpcError: RPC Error message: failed to connect to all addresses; last error: UNKNOWN: ipv4:127.0.0.1:61040: Failed to connect to remote host: Connection refused; RPC Error details: . This won't affect Ray, but you can lose metrics from the cluster.
[2025-02-16 14:47:01,185 I 3362 3398] core_worker.cc:4177: Force kill actor request has received. exiting immediately... The actor is dead because all references to the actor were removed.
[2025-02-16 14:47:01,185 W 3362 3398] core_worker.cc:958: Force exit the process.  Details: Worker exits because the actor is killed. The actor is dead because all references to the actor were removed.
[2025-02-16 14:47:01,186 I 3362 3398] core_worker.cc:855: Try killing all child processes of this worker as it exits. Child process pids: 
[2025-02-16 14:47:01,187 I 3362 3398] core_worker.cc:814: Disconnecting to the raylet.
[2025-02-16 14:47:01,187 I 3362 3398] raylet_client.cc:162: RayletClient::Disconnect, exit_type=INTENDED_SYSTEM_EXIT, exit_detail=Worker exits because the actor is killed. The actor is dead because all references to the actor were removed., has creation_task_exception_pb_bytes=0
[2025-02-16 14:47:01,187 W 3362 3398] raylet_client.cc:187: IOError: Broken pipe [RayletClient] Failed to disconnect from raylet. This means the raylet the worker is connected is probably already dead.
