2025-02-16 16:18:36,248	INFO utils.py:120 -- Get all modules by type: DashboardHeadModule
2025-02-16 16:18:36,345	INFO utils.py:131 -- Module ray.dashboard.modules.actor.actor_head cannot be loaded because we cannot import all dependencies. Install this module using `pip install 'ray[default]'` for the full dashboard functionality. Error: No module named 'aiohttp_cors'
2025-02-16 16:18:36,379	INFO utils.py:131 -- Module ray.dashboard.modules.data.data_head cannot be loaded because we cannot import all dependencies. Install this module using `pip install 'ray[default]'` for the full dashboard functionality. Error: No module named 'aiohttp_cors'
2025-02-16 16:18:36,381	INFO utils.py:131 -- Module ray.dashboard.modules.event.event_agent cannot be loaded because we cannot import all dependencies. Install this module using `pip install 'ray[default]'` for the full dashboard functionality. Error: No module named 'grpc'
2025-02-16 16:18:36,383	INFO utils.py:131 -- Module ray.dashboard.modules.event.event_head cannot be loaded because we cannot import all dependencies. Install this module using `pip install 'ray[default]'` for the full dashboard functionality. Error: No module named 'aiohttp_cors'
2025-02-16 16:18:36,385	INFO utils.py:131 -- Module ray.dashboard.modules.healthz.healthz_agent cannot be loaded because we cannot import all dependencies. Install this module using `pip install 'ray[default]'` for the full dashboard functionality. Error: No module named 'aiohttp_cors'
2025-02-16 16:18:36,386	INFO utils.py:131 -- Module ray.dashboard.modules.healthz.healthz_head cannot be loaded because we cannot import all dependencies. Install this module using `pip install 'ray[default]'` for the full dashboard functionality. Error: No module named 'aiohttp_cors'
2025-02-16 16:18:36,462	INFO utils.py:131 -- Module ray.dashboard.modules.job.job_agent cannot be loaded because we cannot import all dependencies. Install this module using `pip install 'ray[default]'` for the full dashboard functionality. Error: No module named 'aiohttp_cors'
2025-02-16 16:18:36,465	INFO utils.py:131 -- Module ray.dashboard.modules.job.job_head cannot be loaded because we cannot import all dependencies. Install this module using `pip install 'ray[default]'` for the full dashboard functionality. Error: No module named 'aiohttp_cors'
2025-02-16 16:18:36,472	INFO utils.py:131 -- Module ray.dashboard.modules.log.log_agent cannot be loaded because we cannot import all dependencies. Install this module using `pip install 'ray[default]'` for the full dashboard functionality. Error: No module named 'grpc'
2025-02-16 16:18:36,739	INFO utils.py:131 -- Module ray.dashboard.modules.log.log_manager cannot be loaded because we cannot import all dependencies. Install this module using `pip install 'ray[default]'` for the full dashboard functionality. Error: No module named 'grpc'
2025-02-16 16:18:36,749	INFO utils.py:131 -- Module ray.dashboard.modules.metrics.metrics_head cannot be loaded because we cannot import all dependencies. Install this module using `pip install 'ray[default]'` for the full dashboard functionality. Error: No module named 'aiohttp_cors'
2025-02-16 16:18:36,752	INFO utils.py:131 -- Module ray.dashboard.modules.node.node_head cannot be loaded because we cannot import all dependencies. Install this module using `pip install 'ray[default]'` for the full dashboard functionality. Error: No module named 'grpc'
2025-02-16 16:18:36,759	INFO utils.py:131 -- Module ray.dashboard.modules.reporter.reporter_agent cannot be loaded because we cannot import all dependencies. Install this module using `pip install 'ray[default]'` for the full dashboard functionality. Error: No module named 'opencensus'
2025-02-16 16:18:36,762	INFO utils.py:131 -- Module ray.dashboard.modules.reporter.reporter_head cannot be loaded because we cannot import all dependencies. Install this module using `pip install 'ray[default]'` for the full dashboard functionality. Error: No module named 'aiohttp_cors'
2025-02-16 16:18:36,763	INFO utils.py:131 -- Module ray.dashboard.modules.serve.serve_agent cannot be loaded because we cannot import all dependencies. Install this module using `pip install 'ray[default]'` for the full dashboard functionality. Error: No module named 'aiohttp_cors'
2025-02-16 16:18:36,764	INFO utils.py:131 -- Module ray.dashboard.modules.serve.serve_head cannot be loaded because we cannot import all dependencies. Install this module using `pip install 'ray[default]'` for the full dashboard functionality. Error: No module named 'aiohttp_cors'
2025-02-16 16:18:36,766	INFO utils.py:131 -- Module ray.dashboard.modules.serve.serve_rest_api_impl cannot be loaded because we cannot import all dependencies. Install this module using `pip install 'ray[default]'` for the full dashboard functionality. Error: No module named 'aiohttp_cors'
2025-02-16 16:18:36,767	INFO utils.py:131 -- Module ray.dashboard.modules.snapshot.snapshot_head cannot be loaded because we cannot import all dependencies. Install this module using `pip install 'ray[default]'` for the full dashboard functionality. Error: No module named 'aiohttp_cors'
2025-02-16 16:18:36,770	INFO utils.py:131 -- Module ray.dashboard.modules.state.state_head cannot be loaded because we cannot import all dependencies. Install this module using `pip install 'ray[default]'` for the full dashboard functionality. Error: No module named 'aiohttp_cors'
2025-02-16 16:18:36,772	INFO utils.py:131 -- Module ray.dashboard.modules.train.train_head cannot be loaded because we cannot import all dependencies. Install this module using `pip install 'ray[default]'` for the full dashboard functionality. Error: No module named 'aiohttp_cors'
2025-02-16 16:18:36,774	INFO utils.py:153 -- Available modules: [<class 'ray.dashboard.modules.usage_stats.usage_stats_head.UsageStatsHead'>]
2025-02-16 16:18:36,774	INFO head.py:189 -- Modules to load: {'UsageStatsHead'}
2025-02-16 16:18:36,774	INFO head.py:192 -- Loading DashboardHeadModule: <class 'ray.dashboard.modules.usage_stats.usage_stats_head.UsageStatsHead'>
2025-02-16 16:18:36,774	INFO head.py:206 -- Loaded 1 modules. [<ray.dashboard.modules.usage_stats.usage_stats_head.UsageStatsHead object at 0x7fc653a6b2d0>]
2025-02-16 16:18:36,774	INFO head.py:301 -- http server disabled.
2025-02-16 16:18:36,775	INFO usage_stats_head.py:200 -- Usage reporting is disabled.
