2025-02-16 16:18:37,753	INFO log_monitor.py:155 -- Starting log monitor with [max open files=200], [is_autoscaler_v2=False]
2025-02-16 16:18:37,755	INFO log_monitor.py:273 -- Beginning to track file worker-a46c67611747b3de8c7d7b359a2c76b71c2991dd627d2ac4d8f0bd5e-ffffffff-574.out
2025-02-16 16:18:37,755	INFO log_monitor.py:273 -- Beginning to track file worker-2d7d3c90df60cdd12f13d1719e59635594b9c731be9e3b476f70e0a0-ffffffff-581.err
2025-02-16 16:18:37,755	INFO log_monitor.py:273 -- Beginning to track file worker-d3e5b63a365cb0088bb181b7c709331a9df4406394186aeaad768a9b-ffffffff-566.out
2025-02-16 16:18:37,755	INFO log_monitor.py:273 -- Beginning to track file worker-686b6b037fc86f2611b325a2177dd8ab68a1c7cff35b4b066fbecef7-ffffffff-571.out
2025-02-16 16:18:37,755	INFO log_monitor.py:273 -- Beginning to track file worker-1e0e056289b5053dcecd3662be03ebc465912014925a9915679379bb-ffffffff-568.err
2025-02-16 16:18:37,755	INFO log_monitor.py:273 -- Beginning to track file worker-359defb0655af5da2c20d50ef9f2c6c26c1e65c26b6f6a216b7f9e4f-ffffffff-577.err
2025-02-16 16:18:37,755	INFO log_monitor.py:273 -- Beginning to track file worker-d46990802ffc2e946795e3b5fb130b3ffa245833cabf2ed018d545e6-ffffffff-569.err
2025-02-16 16:18:37,755	INFO log_monitor.py:273 -- Beginning to track file worker-1e0e056289b5053dcecd3662be03ebc465912014925a9915679379bb-ffffffff-568.out
2025-02-16 16:18:37,755	INFO log_monitor.py:273 -- Beginning to track file worker-5fa9c83012445ef2d85ba8285371ac7f5ddee0b26ef5ac4ba0265747-ffffffff-586.err
2025-02-16 16:18:37,755	INFO log_monitor.py:273 -- Beginning to track file worker-359defb0655af5da2c20d50ef9f2c6c26c1e65c26b6f6a216b7f9e4f-ffffffff-577.out
2025-02-16 16:18:37,755	INFO log_monitor.py:273 -- Beginning to track file worker-117fe81e91f99fe47cee31abf3d3b6f64416bcc4a65b7cd657415183-ffffffff-580.err
2025-02-16 16:18:37,755	INFO log_monitor.py:273 -- Beginning to track file worker-cd8ae8b7145f38ea0c368016e86536a220d599b25f979447901e96c5-ffffffff-583.out
2025-02-16 16:18:37,755	INFO log_monitor.py:273 -- Beginning to track file worker-ea49ee1cbc3aee85c7b42bb97ade0c64f6c4dc360c2ca5ac0d5e114c-ffffffff-576.err
2025-02-16 16:18:37,755	INFO log_monitor.py:273 -- Beginning to track file worker-6f2583955bfb4c93ed0f27927ecb18116a5b0fafdc1c82cba9f27b57-ffffffff-565.err
2025-02-16 16:18:37,755	INFO log_monitor.py:273 -- Beginning to track file worker-d3e5b63a365cb0088bb181b7c709331a9df4406394186aeaad768a9b-ffffffff-566.err
2025-02-16 16:18:37,755	INFO log_monitor.py:273 -- Beginning to track file worker-50fa59dfabf1c1a6eb98a8e01126b639f1128d80aa512b035548d371-ffffffff-567.err
2025-02-16 16:18:37,755	INFO log_monitor.py:273 -- Beginning to track file worker-adbd38ef4046f0cddb66a908c75778597c5be76d8ffc7d4b0d03d496-ffffffff-572.err
2025-02-16 16:18:37,755	INFO log_monitor.py:273 -- Beginning to track file worker-d86d1c8aca84939236db8c1fad0b9bdd8fbf665831fc904d201eab70-ffffffff-578.out
2025-02-16 16:18:37,755	INFO log_monitor.py:273 -- Beginning to track file worker-139e6898d3c4d77e8c6c509d56a13f5de253a16bda862f211f540009-ffffffff-579.out
2025-02-16 16:18:37,755	INFO log_monitor.py:273 -- Beginning to track file worker-adce899fde4b6074cdf0fe74ef7d00962664b04a8275c349380691da-ffffffff-584.out
2025-02-16 16:18:37,755	INFO log_monitor.py:273 -- Beginning to track file worker-686b6b037fc86f2611b325a2177dd8ab68a1c7cff35b4b066fbecef7-ffffffff-571.err
2025-02-16 16:18:37,755	INFO log_monitor.py:273 -- Beginning to track file worker-ea49ee1cbc3aee85c7b42bb97ade0c64f6c4dc360c2ca5ac0d5e114c-ffffffff-576.out
2025-02-16 16:18:37,755	INFO log_monitor.py:273 -- Beginning to track file worker-a46c67611747b3de8c7d7b359a2c76b71c2991dd627d2ac4d8f0bd5e-ffffffff-574.err
2025-02-16 16:18:37,755	INFO log_monitor.py:273 -- Beginning to track file worker-6f2583955bfb4c93ed0f27927ecb18116a5b0fafdc1c82cba9f27b57-ffffffff-565.out
2025-02-16 16:18:37,755	INFO log_monitor.py:273 -- Beginning to track file worker-adbd38ef4046f0cddb66a908c75778597c5be76d8ffc7d4b0d03d496-ffffffff-572.out
2025-02-16 16:18:37,755	INFO log_monitor.py:273 -- Beginning to track file worker-117fe81e91f99fe47cee31abf3d3b6f64416bcc4a65b7cd657415183-ffffffff-580.out
2025-02-16 16:18:37,755	INFO log_monitor.py:273 -- Beginning to track file worker-2d7d3c90df60cdd12f13d1719e59635594b9c731be9e3b476f70e0a0-ffffffff-581.out
2025-02-16 16:18:37,755	INFO log_monitor.py:273 -- Beginning to track file worker-50fa59dfabf1c1a6eb98a8e01126b639f1128d80aa512b035548d371-ffffffff-567.out
2025-02-16 16:18:37,755	INFO log_monitor.py:273 -- Beginning to track file worker-d59a2eca9b4a0ad43ea1031d70e5fa604a90809fa9d7c715b806d3b8-ffffffff-573.out
2025-02-16 16:18:37,755	INFO log_monitor.py:273 -- Beginning to track file worker-139e6898d3c4d77e8c6c509d56a13f5de253a16bda862f211f540009-ffffffff-579.err
2025-02-16 16:18:37,756	INFO log_monitor.py:273 -- Beginning to track file worker-5fa9c83012445ef2d85ba8285371ac7f5ddee0b26ef5ac4ba0265747-ffffffff-586.out
2025-02-16 16:18:37,756	INFO log_monitor.py:273 -- Beginning to track file worker-d46990802ffc2e946795e3b5fb130b3ffa245833cabf2ed018d545e6-ffffffff-569.out
2025-02-16 16:18:37,756	INFO log_monitor.py:273 -- Beginning to track file worker-eaa78e7f36a8d3d2eab0aa537efcba99e1aa9f1e09ed846372e7f1a4-ffffffff-575.err
2025-02-16 16:18:37,756	INFO log_monitor.py:273 -- Beginning to track file worker-adce899fde4b6074cdf0fe74ef7d00962664b04a8275c349380691da-ffffffff-584.err
2025-02-16 16:18:37,756	INFO log_monitor.py:273 -- Beginning to track file worker-eaa78e7f36a8d3d2eab0aa537efcba99e1aa9f1e09ed846372e7f1a4-ffffffff-575.out
2025-02-16 16:18:37,756	INFO log_monitor.py:273 -- Beginning to track file worker-cd8ae8b7145f38ea0c368016e86536a220d599b25f979447901e96c5-ffffffff-583.err
2025-02-16 16:18:37,756	INFO log_monitor.py:273 -- Beginning to track file worker-93698344844bfbcfd6144b53ab3b4a8a9484db613d0507a59dada0b1-ffffffff-570.out
2025-02-16 16:18:37,756	INFO log_monitor.py:273 -- Beginning to track file worker-d59a2eca9b4a0ad43ea1031d70e5fa604a90809fa9d7c715b806d3b8-ffffffff-573.err
2025-02-16 16:18:37,756	INFO log_monitor.py:273 -- Beginning to track file worker-93698344844bfbcfd6144b53ab3b4a8a9484db613d0507a59dada0b1-ffffffff-570.err
2025-02-16 16:18:37,756	INFO log_monitor.py:273 -- Beginning to track file worker-d86d1c8aca84939236db8c1fad0b9bdd8fbf665831fc904d201eab70-ffffffff-578.err
2025-02-16 16:18:37,756	INFO log_monitor.py:273 -- Beginning to track file raylet.err
2025-02-16 16:18:37,756	INFO log_monitor.py:273 -- Beginning to track file monitor.log
2025-02-16 16:18:37,756	INFO log_monitor.py:273 -- Beginning to track file gcs_server.err
2025-02-16 16:18:37,757	INFO log_monitor.py:273 -- Beginning to track file worker-610a04536c9710ce93784f5e058152896de9c52b584d47c8743e43ac-ffffffff-585.err
2025-02-16 16:18:37,757	INFO log_monitor.py:273 -- Beginning to track file worker-610a04536c9710ce93784f5e058152896de9c52b584d47c8743e43ac-ffffffff-585.out
2025-02-16 16:18:37,858	INFO log_monitor.py:273 -- Beginning to track file worker-8748d09a192fd40015a85ba92fbaf341bfa35a37f115fd07589b1d3f-ffffffff-582.out
2025-02-16 16:18:37,858	INFO log_monitor.py:273 -- Beginning to track file worker-8748d09a192fd40015a85ba92fbaf341bfa35a37f115fd07589b1d3f-ffffffff-582.err
2025-02-16 16:18:38,664	INFO log_monitor.py:273 -- Beginning to track file worker-a1ef69ba7f0390e935e48cc6dd606647be0ddd9130a79602808a2792-01000000-1779.out
2025-02-16 16:18:38,665	INFO log_monitor.py:273 -- Beginning to track file worker-a1ef69ba7f0390e935e48cc6dd606647be0ddd9130a79602808a2792-01000000-1779.err
2025-02-16 16:19:14,248	INFO log_monitor.py:273 -- Beginning to track file worker-345d065eeac8c4bb08e8997c82dd6be729aca37b697b716a7636eae8-01000000-1886.err
2025-02-16 16:19:14,248	INFO log_monitor.py:273 -- Beginning to track file worker-345d065eeac8c4bb08e8997c82dd6be729aca37b697b716a7636eae8-01000000-1886.out
2025-02-16 16:20:05,292	INFO log_monitor.py:273 -- Beginning to track file worker-a24b94cc9cc3bdb1ae56b109a63076487f77e737e8e49eae03188c66-01000000-1962.out
2025-02-16 16:20:05,292	INFO log_monitor.py:273 -- Beginning to track file worker-a24b94cc9cc3bdb1ae56b109a63076487f77e737e8e49eae03188c66-01000000-1962.err
2025-02-16 16:20:35,326	INFO log_monitor.py:273 -- Beginning to track file worker-60a4e3823f35b47730379d16ca8394f32683dd7e9400307ba82e091a-01000000-2036.out
2025-02-16 16:20:35,326	INFO log_monitor.py:273 -- Beginning to track file worker-60a4e3823f35b47730379d16ca8394f32683dd7e9400307ba82e091a-01000000-2036.err
2025-02-16 16:20:56,358	INFO log_monitor.py:273 -- Beginning to track file worker-e5a709906045e40731f45341c4e45eea59fc9e73c9a980547d215578-01000000-2109.out
2025-02-16 16:20:56,358	INFO log_monitor.py:273 -- Beginning to track file worker-e5a709906045e40731f45341c4e45eea59fc9e73c9a980547d215578-01000000-2109.err
2025-02-16 16:21:10,376	INFO log_monitor.py:273 -- Beginning to track file worker-07c8e03c8dcdb0939b4b1607836a1c35c174bc27db90869bf37dadc8-01000000-2182.out
2025-02-16 16:21:10,376	INFO log_monitor.py:273 -- Beginning to track file worker-07c8e03c8dcdb0939b4b1607836a1c35c174bc27db90869bf37dadc8-01000000-2182.err
2025-02-16 16:21:36,603	INFO log_monitor.py:273 -- Beginning to track file worker-d9ce96c491cc5c571b962f8cbcf41162e1bb1460ac7dc86cea2967cc-01000000-2255.out
2025-02-16 16:21:36,604	INFO log_monitor.py:273 -- Beginning to track file worker-d9ce96c491cc5c571b962f8cbcf41162e1bb1460ac7dc86cea2967cc-01000000-2255.err
2025-02-16 16:21:50,475	INFO log_monitor.py:273 -- Beginning to track file worker-7ac22435c7d65da2ba7804a7edcc511122678ca56c7aafe23a6f9f10-01000000-2328.err
2025-02-16 16:21:50,475	INFO log_monitor.py:273 -- Beginning to track file worker-7ac22435c7d65da2ba7804a7edcc511122678ca56c7aafe23a6f9f10-01000000-2328.out
2025-02-16 16:22:34,665	INFO log_monitor.py:273 -- Beginning to track file worker-5d2e02ea44452dd10e6f35d1c99f469d6c1841ac0d34c9d4d0c73589-01000000-2403.err
2025-02-16 16:22:34,665	INFO log_monitor.py:273 -- Beginning to track file worker-5d2e02ea44452dd10e6f35d1c99f469d6c1841ac0d34c9d4d0c73589-01000000-2403.out
2025-02-16 16:23:14,686	INFO log_monitor.py:273 -- Beginning to track file worker-9a9f07a465df8662f21047ba5ab7c2ad42c64553a685953fa6b84301-01000000-2478.err
2025-02-16 16:23:14,686	INFO log_monitor.py:273 -- Beginning to track file worker-9a9f07a465df8662f21047ba5ab7c2ad42c64553a685953fa6b84301-01000000-2478.out
2025-02-16 16:23:42,689	INFO log_monitor.py:273 -- Beginning to track file worker-d340fd1d3e81cb924a9ba32f9aba6265b8304366623bd6ed7954ba54-01000000-2552.err
2025-02-16 16:23:42,689	INFO log_monitor.py:273 -- Beginning to track file worker-d340fd1d3e81cb924a9ba32f9aba6265b8304366623bd6ed7954ba54-01000000-2552.out
2025-02-16 16:24:21,790	INFO log_monitor.py:273 -- Beginning to track file worker-f1f566fb8a1694cc1b78a0debf61484f07e9b186bb46fd7ae1d4476a-01000000-2627.out
2025-02-16 16:24:21,791	INFO log_monitor.py:273 -- Beginning to track file worker-f1f566fb8a1694cc1b78a0debf61484f07e9b186bb46fd7ae1d4476a-01000000-2627.err
2025-02-16 16:24:59,821	INFO log_monitor.py:273 -- Beginning to track file worker-a12822b3ed7e2f031376abb05fe49bbeea83106027b5029c1283f6fd-01000000-2701.out
2025-02-16 16:24:59,821	INFO log_monitor.py:273 -- Beginning to track file worker-a12822b3ed7e2f031376abb05fe49bbeea83106027b5029c1283f6fd-01000000-2701.err
2025-02-16 16:25:20,839	INFO log_monitor.py:273 -- Beginning to track file worker-c427a34f380f59a193186c33bc4972fa247401fe6d53af8404b5c659-01000000-2774.err
2025-02-16 16:25:20,839	INFO log_monitor.py:273 -- Beginning to track file worker-c427a34f380f59a193186c33bc4972fa247401fe6d53af8404b5c659-01000000-2774.out
2025-02-16 16:25:52,871	INFO log_monitor.py:273 -- Beginning to track file worker-b958312d54d39afe4b83f82d05e675a62cd5506bcc4d5ec87d02e40a-01000000-2849.err
2025-02-16 16:25:52,871	INFO log_monitor.py:273 -- Beginning to track file worker-b958312d54d39afe4b83f82d05e675a62cd5506bcc4d5ec87d02e40a-01000000-2849.out
2025-02-16 16:26:25,918	INFO log_monitor.py:273 -- Beginning to track file worker-a13cc5a8fd0efda06d5526df84fa9e43866f019bd74790af81fe90ec-01000000-2923.out
2025-02-16 16:26:25,918	INFO log_monitor.py:273 -- Beginning to track file worker-a13cc5a8fd0efda06d5526df84fa9e43866f019bd74790af81fe90ec-01000000-2923.err
2025-02-16 16:27:01,216	INFO log_monitor.py:273 -- Beginning to track file worker-2dc05919d43037692c4b3d82c4657bf9db1b161214b15dc7b4796bd9-01000000-2997.out
2025-02-16 16:27:01,216	INFO log_monitor.py:273 -- Beginning to track file worker-2dc05919d43037692c4b3d82c4657bf9db1b161214b15dc7b4796bd9-01000000-2997.err
2025-02-16 16:27:21,028	INFO log_monitor.py:273 -- Beginning to track file worker-15291b288a420f7b58432f36b12ef74409f5b4e29919b17bdfc43fa7-01000000-3070.err
2025-02-16 16:27:21,028	INFO log_monitor.py:273 -- Beginning to track file worker-15291b288a420f7b58432f36b12ef74409f5b4e29919b17bdfc43fa7-01000000-3070.out
2025-02-16 16:27:42,118	INFO log_monitor.py:273 -- Beginning to track file worker-d5df188239bfac05931a41b3863b0a05cb63662d9c23ad3b60036f51-01000000-3143.err
2025-02-16 16:27:42,118	INFO log_monitor.py:273 -- Beginning to track file worker-d5df188239bfac05931a41b3863b0a05cb63662d9c23ad3b60036f51-01000000-3143.out
2025-02-16 16:28:01,169	INFO log_monitor.py:273 -- Beginning to track file worker-2dfb72da4d231019c7b258cd72d04e4c93c094d5cac9d77443fdc480-01000000-3216.err
2025-02-16 16:28:01,169	INFO log_monitor.py:273 -- Beginning to track file worker-2dfb72da4d231019c7b258cd72d04e4c93c094d5cac9d77443fdc480-01000000-3216.out
2025-02-16 16:28:41,279	INFO log_monitor.py:273 -- Beginning to track file worker-7ce3b86551ac5209fab90437984ec45f0e404c39e48af07069aa53d1-01000000-3291.err
2025-02-16 16:28:41,279	INFO log_monitor.py:273 -- Beginning to track file worker-7ce3b86551ac5209fab90437984ec45f0e404c39e48af07069aa53d1-01000000-3291.out
2025-02-16 16:29:03,218	INFO log_monitor.py:273 -- Beginning to track file worker-dedc00d5c66992d1a964859839d65cad0e013e32b0b3134a521da6b0-01000000-3366.out
2025-02-16 16:29:03,218	INFO log_monitor.py:273 -- Beginning to track file worker-dedc00d5c66992d1a964859839d65cad0e013e32b0b3134a521da6b0-01000000-3366.err
2025-02-16 16:29:32,351	INFO log_monitor.py:273 -- Beginning to track file worker-9e1fd3f5074c972f05a56caa82ae7513fcda2db87ba243a6cbab3090-01000000-3439.out
2025-02-16 16:29:32,351	INFO log_monitor.py:273 -- Beginning to track file worker-9e1fd3f5074c972f05a56caa82ae7513fcda2db87ba243a6cbab3090-01000000-3439.err
2025-02-16 16:29:52,342	INFO log_monitor.py:273 -- Beginning to track file worker-118cd2592648de4f201db04c3480e452f15c67d1bad288aabbc4882d-01000000-3512.err
2025-02-16 16:29:52,342	INFO log_monitor.py:273 -- Beginning to track file worker-118cd2592648de4f201db04c3480e452f15c67d1bad288aabbc4882d-01000000-3512.out
2025-02-16 16:30:12,321	INFO log_monitor.py:273 -- Beginning to track file worker-89a30b77fb9fca6bf81e327e5baea9ed72ad65df5731d55ad19e5f84-01000000-3585.err
2025-02-16 16:30:12,321	INFO log_monitor.py:273 -- Beginning to track file worker-89a30b77fb9fca6bf81e327e5baea9ed72ad65df5731d55ad19e5f84-01000000-3585.out
2025-02-16 16:30:51,436	INFO log_monitor.py:273 -- Beginning to track file worker-f7e501e2c00d2260dc447586c0738ed93451be588e0835e4b2e6171b-01000000-3660.err
2025-02-16 16:30:51,436	INFO log_monitor.py:273 -- Beginning to track file worker-f7e501e2c00d2260dc447586c0738ed93451be588e0835e4b2e6171b-01000000-3660.out
2025-02-16 16:31:15,467	INFO log_monitor.py:273 -- Beginning to track file worker-e0f59ce78062262f08b7504663b27aea60084de77812333c874683d3-01000000-3734.out
2025-02-16 16:31:15,468	INFO log_monitor.py:273 -- Beginning to track file worker-e0f59ce78062262f08b7504663b27aea60084de77812333c874683d3-01000000-3734.err
2025-02-16 16:31:55,477	INFO log_monitor.py:273 -- Beginning to track file worker-6159a274105a04b94c3d1c414610152d15a409c7c5b626afa943f65c-01000000-3809.err
2025-02-16 16:31:55,478	INFO log_monitor.py:273 -- Beginning to track file worker-6159a274105a04b94c3d1c414610152d15a409c7c5b626afa943f65c-01000000-3809.out
2025-02-16 16:32:54,539	INFO log_monitor.py:273 -- Beginning to track file worker-746847c920e152c94479074fba57ed0b1d204f96fb9766a518b36e2e-01000000-3885.out
2025-02-16 16:32:54,540	INFO log_monitor.py:273 -- Beginning to track file worker-746847c920e152c94479074fba57ed0b1d204f96fb9766a518b36e2e-01000000-3885.err
2025-02-16 16:33:15,577	INFO log_monitor.py:273 -- Beginning to track file worker-068f1bb0fd2a7bdd6cd4c1017cab687bddad974f041a87e4026fa3a9-01000000-3959.err
2025-02-16 16:33:15,577	INFO log_monitor.py:273 -- Beginning to track file worker-068f1bb0fd2a7bdd6cd4c1017cab687bddad974f041a87e4026fa3a9-01000000-3959.out
