[2025-02-16 16:23:42,629 I 2552 2552] core_worker_process.cc:107: Constructing CoreWorkerProcess. pid: 2552
[2025-02-16 16:23:42,631 I 2552 2552] io_service_pool.cc:35: IOServicePool is running with 1 io_service.
[2025-02-16 16:23:42,634 I 2552 2552] grpc_server.cc:134: worker server started, listening on port 35753.
[2025-02-16 16:23:42,636 I 2552 2552] core_worker.cc:275: Initializing worker at address: 172.19.0.2:35753 worker_id=d340fd1d3e81cb924a9ba32f9aba6265b8304366623bd6ed7954ba54 node_id=e2a8235b1a5d9a56d69221182f2a84dad1790ce590062e454e5fef5d
[2025-02-16 16:23:42,638 I 2552 2552] task_event_buffer.cc:257: Reporting task events to GCS every 1000ms.
[2025-02-16 16:23:42,638 I 2552 2552] core_worker.cc:703: Adjusted worker niceness to 15
[2025-02-16 16:23:42,639 I 2552 2588] core_worker.cc:642: Event stats:


Global stats: 11 total (5 active)
Queueing time: mean = 16.894 us, max = 64.130 us, min = 24.449 us, total = 185.838 us
Execution time:  mean = 145.055 us, total = 1.596 ms
Event stats:
	PeriodicalRunner.RunFnPeriodically - 3 total (1 active, 1 running), Execution time: mean = 5.536 us, total = 16.609 us, Queueing time: mean = 40.665 us, max = 64.130 us, min = 57.864 us, total = 121.994 us
	ray::rpc::InternalPubSubGcsService.grpc_client.GcsSubscriberCommandBatch - 1 total (0 active), Execution time: mean = 555.380 us, total = 555.380 us, Queueing time: mean = 0.000 s, max = -0.000 s, min = 9223372036.855 s, total = 0.000 s
	Publisher.CheckDeadSubscribers - 1 total (1 active), Execution time: mean = 0.000 s, total = 0.000 s, Queueing time: mean = 0.000 s, max = -0.000 s, min = 9223372036.855 s, total = 0.000 s
	ray::rpc::InternalPubSubGcsService.grpc_client.GcsSubscriberPoll - 1 total (1 active), Execution time: mean = 0.000 s, total = 0.000 s, Queueing time: mean = 0.000 s, max = -0.000 s, min = 9223372036.855 s, total = 0.000 s
	CoreWorker.ExitIfParentRayletDies - 1 total (1 active), Execution time: mean = 0.000 s, total = 0.000 s, Queueing time: mean = 0.000 s, max = -0.000 s, min = 9223372036.855 s, total = 0.000 s
	ray::rpc::NodeInfoGcsService.grpc_client.GetAllNodeInfo - 1 total (1 active), Execution time: mean = 0.000 s, total = 0.000 s, Queueing time: mean = 0.000 s, max = -0.000 s, min = 9223372036.855 s, total = 0.000 s
	ray::rpc::WorkerInfoGcsService.grpc_client.AddWorkerInfo.OnReplyReceived - 1 total (0 active), Execution time: mean = 35.987 us, total = 35.987 us, Queueing time: mean = 39.395 us, max = 39.395 us, min = 39.395 us, total = 39.395 us
	ray::rpc::InternalPubSubGcsService.grpc_client.GcsSubscriberCommandBatch.OnReplyReceived - 1 total (0 active), Execution time: mean = 180.257 us, total = 180.257 us, Queueing time: mean = 24.449 us, max = 24.449 us, min = 24.449 us, total = 24.449 us
	ray::rpc::WorkerInfoGcsService.grpc_client.AddWorkerInfo - 1 total (0 active), Execution time: mean = 807.371 us, total = 807.371 us, Queueing time: mean = 0.000 s, max = -0.000 s, min = 9223372036.855 s, total = 0.000 s

-----------------
Task Event stats:

IO Service Stats:

Global stats: 4 total (1 active)
Queueing time: mean = 10.822 us, max = 26.029 us, min = 17.260 us, total = 43.289 us
Execution time:  mean = 233.924 us, total = 935.697 us
Event stats:
	ray::rpc::TaskInfoGcsService.grpc_client.AddTaskEventData - 1 total (0 active), Execution time: mean = 705.718 us, total = 705.718 us, Queueing time: mean = 0.000 s, max = -0.000 s, min = 9223372036.855 s, total = 0.000 s
	ray::rpc::TaskInfoGcsService.grpc_client.AddTaskEventData.OnReplyReceived - 1 total (0 active), Execution time: mean = 24.093 us, total = 24.093 us, Queueing time: mean = 26.029 us, max = 26.029 us, min = 26.029 us, total = 26.029 us
	CoreWorker.deadline_timer.flush_task_events - 1 total (1 active), Execution time: mean = 0.000 s, total = 0.000 s, Queueing time: mean = 0.000 s, max = -0.000 s, min = 9223372036.855 s, total = 0.000 s
	PeriodicalRunner.RunFnPeriodically - 1 total (0 active), Execution time: mean = 205.886 us, total = 205.886 us, Queueing time: mean = 17.260 us, max = 17.260 us, min = 17.260 us, total = 17.260 us
Other Stats:
	grpc_in_progress:0
	current number of task status events in buffer: 0
	current number of profile events in buffer: 0
	current number of dropped task attempts tracked: 0
	total task events sent: 0 MiB
	total number of task attempts sent: 0
	total number of task attempts dropped reported: 0
	total number of sent failure: 0
	num status task events dropped: 0
	num profile task events dropped: 0


[2025-02-16 16:23:42,639 I 2552 2552] event.cc:491: Ray Event initialized for CORE_WORKER
[2025-02-16 16:23:42,639 I 2552 2552] event.cc:491: Ray Event initialized for EXPORT_TASK
[2025-02-16 16:23:42,639 I 2552 2552] event.cc:322: Set ray event level to warning
[2025-02-16 16:23:42,639 I 2552 2588] accessor.cc:762: Received notification for node, IsAlive = 1 node_id=e2a8235b1a5d9a56d69221182f2a84dad1790ce590062e454e5fef5d
[2025-02-16 16:23:42,639 I 2552 2588] core_worker.cc:4754: Number of alive nodes:1
[2025-02-16 16:23:42,641 I 2552 2552] actor_task_submitter.cc:73: Set actor max pending calls to -1 actor_id=d9045a2aec3090d8ef98f40c01000000
[2025-02-16 16:23:42,641 I 2552 2552] core_worker.cc:3017: Creating actor actor_id=d9045a2aec3090d8ef98f40c01000000
[2025-02-16 16:23:46,972 I 2552 2552] task_receiver.cc:196: Actor creation task finished, task_id: ffffffffffffffffd9045a2aec3090d8ef98f40c01000000, actor_id: d9045a2aec3090d8ef98f40c01000000, actor_repr_name: _train_tune
[2025-02-16 16:23:52,641 W 2552 2583] metric_exporter.cc:105: [1] Export metrics to agent failed: RpcError: RPC Error message: failed to connect to all addresses; last error: UNKNOWN: ipv4:127.0.0.1:62634: Failed to connect to remote host: Connection refused; RPC Error details: . This won't affect Ray, but you can lose metrics from the cluster.
[2025-02-16 16:24:20,040 I 2552 2588] core_worker.cc:4177: Force kill actor request has received. exiting immediately... The actor is dead because all references to the actor were removed.
[2025-02-16 16:24:20,040 W 2552 2588] core_worker.cc:958: Force exit the process.  Details: Worker exits because the actor is killed. The actor is dead because all references to the actor were removed.
[2025-02-16 16:24:20,041 I 2552 2588] core_worker.cc:855: Try killing all child processes of this worker as it exits. Child process pids: 
[2025-02-16 16:24:20,042 I 2552 2588] core_worker.cc:814: Disconnecting to the raylet.
[2025-02-16 16:24:20,042 I 2552 2588] raylet_client.cc:162: RayletClient::Disconnect, exit_type=INTENDED_SYSTEM_EXIT, exit_detail=Worker exits because the actor is killed. The actor is dead because all references to the actor were removed., has creation_task_exception_pb_bytes=0
[2025-02-16 16:24:20,042 W 2552 2588] raylet_client.cc:187: IOError: Broken pipe [RayletClient] Failed to disconnect from raylet. This means the raylet the worker is connected is probably already dead.
