[2025-02-16 16:24:21,721 I 2627 2627] core_worker_process.cc:107: Constructing CoreWorkerProcess. pid: 2627
[2025-02-16 16:24:21,723 I 2627 2627] io_service_pool.cc:35: IOServicePool is running with 1 io_service.
[2025-02-16 16:24:21,726 I 2627 2627] grpc_server.cc:134: worker server started, listening on port 35855.
[2025-02-16 16:24:21,728 I 2627 2627] core_worker.cc:275: Initializing worker at address: 172.19.0.2:35855 worker_id=f1f566fb8a1694cc1b78a0debf61484f07e9b186bb46fd7ae1d4476a node_id=e2a8235b1a5d9a56d69221182f2a84dad1790ce590062e454e5fef5d
[2025-02-16 16:24:21,729 I 2627 2627] task_event_buffer.cc:257: Reporting task events to GCS every 1000ms.
[2025-02-16 16:24:21,730 I 2627 2627] core_worker.cc:703: Adjusted worker niceness to 15
[2025-02-16 16:24:21,730 I 2627 2663] core_worker.cc:642: Event stats:


Global stats: 11 total (5 active)
Queueing time: mean = 21.184 us, max = 96.137 us, min = 27.484 us, total = 233.026 us
Execution time:  mean = 131.167 us, total = 1.443 ms
Event stats:
	PeriodicalRunner.RunFnPeriodically - 3 total (1 active, 1 running), Execution time: mean = 7.074 us, total = 21.222 us, Queueing time: mean = 35.323 us, max = 78.486 us, min = 27.484 us, total = 105.970 us
	ray::rpc::WorkerInfoGcsService.grpc_client.AddWorkerInfo - 1 total (0 active), Execution time: mean = 650.863 us, total = 650.863 us, Queueing time: mean = 0.000 s, max = -0.000 s, min = 9223372036.855 s, total = 0.000 s
	ray::rpc::InternalPubSubGcsService.grpc_client.GcsSubscriberCommandBatch - 1 total (0 active), Execution time: mean = 610.223 us, total = 610.223 us, Queueing time: mean = 0.000 s, max = -0.000 s, min = 9223372036.855 s, total = 0.000 s
	CoreWorker.ExitIfParentRayletDies - 1 total (1 active), Execution time: mean = 0.000 s, total = 0.000 s, Queueing time: mean = 0.000 s, max = -0.000 s, min = 9223372036.855 s, total = 0.000 s
	ray::rpc::InternalPubSubGcsService.grpc_client.GcsSubscriberCommandBatch.OnReplyReceived - 1 total (0 active), Execution time: mean = 130.989 us, total = 130.989 us, Queueing time: mean = 30.919 us, max = 30.919 us, min = 30.919 us, total = 30.919 us
	ray::rpc::WorkerInfoGcsService.grpc_client.AddWorkerInfo.OnReplyReceived - 1 total (0 active), Execution time: mean = 29.537 us, total = 29.537 us, Queueing time: mean = 96.137 us, max = 96.137 us, min = 96.137 us, total = 96.137 us
	ray::rpc::InternalPubSubGcsService.grpc_client.GcsSubscriberPoll - 1 total (1 active), Execution time: mean = 0.000 s, total = 0.000 s, Queueing time: mean = 0.000 s, max = -0.000 s, min = 9223372036.855 s, total = 0.000 s
	Publisher.CheckDeadSubscribers - 1 total (1 active), Execution time: mean = 0.000 s, total = 0.000 s, Queueing time: mean = 0.000 s, max = -0.000 s, min = 9223372036.855 s, total = 0.000 s
	ray::rpc::NodeInfoGcsService.grpc_client.GetAllNodeInfo - 1 total (1 active), Execution time: mean = 0.000 s, total = 0.000 s, Queueing time: mean = 0.000 s, max = -0.000 s, min = 9223372036.855 s, total = 0.000 s

-----------------
Task Event stats:

IO Service Stats:

Global stats: 4 total (1 active)
Queueing time: mean = 14.185 us, max = 30.537 us, min = 26.205 us, total = 56.742 us
Execution time:  mean = 205.647 us, total = 822.589 us
Event stats:
	PeriodicalRunner.RunFnPeriodically - 1 total (0 active), Execution time: mean = 108.759 us, total = 108.759 us, Queueing time: mean = 30.537 us, max = 30.537 us, min = 30.537 us, total = 30.537 us
	ray::rpc::TaskInfoGcsService.grpc_client.AddTaskEventData.OnReplyReceived - 1 total (0 active), Execution time: mean = 13.617 us, total = 13.617 us, Queueing time: mean = 26.205 us, max = 26.205 us, min = 26.205 us, total = 26.205 us
	ray::rpc::TaskInfoGcsService.grpc_client.AddTaskEventData - 1 total (0 active), Execution time: mean = 700.213 us, total = 700.213 us, Queueing time: mean = 0.000 s, max = -0.000 s, min = 9223372036.855 s, total = 0.000 s
	CoreWorker.deadline_timer.flush_task_events - 1 total (1 active), Execution time: mean = 0.000 s, total = 0.000 s, Queueing time: mean = 0.000 s, max = -0.000 s, min = 9223372036.855 s, total = 0.000 s
Other Stats:
	grpc_in_progress:0
	current number of task status events in buffer: 0
	current number of profile events in buffer: 0
	current number of dropped task attempts tracked: 0
	total task events sent: 0 MiB
	total number of task attempts sent: 0
	total number of task attempts dropped reported: 0
	total number of sent failure: 0
	num status task events dropped: 0
	num profile task events dropped: 0


[2025-02-16 16:24:21,730 I 2627 2627] event.cc:491: Ray Event initialized for CORE_WORKER
[2025-02-16 16:24:21,730 I 2627 2627] event.cc:491: Ray Event initialized for EXPORT_TASK
[2025-02-16 16:24:21,730 I 2627 2627] event.cc:322: Set ray event level to warning
[2025-02-16 16:24:21,730 I 2627 2663] accessor.cc:762: Received notification for node, IsAlive = 1 node_id=e2a8235b1a5d9a56d69221182f2a84dad1790ce590062e454e5fef5d
[2025-02-16 16:24:21,730 I 2627 2663] core_worker.cc:4754: Number of alive nodes:1
[2025-02-16 16:24:21,732 I 2627 2627] actor_task_submitter.cc:73: Set actor max pending calls to -1 actor_id=4c5f707618a4201ecd97bcab01000000
[2025-02-16 16:24:21,732 I 2627 2627] core_worker.cc:3017: Creating actor actor_id=4c5f707618a4201ecd97bcab01000000
[2025-02-16 16:24:25,929 I 2627 2627] task_receiver.cc:196: Actor creation task finished, task_id: ffffffffffffffff4c5f707618a4201ecd97bcab01000000, actor_id: 4c5f707618a4201ecd97bcab01000000, actor_repr_name: _train_tune
[2025-02-16 16:24:31,732 W 2627 2658] metric_exporter.cc:105: [1] Export metrics to agent failed: RpcError: RPC Error message: failed to connect to all addresses; last error: UNKNOWN: ipv4:127.0.0.1:62634: Failed to connect to remote host: Connection refused; RPC Error details: . This won't affect Ray, but you can lose metrics from the cluster.
[2025-02-16 16:24:58,699 I 2627 2663] core_worker.cc:4177: Force kill actor request has received. exiting immediately... The actor is dead because all references to the actor were removed.
[2025-02-16 16:24:58,699 W 2627 2663] core_worker.cc:958: Force exit the process.  Details: Worker exits because the actor is killed. The actor is dead because all references to the actor were removed.
[2025-02-16 16:24:58,699 I 2627 2663] core_worker.cc:855: Try killing all child processes of this worker as it exits. Child process pids: 
[2025-02-16 16:24:58,700 I 2627 2663] core_worker.cc:814: Disconnecting to the raylet.
[2025-02-16 16:24:58,700 I 2627 2663] raylet_client.cc:162: RayletClient::Disconnect, exit_type=INTENDED_SYSTEM_EXIT, exit_detail=Worker exits because the actor is killed. The actor is dead because all references to the actor were removed., has creation_task_exception_pb_bytes=0
[2025-02-16 16:24:58,700 W 2627 2663] raylet_client.cc:187: IOError: Broken pipe [RayletClient] Failed to disconnect from raylet. This means the raylet the worker is connected is probably already dead.
