[2025-02-16 16:31:15,387 I 3734 3734] core_worker_process.cc:107: Constructing CoreWorkerProcess. pid: 3734
[2025-02-16 16:31:15,389 I 3734 3734] io_service_pool.cc:35: IOServicePool is running with 1 io_service.
[2025-02-16 16:31:15,391 I 3734 3734] grpc_server.cc:134: worker server started, listening on port 39397.
[2025-02-16 16:31:15,393 I 3734 3734] core_worker.cc:275: Initializing worker at address: 172.19.0.2:39397 worker_id=e0f59ce78062262f08b7504663b27aea60084de77812333c874683d3 node_id=e2a8235b1a5d9a56d69221182f2a84dad1790ce590062e454e5fef5d
[2025-02-16 16:31:15,394 I 3734 3734] task_event_buffer.cc:257: Reporting task events to GCS every 1000ms.
[2025-02-16 16:31:15,395 I 3734 3734] core_worker.cc:703: Adjusted worker niceness to 15
[2025-02-16 16:31:15,395 I 3734 3770] core_worker.cc:642: Event stats:


Global stats: 11 total (5 active)
Queueing time: mean = 14.593 us, max = 60.131 us, min = 23.926 us, total = 160.526 us
Execution time:  mean = 143.668 us, total = 1.580 ms
Event stats:
	PeriodicalRunner.RunFnPeriodically - 3 total (1 active, 1 running), Execution time: mean = 8.264 us, total = 24.792 us, Queueing time: mean = 36.363 us, max = 60.131 us, min = 48.958 us, total = 109.089 us
	Publisher.CheckDeadSubscribers - 1 total (1 active), Execution time: mean = 0.000 s, total = 0.000 s, Queueing time: mean = 0.000 s, max = -0.000 s, min = 9223372036.855 s, total = 0.000 s
	ray::rpc::WorkerInfoGcsService.grpc_client.AddWorkerInfo.OnReplyReceived - 1 total (0 active), Execution time: mean = 25.562 us, total = 25.562 us, Queueing time: mean = 27.511 us, max = 27.511 us, min = 27.511 us, total = 27.511 us
	ray::rpc::WorkerInfoGcsService.grpc_client.AddWorkerInfo - 1 total (0 active), Execution time: mean = 869.139 us, total = 869.139 us, Queueing time: mean = 0.000 s, max = -0.000 s, min = 9223372036.855 s, total = 0.000 s
	ray::rpc::InternalPubSubGcsService.grpc_client.GcsSubscriberCommandBatch.OnReplyReceived - 1 total (0 active), Execution time: mean = 139.941 us, total = 139.941 us, Queueing time: mean = 23.926 us, max = 23.926 us, min = 23.926 us, total = 23.926 us
	ray::rpc::InternalPubSubGcsService.grpc_client.GcsSubscriberPoll - 1 total (1 active), Execution time: mean = 0.000 s, total = 0.000 s, Queueing time: mean = 0.000 s, max = -0.000 s, min = 9223372036.855 s, total = 0.000 s
	CoreWorker.ExitIfParentRayletDies - 1 total (1 active), Execution time: mean = 0.000 s, total = 0.000 s, Queueing time: mean = 0.000 s, max = -0.000 s, min = 9223372036.855 s, total = 0.000 s
	ray::rpc::NodeInfoGcsService.grpc_client.GetAllNodeInfo - 1 total (1 active), Execution time: mean = 0.000 s, total = 0.000 s, Queueing time: mean = 0.000 s, max = -0.000 s, min = 9223372036.855 s, total = 0.000 s
	ray::rpc::InternalPubSubGcsService.grpc_client.GcsSubscriberCommandBatch - 1 total (0 active), Execution time: mean = 520.916 us, total = 520.916 us, Queueing time: mean = 0.000 s, max = -0.000 s, min = 9223372036.855 s, total = 0.000 s

-----------------
Task Event stats:

IO Service Stats:

Global stats: 4 total (1 active)
Queueing time: mean = 11.680 us, max = 27.121 us, min = 19.599 us, total = 46.720 us
Execution time:  mean = 151.254 us, total = 605.014 us
Event stats:
	CoreWorker.deadline_timer.flush_task_events - 1 total (1 active), Execution time: mean = 0.000 s, total = 0.000 s, Queueing time: mean = 0.000 s, max = -0.000 s, min = 9223372036.855 s, total = 0.000 s
	ray::rpc::TaskInfoGcsService.grpc_client.AddTaskEventData - 1 total (0 active), Execution time: mean = 439.263 us, total = 439.263 us, Queueing time: mean = 0.000 s, max = -0.000 s, min = 9223372036.855 s, total = 0.000 s
	PeriodicalRunner.RunFnPeriodically - 1 total (0 active), Execution time: mean = 144.706 us, total = 144.706 us, Queueing time: mean = 19.599 us, max = 19.599 us, min = 19.599 us, total = 19.599 us
	ray::rpc::TaskInfoGcsService.grpc_client.AddTaskEventData.OnReplyReceived - 1 total (0 active), Execution time: mean = 21.045 us, total = 21.045 us, Queueing time: mean = 27.121 us, max = 27.121 us, min = 27.121 us, total = 27.121 us
Other Stats:
	grpc_in_progress:0
	current number of task status events in buffer: 0
	current number of profile events in buffer: 0
	current number of dropped task attempts tracked: 0
	total task events sent: 0 MiB
	total number of task attempts sent: 0
	total number of task attempts dropped reported: 0
	total number of sent failure: 0
	num status task events dropped: 0
	num profile task events dropped: 0


[2025-02-16 16:31:15,396 I 3734 3734] event.cc:491: Ray Event initialized for CORE_WORKER
[2025-02-16 16:31:15,396 I 3734 3734] event.cc:491: Ray Event initialized for EXPORT_TASK
[2025-02-16 16:31:15,396 I 3734 3734] event.cc:322: Set ray event level to warning
[2025-02-16 16:31:15,396 I 3734 3770] accessor.cc:762: Received notification for node, IsAlive = 1 node_id=e2a8235b1a5d9a56d69221182f2a84dad1790ce590062e454e5fef5d
[2025-02-16 16:31:15,396 I 3734 3770] core_worker.cc:4754: Number of alive nodes:1
[2025-02-16 16:31:15,398 I 3734 3734] actor_task_submitter.cc:73: Set actor max pending calls to -1 actor_id=cc175c046449eeb481235d6801000000
[2025-02-16 16:31:15,398 I 3734 3734] core_worker.cc:3017: Creating actor actor_id=cc175c046449eeb481235d6801000000
[2025-02-16 16:31:19,615 I 3734 3734] task_receiver.cc:196: Actor creation task finished, task_id: ffffffffffffffffcc175c046449eeb481235d6801000000, actor_id: cc175c046449eeb481235d6801000000, actor_repr_name: _train_tune
[2025-02-16 16:31:25,399 W 3734 3765] metric_exporter.cc:105: [1] Export metrics to agent failed: RpcError: RPC Error message: failed to connect to all addresses; last error: UNKNOWN: ipv4:127.0.0.1:62634: Failed to connect to remote host: Connection refused; RPC Error details: . This won't affect Ray, but you can lose metrics from the cluster.
[2025-02-16 16:31:54,692 I 3734 3770] core_worker.cc:4177: Force kill actor request has received. exiting immediately... The actor is dead because all references to the actor were removed.
[2025-02-16 16:31:54,692 W 3734 3770] core_worker.cc:958: Force exit the process.  Details: Worker exits because the actor is killed. The actor is dead because all references to the actor were removed.
[2025-02-16 16:31:54,693 I 3734 3734] core_worker.cc:877: Exit signal received, this process will exit after all outstanding tasks have finished, exit_type=SYSTEM_ERROR, detail=Worker exits unexpectedly by a signal. SystemExit is raised (sys.exit is called). Exit code: 1. The process receives a SIGTERM.
[2025-02-16 16:31:54,693 W 3734 3734] core_worker.cc:890: Failed to notify Raylet. It is either the raylet is already dead or the raylet disconnects the client because it kills this worker.
[2025-02-16 16:31:54,693 I 3734 3770] core_worker.cc:855: Try killing all child processes of this worker as it exits. Child process pids: 
[2025-02-16 16:31:54,694 I 3734 3770] core_worker.cc:814: Disconnecting to the raylet.
[2025-02-16 16:31:54,694 I 3734 3770] raylet_client.cc:162: RayletClient::Disconnect, exit_type=INTENDED_SYSTEM_EXIT, exit_detail=Worker exits because the actor is killed. The actor is dead because all references to the actor were removed., has creation_task_exception_pb_bytes=0
[2025-02-16 16:31:54,694 W 3734 3770] raylet_client.cc:187: IOError: Broken pipe [RayletClient] Failed to disconnect from raylet. This means the raylet the worker is connected is probably already dead.
