[2025-02-16 16:23:14,667 I 2478 2478] core_worker_process.cc:107: Constructing CoreWorkerProcess. pid: 2478
[2025-02-16 16:23:14,668 I 2478 2478] io_service_pool.cc:35: IOServicePool is running with 1 io_service.
[2025-02-16 16:23:14,672 I 2478 2478] grpc_server.cc:134: worker server started, listening on port 37943.
[2025-02-16 16:23:14,674 I 2478 2478] core_worker.cc:275: Initializing worker at address: 172.19.0.2:37943 worker_id=9a9f07a465df8662f21047ba5ab7c2ad42c64553a685953fa6b84301 node_id=e2a8235b1a5d9a56d69221182f2a84dad1790ce590062e454e5fef5d
[2025-02-16 16:23:14,674 I 2478 2478] task_event_buffer.cc:257: Reporting task events to GCS every 1000ms.
[2025-02-16 16:23:14,675 I 2478 2478] core_worker.cc:703: Adjusted worker niceness to 15
[2025-02-16 16:23:14,676 I 2478 2514] core_worker.cc:642: Event stats:


Global stats: 15 total (9 active)
Queueing time: mean = 11.203 us, max = 60.701 us, min = 32.729 us, total = 168.044 us
Execution time:  mean = 92.301 us, total = 1.385 ms
Event stats:
	PeriodicalRunner.RunFnPeriodically - 7 total (5 active, 1 running), Execution time: mean = 2.697 us, total = 18.882 us, Queueing time: mean = 14.610 us, max = 60.701 us, min = 41.569 us, total = 102.270 us
	ray::rpc::InternalPubSubGcsService.grpc_client.GcsSubscriberCommandBatch - 1 total (0 active), Execution time: mean = 563.054 us, total = 563.054 us, Queueing time: mean = 0.000 s, max = -0.000 s, min = 9223372036.855 s, total = 0.000 s
	ray::rpc::InternalPubSubGcsService.grpc_client.GcsSubscriberPoll - 1 total (1 active), Execution time: mean = 0.000 s, total = 0.000 s, Queueing time: mean = 0.000 s, max = -0.000 s, min = 9223372036.855 s, total = 0.000 s
	ray::rpc::WorkerInfoGcsService.grpc_client.AddWorkerInfo.OnReplyReceived - 1 total (0 active), Execution time: mean = 21.925 us, total = 21.925 us, Queueing time: mean = 33.045 us, max = 33.045 us, min = 33.045 us, total = 33.045 us
	Publisher.CheckDeadSubscribers - 1 total (1 active), Execution time: mean = 0.000 s, total = 0.000 s, Queueing time: mean = 0.000 s, max = -0.000 s, min = 9223372036.855 s, total = 0.000 s
	CoreWorker.ExitIfParentRayletDies - 1 total (1 active), Execution time: mean = 0.000 s, total = 0.000 s, Queueing time: mean = 0.000 s, max = -0.000 s, min = 9223372036.855 s, total = 0.000 s
	ray::rpc::NodeInfoGcsService.grpc_client.GetAllNodeInfo - 1 total (1 active), Execution time: mean = 0.000 s, total = 0.000 s, Queueing time: mean = 0.000 s, max = -0.000 s, min = 9223372036.855 s, total = 0.000 s
	ray::rpc::WorkerInfoGcsService.grpc_client.AddWorkerInfo - 1 total (0 active), Execution time: mean = 621.144 us, total = 621.144 us, Queueing time: mean = 0.000 s, max = -0.000 s, min = 9223372036.855 s, total = 0.000 s
	ray::rpc::InternalPubSubGcsService.grpc_client.GcsSubscriberCommandBatch.OnReplyReceived - 1 total (0 active), Execution time: mean = 159.514 us, total = 159.514 us, Queueing time: mean = 32.729 us, max = 32.729 us, min = 32.729 us, total = 32.729 us

-----------------
Task Event stats:

IO Service Stats:

Global stats: 4 total (1 active)
Queueing time: mean = 26.300 us, max = 67.222 us, min = 37.980 us, total = 105.202 us
Execution time:  mean = 196.489 us, total = 785.957 us
Event stats:
	CoreWorker.deadline_timer.flush_task_events - 1 total (1 active), Execution time: mean = 0.000 s, total = 0.000 s, Queueing time: mean = 0.000 s, max = -0.000 s, min = 9223372036.855 s, total = 0.000 s
	ray::rpc::TaskInfoGcsService.grpc_client.AddTaskEventData - 1 total (0 active), Execution time: mean = 555.865 us, total = 555.865 us, Queueing time: mean = 0.000 s, max = -0.000 s, min = 9223372036.855 s, total = 0.000 s
	ray::rpc::TaskInfoGcsService.grpc_client.AddTaskEventData.OnReplyReceived - 1 total (0 active), Execution time: mean = 22.932 us, total = 22.932 us, Queueing time: mean = 37.980 us, max = 37.980 us, min = 37.980 us, total = 37.980 us
	PeriodicalRunner.RunFnPeriodically - 1 total (0 active), Execution time: mean = 207.160 us, total = 207.160 us, Queueing time: mean = 67.222 us, max = 67.222 us, min = 67.222 us, total = 67.222 us
Other Stats:
	grpc_in_progress:0
	current number of task status events in buffer: 0
	current number of profile events in buffer: 0
	current number of dropped task attempts tracked: 0
	total task events sent: 0 MiB
	total number of task attempts sent: 0
	total number of task attempts dropped reported: 0
	total number of sent failure: 0
	num status task events dropped: 0
	num profile task events dropped: 0


[2025-02-16 16:23:14,676 I 2478 2478] event.cc:491: Ray Event initialized for CORE_WORKER
[2025-02-16 16:23:14,676 I 2478 2478] event.cc:491: Ray Event initialized for EXPORT_TASK
[2025-02-16 16:23:14,676 I 2478 2478] event.cc:322: Set ray event level to warning
[2025-02-16 16:23:14,676 I 2478 2514] accessor.cc:762: Received notification for node, IsAlive = 1 node_id=e2a8235b1a5d9a56d69221182f2a84dad1790ce590062e454e5fef5d
[2025-02-16 16:23:14,676 I 2478 2514] core_worker.cc:4754: Number of alive nodes:1
[2025-02-16 16:23:14,678 I 2478 2478] actor_task_submitter.cc:73: Set actor max pending calls to -1 actor_id=043bf5002ea80541290bd6ff01000000
[2025-02-16 16:23:14,678 I 2478 2478] core_worker.cc:3017: Creating actor actor_id=043bf5002ea80541290bd6ff01000000
[2025-02-16 16:23:18,894 I 2478 2478] task_receiver.cc:196: Actor creation task finished, task_id: ffffffffffffffff043bf5002ea80541290bd6ff01000000, actor_id: 043bf5002ea80541290bd6ff01000000, actor_repr_name: _train_tune
[2025-02-16 16:23:24,683 W 2478 2509] metric_exporter.cc:105: [1] Export metrics to agent failed: RpcError: RPC Error message: failed to connect to all addresses; last error: UNKNOWN: ipv4:127.0.0.1:62634: Failed to connect to remote host: Connection refused; RPC Error details: . This won't affect Ray, but you can lose metrics from the cluster.
[2025-02-16 16:23:40,059 I 2478 2478] core_worker.cc:877: Exit signal received, this process will exit after all outstanding tasks have finished, exit_type=SYSTEM_ERROR, detail=Worker exits unexpectedly by a signal. SystemExit is raised (sys.exit is called). Exit code: 1. The process receives a SIGTERM.
[2025-02-16 16:23:40,059 W 2478 2478] core_worker.cc:890: Failed to notify Raylet. It is either the raylet is already dead or the raylet disconnects the client because it kills this worker.
[2025-02-16 16:23:40,059 I 2478 2514] core_worker.cc:4177: Force kill actor request has received. exiting immediately... The actor is dead because all references to the actor were removed.
[2025-02-16 16:23:40,059 W 2478 2514] core_worker.cc:958: Force exit the process.  Details: Worker exits because the actor is killed. The actor is dead because all references to the actor were removed.
[2025-02-16 16:23:40,060 I 2478 2514] core_worker.cc:855: Try killing all child processes of this worker as it exits. Child process pids: 
[2025-02-16 16:23:40,060 I 2478 2478] core_worker.cc:855: Try killing all child processes of this worker as it exits. Child process pids: 
[2025-02-16 16:23:40,061 I 2478 2514] core_worker.cc:814: Disconnecting to the raylet.
[2025-02-16 16:23:40,061 I 2478 2514] raylet_client.cc:162: RayletClient::Disconnect, exit_type=INTENDED_SYSTEM_EXIT, exit_detail=Worker exits because the actor is killed. The actor is dead because all references to the actor were removed., has creation_task_exception_pb_bytes=0
[2025-02-16 16:23:40,061 W 2478 2514] raylet_client.cc:187: IOError: Broken pipe [RayletClient] Failed to disconnect from raylet. This means the raylet the worker is connected is probably already dead.
