[2025-02-16 16:31:55,462 I 3809 3809] core_worker_process.cc:107: Constructing CoreWorkerProcess. pid: 3809
[2025-02-16 16:31:55,465 I 3809 3809] io_service_pool.cc:35: IOServicePool is running with 1 io_service.
[2025-02-16 16:31:55,468 I 3809 3809] grpc_server.cc:134: worker server started, listening on port 46461.
[2025-02-16 16:31:55,470 I 3809 3809] core_worker.cc:275: Initializing worker at address: 172.19.0.2:46461 worker_id=6159a274105a04b94c3d1c414610152d15a409c7c5b626afa943f65c node_id=e2a8235b1a5d9a56d69221182f2a84dad1790ce590062e454e5fef5d
[2025-02-16 16:31:55,471 I 3809 3809] task_event_buffer.cc:257: Reporting task events to GCS every 1000ms.
[2025-02-16 16:31:55,472 I 3809 3809] core_worker.cc:703: Adjusted worker niceness to 15
[2025-02-16 16:31:55,472 I 3809 3845] core_worker.cc:642: Event stats:


Global stats: 13 total (9 active)
Queueing time: mean = 13.495 us, max = 102.557 us, min = 34.883 us, total = 175.431 us
Execution time:  mean = 65.385 us, total = 850.008 us
Event stats:
	PeriodicalRunner.RunFnPeriodically - 7 total (5 active, 1 running), Execution time: mean = 2.761 us, total = 19.324 us, Queueing time: mean = 19.634 us, max = 102.557 us, min = 34.883 us, total = 137.440 us
	ray::rpc::InternalPubSubGcsService.grpc_client.GcsSubscriberPoll - 1 total (1 active), Execution time: mean = 0.000 s, total = 0.000 s, Queueing time: mean = 0.000 s, max = -0.000 s, min = 9223372036.855 s, total = 0.000 s
	ray::rpc::WorkerInfoGcsService.grpc_client.AddWorkerInfo - 1 total (0 active), Execution time: mean = 802.887 us, total = 802.887 us, Queueing time: mean = 0.000 s, max = -0.000 s, min = 9223372036.855 s, total = 0.000 s
	CoreWorker.ExitIfParentRayletDies - 1 total (1 active), Execution time: mean = 0.000 s, total = 0.000 s, Queueing time: mean = 0.000 s, max = -0.000 s, min = 9223372036.855 s, total = 0.000 s
	ray::rpc::WorkerInfoGcsService.grpc_client.AddWorkerInfo.OnReplyReceived - 1 total (0 active), Execution time: mean = 27.797 us, total = 27.797 us, Queueing time: mean = 37.991 us, max = 37.991 us, min = 37.991 us, total = 37.991 us
	Publisher.CheckDeadSubscribers - 1 total (1 active), Execution time: mean = 0.000 s, total = 0.000 s, Queueing time: mean = 0.000 s, max = -0.000 s, min = 9223372036.855 s, total = 0.000 s
	ray::rpc::InternalPubSubGcsService.grpc_client.GcsSubscriberCommandBatch - 1 total (1 active), Execution time: mean = 0.000 s, total = 0.000 s, Queueing time: mean = 0.000 s, max = -0.000 s, min = 9223372036.855 s, total = 0.000 s

-----------------
Task Event stats:

IO Service Stats:

Global stats: 4 total (1 active)
Queueing time: mean = 16.808 us, max = 36.725 us, min = 30.505 us, total = 67.230 us
Execution time:  mean = 277.633 us, total = 1.111 ms
Event stats:
	CoreWorker.deadline_timer.flush_task_events - 1 total (1 active), Execution time: mean = 0.000 s, total = 0.000 s, Queueing time: mean = 0.000 s, max = -0.000 s, min = 9223372036.855 s, total = 0.000 s
	ray::rpc::TaskInfoGcsService.grpc_client.AddTaskEventData.OnReplyReceived - 1 total (0 active), Execution time: mean = 19.693 us, total = 19.693 us, Queueing time: mean = 30.505 us, max = 30.505 us, min = 30.505 us, total = 30.505 us
	ray::rpc::TaskInfoGcsService.grpc_client.AddTaskEventData - 1 total (0 active), Execution time: mean = 881.080 us, total = 881.080 us, Queueing time: mean = 0.000 s, max = -0.000 s, min = 9223372036.855 s, total = 0.000 s
	PeriodicalRunner.RunFnPeriodically - 1 total (0 active), Execution time: mean = 209.759 us, total = 209.759 us, Queueing time: mean = 36.725 us, max = 36.725 us, min = 36.725 us, total = 36.725 us
Other Stats:
	grpc_in_progress:0
	current number of task status events in buffer: 0
	current number of profile events in buffer: 0
	current number of dropped task attempts tracked: 0
	total task events sent: 0 MiB
	total number of task attempts sent: 0
	total number of task attempts dropped reported: 0
	total number of sent failure: 0
	num status task events dropped: 0
	num profile task events dropped: 0


[2025-02-16 16:31:55,472 I 3809 3809] event.cc:491: Ray Event initialized for CORE_WORKER
[2025-02-16 16:31:55,472 I 3809 3809] event.cc:491: Ray Event initialized for EXPORT_TASK
[2025-02-16 16:31:55,472 I 3809 3809] event.cc:322: Set ray event level to warning
[2025-02-16 16:31:55,473 I 3809 3845] accessor.cc:762: Received notification for node, IsAlive = 1 node_id=e2a8235b1a5d9a56d69221182f2a84dad1790ce590062e454e5fef5d
[2025-02-16 16:31:55,473 I 3809 3845] core_worker.cc:4754: Number of alive nodes:1
[2025-02-16 16:31:55,474 I 3809 3809] actor_task_submitter.cc:73: Set actor max pending calls to -1 actor_id=864a50421ed53112e25abd0501000000
[2025-02-16 16:31:55,474 I 3809 3809] core_worker.cc:3017: Creating actor actor_id=864a50421ed53112e25abd0501000000
[2025-02-16 16:31:59,904 I 3809 3809] task_receiver.cc:196: Actor creation task finished, task_id: ffffffffffffffff864a50421ed53112e25abd0501000000, actor_id: 864a50421ed53112e25abd0501000000, actor_repr_name: _train_tune
[2025-02-16 16:32:05,540 W 3809 3840] metric_exporter.cc:105: [1] Export metrics to agent failed: RpcError: RPC Error message: failed to connect to all addresses; last error: UNKNOWN: ipv4:127.0.0.1:62634: Failed to connect to remote host: Connection refused; RPC Error details: . This won't affect Ray, but you can lose metrics from the cluster.
[2025-02-16 16:32:52,011 I 3809 3845] core_worker.cc:4177: Force kill actor request has received. exiting immediately... The actor is dead because all references to the actor were removed.
[2025-02-16 16:32:52,011 W 3809 3845] core_worker.cc:958: Force exit the process.  Details: Worker exits because the actor is killed. The actor is dead because all references to the actor were removed.
[2025-02-16 16:32:52,011 I 3809 3845] core_worker.cc:855: Try killing all child processes of this worker as it exits. Child process pids: 
[2025-02-16 16:32:52,012 I 3809 3845] core_worker.cc:814: Disconnecting to the raylet.
[2025-02-16 16:32:52,012 I 3809 3845] raylet_client.cc:162: RayletClient::Disconnect, exit_type=INTENDED_SYSTEM_EXIT, exit_detail=Worker exits because the actor is killed. The actor is dead because all references to the actor were removed., has creation_task_exception_pb_bytes=0
[2025-02-16 16:32:52,012 W 3809 3845] raylet_client.cc:187: IOError: Broken pipe [RayletClient] Failed to disconnect from raylet. This means the raylet the worker is connected is probably already dead.
