[2025-02-16 16:22:34,617 I 2403 2403] core_worker_process.cc:107: Constructing CoreWorkerProcess. pid: 2403
[2025-02-16 16:22:34,619 I 2403 2403] io_service_pool.cc:35: IOServicePool is running with 1 io_service.
[2025-02-16 16:22:34,622 I 2403 2403] grpc_server.cc:134: worker server started, listening on port 33529.
[2025-02-16 16:22:34,623 I 2403 2403] core_worker.cc:275: Initializing worker at address: 172.19.0.2:33529 worker_id=5d2e02ea44452dd10e6f35d1c99f469d6c1841ac0d34c9d4d0c73589 node_id=e2a8235b1a5d9a56d69221182f2a84dad1790ce590062e454e5fef5d
[2025-02-16 16:22:34,624 I 2403 2403] task_event_buffer.cc:257: Reporting task events to GCS every 1000ms.
[2025-02-16 16:22:34,625 I 2403 2403] core_worker.cc:703: Adjusted worker niceness to 15
[2025-02-16 16:22:34,625 I 2403 2439] core_worker.cc:642: Event stats:


Global stats: 15 total (9 active)
Queueing time: mean = 9.739 us, max = 56.507 us, min = 22.008 us, total = 146.085 us
Execution time:  mean = 87.900 us, total = 1.319 ms
Event stats:
	PeriodicalRunner.RunFnPeriodically - 7 total (5 active, 1 running), Execution time: mean = 2.594 us, total = 18.155 us, Queueing time: mean = 14.507 us, max = 56.507 us, min = 45.044 us, total = 101.551 us
	CoreWorker.ExitIfParentRayletDies - 1 total (1 active), Execution time: mean = 0.000 s, total = 0.000 s, Queueing time: mean = 0.000 s, max = -0.000 s, min = 9223372036.855 s, total = 0.000 s
	ray::rpc::InternalPubSubGcsService.grpc_client.GcsSubscriberCommandBatch.OnReplyReceived - 1 total (0 active), Execution time: mean = 108.418 us, total = 108.418 us, Queueing time: mean = 22.008 us, max = 22.008 us, min = 22.008 us, total = 22.008 us
	ray::rpc::WorkerInfoGcsService.grpc_client.AddWorkerInfo - 1 total (0 active), Execution time: mean = 731.726 us, total = 731.726 us, Queueing time: mean = 0.000 s, max = -0.000 s, min = 9223372036.855 s, total = 0.000 s
	ray::rpc::NodeInfoGcsService.grpc_client.GetAllNodeInfo - 1 total (1 active), Execution time: mean = 0.000 s, total = 0.000 s, Queueing time: mean = 0.000 s, max = -0.000 s, min = 9223372036.855 s, total = 0.000 s
	Publisher.CheckDeadSubscribers - 1 total (1 active), Execution time: mean = 0.000 s, total = 0.000 s, Queueing time: mean = 0.000 s, max = -0.000 s, min = 9223372036.855 s, total = 0.000 s
	ray::rpc::InternalPubSubGcsService.grpc_client.GcsSubscriberCommandBatch - 1 total (0 active), Execution time: mean = 434.751 us, total = 434.751 us, Queueing time: mean = 0.000 s, max = -0.000 s, min = 9223372036.855 s, total = 0.000 s
	ray::rpc::InternalPubSubGcsService.grpc_client.GcsSubscriberPoll - 1 total (1 active), Execution time: mean = 0.000 s, total = 0.000 s, Queueing time: mean = 0.000 s, max = -0.000 s, min = 9223372036.855 s, total = 0.000 s
	ray::rpc::WorkerInfoGcsService.grpc_client.AddWorkerInfo.OnReplyReceived - 1 total (0 active), Execution time: mean = 25.452 us, total = 25.452 us, Queueing time: mean = 22.526 us, max = 22.526 us, min = 22.526 us, total = 22.526 us

-----------------
Task Event stats:

IO Service Stats:

Global stats: 4 total (1 active)
Queueing time: mean = 14.791 us, max = 35.627 us, min = 23.538 us, total = 59.165 us
Execution time:  mean = 195.029 us, total = 780.116 us
Event stats:
	ray::rpc::TaskInfoGcsService.grpc_client.AddTaskEventData.OnReplyReceived - 1 total (0 active), Execution time: mean = 13.858 us, total = 13.858 us, Queueing time: mean = 35.627 us, max = 35.627 us, min = 35.627 us, total = 35.627 us
	PeriodicalRunner.RunFnPeriodically - 1 total (0 active), Execution time: mean = 267.127 us, total = 267.127 us, Queueing time: mean = 23.538 us, max = 23.538 us, min = 23.538 us, total = 23.538 us
	CoreWorker.deadline_timer.flush_task_events - 1 total (1 active), Execution time: mean = 0.000 s, total = 0.000 s, Queueing time: mean = 0.000 s, max = -0.000 s, min = 9223372036.855 s, total = 0.000 s
	ray::rpc::TaskInfoGcsService.grpc_client.AddTaskEventData - 1 total (0 active), Execution time: mean = 499.131 us, total = 499.131 us, Queueing time: mean = 0.000 s, max = -0.000 s, min = 9223372036.855 s, total = 0.000 s
Other Stats:
	grpc_in_progress:0
	current number of task status events in buffer: 0
	current number of profile events in buffer: 0
	current number of dropped task attempts tracked: 0
	total task events sent: 0 MiB
	total number of task attempts sent: 0
	total number of task attempts dropped reported: 0
	total number of sent failure: 0
	num status task events dropped: 0
	num profile task events dropped: 0


[2025-02-16 16:22:34,625 I 2403 2403] event.cc:491: Ray Event initialized for CORE_WORKER
[2025-02-16 16:22:34,625 I 2403 2403] event.cc:491: Ray Event initialized for EXPORT_TASK
[2025-02-16 16:22:34,625 I 2403 2403] event.cc:322: Set ray event level to warning
[2025-02-16 16:22:34,625 I 2403 2439] accessor.cc:762: Received notification for node, IsAlive = 1 node_id=e2a8235b1a5d9a56d69221182f2a84dad1790ce590062e454e5fef5d
[2025-02-16 16:22:34,625 I 2403 2439] core_worker.cc:4754: Number of alive nodes:1
[2025-02-16 16:22:34,627 I 2403 2403] actor_task_submitter.cc:73: Set actor max pending calls to -1 actor_id=cab1e82e717d03c441aefd5201000000
[2025-02-16 16:22:34,627 I 2403 2403] core_worker.cc:3017: Creating actor actor_id=cab1e82e717d03c441aefd5201000000
[2025-02-16 16:22:38,939 I 2403 2403] task_receiver.cc:196: Actor creation task finished, task_id: ffffffffffffffffcab1e82e717d03c441aefd5201000000, actor_id: cab1e82e717d03c441aefd5201000000, actor_repr_name: _train_tune
[2025-02-16 16:22:44,632 W 2403 2434] metric_exporter.cc:105: [1] Export metrics to agent failed: RpcError: RPC Error message: failed to connect to all addresses; last error: UNKNOWN: ipv4:127.0.0.1:62634: Failed to connect to remote host: Connection refused; RPC Error details: . This won't affect Ray, but you can lose metrics from the cluster.
[2025-02-16 16:23:12,517 I 2403 2439] core_worker.cc:4177: Force kill actor request has received. exiting immediately... The actor is dead because all references to the actor were removed.
[2025-02-16 16:23:12,517 W 2403 2439] core_worker.cc:958: Force exit the process.  Details: Worker exits because the actor is killed. The actor is dead because all references to the actor were removed.
[2025-02-16 16:23:12,518 I 2403 2439] core_worker.cc:855: Try killing all child processes of this worker as it exits. Child process pids: 
[2025-02-16 16:23:12,519 I 2403 2439] core_worker.cc:814: Disconnecting to the raylet.
[2025-02-16 16:23:12,519 I 2403 2439] raylet_client.cc:162: RayletClient::Disconnect, exit_type=INTENDED_SYSTEM_EXIT, exit_detail=Worker exits because the actor is killed. The actor is dead because all references to the actor were removed., has creation_task_exception_pb_bytes=0
[2025-02-16 16:23:12,519 W 2403 2439] raylet_client.cc:187: IOError: Broken pipe [RayletClient] Failed to disconnect from raylet. This means the raylet the worker is connected is probably already dead.
