[2025-02-16 16:21:36,549 I 2255 2255] core_worker_process.cc:107: Constructing CoreWorkerProcess. pid: 2255
[2025-02-16 16:21:36,553 I 2255 2255] io_service_pool.cc:35: IOServicePool is running with 1 io_service.
[2025-02-16 16:21:36,557 I 2255 2255] grpc_server.cc:134: worker server started, listening on port 44479.
[2025-02-16 16:21:36,559 I 2255 2255] core_worker.cc:275: Initializing worker at address: 172.19.0.2:44479 worker_id=d9ce96c491cc5c571b962f8cbcf41162e1bb1460ac7dc86cea2967cc node_id=e2a8235b1a5d9a56d69221182f2a84dad1790ce590062e454e5fef5d
[2025-02-16 16:21:36,561 I 2255 2255] task_event_buffer.cc:257: Reporting task events to GCS every 1000ms.
[2025-02-16 16:21:36,562 I 2255 2255] core_worker.cc:703: Adjusted worker niceness to 15
[2025-02-16 16:21:36,562 I 2255 2291] core_worker.cc:642: Event stats:


Global stats: 14 total (8 active)
Queueing time: mean = 12.868 us, max = 90.385 us, min = 22.880 us, total = 180.156 us
Execution time:  mean = 134.287 us, total = 1.880 ms
Event stats:
	PeriodicalRunner.RunFnPeriodically - 6 total (4 active, 1 running), Execution time: mean = 4.037 us, total = 24.223 us, Queueing time: mean = 18.878 us, max = 90.385 us, min = 22.880 us, total = 113.265 us
	CoreWorker.ExitIfParentRayletDies - 1 total (1 active), Execution time: mean = 0.000 s, total = 0.000 s, Queueing time: mean = 0.000 s, max = -0.000 s, min = 9223372036.855 s, total = 0.000 s
	ray::rpc::WorkerInfoGcsService.grpc_client.AddWorkerInfo - 1 total (0 active), Execution time: mean = 1.010 ms, total = 1.010 ms, Queueing time: mean = 0.000 s, max = -0.000 s, min = 9223372036.855 s, total = 0.000 s
	ray::rpc::WorkerInfoGcsService.grpc_client.AddWorkerInfo.OnReplyReceived - 1 total (0 active), Execution time: mean = 29.546 us, total = 29.546 us, Queueing time: mean = 36.897 us, max = 36.897 us, min = 36.897 us, total = 36.897 us
	Publisher.CheckDeadSubscribers - 1 total (1 active), Execution time: mean = 0.000 s, total = 0.000 s, Queueing time: mean = 0.000 s, max = -0.000 s, min = 9223372036.855 s, total = 0.000 s
	ray::rpc::NodeInfoGcsService.grpc_client.GetAllNodeInfo - 1 total (1 active), Execution time: mean = 0.000 s, total = 0.000 s, Queueing time: mean = 0.000 s, max = -0.000 s, min = 9223372036.855 s, total = 0.000 s
	ray::rpc::InternalPubSubGcsService.grpc_client.GcsSubscriberCommandBatch - 1 total (0 active), Execution time: mean = 687.320 us, total = 687.320 us, Queueing time: mean = 0.000 s, max = -0.000 s, min = 9223372036.855 s, total = 0.000 s
	ray::rpc::InternalPubSubGcsService.grpc_client.GcsSubscriberPoll - 1 total (1 active), Execution time: mean = 0.000 s, total = 0.000 s, Queueing time: mean = 0.000 s, max = -0.000 s, min = 9223372036.855 s, total = 0.000 s
	ray::rpc::InternalPubSubGcsService.grpc_client.GcsSubscriberCommandBatch.OnReplyReceived - 1 total (0 active), Execution time: mean = 128.833 us, total = 128.833 us, Queueing time: mean = 29.994 us, max = 29.994 us, min = 29.994 us, total = 29.994 us

-----------------
Task Event stats:

IO Service Stats:

Global stats: 4 total (1 active)
Queueing time: mean = 15.760 us, max = 32.806 us, min = 30.235 us, total = 63.041 us
Execution time:  mean = 195.021 us, total = 780.085 us
Event stats:
	ray::rpc::TaskInfoGcsService.grpc_client.AddTaskEventData - 1 total (0 active), Execution time: mean = 578.953 us, total = 578.953 us, Queueing time: mean = 0.000 s, max = -0.000 s, min = 9223372036.855 s, total = 0.000 s
	PeriodicalRunner.RunFnPeriodically - 1 total (0 active), Execution time: mean = 178.208 us, total = 178.208 us, Queueing time: mean = 32.806 us, max = 32.806 us, min = 32.806 us, total = 32.806 us
	ray::rpc::TaskInfoGcsService.grpc_client.AddTaskEventData.OnReplyReceived - 1 total (0 active), Execution time: mean = 22.924 us, total = 22.924 us, Queueing time: mean = 30.235 us, max = 30.235 us, min = 30.235 us, total = 30.235 us
	CoreWorker.deadline_timer.flush_task_events - 1 total (1 active), Execution time: mean = 0.000 s, total = 0.000 s, Queueing time: mean = 0.000 s, max = -0.000 s, min = 9223372036.855 s, total = 0.000 s
Other Stats:
	grpc_in_progress:0
	current number of task status events in buffer: 0
	current number of profile events in buffer: 0
	current number of dropped task attempts tracked: 0
	total task events sent: 0 MiB
	total number of task attempts sent: 0
	total number of task attempts dropped reported: 0
	total number of sent failure: 0
	num status task events dropped: 0
	num profile task events dropped: 0


[2025-02-16 16:21:36,562 I 2255 2255] event.cc:491: Ray Event initialized for CORE_WORKER
[2025-02-16 16:21:36,562 I 2255 2255] event.cc:491: Ray Event initialized for EXPORT_TASK
[2025-02-16 16:21:36,562 I 2255 2255] event.cc:322: Set ray event level to warning
[2025-02-16 16:21:36,562 I 2255 2291] accessor.cc:762: Received notification for node, IsAlive = 1 node_id=e2a8235b1a5d9a56d69221182f2a84dad1790ce590062e454e5fef5d
[2025-02-16 16:21:36,562 I 2255 2291] core_worker.cc:4754: Number of alive nodes:1
[2025-02-16 16:21:36,565 I 2255 2255] actor_task_submitter.cc:73: Set actor max pending calls to -1 actor_id=33a00d9e10ff2a13284dea5301000000
[2025-02-16 16:21:36,565 I 2255 2255] core_worker.cc:3017: Creating actor actor_id=33a00d9e10ff2a13284dea5301000000
[2025-02-16 16:21:40,573 I 2255 2255] task_receiver.cc:196: Actor creation task finished, task_id: ffffffffffffffff33a00d9e10ff2a13284dea5301000000, actor_id: 33a00d9e10ff2a13284dea5301000000, actor_repr_name: _train_tune
[2025-02-16 16:21:46,567 W 2255 2286] metric_exporter.cc:105: [1] Export metrics to agent failed: RpcError: RPC Error message: failed to connect to all addresses; last error: UNKNOWN: ipv4:127.0.0.1:62634: Failed to connect to remote host: Connection refused; RPC Error details: . This won't affect Ray, but you can lose metrics from the cluster.
[2025-02-16 16:21:48,645 I 2255 2291] core_worker.cc:4177: Force kill actor request has received. exiting immediately... The actor is dead because all references to the actor were removed.
[2025-02-16 16:21:48,645 W 2255 2291] core_worker.cc:958: Force exit the process.  Details: Worker exits because the actor is killed. The actor is dead because all references to the actor were removed.
[2025-02-16 16:21:48,646 I 2255 2291] core_worker.cc:855: Try killing all child processes of this worker as it exits. Child process pids: 
[2025-02-16 16:21:48,646 I 2255 2291] core_worker.cc:814: Disconnecting to the raylet.
[2025-02-16 16:21:48,646 I 2255 2291] raylet_client.cc:162: RayletClient::Disconnect, exit_type=INTENDED_SYSTEM_EXIT, exit_detail=Worker exits because the actor is killed. The actor is dead because all references to the actor were removed., has creation_task_exception_pb_bytes=0
[2025-02-16 16:21:48,646 W 2255 2291] raylet_client.cc:187: IOError: Broken pipe [RayletClient] Failed to disconnect from raylet. This means the raylet the worker is connected is probably already dead.
