[2025-02-16 16:20:35,314 I 2036 2036] core_worker_process.cc:107: Constructing CoreWorkerProcess. pid: 2036
[2025-02-16 16:20:35,315 I 2036 2036] io_service_pool.cc:35: IOServicePool is running with 1 io_service.
[2025-02-16 16:20:35,317 I 2036 2036] grpc_server.cc:134: worker server started, listening on port 45769.
[2025-02-16 16:20:35,318 I 2036 2036] core_worker.cc:275: Initializing worker at address: 172.19.0.2:45769 worker_id=60a4e3823f35b47730379d16ca8394f32683dd7e9400307ba82e091a node_id=e2a8235b1a5d9a56d69221182f2a84dad1790ce590062e454e5fef5d
[2025-02-16 16:20:35,319 I 2036 2036] task_event_buffer.cc:257: Reporting task events to GCS every 1000ms.
[2025-02-16 16:20:35,320 I 2036 2036] core_worker.cc:703: Adjusted worker niceness to 15
[2025-02-16 16:20:35,320 I 2036 2072] core_worker.cc:642: Event stats:


Global stats: 11 total (5 active)
Queueing time: mean = 14.416 us, max = 73.719 us, min = 23.053 us, total = 158.580 us
Execution time:  mean = 123.478 us, total = 1.358 ms
Event stats:
	PeriodicalRunner.RunFnPeriodically - 3 total (1 active, 1 running), Execution time: mean = 5.970 us, total = 17.910 us, Queueing time: mean = 33.562 us, max = 73.719 us, min = 26.968 us, total = 100.687 us
	ray::rpc::InternalPubSubGcsService.grpc_client.GcsSubscriberCommandBatch - 1 total (0 active), Execution time: mean = 501.132 us, total = 501.132 us, Queueing time: mean = 0.000 s, max = -0.000 s, min = 9223372036.855 s, total = 0.000 s
	CoreWorker.ExitIfParentRayletDies - 1 total (1 active), Execution time: mean = 0.000 s, total = 0.000 s, Queueing time: mean = 0.000 s, max = -0.000 s, min = 9223372036.855 s, total = 0.000 s
	ray::rpc::InternalPubSubGcsService.grpc_client.GcsSubscriberPoll - 1 total (1 active), Execution time: mean = 0.000 s, total = 0.000 s, Queueing time: mean = 0.000 s, max = -0.000 s, min = 9223372036.855 s, total = 0.000 s
	ray::rpc::InternalPubSubGcsService.grpc_client.GcsSubscriberCommandBatch.OnReplyReceived - 1 total (0 active), Execution time: mean = 107.348 us, total = 107.348 us, Queueing time: mean = 23.053 us, max = 23.053 us, min = 23.053 us, total = 23.053 us
	ray::rpc::WorkerInfoGcsService.grpc_client.AddWorkerInfo - 1 total (0 active), Execution time: mean = 706.497 us, total = 706.497 us, Queueing time: mean = 0.000 s, max = -0.000 s, min = 9223372036.855 s, total = 0.000 s
	ray::rpc::WorkerInfoGcsService.grpc_client.AddWorkerInfo.OnReplyReceived - 1 total (0 active), Execution time: mean = 25.367 us, total = 25.367 us, Queueing time: mean = 34.840 us, max = 34.840 us, min = 34.840 us, total = 34.840 us
	Publisher.CheckDeadSubscribers - 1 total (1 active), Execution time: mean = 0.000 s, total = 0.000 s, Queueing time: mean = 0.000 s, max = -0.000 s, min = 9223372036.855 s, total = 0.000 s
	ray::rpc::NodeInfoGcsService.grpc_client.GetAllNodeInfo - 1 total (1 active), Execution time: mean = 0.000 s, total = 0.000 s, Queueing time: mean = 0.000 s, max = -0.000 s, min = 9223372036.855 s, total = 0.000 s

-----------------
Task Event stats:

IO Service Stats:

Global stats: 4 total (1 active)
Queueing time: mean = 12.095 us, max = 25.276 us, min = 23.106 us, total = 48.382 us
Execution time:  mean = 149.911 us, total = 599.643 us
Event stats:
	ray::rpc::TaskInfoGcsService.grpc_client.AddTaskEventData - 1 total (0 active), Execution time: mean = 423.062 us, total = 423.062 us, Queueing time: mean = 0.000 s, max = -0.000 s, min = 9223372036.855 s, total = 0.000 s
	CoreWorker.deadline_timer.flush_task_events - 1 total (1 active), Execution time: mean = 0.000 s, total = 0.000 s, Queueing time: mean = 0.000 s, max = -0.000 s, min = 9223372036.855 s, total = 0.000 s
	PeriodicalRunner.RunFnPeriodically - 1 total (0 active), Execution time: mean = 148.986 us, total = 148.986 us, Queueing time: mean = 23.106 us, max = 23.106 us, min = 23.106 us, total = 23.106 us
	ray::rpc::TaskInfoGcsService.grpc_client.AddTaskEventData.OnReplyReceived - 1 total (0 active), Execution time: mean = 27.595 us, total = 27.595 us, Queueing time: mean = 25.276 us, max = 25.276 us, min = 25.276 us, total = 25.276 us
Other Stats:
	grpc_in_progress:0
	current number of task status events in buffer: 0
	current number of profile events in buffer: 0
	current number of dropped task attempts tracked: 0
	total task events sent: 0 MiB
	total number of task attempts sent: 0
	total number of task attempts dropped reported: 0
	total number of sent failure: 0
	num status task events dropped: 0
	num profile task events dropped: 0


[2025-02-16 16:20:35,320 I 2036 2036] event.cc:491: Ray Event initialized for CORE_WORKER
[2025-02-16 16:20:35,320 I 2036 2036] event.cc:491: Ray Event initialized for EXPORT_TASK
[2025-02-16 16:20:35,320 I 2036 2036] event.cc:322: Set ray event level to warning
[2025-02-16 16:20:35,320 I 2036 2072] accessor.cc:762: Received notification for node, IsAlive = 1 node_id=e2a8235b1a5d9a56d69221182f2a84dad1790ce590062e454e5fef5d
[2025-02-16 16:20:35,320 I 2036 2072] core_worker.cc:4754: Number of alive nodes:1
[2025-02-16 16:20:35,322 I 2036 2036] actor_task_submitter.cc:73: Set actor max pending calls to -1 actor_id=871f94566925e5137bf861e001000000
[2025-02-16 16:20:35,322 I 2036 2036] core_worker.cc:3017: Creating actor actor_id=871f94566925e5137bf861e001000000
[2025-02-16 16:20:39,317 I 2036 2036] task_receiver.cc:196: Actor creation task finished, task_id: ffffffffffffffff871f94566925e5137bf861e001000000, actor_id: 871f94566925e5137bf861e001000000, actor_repr_name: _train_tune
[2025-02-16 16:20:45,327 W 2036 2067] metric_exporter.cc:105: [1] Export metrics to agent failed: RpcError: RPC Error message: failed to connect to all addresses; last error: UNKNOWN: ipv4:127.0.0.1:62634: Failed to connect to remote host: Connection refused; RPC Error details: . This won't affect Ray, but you can lose metrics from the cluster.
[2025-02-16 16:20:54,746 I 2036 2072] core_worker.cc:4177: Force kill actor request has received. exiting immediately... The actor is dead because all references to the actor were removed.
[2025-02-16 16:20:54,746 W 2036 2072] core_worker.cc:958: Force exit the process.  Details: Worker exits because the actor is killed. The actor is dead because all references to the actor were removed.
[2025-02-16 16:20:54,747 I 2036 2072] core_worker.cc:855: Try killing all child processes of this worker as it exits. Child process pids: 
[2025-02-16 16:20:54,747 I 2036 2072] core_worker.cc:814: Disconnecting to the raylet.
[2025-02-16 16:20:54,748 I 2036 2072] raylet_client.cc:162: RayletClient::Disconnect, exit_type=INTENDED_SYSTEM_EXIT, exit_detail=Worker exits because the actor is killed. The actor is dead because all references to the actor were removed., has creation_task_exception_pb_bytes=0
[2025-02-16 16:20:54,748 W 2036 2072] raylet_client.cc:187: IOError: Broken pipe [RayletClient] Failed to disconnect from raylet. This means the raylet the worker is connected is probably already dead.
