[2025-02-16 16:18:38,619 I 1779 1779] core_worker_process.cc:107: Constructing CoreWorkerProcess. pid: 1779
[2025-02-16 16:18:38,620 I 1779 1779] io_service_pool.cc:35: IOServicePool is running with 1 io_service.
[2025-02-16 16:18:38,622 I 1779 1779] grpc_server.cc:134: worker server started, listening on port 44327.
[2025-02-16 16:18:38,622 I 1779 1779] core_worker.cc:275: Initializing worker at address: 172.19.0.2:44327 worker_id=a1ef69ba7f0390e935e48cc6dd606647be0ddd9130a79602808a2792 node_id=e2a8235b1a5d9a56d69221182f2a84dad1790ce590062e454e5fef5d
[2025-02-16 16:18:38,623 I 1779 1779] task_event_buffer.cc:257: Reporting task events to GCS every 1000ms.
[2025-02-16 16:18:38,624 I 1779 1779] core_worker.cc:703: Adjusted worker niceness to 15
[2025-02-16 16:18:38,624 I 1779 1818] core_worker.cc:642: Event stats:


Global stats: 15 total (9 active)
Queueing time: mean = 9.066 us, max = 52.714 us, min = 18.256 us, total = 135.991 us
Execution time:  mean = 69.094 us, total = 1.036 ms
Event stats:
	PeriodicalRunner.RunFnPeriodically - 7 total (5 active, 1 running), Execution time: mean = 1.782 us, total = 12.474 us, Queueing time: mean = 11.249 us, max = 52.714 us, min = 26.026 us, total = 78.740 us
	Publisher.CheckDeadSubscribers - 1 total (1 active), Execution time: mean = 0.000 s, total = 0.000 s, Queueing time: mean = 0.000 s, max = -0.000 s, min = 9223372036.855 s, total = 0.000 s
	CoreWorker.ExitIfParentRayletDies - 1 total (1 active), Execution time: mean = 0.000 s, total = 0.000 s, Queueing time: mean = 0.000 s, max = -0.000 s, min = 9223372036.855 s, total = 0.000 s
	ray::rpc::InternalPubSubGcsService.grpc_client.GcsSubscriberCommandBatch - 1 total (0 active), Execution time: mean = 449.576 us, total = 449.576 us, Queueing time: mean = 0.000 s, max = -0.000 s, min = 9223372036.855 s, total = 0.000 s
	ray::rpc::InternalPubSubGcsService.grpc_client.GcsSubscriberPoll - 1 total (1 active), Execution time: mean = 0.000 s, total = 0.000 s, Queueing time: mean = 0.000 s, max = -0.000 s, min = 9223372036.855 s, total = 0.000 s
	ray::rpc::InternalPubSubGcsService.grpc_client.GcsSubscriberCommandBatch.OnReplyReceived - 1 total (0 active), Execution time: mean = 79.602 us, total = 79.602 us, Queueing time: mean = 18.256 us, max = 18.256 us, min = 18.256 us, total = 18.256 us
	ray::rpc::NodeInfoGcsService.grpc_client.GetAllNodeInfo - 1 total (1 active), Execution time: mean = 0.000 s, total = 0.000 s, Queueing time: mean = 0.000 s, max = -0.000 s, min = 9223372036.855 s, total = 0.000 s
	ray::rpc::WorkerInfoGcsService.grpc_client.AddWorkerInfo - 1 total (0 active), Execution time: mean = 482.316 us, total = 482.316 us, Queueing time: mean = 0.000 s, max = -0.000 s, min = 9223372036.855 s, total = 0.000 s
	ray::rpc::WorkerInfoGcsService.grpc_client.AddWorkerInfo.OnReplyReceived - 1 total (0 active), Execution time: mean = 12.443 us, total = 12.443 us, Queueing time: mean = 38.995 us, max = 38.995 us, min = 38.995 us, total = 38.995 us

-----------------
Task Event stats:

IO Service Stats:

Global stats: 4 total (1 active)
Queueing time: mean = 11.248 us, max = 23.196 us, min = 21.794 us, total = 44.990 us
Execution time:  mean = 125.112 us, total = 500.447 us
Event stats:
	ray::rpc::TaskInfoGcsService.grpc_client.AddTaskEventData.OnReplyReceived - 1 total (0 active), Execution time: mean = 14.071 us, total = 14.071 us, Queueing time: mean = 23.196 us, max = 23.196 us, min = 23.196 us, total = 23.196 us
	PeriodicalRunner.RunFnPeriodically - 1 total (0 active), Execution time: mean = 129.682 us, total = 129.682 us, Queueing time: mean = 21.794 us, max = 21.794 us, min = 21.794 us, total = 21.794 us
	CoreWorker.deadline_timer.flush_task_events - 1 total (1 active), Execution time: mean = 0.000 s, total = 0.000 s, Queueing time: mean = 0.000 s, max = -0.000 s, min = 9223372036.855 s, total = 0.000 s
	ray::rpc::TaskInfoGcsService.grpc_client.AddTaskEventData - 1 total (0 active), Execution time: mean = 356.694 us, total = 356.694 us, Queueing time: mean = 0.000 s, max = -0.000 s, min = 9223372036.855 s, total = 0.000 s
Other Stats:
	grpc_in_progress:0
	current number of task status events in buffer: 0
	current number of profile events in buffer: 0
	current number of dropped task attempts tracked: 0
	total task events sent: 0 MiB
	total number of task attempts sent: 0
	total number of task attempts dropped reported: 0
	total number of sent failure: 0
	num status task events dropped: 0
	num profile task events dropped: 0


[2025-02-16 16:18:38,624 I 1779 1779] event.cc:491: Ray Event initialized for CORE_WORKER
[2025-02-16 16:18:38,624 I 1779 1779] event.cc:491: Ray Event initialized for EXPORT_TASK
[2025-02-16 16:18:38,624 I 1779 1779] event.cc:322: Set ray event level to warning
[2025-02-16 16:18:38,624 I 1779 1818] accessor.cc:762: Received notification for node, IsAlive = 1 node_id=e2a8235b1a5d9a56d69221182f2a84dad1790ce590062e454e5fef5d
[2025-02-16 16:18:38,624 I 1779 1818] core_worker.cc:4754: Number of alive nodes:1
[2025-02-16 16:18:38,625 I 1779 1779] actor_task_submitter.cc:73: Set actor max pending calls to -1 actor_id=bb4c8ef1cabe08eb8566006701000000
[2025-02-16 16:18:38,625 I 1779 1779] core_worker.cc:3017: Creating actor actor_id=bb4c8ef1cabe08eb8566006701000000
[2025-02-16 16:18:41,899 I 1779 1779] task_receiver.cc:196: Actor creation task finished, task_id: ffffffffffffffffbb4c8ef1cabe08eb8566006701000000, actor_id: bb4c8ef1cabe08eb8566006701000000, actor_repr_name: _train_tune
[2025-02-16 16:18:48,631 W 1779 1813] metric_exporter.cc:105: [1] Export metrics to agent failed: RpcError: RPC Error message: failed to connect to all addresses; last error: UNKNOWN: ipv4:127.0.0.1:62634: Failed to connect to remote host: Connection refused; RPC Error details: . This won't affect Ray, but you can lose metrics from the cluster.
[2025-02-16 16:19:13,188 I 1779 1818] core_worker.cc:4177: Force kill actor request has received. exiting immediately... The actor is dead because all references to the actor were removed.
[2025-02-16 16:19:13,188 W 1779 1818] core_worker.cc:958: Force exit the process.  Details: Worker exits because the actor is killed. The actor is dead because all references to the actor were removed.
[2025-02-16 16:19:13,188 I 1779 1818] core_worker.cc:855: Try killing all child processes of this worker as it exits. Child process pids: 
[2025-02-16 16:19:13,189 I 1779 1818] core_worker.cc:814: Disconnecting to the raylet.
[2025-02-16 16:19:13,189 I 1779 1818] raylet_client.cc:162: RayletClient::Disconnect, exit_type=INTENDED_SYSTEM_EXIT, exit_detail=Worker exits because the actor is killed. The actor is dead because all references to the actor were removed., has creation_task_exception_pb_bytes=0
[2025-02-16 16:19:13,189 W 1779 1818] raylet_client.cc:187: IOError: Broken pipe [RayletClient] Failed to disconnect from raylet. This means the raylet the worker is connected is probably already dead.
