[2025-02-16 16:28:41,188 I 3291 3291] core_worker_process.cc:107: Constructing CoreWorkerProcess. pid: 3291
[2025-02-16 16:28:41,189 I 3291 3291] io_service_pool.cc:35: IOServicePool is running with 1 io_service.
[2025-02-16 16:28:41,193 I 3291 3291] grpc_server.cc:134: worker server started, listening on port 35771.
[2025-02-16 16:28:41,194 I 3291 3291] core_worker.cc:275: Initializing worker at address: 172.19.0.2:35771 worker_id=7ce3b86551ac5209fab90437984ec45f0e404c39e48af07069aa53d1 node_id=e2a8235b1a5d9a56d69221182f2a84dad1790ce590062e454e5fef5d
[2025-02-16 16:28:41,195 I 3291 3291] task_event_buffer.cc:257: Reporting task events to GCS every 1000ms.
[2025-02-16 16:28:41,196 I 3291 3291] core_worker.cc:703: Adjusted worker niceness to 15
[2025-02-16 16:28:41,196 I 3291 3327] core_worker.cc:642: Event stats:


Global stats: 15 total (9 active)
Queueing time: mean = 9.624 us, max = 61.172 us, min = 24.719 us, total = 144.361 us
Execution time:  mean = 98.807 us, total = 1.482 ms
Event stats:
	PeriodicalRunner.RunFnPeriodically - 7 total (5 active, 1 running), Execution time: mean = 2.419 us, total = 16.936 us, Queueing time: mean = 12.315 us, max = 61.172 us, min = 25.030 us, total = 86.202 us
	ray::rpc::InternalPubSubGcsService.grpc_client.GcsSubscriberPoll - 1 total (1 active), Execution time: mean = 0.000 s, total = 0.000 s, Queueing time: mean = 0.000 s, max = -0.000 s, min = 9223372036.855 s, total = 0.000 s
	ray::rpc::WorkerInfoGcsService.grpc_client.AddWorkerInfo - 1 total (0 active), Execution time: mean = 704.327 us, total = 704.327 us, Queueing time: mean = 0.000 s, max = -0.000 s, min = 9223372036.855 s, total = 0.000 s
	ray::rpc::NodeInfoGcsService.grpc_client.GetAllNodeInfo - 1 total (1 active), Execution time: mean = 0.000 s, total = 0.000 s, Queueing time: mean = 0.000 s, max = -0.000 s, min = 9223372036.855 s, total = 0.000 s
	ray::rpc::WorkerInfoGcsService.grpc_client.AddWorkerInfo.OnReplyReceived - 1 total (0 active), Execution time: mean = 33.420 us, total = 33.420 us, Queueing time: mean = 33.440 us, max = 33.440 us, min = 33.440 us, total = 33.440 us
	ray::rpc::InternalPubSubGcsService.grpc_client.GcsSubscriberCommandBatch.OnReplyReceived - 1 total (0 active), Execution time: mean = 118.947 us, total = 118.947 us, Queueing time: mean = 24.719 us, max = 24.719 us, min = 24.719 us, total = 24.719 us
	CoreWorker.ExitIfParentRayletDies - 1 total (1 active), Execution time: mean = 0.000 s, total = 0.000 s, Queueing time: mean = 0.000 s, max = -0.000 s, min = 9223372036.855 s, total = 0.000 s
	ray::rpc::InternalPubSubGcsService.grpc_client.GcsSubscriberCommandBatch - 1 total (0 active), Execution time: mean = 608.478 us, total = 608.478 us, Queueing time: mean = 0.000 s, max = -0.000 s, min = 9223372036.855 s, total = 0.000 s
	Publisher.CheckDeadSubscribers - 1 total (1 active), Execution time: mean = 0.000 s, total = 0.000 s, Queueing time: mean = 0.000 s, max = -0.000 s, min = 9223372036.855 s, total = 0.000 s

-----------------
Task Event stats:

IO Service Stats:

Global stats: 4 total (1 active)
Queueing time: mean = 12.638 us, max = 26.484 us, min = 24.069 us, total = 50.553 us
Execution time:  mean = 153.490 us, total = 613.961 us
Event stats:
	ray::rpc::TaskInfoGcsService.grpc_client.AddTaskEventData - 1 total (0 active), Execution time: mean = 446.730 us, total = 446.730 us, Queueing time: mean = 0.000 s, max = -0.000 s, min = 9223372036.855 s, total = 0.000 s
	ray::rpc::TaskInfoGcsService.grpc_client.AddTaskEventData.OnReplyReceived - 1 total (0 active), Execution time: mean = 20.228 us, total = 20.228 us, Queueing time: mean = 26.484 us, max = 26.484 us, min = 26.484 us, total = 26.484 us
	PeriodicalRunner.RunFnPeriodically - 1 total (0 active), Execution time: mean = 147.003 us, total = 147.003 us, Queueing time: mean = 24.069 us, max = 24.069 us, min = 24.069 us, total = 24.069 us
	CoreWorker.deadline_timer.flush_task_events - 1 total (1 active), Execution time: mean = 0.000 s, total = 0.000 s, Queueing time: mean = 0.000 s, max = -0.000 s, min = 9223372036.855 s, total = 0.000 s
Other Stats:
	grpc_in_progress:0
	current number of task status events in buffer: 0
	current number of profile events in buffer: 0
	current number of dropped task attempts tracked: 0
	total task events sent: 0 MiB
	total number of task attempts sent: 0
	total number of task attempts dropped reported: 0
	total number of sent failure: 0
	num status task events dropped: 0
	num profile task events dropped: 0


[2025-02-16 16:28:41,196 I 3291 3291] event.cc:491: Ray Event initialized for CORE_WORKER
[2025-02-16 16:28:41,196 I 3291 3291] event.cc:491: Ray Event initialized for EXPORT_TASK
[2025-02-16 16:28:41,196 I 3291 3291] event.cc:322: Set ray event level to warning
[2025-02-16 16:28:41,196 I 3291 3327] accessor.cc:762: Received notification for node, IsAlive = 1 node_id=e2a8235b1a5d9a56d69221182f2a84dad1790ce590062e454e5fef5d
[2025-02-16 16:28:41,196 I 3291 3327] core_worker.cc:4754: Number of alive nodes:1
[2025-02-16 16:28:41,198 I 3291 3291] actor_task_submitter.cc:73: Set actor max pending calls to -1 actor_id=18e94c17442ae5510315038801000000
[2025-02-16 16:28:41,198 I 3291 3291] core_worker.cc:3017: Creating actor actor_id=18e94c17442ae5510315038801000000
[2025-02-16 16:28:45,262 I 3291 3291] task_receiver.cc:196: Actor creation task finished, task_id: ffffffffffffffff18e94c17442ae5510315038801000000, actor_id: 18e94c17442ae5510315038801000000, actor_repr_name: _train_tune
[2025-02-16 16:28:51,199 W 3291 3322] metric_exporter.cc:105: [1] Export metrics to agent failed: RpcError: RPC Error message: failed to connect to all addresses; last error: UNKNOWN: ipv4:127.0.0.1:62634: Failed to connect to remote host: Connection refused; RPC Error details: . This won't affect Ray, but you can lose metrics from the cluster.
[2025-02-16 16:29:02,490 I 3291 3327] core_worker.cc:4177: Force kill actor request has received. exiting immediately... The actor is dead because all references to the actor were removed.
[2025-02-16 16:29:02,490 W 3291 3327] core_worker.cc:958: Force exit the process.  Details: Worker exits because the actor is killed. The actor is dead because all references to the actor were removed.
[2025-02-16 16:29:02,490 I 3291 3327] core_worker.cc:855: Try killing all child processes of this worker as it exits. Child process pids: 
[2025-02-16 16:29:02,491 I 3291 3327] core_worker.cc:814: Disconnecting to the raylet.
[2025-02-16 16:29:02,491 I 3291 3327] raylet_client.cc:162: RayletClient::Disconnect, exit_type=INTENDED_SYSTEM_EXIT, exit_detail=Worker exits because the actor is killed. The actor is dead because all references to the actor were removed., has creation_task_exception_pb_bytes=0
[2025-02-16 16:29:02,491 W 3291 3327] raylet_client.cc:187: IOError: Broken pipe [RayletClient] Failed to disconnect from raylet. This means the raylet the worker is connected is probably already dead.
