[2025-02-16 16:20:05,268 I 1962 1962] core_worker_process.cc:107: Constructing CoreWorkerProcess. pid: 1962
[2025-02-16 16:20:05,269 I 1962 1962] io_service_pool.cc:35: IOServicePool is running with 1 io_service.
[2025-02-16 16:20:05,271 I 1962 1962] grpc_server.cc:134: worker server started, listening on port 40315.
[2025-02-16 16:20:05,272 I 1962 1962] core_worker.cc:275: Initializing worker at address: 172.19.0.2:40315 worker_id=a24b94cc9cc3bdb1ae56b109a63076487f77e737e8e49eae03188c66 node_id=e2a8235b1a5d9a56d69221182f2a84dad1790ce590062e454e5fef5d
[2025-02-16 16:20:05,273 I 1962 1962] task_event_buffer.cc:257: Reporting task events to GCS every 1000ms.
[2025-02-16 16:20:05,274 I 1962 1962] core_worker.cc:703: Adjusted worker niceness to 15
[2025-02-16 16:20:05,274 I 1962 1998] core_worker.cc:642: Event stats:


Global stats: 15 total (9 active)
Queueing time: mean = 8.212 us, max = 55.301 us, min = 21.696 us, total = 123.179 us
Execution time:  mean = 78.196 us, total = 1.173 ms
Event stats:
	PeriodicalRunner.RunFnPeriodically - 7 total (5 active, 1 running), Execution time: mean = 2.307 us, total = 16.149 us, Queueing time: mean = 11.000 us, max = 55.301 us, min = 21.696 us, total = 76.997 us
	ray::rpc::InternalPubSubGcsService.grpc_client.GcsSubscriberPoll - 1 total (1 active), Execution time: mean = 0.000 s, total = 0.000 s, Queueing time: mean = 0.000 s, max = -0.000 s, min = 9223372036.855 s, total = 0.000 s
	Publisher.CheckDeadSubscribers - 1 total (1 active), Execution time: mean = 0.000 s, total = 0.000 s, Queueing time: mean = 0.000 s, max = -0.000 s, min = 9223372036.855 s, total = 0.000 s
	ray::rpc::WorkerInfoGcsService.grpc_client.AddWorkerInfo - 1 total (0 active), Execution time: mean = 550.394 us, total = 550.394 us, Queueing time: mean = 0.000 s, max = -0.000 s, min = 9223372036.855 s, total = 0.000 s
	ray::rpc::InternalPubSubGcsService.grpc_client.GcsSubscriberCommandBatch - 1 total (0 active), Execution time: mean = 472.628 us, total = 472.628 us, Queueing time: mean = 0.000 s, max = -0.000 s, min = 9223372036.855 s, total = 0.000 s
	CoreWorker.ExitIfParentRayletDies - 1 total (1 active), Execution time: mean = 0.000 s, total = 0.000 s, Queueing time: mean = 0.000 s, max = -0.000 s, min = 9223372036.855 s, total = 0.000 s
	ray::rpc::NodeInfoGcsService.grpc_client.GetAllNodeInfo - 1 total (1 active), Execution time: mean = 0.000 s, total = 0.000 s, Queueing time: mean = 0.000 s, max = -0.000 s, min = 9223372036.855 s, total = 0.000 s
	ray::rpc::InternalPubSubGcsService.grpc_client.GcsSubscriberCommandBatch.OnReplyReceived - 1 total (0 active), Execution time: mean = 114.309 us, total = 114.309 us, Queueing time: mean = 22.295 us, max = 22.295 us, min = 22.295 us, total = 22.295 us
	ray::rpc::WorkerInfoGcsService.grpc_client.AddWorkerInfo.OnReplyReceived - 1 total (0 active), Execution time: mean = 19.453 us, total = 19.453 us, Queueing time: mean = 23.887 us, max = 23.887 us, min = 23.887 us, total = 23.887 us

-----------------
Task Event stats:

IO Service Stats:

Global stats: 4 total (1 active)
Queueing time: mean = 11.159 us, max = 24.992 us, min = 19.643 us, total = 44.635 us
Execution time:  mean = 144.348 us, total = 577.393 us
Event stats:
	ray::rpc::TaskInfoGcsService.grpc_client.AddTaskEventData - 1 total (0 active), Execution time: mean = 427.734 us, total = 427.734 us, Queueing time: mean = 0.000 s, max = -0.000 s, min = 9223372036.855 s, total = 0.000 s
	PeriodicalRunner.RunFnPeriodically - 1 total (0 active), Execution time: mean = 134.274 us, total = 134.274 us, Queueing time: mean = 19.643 us, max = 19.643 us, min = 19.643 us, total = 19.643 us
	ray::rpc::TaskInfoGcsService.grpc_client.AddTaskEventData.OnReplyReceived - 1 total (0 active), Execution time: mean = 15.385 us, total = 15.385 us, Queueing time: mean = 24.992 us, max = 24.992 us, min = 24.992 us, total = 24.992 us
	CoreWorker.deadline_timer.flush_task_events - 1 total (1 active), Execution time: mean = 0.000 s, total = 0.000 s, Queueing time: mean = 0.000 s, max = -0.000 s, min = 9223372036.855 s, total = 0.000 s
Other Stats:
	grpc_in_progress:0
	current number of task status events in buffer: 0
	current number of profile events in buffer: 0
	current number of dropped task attempts tracked: 0
	total task events sent: 0 MiB
	total number of task attempts sent: 0
	total number of task attempts dropped reported: 0
	total number of sent failure: 0
	num status task events dropped: 0
	num profile task events dropped: 0


[2025-02-16 16:20:05,274 I 1962 1962] event.cc:491: Ray Event initialized for CORE_WORKER
[2025-02-16 16:20:05,274 I 1962 1962] event.cc:491: Ray Event initialized for EXPORT_TASK
[2025-02-16 16:20:05,274 I 1962 1962] event.cc:322: Set ray event level to warning
[2025-02-16 16:20:05,274 I 1962 1998] accessor.cc:762: Received notification for node, IsAlive = 1 node_id=e2a8235b1a5d9a56d69221182f2a84dad1790ce590062e454e5fef5d
[2025-02-16 16:20:05,274 I 1962 1998] core_worker.cc:4754: Number of alive nodes:1
[2025-02-16 16:20:05,276 I 1962 1962] actor_task_submitter.cc:73: Set actor max pending calls to -1 actor_id=3f520880047ca327d98cb33301000000
[2025-02-16 16:20:05,276 I 1962 1962] core_worker.cc:3017: Creating actor actor_id=3f520880047ca327d98cb33301000000
[2025-02-16 16:20:09,169 I 1962 1962] task_receiver.cc:196: Actor creation task finished, task_id: ffffffffffffffff3f520880047ca327d98cb33301000000, actor_id: 3f520880047ca327d98cb33301000000, actor_repr_name: _train_tune
[2025-02-16 16:20:15,311 W 1962 1993] metric_exporter.cc:105: [1] Export metrics to agent failed: RpcError: RPC Error message: failed to connect to all addresses; last error: UNKNOWN: ipv4:127.0.0.1:62634: Failed to connect to remote host: Connection refused; RPC Error details: . This won't affect Ray, but you can lose metrics from the cluster.
[2025-02-16 16:20:34,450 I 1962 1998] core_worker.cc:4177: Force kill actor request has received. exiting immediately... The actor is dead because all references to the actor were removed.
[2025-02-16 16:20:34,450 W 1962 1998] core_worker.cc:958: Force exit the process.  Details: Worker exits because the actor is killed. The actor is dead because all references to the actor were removed.
[2025-02-16 16:20:34,450 I 1962 1998] core_worker.cc:855: Try killing all child processes of this worker as it exits. Child process pids: 
[2025-02-16 16:20:34,451 I 1962 1998] core_worker.cc:814: Disconnecting to the raylet.
[2025-02-16 16:20:34,451 I 1962 1998] raylet_client.cc:162: RayletClient::Disconnect, exit_type=INTENDED_SYSTEM_EXIT, exit_detail=Worker exits because the actor is killed. The actor is dead because all references to the actor were removed., has creation_task_exception_pb_bytes=0
[2025-02-16 16:20:34,451 W 1962 1998] raylet_client.cc:187: IOError: Broken pipe [RayletClient] Failed to disconnect from raylet. This means the raylet the worker is connected is probably already dead.
