[2025-02-16 16:21:50,416 I 2328 2328] core_worker_process.cc:107: Constructing CoreWorkerProcess. pid: 2328
[2025-02-16 16:21:50,418 I 2328 2328] io_service_pool.cc:35: IOServicePool is running with 1 io_service.
[2025-02-16 16:21:50,422 I 2328 2328] grpc_server.cc:134: worker server started, listening on port 35983.
[2025-02-16 16:21:50,423 I 2328 2328] core_worker.cc:275: Initializing worker at address: 172.19.0.2:35983 worker_id=7ac22435c7d65da2ba7804a7edcc511122678ca56c7aafe23a6f9f10 node_id=e2a8235b1a5d9a56d69221182f2a84dad1790ce590062e454e5fef5d
[2025-02-16 16:21:50,423 I 2328 2328] task_event_buffer.cc:257: Reporting task events to GCS every 1000ms.
[2025-02-16 16:21:50,424 I 2328 2328] core_worker.cc:703: Adjusted worker niceness to 15
[2025-02-16 16:21:50,425 I 2328 2364] core_worker.cc:642: Event stats:


Global stats: 14 total (8 active)
Queueing time: mean = 14.425 us, max = 77.295 us, min = 35.740 us, total = 201.954 us
Execution time:  mean = 123.910 us, total = 1.735 ms
Event stats:
	PeriodicalRunner.RunFnPeriodically - 6 total (4 active, 1 running), Execution time: mean = 3.160 us, total = 18.963 us, Queueing time: mean = 14.720 us, max = 52.580 us, min = 35.740 us, total = 88.320 us
	ray::rpc::WorkerInfoGcsService.grpc_client.AddWorkerInfo.OnReplyReceived - 1 total (0 active), Execution time: mean = 30.700 us, total = 30.700 us, Queueing time: mean = 36.339 us, max = 36.339 us, min = 36.339 us, total = 36.339 us
	ray::rpc::WorkerInfoGcsService.grpc_client.AddWorkerInfo - 1 total (0 active), Execution time: mean = 894.395 us, total = 894.395 us, Queueing time: mean = 0.000 s, max = -0.000 s, min = 9223372036.855 s, total = 0.000 s
	Publisher.CheckDeadSubscribers - 1 total (1 active), Execution time: mean = 0.000 s, total = 0.000 s, Queueing time: mean = 0.000 s, max = -0.000 s, min = 9223372036.855 s, total = 0.000 s
	ray::rpc::InternalPubSubGcsService.grpc_client.GcsSubscriberCommandBatch.OnReplyReceived - 1 total (0 active), Execution time: mean = 163.917 us, total = 163.917 us, Queueing time: mean = 77.295 us, max = 77.295 us, min = 77.295 us, total = 77.295 us
	CoreWorker.ExitIfParentRayletDies - 1 total (1 active), Execution time: mean = 0.000 s, total = 0.000 s, Queueing time: mean = 0.000 s, max = -0.000 s, min = 9223372036.855 s, total = 0.000 s
	ray::rpc::InternalPubSubGcsService.grpc_client.GcsSubscriberCommandBatch - 1 total (0 active), Execution time: mean = 626.762 us, total = 626.762 us, Queueing time: mean = 0.000 s, max = -0.000 s, min = 9223372036.855 s, total = 0.000 s
	ray::rpc::InternalPubSubGcsService.grpc_client.GcsSubscriberPoll - 1 total (1 active), Execution time: mean = 0.000 s, total = 0.000 s, Queueing time: mean = 0.000 s, max = -0.000 s, min = 9223372036.855 s, total = 0.000 s
	ray::rpc::NodeInfoGcsService.grpc_client.GetAllNodeInfo - 1 total (1 active), Execution time: mean = 0.000 s, total = 0.000 s, Queueing time: mean = 0.000 s, max = -0.000 s, min = 9223372036.855 s, total = 0.000 s

-----------------
Task Event stats:

IO Service Stats:

Global stats: 4 total (1 active)
Queueing time: mean = 13.306 us, max = 32.983 us, min = 20.241 us, total = 53.224 us
Execution time:  mean = 223.363 us, total = 893.453 us
Event stats:
	CoreWorker.deadline_timer.flush_task_events - 1 total (1 active), Execution time: mean = 0.000 s, total = 0.000 s, Queueing time: mean = 0.000 s, max = -0.000 s, min = 9223372036.855 s, total = 0.000 s
	ray::rpc::TaskInfoGcsService.grpc_client.AddTaskEventData - 1 total (0 active), Execution time: mean = 742.836 us, total = 742.836 us, Queueing time: mean = 0.000 s, max = -0.000 s, min = 9223372036.855 s, total = 0.000 s
	PeriodicalRunner.RunFnPeriodically - 1 total (0 active), Execution time: mean = 127.912 us, total = 127.912 us, Queueing time: mean = 20.241 us, max = 20.241 us, min = 20.241 us, total = 20.241 us
	ray::rpc::TaskInfoGcsService.grpc_client.AddTaskEventData.OnReplyReceived - 1 total (0 active), Execution time: mean = 22.705 us, total = 22.705 us, Queueing time: mean = 32.983 us, max = 32.983 us, min = 32.983 us, total = 32.983 us
Other Stats:
	grpc_in_progress:0
	current number of task status events in buffer: 0
	current number of profile events in buffer: 0
	current number of dropped task attempts tracked: 0
	total task events sent: 0 MiB
	total number of task attempts sent: 0
	total number of task attempts dropped reported: 0
	total number of sent failure: 0
	num status task events dropped: 0
	num profile task events dropped: 0


[2025-02-16 16:21:50,425 I 2328 2328] event.cc:491: Ray Event initialized for CORE_WORKER
[2025-02-16 16:21:50,425 I 2328 2328] event.cc:491: Ray Event initialized for EXPORT_TASK
[2025-02-16 16:21:50,425 I 2328 2328] event.cc:322: Set ray event level to warning
[2025-02-16 16:21:50,425 I 2328 2364] accessor.cc:762: Received notification for node, IsAlive = 1 node_id=e2a8235b1a5d9a56d69221182f2a84dad1790ce590062e454e5fef5d
[2025-02-16 16:21:50,425 I 2328 2364] core_worker.cc:4754: Number of alive nodes:1
[2025-02-16 16:21:50,427 I 2328 2328] actor_task_submitter.cc:73: Set actor max pending calls to -1 actor_id=0b38a50fe3020c2af7c0e69d01000000
[2025-02-16 16:21:50,427 I 2328 2328] core_worker.cc:3017: Creating actor actor_id=0b38a50fe3020c2af7c0e69d01000000
[2025-02-16 16:21:54,293 I 2328 2328] task_receiver.cc:196: Actor creation task finished, task_id: ffffffffffffffff0b38a50fe3020c2af7c0e69d01000000, actor_id: 0b38a50fe3020c2af7c0e69d01000000, actor_repr_name: _train_tune
[2025-02-16 16:22:00,428 W 2328 2359] metric_exporter.cc:105: [1] Export metrics to agent failed: RpcError: RPC Error message: failed to connect to all addresses; last error: UNKNOWN: ipv4:127.0.0.1:62634: Failed to connect to remote host: Connection refused; RPC Error details: . This won't affect Ray, but you can lose metrics from the cluster.
[2025-02-16 16:22:33,132 I 2328 2364] core_worker.cc:4177: Force kill actor request has received. exiting immediately... The actor is dead because all references to the actor were removed.
[2025-02-16 16:22:33,132 W 2328 2364] core_worker.cc:958: Force exit the process.  Details: Worker exits because the actor is killed. The actor is dead because all references to the actor were removed.
[2025-02-16 16:22:33,132 I 2328 2364] core_worker.cc:855: Try killing all child processes of this worker as it exits. Child process pids: 
[2025-02-16 16:22:33,133 I 2328 2364] core_worker.cc:814: Disconnecting to the raylet.
[2025-02-16 16:22:33,133 I 2328 2364] raylet_client.cc:162: RayletClient::Disconnect, exit_type=INTENDED_SYSTEM_EXIT, exit_detail=Worker exits because the actor is killed. The actor is dead because all references to the actor were removed., has creation_task_exception_pb_bytes=0
[2025-02-16 16:22:33,133 W 2328 2364] raylet_client.cc:187: IOError: Broken pipe [RayletClient] Failed to disconnect from raylet. This means the raylet the worker is connected is probably already dead.
