[2025-02-16 16:27:21,004 I 3070 3070] core_worker_process.cc:107: Constructing CoreWorkerProcess. pid: 3070
[2025-02-16 16:27:21,005 I 3070 3070] io_service_pool.cc:35: IOServicePool is running with 1 io_service.
[2025-02-16 16:27:21,007 I 3070 3070] grpc_server.cc:134: worker server started, listening on port 34417.
[2025-02-16 16:27:21,008 I 3070 3070] core_worker.cc:275: Initializing worker at address: 172.19.0.2:34417 worker_id=15291b288a420f7b58432f36b12ef74409f5b4e29919b17bdfc43fa7 node_id=e2a8235b1a5d9a56d69221182f2a84dad1790ce590062e454e5fef5d
[2025-02-16 16:27:21,009 I 3070 3070] task_event_buffer.cc:257: Reporting task events to GCS every 1000ms.
[2025-02-16 16:27:21,010 I 3070 3070] core_worker.cc:703: Adjusted worker niceness to 15
[2025-02-16 16:27:21,010 I 3070 3106] core_worker.cc:642: Event stats:


Global stats: 14 total (8 active)
Queueing time: mean = 9.040 us, max = 57.149 us, min = 4.505 us, total = 126.559 us
Execution time:  mean = 82.762 us, total = 1.159 ms
Event stats:
	PeriodicalRunner.RunFnPeriodically - 6 total (4 active, 1 running), Execution time: mean = 2.600 us, total = 15.600 us, Queueing time: mean = 13.892 us, max = 57.149 us, min = 26.201 us, total = 83.350 us
	ray::rpc::InternalPubSubGcsService.grpc_client.GcsSubscriberCommandBatch.OnReplyReceived - 1 total (0 active), Execution time: mean = 117.070 us, total = 117.070 us, Queueing time: mean = 38.704 us, max = 38.704 us, min = 38.704 us, total = 38.704 us
	ray::rpc::WorkerInfoGcsService.grpc_client.AddWorkerInfo - 1 total (0 active), Execution time: mean = 513.137 us, total = 513.137 us, Queueing time: mean = 0.000 s, max = -0.000 s, min = 9223372036.855 s, total = 0.000 s
	Publisher.CheckDeadSubscribers - 1 total (1 active), Execution time: mean = 0.000 s, total = 0.000 s, Queueing time: mean = 0.000 s, max = -0.000 s, min = 9223372036.855 s, total = 0.000 s
	ray::rpc::WorkerInfoGcsService.grpc_client.AddWorkerInfo.OnReplyReceived - 1 total (0 active), Execution time: mean = 31.633 us, total = 31.633 us, Queueing time: mean = 4.505 us, max = 4.505 us, min = 4.505 us, total = 4.505 us
	CoreWorker.ExitIfParentRayletDies - 1 total (1 active), Execution time: mean = 0.000 s, total = 0.000 s, Queueing time: mean = 0.000 s, max = -0.000 s, min = 9223372036.855 s, total = 0.000 s
	ray::rpc::InternalPubSubGcsService.grpc_client.GcsSubscriberCommandBatch - 1 total (0 active), Execution time: mean = 481.222 us, total = 481.222 us, Queueing time: mean = 0.000 s, max = -0.000 s, min = 9223372036.855 s, total = 0.000 s
	ray::rpc::NodeInfoGcsService.grpc_client.GetAllNodeInfo - 1 total (1 active), Execution time: mean = 0.000 s, total = 0.000 s, Queueing time: mean = 0.000 s, max = -0.000 s, min = 9223372036.855 s, total = 0.000 s
	ray::rpc::InternalPubSubGcsService.grpc_client.GcsSubscriberPoll - 1 total (1 active), Execution time: mean = 0.000 s, total = 0.000 s, Queueing time: mean = 0.000 s, max = -0.000 s, min = 9223372036.855 s, total = 0.000 s

-----------------
Task Event stats:

IO Service Stats:

Global stats: 4 total (1 active)
Queueing time: mean = 14.162 us, max = 34.564 us, min = 22.085 us, total = 56.649 us
Execution time:  mean = 163.304 us, total = 653.218 us
Event stats:
	ray::rpc::TaskInfoGcsService.grpc_client.AddTaskEventData.OnReplyReceived - 1 total (0 active), Execution time: mean = 17.163 us, total = 17.163 us, Queueing time: mean = 22.085 us, max = 22.085 us, min = 22.085 us, total = 22.085 us
	ray::rpc::TaskInfoGcsService.grpc_client.AddTaskEventData - 1 total (0 active), Execution time: mean = 520.964 us, total = 520.964 us, Queueing time: mean = 0.000 s, max = -0.000 s, min = 9223372036.855 s, total = 0.000 s
	PeriodicalRunner.RunFnPeriodically - 1 total (0 active), Execution time: mean = 115.091 us, total = 115.091 us, Queueing time: mean = 34.564 us, max = 34.564 us, min = 34.564 us, total = 34.564 us
	CoreWorker.deadline_timer.flush_task_events - 1 total (1 active), Execution time: mean = 0.000 s, total = 0.000 s, Queueing time: mean = 0.000 s, max = -0.000 s, min = 9223372036.855 s, total = 0.000 s
Other Stats:
	grpc_in_progress:0
	current number of task status events in buffer: 0
	current number of profile events in buffer: 0
	current number of dropped task attempts tracked: 0
	total task events sent: 0 MiB
	total number of task attempts sent: 0
	total number of task attempts dropped reported: 0
	total number of sent failure: 0
	num status task events dropped: 0
	num profile task events dropped: 0


[2025-02-16 16:27:21,010 I 3070 3070] event.cc:491: Ray Event initialized for CORE_WORKER
[2025-02-16 16:27:21,010 I 3070 3070] event.cc:491: Ray Event initialized for EXPORT_TASK
[2025-02-16 16:27:21,010 I 3070 3070] event.cc:322: Set ray event level to warning
[2025-02-16 16:27:21,011 I 3070 3106] accessor.cc:762: Received notification for node, IsAlive = 1 node_id=e2a8235b1a5d9a56d69221182f2a84dad1790ce590062e454e5fef5d
[2025-02-16 16:27:21,011 I 3070 3106] core_worker.cc:4754: Number of alive nodes:1
[2025-02-16 16:27:21,012 I 3070 3070] actor_task_submitter.cc:73: Set actor max pending calls to -1 actor_id=a66ca9c7ed0fc8288d76d55a01000000
[2025-02-16 16:27:21,012 I 3070 3070] core_worker.cc:3017: Creating actor actor_id=a66ca9c7ed0fc8288d76d55a01000000
[2025-02-16 16:27:24,909 I 3070 3070] task_receiver.cc:196: Actor creation task finished, task_id: ffffffffffffffffa66ca9c7ed0fc8288d76d55a01000000, actor_id: a66ca9c7ed0fc8288d76d55a01000000, actor_repr_name: _train_tune
[2025-02-16 16:27:31,014 W 3070 3101] metric_exporter.cc:105: [1] Export metrics to agent failed: RpcError: RPC Error message: failed to connect to all addresses; last error: UNKNOWN: ipv4:127.0.0.1:62634: Failed to connect to remote host: Connection refused; RPC Error details: . This won't affect Ray, but you can lose metrics from the cluster.
[2025-02-16 16:27:41,011 I 3070 3106] core_worker.cc:4177: Force kill actor request has received. exiting immediately... The actor is dead because all references to the actor were removed.
[2025-02-16 16:27:41,011 W 3070 3106] core_worker.cc:958: Force exit the process.  Details: Worker exits because the actor is killed. The actor is dead because all references to the actor were removed.
[2025-02-16 16:27:41,012 I 3070 3106] core_worker.cc:855: Try killing all child processes of this worker as it exits. Child process pids: 
[2025-02-16 16:27:41,012 I 3070 3106] core_worker.cc:814: Disconnecting to the raylet.
[2025-02-16 16:27:41,012 I 3070 3106] raylet_client.cc:162: RayletClient::Disconnect, exit_type=INTENDED_SYSTEM_EXIT, exit_detail=Worker exits because the actor is killed. The actor is dead because all references to the actor were removed., has creation_task_exception_pb_bytes=0
[2025-02-16 16:27:41,013 W 3070 3106] raylet_client.cc:187: IOError: Broken pipe [RayletClient] Failed to disconnect from raylet. This means the raylet the worker is connected is probably already dead.
