[2025-02-16 16:29:52,331 I 3512 3512] core_worker_process.cc:107: Constructing CoreWorkerProcess. pid: 3512
[2025-02-16 16:29:52,333 I 3512 3512] io_service_pool.cc:35: IOServicePool is running with 1 io_service.
[2025-02-16 16:29:52,336 I 3512 3512] grpc_server.cc:134: worker server started, listening on port 34811.
[2025-02-16 16:29:52,337 I 3512 3512] core_worker.cc:275: Initializing worker at address: 172.19.0.2:34811 worker_id=118cd2592648de4f201db04c3480e452f15c67d1bad288aabbc4882d node_id=e2a8235b1a5d9a56d69221182f2a84dad1790ce590062e454e5fef5d
[2025-02-16 16:29:52,338 I 3512 3512] task_event_buffer.cc:257: Reporting task events to GCS every 1000ms.
[2025-02-16 16:29:52,340 I 3512 3512] core_worker.cc:703: Adjusted worker niceness to 15
[2025-02-16 16:29:52,340 I 3512 3548] core_worker.cc:642: Event stats:


Global stats: 11 total (5 active)
Queueing time: mean = 15.143 us, max = 102.108 us, min = 14.035 us, total = 166.574 us
Execution time:  mean = 176.794 us, total = 1.945 ms
Event stats:
	PeriodicalRunner.RunFnPeriodically - 3 total (1 active, 1 running), Execution time: mean = 6.644 us, total = 19.931 us, Queueing time: mean = 38.714 us, max = 102.108 us, min = 14.035 us, total = 116.143 us
	ray::rpc::WorkerInfoGcsService.grpc_client.AddWorkerInfo - 1 total (0 active), Execution time: mean = 905.043 us, total = 905.043 us, Queueing time: mean = 0.000 s, max = -0.000 s, min = 9223372036.855 s, total = 0.000 s
	CoreWorker.ExitIfParentRayletDies - 1 total (1 active), Execution time: mean = 0.000 s, total = 0.000 s, Queueing time: mean = 0.000 s, max = -0.000 s, min = 9223372036.855 s, total = 0.000 s
	ray::rpc::InternalPubSubGcsService.grpc_client.GcsSubscriberCommandBatch - 1 total (0 active), Execution time: mean = 865.427 us, total = 865.427 us, Queueing time: mean = 0.000 s, max = -0.000 s, min = 9223372036.855 s, total = 0.000 s
	ray::rpc::NodeInfoGcsService.grpc_client.GetAllNodeInfo - 1 total (1 active), Execution time: mean = 0.000 s, total = 0.000 s, Queueing time: mean = 0.000 s, max = -0.000 s, min = 9223372036.855 s, total = 0.000 s
	ray::rpc::InternalPubSubGcsService.grpc_client.GcsSubscriberPoll - 1 total (1 active), Execution time: mean = 0.000 s, total = 0.000 s, Queueing time: mean = 0.000 s, max = -0.000 s, min = 9223372036.855 s, total = 0.000 s
	Publisher.CheckDeadSubscribers - 1 total (1 active), Execution time: mean = 0.000 s, total = 0.000 s, Queueing time: mean = 0.000 s, max = -0.000 s, min = 9223372036.855 s, total = 0.000 s
	ray::rpc::InternalPubSubGcsService.grpc_client.GcsSubscriberCommandBatch.OnReplyReceived - 1 total (0 active), Execution time: mean = 138.031 us, total = 138.031 us, Queueing time: mean = 26.675 us, max = 26.675 us, min = 26.675 us, total = 26.675 us
	ray::rpc::WorkerInfoGcsService.grpc_client.AddWorkerInfo.OnReplyReceived - 1 total (0 active), Execution time: mean = 16.304 us, total = 16.304 us, Queueing time: mean = 23.756 us, max = 23.756 us, min = 23.756 us, total = 23.756 us

-----------------
Task Event stats:

IO Service Stats:

Global stats: 4 total (1 active)
Queueing time: mean = 28.053 us, max = 85.314 us, min = 26.897 us, total = 112.211 us
Execution time:  mean = 298.548 us, total = 1.194 ms
Event stats:
	CoreWorker.deadline_timer.flush_task_events - 1 total (1 active), Execution time: mean = 0.000 s, total = 0.000 s, Queueing time: mean = 0.000 s, max = -0.000 s, min = 9223372036.855 s, total = 0.000 s
	PeriodicalRunner.RunFnPeriodically - 1 total (0 active), Execution time: mean = 271.197 us, total = 271.197 us, Queueing time: mean = 26.897 us, max = 26.897 us, min = 26.897 us, total = 26.897 us
	ray::rpc::TaskInfoGcsService.grpc_client.AddTaskEventData.OnReplyReceived - 1 total (0 active), Execution time: mean = 23.980 us, total = 23.980 us, Queueing time: mean = 85.314 us, max = 85.314 us, min = 85.314 us, total = 85.314 us
	ray::rpc::TaskInfoGcsService.grpc_client.AddTaskEventData - 1 total (0 active), Execution time: mean = 899.017 us, total = 899.017 us, Queueing time: mean = 0.000 s, max = -0.000 s, min = 9223372036.855 s, total = 0.000 s
Other Stats:
	grpc_in_progress:0
	current number of task status events in buffer: 0
	current number of profile events in buffer: 0
	current number of dropped task attempts tracked: 0
	total task events sent: 0 MiB
	total number of task attempts sent: 0
	total number of task attempts dropped reported: 0
	total number of sent failure: 0
	num status task events dropped: 0
	num profile task events dropped: 0


[2025-02-16 16:29:52,340 I 3512 3512] event.cc:491: Ray Event initialized for CORE_WORKER
[2025-02-16 16:29:52,340 I 3512 3512] event.cc:491: Ray Event initialized for EXPORT_TASK
[2025-02-16 16:29:52,340 I 3512 3512] event.cc:322: Set ray event level to warning
[2025-02-16 16:29:52,340 I 3512 3548] accessor.cc:762: Received notification for node, IsAlive = 1 node_id=e2a8235b1a5d9a56d69221182f2a84dad1790ce590062e454e5fef5d
[2025-02-16 16:29:52,340 I 3512 3548] core_worker.cc:4754: Number of alive nodes:1
[2025-02-16 16:29:52,342 I 3512 3512] actor_task_submitter.cc:73: Set actor max pending calls to -1 actor_id=614ae07454a53d4d21ef505701000000
[2025-02-16 16:29:52,342 I 3512 3512] core_worker.cc:3017: Creating actor actor_id=614ae07454a53d4d21ef505701000000
[2025-02-16 16:29:56,375 I 3512 3512] task_receiver.cc:196: Actor creation task finished, task_id: ffffffffffffffff614ae07454a53d4d21ef505701000000, actor_id: 614ae07454a53d4d21ef505701000000, actor_repr_name: _train_tune
[2025-02-16 16:30:02,345 W 3512 3543] metric_exporter.cc:105: [1] Export metrics to agent failed: RpcError: RPC Error message: failed to connect to all addresses; last error: UNKNOWN: ipv4:127.0.0.1:62634: Failed to connect to remote host: Connection refused; RPC Error details: . This won't affect Ray, but you can lose metrics from the cluster.
[2025-02-16 16:30:10,443 I 3512 3548] core_worker.cc:4177: Force kill actor request has received. exiting immediately... The actor is dead because all references to the actor were removed.
[2025-02-16 16:30:10,443 W 3512 3548] core_worker.cc:958: Force exit the process.  Details: Worker exits because the actor is killed. The actor is dead because all references to the actor were removed.
[2025-02-16 16:30:10,444 I 3512 3548] core_worker.cc:855: Try killing all child processes of this worker as it exits. Child process pids: 
[2025-02-16 16:30:10,445 I 3512 3548] core_worker.cc:814: Disconnecting to the raylet.
[2025-02-16 16:30:10,445 I 3512 3548] raylet_client.cc:162: RayletClient::Disconnect, exit_type=INTENDED_SYSTEM_EXIT, exit_detail=Worker exits because the actor is killed. The actor is dead because all references to the actor were removed., has creation_task_exception_pb_bytes=0
[2025-02-16 16:30:10,445 W 3512 3548] raylet_client.cc:187: IOError: Broken pipe [RayletClient] Failed to disconnect from raylet. This means the raylet the worker is connected is probably already dead.
