[2025-02-16 16:32:54,488 I 3885 3885] core_worker_process.cc:107: Constructing CoreWorkerProcess. pid: 3885
[2025-02-16 16:32:54,490 I 3885 3885] io_service_pool.cc:35: IOServicePool is running with 1 io_service.
[2025-02-16 16:32:54,495 I 3885 3885] grpc_server.cc:134: worker server started, listening on port 41239.
[2025-02-16 16:32:54,496 I 3885 3885] core_worker.cc:275: Initializing worker at address: 172.19.0.2:41239 worker_id=746847c920e152c94479074fba57ed0b1d204f96fb9766a518b36e2e node_id=e2a8235b1a5d9a56d69221182f2a84dad1790ce590062e454e5fef5d
[2025-02-16 16:32:54,497 I 3885 3885] task_event_buffer.cc:257: Reporting task events to GCS every 1000ms.
[2025-02-16 16:32:54,498 I 3885 3885] core_worker.cc:703: Adjusted worker niceness to 15
[2025-02-16 16:32:54,498 I 3885 3922] core_worker.cc:642: Event stats:


Global stats: 13 total (7 active)
Queueing time: mean = 12.788 us, max = 66.921 us, min = 28.508 us, total = 166.240 us
Execution time:  mean = 114.259 us, total = 1.485 ms
Event stats:
	PeriodicalRunner.RunFnPeriodically - 5 total (3 active, 1 running), Execution time: mean = 5.326 us, total = 26.631 us, Queueing time: mean = 20.880 us, max = 66.921 us, min = 37.481 us, total = 104.402 us
	ray::rpc::InternalPubSubGcsService.grpc_client.GcsSubscriberCommandBatch.OnReplyReceived - 1 total (0 active), Execution time: mean = 125.343 us, total = 125.343 us, Queueing time: mean = 33.330 us, max = 33.330 us, min = 33.330 us, total = 33.330 us
	ray::rpc::NodeInfoGcsService.grpc_client.GetAllNodeInfo - 1 total (1 active), Execution time: mean = 0.000 s, total = 0.000 s, Queueing time: mean = 0.000 s, max = -0.000 s, min = 9223372036.855 s, total = 0.000 s
	ray::rpc::InternalPubSubGcsService.grpc_client.GcsSubscriberCommandBatch - 1 total (0 active), Execution time: mean = 597.694 us, total = 597.694 us, Queueing time: mean = 0.000 s, max = -0.000 s, min = 9223372036.855 s, total = 0.000 s
	ray::rpc::WorkerInfoGcsService.grpc_client.AddWorkerInfo.OnReplyReceived - 1 total (0 active), Execution time: mean = 21.542 us, total = 21.542 us, Queueing time: mean = 28.508 us, max = 28.508 us, min = 28.508 us, total = 28.508 us
	CoreWorker.ExitIfParentRayletDies - 1 total (1 active), Execution time: mean = 0.000 s, total = 0.000 s, Queueing time: mean = 0.000 s, max = -0.000 s, min = 9223372036.855 s, total = 0.000 s
	ray::rpc::WorkerInfoGcsService.grpc_client.AddWorkerInfo - 1 total (0 active), Execution time: mean = 714.159 us, total = 714.159 us, Queueing time: mean = 0.000 s, max = -0.000 s, min = 9223372036.855 s, total = 0.000 s
	Publisher.CheckDeadSubscribers - 1 total (1 active), Execution time: mean = 0.000 s, total = 0.000 s, Queueing time: mean = 0.000 s, max = -0.000 s, min = 9223372036.855 s, total = 0.000 s
	ray::rpc::InternalPubSubGcsService.grpc_client.GcsSubscriberPoll - 1 total (1 active), Execution time: mean = 0.000 s, total = 0.000 s, Queueing time: mean = 0.000 s, max = -0.000 s, min = 9223372036.855 s, total = 0.000 s

-----------------
Task Event stats:

IO Service Stats:

Global stats: 4 total (1 active)
Queueing time: mean = 13.700 us, max = 33.656 us, min = 21.145 us, total = 54.801 us
Execution time:  mean = 287.873 us, total = 1.151 ms
Event stats:
	ray::rpc::TaskInfoGcsService.grpc_client.AddTaskEventData - 1 total (0 active), Execution time: mean = 965.827 us, total = 965.827 us, Queueing time: mean = 0.000 s, max = -0.000 s, min = 9223372036.855 s, total = 0.000 s
	CoreWorker.deadline_timer.flush_task_events - 1 total (1 active), Execution time: mean = 0.000 s, total = 0.000 s, Queueing time: mean = 0.000 s, max = -0.000 s, min = 9223372036.855 s, total = 0.000 s
	ray::rpc::TaskInfoGcsService.grpc_client.AddTaskEventData.OnReplyReceived - 1 total (0 active), Execution time: mean = 24.651 us, total = 24.651 us, Queueing time: mean = 33.656 us, max = 33.656 us, min = 33.656 us, total = 33.656 us
	PeriodicalRunner.RunFnPeriodically - 1 total (0 active), Execution time: mean = 161.012 us, total = 161.012 us, Queueing time: mean = 21.145 us, max = 21.145 us, min = 21.145 us, total = 21.145 us
Other Stats:
	grpc_in_progress:0
	current number of task status events in buffer: 0
	current number of profile events in buffer: 0
	current number of dropped task attempts tracked: 0
	total task events sent: 0 MiB
	total number of task attempts sent: 0
	total number of task attempts dropped reported: 0
	total number of sent failure: 0
	num status task events dropped: 0
	num profile task events dropped: 0


[2025-02-16 16:32:54,498 I 3885 3885] event.cc:491: Ray Event initialized for CORE_WORKER
[2025-02-16 16:32:54,498 I 3885 3885] event.cc:491: Ray Event initialized for EXPORT_TASK
[2025-02-16 16:32:54,498 I 3885 3885] event.cc:322: Set ray event level to warning
[2025-02-16 16:32:54,499 I 3885 3922] accessor.cc:762: Received notification for node, IsAlive = 1 node_id=e2a8235b1a5d9a56d69221182f2a84dad1790ce590062e454e5fef5d
[2025-02-16 16:32:54,499 I 3885 3922] core_worker.cc:4754: Number of alive nodes:1
[2025-02-16 16:32:54,501 I 3885 3885] actor_task_submitter.cc:73: Set actor max pending calls to -1 actor_id=8125f59fc54bc442ce346cbd01000000
[2025-02-16 16:32:54,501 I 3885 3885] core_worker.cc:3017: Creating actor actor_id=8125f59fc54bc442ce346cbd01000000
[2025-02-16 16:32:58,883 I 3885 3885] task_receiver.cc:196: Actor creation task finished, task_id: ffffffffffffffff8125f59fc54bc442ce346cbd01000000, actor_id: 8125f59fc54bc442ce346cbd01000000, actor_repr_name: _train_tune
[2025-02-16 16:33:04,501 W 3885 3917] metric_exporter.cc:105: [1] Export metrics to agent failed: RpcError: RPC Error message: failed to connect to all addresses; last error: UNKNOWN: ipv4:127.0.0.1:62634: Failed to connect to remote host: Connection refused; RPC Error details: . This won't affect Ray, but you can lose metrics from the cluster.
[2025-02-16 16:33:13,435 I 3885 3922] core_worker.cc:4177: Force kill actor request has received. exiting immediately... The actor is dead because all references to the actor were removed.
[2025-02-16 16:33:13,435 W 3885 3922] core_worker.cc:958: Force exit the process.  Details: Worker exits because the actor is killed. The actor is dead because all references to the actor were removed.
[2025-02-16 16:33:13,436 I 3885 3922] core_worker.cc:855: Try killing all child processes of this worker as it exits. Child process pids: 
[2025-02-16 16:33:13,437 I 3885 3922] core_worker.cc:814: Disconnecting to the raylet.
[2025-02-16 16:33:13,437 I 3885 3922] raylet_client.cc:162: RayletClient::Disconnect, exit_type=INTENDED_SYSTEM_EXIT, exit_detail=Worker exits because the actor is killed. The actor is dead because all references to the actor were removed., has creation_task_exception_pb_bytes=0
[2025-02-16 16:33:13,437 W 3885 3922] raylet_client.cc:187: IOError: Broken pipe [RayletClient] Failed to disconnect from raylet. This means the raylet the worker is connected is probably already dead.
