[2025-02-16 16:33:15,565 I 3959 3959] core_worker_process.cc:107: Constructing CoreWorkerProcess. pid: 3959
[2025-02-16 16:33:15,566 I 3959 3959] io_service_pool.cc:35: IOServicePool is running with 1 io_service.
[2025-02-16 16:33:15,569 I 3959 3959] grpc_server.cc:134: worker server started, listening on port 44629.
[2025-02-16 16:33:15,572 I 3959 3959] core_worker.cc:275: Initializing worker at address: 172.19.0.2:44629 worker_id=068f1bb0fd2a7bdd6cd4c1017cab687bddad974f041a87e4026fa3a9 node_id=e2a8235b1a5d9a56d69221182f2a84dad1790ce590062e454e5fef5d
[2025-02-16 16:33:15,572 I 3959 3959] task_event_buffer.cc:257: Reporting task events to GCS every 1000ms.
[2025-02-16 16:33:15,573 I 3959 3959] core_worker.cc:703: Adjusted worker niceness to 15
[2025-02-16 16:33:15,573 I 3959 3995] core_worker.cc:642: Event stats:


Global stats: 15 total (9 active)
Queueing time: mean = 14.378 us, max = 128.201 us, min = 20.988 us, total = 215.673 us
Execution time:  mean = 104.360 us, total = 1.565 ms
Event stats:
	PeriodicalRunner.RunFnPeriodically - 7 total (5 active, 1 running), Execution time: mean = 2.730 us, total = 19.113 us, Queueing time: mean = 24.275 us, max = 128.201 us, min = 41.723 us, total = 169.924 us
	ray::rpc::WorkerInfoGcsService.grpc_client.AddWorkerInfo - 1 total (0 active), Execution time: mean = 821.754 us, total = 821.754 us, Queueing time: mean = 0.000 s, max = -0.000 s, min = 9223372036.855 s, total = 0.000 s
	ray::rpc::InternalPubSubGcsService.grpc_client.GcsSubscriberPoll - 1 total (1 active), Execution time: mean = 0.000 s, total = 0.000 s, Queueing time: mean = 0.000 s, max = -0.000 s, min = 9223372036.855 s, total = 0.000 s
	CoreWorker.ExitIfParentRayletDies - 1 total (1 active), Execution time: mean = 0.000 s, total = 0.000 s, Queueing time: mean = 0.000 s, max = -0.000 s, min = 9223372036.855 s, total = 0.000 s
	ray::rpc::InternalPubSubGcsService.grpc_client.GcsSubscriberCommandBatch - 1 total (0 active), Execution time: mean = 630.826 us, total = 630.826 us, Queueing time: mean = 0.000 s, max = -0.000 s, min = 9223372036.855 s, total = 0.000 s
	Publisher.CheckDeadSubscribers - 1 total (1 active), Execution time: mean = 0.000 s, total = 0.000 s, Queueing time: mean = 0.000 s, max = -0.000 s, min = 9223372036.855 s, total = 0.000 s
	ray::rpc::WorkerInfoGcsService.grpc_client.AddWorkerInfo.OnReplyReceived - 1 total (0 active), Execution time: mean = 23.770 us, total = 23.770 us, Queueing time: mean = 20.988 us, max = 20.988 us, min = 20.988 us, total = 20.988 us
	ray::rpc::InternalPubSubGcsService.grpc_client.GcsSubscriberCommandBatch.OnReplyReceived - 1 total (0 active), Execution time: mean = 69.940 us, total = 69.940 us, Queueing time: mean = 24.761 us, max = 24.761 us, min = 24.761 us, total = 24.761 us
	ray::rpc::NodeInfoGcsService.grpc_client.GetAllNodeInfo - 1 total (1 active), Execution time: mean = 0.000 s, total = 0.000 s, Queueing time: mean = 0.000 s, max = -0.000 s, min = 9223372036.855 s, total = 0.000 s

-----------------
Task Event stats:

IO Service Stats:

Global stats: 4 total (2 active)
Queueing time: mean = 5.524 us, max = 22.098 us, min = 22.098 us, total = 22.098 us
Execution time:  mean = 256.249 us, total = 1.025 ms
Event stats:
	PeriodicalRunner.RunFnPeriodically - 1 total (0 active), Execution time: mean = 281.251 us, total = 281.251 us, Queueing time: mean = 22.098 us, max = 22.098 us, min = 22.098 us, total = 22.098 us
	CoreWorker.deadline_timer.flush_task_events - 1 total (1 active), Execution time: mean = 0.000 s, total = 0.000 s, Queueing time: mean = 0.000 s, max = -0.000 s, min = 9223372036.855 s, total = 0.000 s
	ray::rpc::TaskInfoGcsService.grpc_client.AddTaskEventData.OnReplyReceived - 1 total (1 active), Execution time: mean = 0.000 s, total = 0.000 s, Queueing time: mean = 0.000 s, max = -0.000 s, min = 9223372036.855 s, total = 0.000 s
	ray::rpc::TaskInfoGcsService.grpc_client.AddTaskEventData - 1 total (0 active), Execution time: mean = 743.746 us, total = 743.746 us, Queueing time: mean = 0.000 s, max = -0.000 s, min = 9223372036.855 s, total = 0.000 s
Other Stats:
	grpc_in_progress:0
	current number of task status events in buffer: 0
	current number of profile events in buffer: 0
	current number of dropped task attempts tracked: 0
	total task events sent: 0 MiB
	total number of task attempts sent: 0
	total number of task attempts dropped reported: 0
	total number of sent failure: 0
	num status task events dropped: 0
	num profile task events dropped: 0


[2025-02-16 16:33:15,573 I 3959 3959] event.cc:491: Ray Event initialized for CORE_WORKER
[2025-02-16 16:33:15,573 I 3959 3959] event.cc:491: Ray Event initialized for EXPORT_TASK
[2025-02-16 16:33:15,573 I 3959 3959] event.cc:322: Set ray event level to warning
[2025-02-16 16:33:15,574 I 3959 3995] accessor.cc:762: Received notification for node, IsAlive = 1 node_id=e2a8235b1a5d9a56d69221182f2a84dad1790ce590062e454e5fef5d
[2025-02-16 16:33:15,574 I 3959 3995] core_worker.cc:4754: Number of alive nodes:1
[2025-02-16 16:33:15,575 I 3959 3959] actor_task_submitter.cc:73: Set actor max pending calls to -1 actor_id=c6aae15eb0061772ba242c3201000000
[2025-02-16 16:33:15,575 I 3959 3959] core_worker.cc:3017: Creating actor actor_id=c6aae15eb0061772ba242c3201000000
[2025-02-16 16:33:19,679 I 3959 3959] task_receiver.cc:196: Actor creation task finished, task_id: ffffffffffffffffc6aae15eb0061772ba242c3201000000, actor_id: c6aae15eb0061772ba242c3201000000, actor_repr_name: _train_tune
[2025-02-16 16:33:25,576 W 3959 3990] metric_exporter.cc:105: [1] Export metrics to agent failed: RpcError: RPC Error message: failed to connect to all addresses; last error: UNKNOWN: ipv4:127.0.0.1:62634: Failed to connect to remote host: Connection refused; RPC Error details: . This won't affect Ray, but you can lose metrics from the cluster.
[2025-02-16 16:33:39,995 I 3959 3995] core_worker.cc:4177: Force kill actor request has received. exiting immediately... The actor is dead because all references to the actor were removed.
[2025-02-16 16:33:39,995 W 3959 3995] core_worker.cc:958: Force exit the process.  Details: Worker exits because the actor is killed. The actor is dead because all references to the actor were removed.
[2025-02-16 16:33:39,995 I 3959 3995] core_worker.cc:855: Try killing all child processes of this worker as it exits. Child process pids: 
[2025-02-16 16:33:39,996 I 3959 3995] core_worker.cc:814: Disconnecting to the raylet.
[2025-02-16 16:33:39,996 I 3959 3995] raylet_client.cc:162: RayletClient::Disconnect, exit_type=INTENDED_SYSTEM_EXIT, exit_detail=Worker exits because the actor is killed. The actor is dead because all references to the actor were removed., has creation_task_exception_pb_bytes=0
[2025-02-16 16:33:39,997 W 3959 3995] raylet_client.cc:187: IOError: Broken pipe [RayletClient] Failed to disconnect from raylet. This means the raylet the worker is connected is probably already dead.
