[2025-02-16 16:30:51,342 I 3660 3660] core_worker_process.cc:107: Constructing CoreWorkerProcess. pid: 3660
[2025-02-16 16:30:51,344 I 3660 3660] io_service_pool.cc:35: IOServicePool is running with 1 io_service.
[2025-02-16 16:30:51,346 I 3660 3660] grpc_server.cc:134: worker server started, listening on port 33253.
[2025-02-16 16:30:51,347 I 3660 3660] core_worker.cc:275: Initializing worker at address: 172.19.0.2:33253 worker_id=f7e501e2c00d2260dc447586c0738ed93451be588e0835e4b2e6171b node_id=e2a8235b1a5d9a56d69221182f2a84dad1790ce590062e454e5fef5d
[2025-02-16 16:30:51,350 I 3660 3660] task_event_buffer.cc:257: Reporting task events to GCS every 1000ms.
[2025-02-16 16:30:51,350 I 3660 3660] core_worker.cc:703: Adjusted worker niceness to 15
[2025-02-16 16:30:51,351 I 3660 3696] core_worker.cc:642: Event stats:


Global stats: 15 total (9 active)
Queueing time: mean = 29.203 us, max = 384.163 us, min = 6.564 us, total = 438.048 us
Execution time:  mean = 87.679 us, total = 1.315 ms
Event stats:
	PeriodicalRunner.RunFnPeriodically - 7 total (5 active, 1 running), Execution time: mean = 3.366 us, total = 23.564 us, Queueing time: mean = 58.080 us, max = 384.163 us, min = 22.395 us, total = 406.558 us
	ray::rpc::WorkerInfoGcsService.grpc_client.AddWorkerInfo - 1 total (0 active), Execution time: mean = 617.923 us, total = 617.923 us, Queueing time: mean = 0.000 s, max = -0.000 s, min = 9223372036.855 s, total = 0.000 s
	ray::rpc::InternalPubSubGcsService.grpc_client.GcsSubscriberPoll - 1 total (1 active), Execution time: mean = 0.000 s, total = 0.000 s, Queueing time: mean = 0.000 s, max = -0.000 s, min = 9223372036.855 s, total = 0.000 s
	ray::rpc::InternalPubSubGcsService.grpc_client.GcsSubscriberCommandBatch.OnReplyReceived - 1 total (0 active), Execution time: mean = 99.896 us, total = 99.896 us, Queueing time: mean = 24.926 us, max = 24.926 us, min = 24.926 us, total = 24.926 us
	ray::rpc::NodeInfoGcsService.grpc_client.GetAllNodeInfo - 1 total (1 active), Execution time: mean = 0.000 s, total = 0.000 s, Queueing time: mean = 0.000 s, max = -0.000 s, min = 9223372036.855 s, total = 0.000 s
	CoreWorker.ExitIfParentRayletDies - 1 total (1 active), Execution time: mean = 0.000 s, total = 0.000 s, Queueing time: mean = 0.000 s, max = -0.000 s, min = 9223372036.855 s, total = 0.000 s
	Publisher.CheckDeadSubscribers - 1 total (1 active), Execution time: mean = 0.000 s, total = 0.000 s, Queueing time: mean = 0.000 s, max = -0.000 s, min = 9223372036.855 s, total = 0.000 s
	ray::rpc::WorkerInfoGcsService.grpc_client.AddWorkerInfo.OnReplyReceived - 1 total (0 active), Execution time: mean = 29.838 us, total = 29.838 us, Queueing time: mean = 6.564 us, max = 6.564 us, min = 6.564 us, total = 6.564 us
	ray::rpc::InternalPubSubGcsService.grpc_client.GcsSubscriberCommandBatch - 1 total (0 active), Execution time: mean = 543.961 us, total = 543.961 us, Queueing time: mean = 0.000 s, max = -0.000 s, min = 9223372036.855 s, total = 0.000 s

-----------------
Task Event stats:

IO Service Stats:

Global stats: 4 total (1 active)
Queueing time: mean = 10.605 us, max = 21.568 us, min = 20.853 us, total = 42.421 us
Execution time:  mean = 171.166 us, total = 684.665 us
Event stats:
	PeriodicalRunner.RunFnPeriodically - 1 total (0 active), Execution time: mean = 122.514 us, total = 122.514 us, Queueing time: mean = 20.853 us, max = 20.853 us, min = 20.853 us, total = 20.853 us
	ray::rpc::TaskInfoGcsService.grpc_client.AddTaskEventData - 1 total (0 active), Execution time: mean = 542.777 us, total = 542.777 us, Queueing time: mean = 0.000 s, max = -0.000 s, min = 9223372036.855 s, total = 0.000 s
	ray::rpc::TaskInfoGcsService.grpc_client.AddTaskEventData.OnReplyReceived - 1 total (0 active), Execution time: mean = 19.374 us, total = 19.374 us, Queueing time: mean = 21.568 us, max = 21.568 us, min = 21.568 us, total = 21.568 us
	CoreWorker.deadline_timer.flush_task_events - 1 total (1 active), Execution time: mean = 0.000 s, total = 0.000 s, Queueing time: mean = 0.000 s, max = -0.000 s, min = 9223372036.855 s, total = 0.000 s
Other Stats:
	grpc_in_progress:0
	current number of task status events in buffer: 0
	current number of profile events in buffer: 0
	current number of dropped task attempts tracked: 0
	total task events sent: 0 MiB
	total number of task attempts sent: 0
	total number of task attempts dropped reported: 0
	total number of sent failure: 0
	num status task events dropped: 0
	num profile task events dropped: 0


[2025-02-16 16:30:51,351 I 3660 3660] event.cc:491: Ray Event initialized for CORE_WORKER
[2025-02-16 16:30:51,351 I 3660 3660] event.cc:491: Ray Event initialized for EXPORT_TASK
[2025-02-16 16:30:51,351 I 3660 3660] event.cc:322: Set ray event level to warning
[2025-02-16 16:30:51,351 I 3660 3696] accessor.cc:762: Received notification for node, IsAlive = 1 node_id=e2a8235b1a5d9a56d69221182f2a84dad1790ce590062e454e5fef5d
[2025-02-16 16:30:51,351 I 3660 3696] core_worker.cc:4754: Number of alive nodes:1
[2025-02-16 16:30:51,352 I 3660 3660] actor_task_submitter.cc:73: Set actor max pending calls to -1 actor_id=ff103e7d61189f3c82effb9e01000000
[2025-02-16 16:30:51,352 I 3660 3660] core_worker.cc:3017: Creating actor actor_id=ff103e7d61189f3c82effb9e01000000
[2025-02-16 16:30:55,537 I 3660 3660] task_receiver.cc:196: Actor creation task finished, task_id: ffffffffffffffffff103e7d61189f3c82effb9e01000000, actor_id: ff103e7d61189f3c82effb9e01000000, actor_repr_name: _train_tune
[2025-02-16 16:31:01,358 W 3660 3691] metric_exporter.cc:105: [1] Export metrics to agent failed: RpcError: RPC Error message: failed to connect to all addresses; last error: UNKNOWN: ipv4:127.0.0.1:62634: Failed to connect to remote host: Connection refused; RPC Error details: . This won't affect Ray, but you can lose metrics from the cluster.
[2025-02-16 16:31:12,774 I 3660 3696] core_worker.cc:4177: Force kill actor request has received. exiting immediately... The actor is dead because all references to the actor were removed.
[2025-02-16 16:31:12,775 W 3660 3696] core_worker.cc:958: Force exit the process.  Details: Worker exits because the actor is killed. The actor is dead because all references to the actor were removed.
[2025-02-16 16:31:12,775 I 3660 3696] core_worker.cc:855: Try killing all child processes of this worker as it exits. Child process pids: 
[2025-02-16 16:31:12,776 I 3660 3696] core_worker.cc:814: Disconnecting to the raylet.
[2025-02-16 16:31:12,776 I 3660 3696] raylet_client.cc:162: RayletClient::Disconnect, exit_type=INTENDED_SYSTEM_EXIT, exit_detail=Worker exits because the actor is killed. The actor is dead because all references to the actor were removed., has creation_task_exception_pb_bytes=0
[2025-02-16 16:31:12,776 W 3660 3696] raylet_client.cc:187: IOError: Broken pipe [RayletClient] Failed to disconnect from raylet. This means the raylet the worker is connected is probably already dead.
