[2025-02-16 16:28:01,097 I 3216 3216] core_worker_process.cc:107: Constructing CoreWorkerProcess. pid: 3216
[2025-02-16 16:28:01,098 I 3216 3216] io_service_pool.cc:35: IOServicePool is running with 1 io_service.
[2025-02-16 16:28:01,100 I 3216 3216] grpc_server.cc:134: worker server started, listening on port 46447.
[2025-02-16 16:28:01,101 I 3216 3216] core_worker.cc:275: Initializing worker at address: 172.19.0.2:46447 worker_id=2dfb72da4d231019c7b258cd72d04e4c93c094d5cac9d77443fdc480 node_id=e2a8235b1a5d9a56d69221182f2a84dad1790ce590062e454e5fef5d
[2025-02-16 16:28:01,102 I 3216 3216] task_event_buffer.cc:257: Reporting task events to GCS every 1000ms.
[2025-02-16 16:28:01,103 I 3216 3216] core_worker.cc:703: Adjusted worker niceness to 15
[2025-02-16 16:28:01,103 I 3216 3252] core_worker.cc:642: Event stats:


Global stats: 11 total (5 active)
Queueing time: mean = 13.561 us, max = 53.609 us, min = 21.017 us, total = 149.166 us
Execution time:  mean = 111.203 us, total = 1.223 ms
Event stats:
	PeriodicalRunner.RunFnPeriodically - 3 total (1 active, 1 running), Execution time: mean = 5.749 us, total = 17.248 us, Queueing time: mean = 33.184 us, max = 53.609 us, min = 45.942 us, total = 99.551 us
	Publisher.CheckDeadSubscribers - 1 total (1 active), Execution time: mean = 0.000 s, total = 0.000 s, Queueing time: mean = 0.000 s, max = -0.000 s, min = 9223372036.855 s, total = 0.000 s
	ray::rpc::NodeInfoGcsService.grpc_client.GetAllNodeInfo - 1 total (1 active), Execution time: mean = 0.000 s, total = 0.000 s, Queueing time: mean = 0.000 s, max = -0.000 s, min = 9223372036.855 s, total = 0.000 s
	CoreWorker.ExitIfParentRayletDies - 1 total (1 active), Execution time: mean = 0.000 s, total = 0.000 s, Queueing time: mean = 0.000 s, max = -0.000 s, min = 9223372036.855 s, total = 0.000 s
	ray::rpc::WorkerInfoGcsService.grpc_client.AddWorkerInfo - 1 total (0 active), Execution time: mean = 539.487 us, total = 539.487 us, Queueing time: mean = 0.000 s, max = -0.000 s, min = 9223372036.855 s, total = 0.000 s
	ray::rpc::InternalPubSubGcsService.grpc_client.GcsSubscriberPoll - 1 total (1 active), Execution time: mean = 0.000 s, total = 0.000 s, Queueing time: mean = 0.000 s, max = -0.000 s, min = 9223372036.855 s, total = 0.000 s
	ray::rpc::InternalPubSubGcsService.grpc_client.GcsSubscriberCommandBatch - 1 total (0 active), Execution time: mean = 469.653 us, total = 469.653 us, Queueing time: mean = 0.000 s, max = -0.000 s, min = 9223372036.855 s, total = 0.000 s
	ray::rpc::InternalPubSubGcsService.grpc_client.GcsSubscriberCommandBatch.OnReplyReceived - 1 total (0 active), Execution time: mean = 173.427 us, total = 173.427 us, Queueing time: mean = 21.017 us, max = 21.017 us, min = 21.017 us, total = 21.017 us
	ray::rpc::WorkerInfoGcsService.grpc_client.AddWorkerInfo.OnReplyReceived - 1 total (0 active), Execution time: mean = 23.413 us, total = 23.413 us, Queueing time: mean = 28.598 us, max = 28.598 us, min = 28.598 us, total = 28.598 us

-----------------
Task Event stats:

IO Service Stats:

Global stats: 4 total (1 active)
Queueing time: mean = 14.166 us, max = 35.771 us, min = 20.893 us, total = 56.664 us
Execution time:  mean = 169.869 us, total = 679.477 us
Event stats:
	CoreWorker.deadline_timer.flush_task_events - 1 total (1 active), Execution time: mean = 0.000 s, total = 0.000 s, Queueing time: mean = 0.000 s, max = -0.000 s, min = 9223372036.855 s, total = 0.000 s
	PeriodicalRunner.RunFnPeriodically - 1 total (0 active), Execution time: mean = 79.111 us, total = 79.111 us, Queueing time: mean = 35.771 us, max = 35.771 us, min = 35.771 us, total = 35.771 us
	ray::rpc::TaskInfoGcsService.grpc_client.AddTaskEventData.OnReplyReceived - 1 total (0 active), Execution time: mean = 15.686 us, total = 15.686 us, Queueing time: mean = 20.893 us, max = 20.893 us, min = 20.893 us, total = 20.893 us
	ray::rpc::TaskInfoGcsService.grpc_client.AddTaskEventData - 1 total (0 active), Execution time: mean = 584.680 us, total = 584.680 us, Queueing time: mean = 0.000 s, max = -0.000 s, min = 9223372036.855 s, total = 0.000 s
Other Stats:
	grpc_in_progress:0
	current number of task status events in buffer: 0
	current number of profile events in buffer: 0
	current number of dropped task attempts tracked: 0
	total task events sent: 0 MiB
	total number of task attempts sent: 0
	total number of task attempts dropped reported: 0
	total number of sent failure: 0
	num status task events dropped: 0
	num profile task events dropped: 0


[2025-02-16 16:28:01,103 I 3216 3252] accessor.cc:762: Received notification for node, IsAlive = 1 node_id=e2a8235b1a5d9a56d69221182f2a84dad1790ce590062e454e5fef5d
[2025-02-16 16:28:01,103 I 3216 3252] core_worker.cc:4754: Number of alive nodes:1
[2025-02-16 16:28:01,103 I 3216 3216] event.cc:491: Ray Event initialized for CORE_WORKER
[2025-02-16 16:28:01,103 I 3216 3216] event.cc:491: Ray Event initialized for EXPORT_TASK
[2025-02-16 16:28:01,103 I 3216 3216] event.cc:322: Set ray event level to warning
[2025-02-16 16:28:01,105 I 3216 3216] actor_task_submitter.cc:73: Set actor max pending calls to -1 actor_id=7537caad7d9022549847825901000000
[2025-02-16 16:28:01,105 I 3216 3216] core_worker.cc:3017: Creating actor actor_id=7537caad7d9022549847825901000000
[2025-02-16 16:28:04,805 I 3216 3216] task_receiver.cc:196: Actor creation task finished, task_id: ffffffffffffffff7537caad7d9022549847825901000000, actor_id: 7537caad7d9022549847825901000000, actor_repr_name: _train_tune
[2025-02-16 16:28:11,157 W 3216 3247] metric_exporter.cc:105: [1] Export metrics to agent failed: RpcError: RPC Error message: failed to connect to all addresses; last error: UNKNOWN: ipv4:127.0.0.1:62634: Failed to connect to remote host: Connection refused; RPC Error details: . This won't affect Ray, but you can lose metrics from the cluster.
[2025-02-16 16:28:39,635 I 3216 3252] core_worker.cc:4177: Force kill actor request has received. exiting immediately... The actor is dead because all references to the actor were removed.
[2025-02-16 16:28:39,635 W 3216 3252] core_worker.cc:958: Force exit the process.  Details: Worker exits because the actor is killed. The actor is dead because all references to the actor were removed.
[2025-02-16 16:28:39,636 I 3216 3252] core_worker.cc:855: Try killing all child processes of this worker as it exits. Child process pids: 
[2025-02-16 16:28:39,636 I 3216 3252] core_worker.cc:814: Disconnecting to the raylet.
[2025-02-16 16:28:39,637 I 3216 3252] raylet_client.cc:162: RayletClient::Disconnect, exit_type=INTENDED_SYSTEM_EXIT, exit_detail=Worker exits because the actor is killed. The actor is dead because all references to the actor were removed., has creation_task_exception_pb_bytes=0
[2025-02-16 16:28:39,637 W 3216 3252] raylet_client.cc:187: IOError: Broken pipe [RayletClient] Failed to disconnect from raylet. This means the raylet the worker is connected is probably already dead.
