[2025-02-16 16:29:32,271 I 3439 3439] core_worker_process.cc:107: Constructing CoreWorkerProcess. pid: 3439
[2025-02-16 16:29:32,272 I 3439 3439] io_service_pool.cc:35: IOServicePool is running with 1 io_service.
[2025-02-16 16:29:32,277 I 3439 3439] grpc_server.cc:134: worker server started, listening on port 40769.
[2025-02-16 16:29:32,278 I 3439 3439] core_worker.cc:275: Initializing worker at address: 172.19.0.2:40769 worker_id=9e1fd3f5074c972f05a56caa82ae7513fcda2db87ba243a6cbab3090 node_id=e2a8235b1a5d9a56d69221182f2a84dad1790ce590062e454e5fef5d
[2025-02-16 16:29:32,279 I 3439 3439] task_event_buffer.cc:257: Reporting task events to GCS every 1000ms.
[2025-02-16 16:29:32,279 I 3439 3439] core_worker.cc:703: Adjusted worker niceness to 15
[2025-02-16 16:29:32,280 I 3439 3475] core_worker.cc:642: Event stats:


Global stats: 14 total (9 active)
Queueing time: mean = 7.362 us, max = 73.105 us, min = 6.315 us, total = 103.069 us
Execution time:  mean = 98.282 us, total = 1.376 ms
Event stats:
	PeriodicalRunner.RunFnPeriodically - 7 total (5 active, 1 running), Execution time: mean = 7.425 us, total = 51.975 us, Queueing time: mean = 13.822 us, max = 73.105 us, min = 23.649 us, total = 96.754 us
	ray::rpc::WorkerInfoGcsService.grpc_client.AddWorkerInfo - 1 total (0 active), Execution time: mean = 548.361 us, total = 548.361 us, Queueing time: mean = 0.000 s, max = -0.000 s, min = 9223372036.855 s, total = 0.000 s
	Publisher.CheckDeadSubscribers - 1 total (1 active), Execution time: mean = 0.000 s, total = 0.000 s, Queueing time: mean = 0.000 s, max = -0.000 s, min = 9223372036.855 s, total = 0.000 s
	ray::rpc::InternalPubSubGcsService.grpc_client.GcsSubscriberPoll - 1 total (1 active), Execution time: mean = 0.000 s, total = 0.000 s, Queueing time: mean = 0.000 s, max = -0.000 s, min = 9223372036.855 s, total = 0.000 s
	ray::rpc::WorkerInfoGcsService.grpc_client.AddWorkerInfo.OnReplyReceived - 1 total (0 active), Execution time: mean = 40.018 us, total = 40.018 us, Queueing time: mean = 6.315 us, max = 6.315 us, min = 6.315 us, total = 6.315 us
	CoreWorker.ExitIfParentRayletDies - 1 total (1 active), Execution time: mean = 0.000 s, total = 0.000 s, Queueing time: mean = 0.000 s, max = -0.000 s, min = 9223372036.855 s, total = 0.000 s
	ray::rpc::InternalPubSubGcsService.grpc_client.GcsSubscriberCommandBatch.OnReplyReceived - 1 total (1 active), Execution time: mean = 0.000 s, total = 0.000 s, Queueing time: mean = 0.000 s, max = -0.000 s, min = 9223372036.855 s, total = 0.000 s
	ray::rpc::InternalPubSubGcsService.grpc_client.GcsSubscriberCommandBatch - 1 total (0 active), Execution time: mean = 735.597 us, total = 735.597 us, Queueing time: mean = 0.000 s, max = -0.000 s, min = 9223372036.855 s, total = 0.000 s

-----------------
Task Event stats:

IO Service Stats:

Global stats: 4 total (1 active)
Queueing time: mean = 17.333 us, max = 39.551 us, min = 29.780 us, total = 69.331 us
Execution time:  mean = 176.506 us, total = 706.025 us
Event stats:
	ray::rpc::TaskInfoGcsService.grpc_client.AddTaskEventData - 1 total (0 active), Execution time: mean = 559.970 us, total = 559.970 us, Queueing time: mean = 0.000 s, max = -0.000 s, min = 9223372036.855 s, total = 0.000 s
	CoreWorker.deadline_timer.flush_task_events - 1 total (1 active), Execution time: mean = 0.000 s, total = 0.000 s, Queueing time: mean = 0.000 s, max = -0.000 s, min = 9223372036.855 s, total = 0.000 s
	PeriodicalRunner.RunFnPeriodically - 1 total (0 active), Execution time: mean = 122.206 us, total = 122.206 us, Queueing time: mean = 39.551 us, max = 39.551 us, min = 39.551 us, total = 39.551 us
	ray::rpc::TaskInfoGcsService.grpc_client.AddTaskEventData.OnReplyReceived - 1 total (0 active), Execution time: mean = 23.849 us, total = 23.849 us, Queueing time: mean = 29.780 us, max = 29.780 us, min = 29.780 us, total = 29.780 us
Other Stats:
	grpc_in_progress:0
	current number of task status events in buffer: 0
	current number of profile events in buffer: 0
	current number of dropped task attempts tracked: 0
	total task events sent: 0 MiB
	total number of task attempts sent: 0
	total number of task attempts dropped reported: 0
	total number of sent failure: 0
	num status task events dropped: 0
	num profile task events dropped: 0


[2025-02-16 16:29:32,280 I 3439 3439] event.cc:491: Ray Event initialized for CORE_WORKER
[2025-02-16 16:29:32,280 I 3439 3439] event.cc:491: Ray Event initialized for EXPORT_TASK
[2025-02-16 16:29:32,280 I 3439 3439] event.cc:322: Set ray event level to warning
[2025-02-16 16:29:32,280 I 3439 3475] accessor.cc:762: Received notification for node, IsAlive = 1 node_id=e2a8235b1a5d9a56d69221182f2a84dad1790ce590062e454e5fef5d
[2025-02-16 16:29:32,280 I 3439 3475] core_worker.cc:4754: Number of alive nodes:1
[2025-02-16 16:29:32,282 I 3439 3439] actor_task_submitter.cc:73: Set actor max pending calls to -1 actor_id=5fa2446c75011f782483533401000000
[2025-02-16 16:29:32,282 I 3439 3439] core_worker.cc:3017: Creating actor actor_id=5fa2446c75011f782483533401000000
[2025-02-16 16:29:36,364 I 3439 3439] task_receiver.cc:196: Actor creation task finished, task_id: ffffffffffffffff5fa2446c75011f782483533401000000, actor_id: 5fa2446c75011f782483533401000000, actor_repr_name: _train_tune
[2025-02-16 16:29:42,340 W 3439 3470] metric_exporter.cc:105: [1] Export metrics to agent failed: RpcError: RPC Error message: failed to connect to all addresses; last error: UNKNOWN: ipv4:127.0.0.1:62634: Failed to connect to remote host: Connection refused; RPC Error details: . This won't affect Ray, but you can lose metrics from the cluster.
[2025-02-16 16:29:51,080 I 3439 3439] core_worker.cc:877: Exit signal received, this process will exit after all outstanding tasks have finished, exit_type=SYSTEM_ERROR, detail=Worker exits unexpectedly by a signal. SystemExit is raised (sys.exit is called). Exit code: 1. The process receives a SIGTERM.
[2025-02-16 16:29:51,080 W 3439 3439] core_worker.cc:890: Failed to notify Raylet. It is either the raylet is already dead or the raylet disconnects the client because it kills this worker.
[2025-02-16 16:29:51,081 I 3439 3439] core_worker.cc:855: Try killing all child processes of this worker as it exits. Child process pids: 
[2025-02-16 16:29:51,083 I 3439 3439] core_worker.cc:814: Disconnecting to the raylet.
[2025-02-16 16:29:51,083 I 3439 3439] raylet_client.cc:162: RayletClient::Disconnect, exit_type=SYSTEM_ERROR, exit_detail=Worker exits unexpectedly by a signal. SystemExit is raised (sys.exit is called). Exit code: 1. The process receives a SIGTERM., has creation_task_exception_pb_bytes=0
[2025-02-16 16:29:51,083 W 3439 3439] raylet_client.cc:187: IOError: Broken pipe [RayletClient] Failed to disconnect from raylet. This means the raylet the worker is connected is probably already dead.
[2025-02-16 16:29:51,083 I 3439 3439] core_worker.cc:722: Shutting down a core worker.
[2025-02-16 16:29:51,083 I 3439 3439] task_event_buffer.cc:268: Shutting down TaskEventBuffer.
[2025-02-16 16:29:51,083 I 3439 3490] task_event_buffer.cc:236: Task event buffer io service stopped.
[2025-02-16 16:29:51,083 I 3439 3439] core_worker.cc:748: Disconnecting a GCS client.
[2025-02-16 16:29:51,083 I 3439 3439] core_worker.cc:752: Waiting for joining a core worker io thread. If it hangs here, there might be deadlock or a high load in the core worker io service.
[2025-02-16 16:29:51,083 I 3439 3475] core_worker.cc:985: Core worker main io service stopped.
[2025-02-16 16:29:51,084 I 3439 3439] core_worker.cc:765: Core worker ready to be deallocated.
[2025-02-16 16:29:51,084 I 3439 3439] core_worker_process.cc:249: Task execution loop terminated. Removing the global worker.
[2025-02-16 16:29:51,084 I 3439 3439] core_worker.cc:713: Core worker is destructed
[2025-02-16 16:29:51,084 I 3439 3439] task_event_buffer.cc:268: Shutting down TaskEventBuffer.
[2025-02-16 16:29:51,329 I 3439 3439] core_worker_process.cc:151: Destructing CoreWorkerProcessImpl. pid: 3439
[2025-02-16 16:29:51,329 I 3439 3439] io_service_pool.cc:47: IOServicePool is stopped.
[2025-02-16 16:29:51,449 I 3439 3439] stats.h:120: Stats module has shutdown.
