[2025-02-16 16:25:20,784 I 2774 2774] core_worker_process.cc:107: Constructing CoreWorkerProcess. pid: 2774
[2025-02-16 16:25:20,786 I 2774 2774] io_service_pool.cc:35: IOServicePool is running with 1 io_service.
[2025-02-16 16:25:20,789 I 2774 2774] grpc_server.cc:134: worker server started, listening on port 46061.
[2025-02-16 16:25:20,790 I 2774 2774] core_worker.cc:275: Initializing worker at address: 172.19.0.2:46061 worker_id=c427a34f380f59a193186c33bc4972fa247401fe6d53af8404b5c659 node_id=e2a8235b1a5d9a56d69221182f2a84dad1790ce590062e454e5fef5d
[2025-02-16 16:25:20,791 I 2774 2774] task_event_buffer.cc:257: Reporting task events to GCS every 1000ms.
[2025-02-16 16:25:20,792 I 2774 2774] core_worker.cc:703: Adjusted worker niceness to 15
[2025-02-16 16:25:20,792 I 2774 2810] core_worker.cc:642: Event stats:


Global stats: 15 total (9 active)
Queueing time: mean = 8.402 us, max = 55.531 us, min = 19.860 us, total = 126.037 us
Execution time:  mean = 84.718 us, total = 1.271 ms
Event stats:
	PeriodicalRunner.RunFnPeriodically - 7 total (5 active, 1 running), Execution time: mean = 2.203 us, total = 15.418 us, Queueing time: mean = 11.161 us, max = 55.531 us, min = 22.597 us, total = 78.128 us
	ray::rpc::InternalPubSubGcsService.grpc_client.GcsSubscriberPoll - 1 total (1 active), Execution time: mean = 0.000 s, total = 0.000 s, Queueing time: mean = 0.000 s, max = -0.000 s, min = 9223372036.855 s, total = 0.000 s
	Publisher.CheckDeadSubscribers - 1 total (1 active), Execution time: mean = 0.000 s, total = 0.000 s, Queueing time: mean = 0.000 s, max = -0.000 s, min = 9223372036.855 s, total = 0.000 s
	ray::rpc::InternalPubSubGcsService.grpc_client.GcsSubscriberCommandBatch.OnReplyReceived - 1 total (0 active), Execution time: mean = 93.033 us, total = 93.033 us, Queueing time: mean = 19.860 us, max = 19.860 us, min = 19.860 us, total = 19.860 us
	ray::rpc::WorkerInfoGcsService.grpc_client.AddWorkerInfo - 1 total (0 active), Execution time: mean = 574.130 us, total = 574.130 us, Queueing time: mean = 0.000 s, max = -0.000 s, min = 9223372036.855 s, total = 0.000 s
	ray::rpc::InternalPubSubGcsService.grpc_client.GcsSubscriberCommandBatch - 1 total (0 active), Execution time: mean = 566.948 us, total = 566.948 us, Queueing time: mean = 0.000 s, max = -0.000 s, min = 9223372036.855 s, total = 0.000 s
	ray::rpc::NodeInfoGcsService.grpc_client.GetAllNodeInfo - 1 total (1 active), Execution time: mean = 0.000 s, total = 0.000 s, Queueing time: mean = 0.000 s, max = -0.000 s, min = 9223372036.855 s, total = 0.000 s
	ray::rpc::WorkerInfoGcsService.grpc_client.AddWorkerInfo.OnReplyReceived - 1 total (0 active), Execution time: mean = 21.245 us, total = 21.245 us, Queueing time: mean = 28.049 us, max = 28.049 us, min = 28.049 us, total = 28.049 us
	CoreWorker.ExitIfParentRayletDies - 1 total (1 active), Execution time: mean = 0.000 s, total = 0.000 s, Queueing time: mean = 0.000 s, max = -0.000 s, min = 9223372036.855 s, total = 0.000 s

-----------------
Task Event stats:

IO Service Stats:

Global stats: 4 total (1 active)
Queueing time: mean = 10.020 us, max = 20.673 us, min = 19.408 us, total = 40.081 us
Execution time:  mean = 147.200 us, total = 588.801 us
Event stats:
	CoreWorker.deadline_timer.flush_task_events - 1 total (1 active), Execution time: mean = 0.000 s, total = 0.000 s, Queueing time: mean = 0.000 s, max = -0.000 s, min = 9223372036.855 s, total = 0.000 s
	ray::rpc::TaskInfoGcsService.grpc_client.AddTaskEventData - 1 total (0 active), Execution time: mean = 434.208 us, total = 434.208 us, Queueing time: mean = 0.000 s, max = -0.000 s, min = 9223372036.855 s, total = 0.000 s
	ray::rpc::TaskInfoGcsService.grpc_client.AddTaskEventData.OnReplyReceived - 1 total (0 active), Execution time: mean = 16.317 us, total = 16.317 us, Queueing time: mean = 19.408 us, max = 19.408 us, min = 19.408 us, total = 19.408 us
	PeriodicalRunner.RunFnPeriodically - 1 total (0 active), Execution time: mean = 138.276 us, total = 138.276 us, Queueing time: mean = 20.673 us, max = 20.673 us, min = 20.673 us, total = 20.673 us
Other Stats:
	grpc_in_progress:0
	current number of task status events in buffer: 0
	current number of profile events in buffer: 0
	current number of dropped task attempts tracked: 0
	total task events sent: 0 MiB
	total number of task attempts sent: 0
	total number of task attempts dropped reported: 0
	total number of sent failure: 0
	num status task events dropped: 0
	num profile task events dropped: 0


[2025-02-16 16:25:20,792 I 2774 2774] event.cc:491: Ray Event initialized for CORE_WORKER
[2025-02-16 16:25:20,792 I 2774 2774] event.cc:491: Ray Event initialized for EXPORT_TASK
[2025-02-16 16:25:20,792 I 2774 2774] event.cc:322: Set ray event level to warning
[2025-02-16 16:25:20,792 I 2774 2810] accessor.cc:762: Received notification for node, IsAlive = 1 node_id=e2a8235b1a5d9a56d69221182f2a84dad1790ce590062e454e5fef5d
[2025-02-16 16:25:20,792 I 2774 2810] core_worker.cc:4754: Number of alive nodes:1
[2025-02-16 16:25:20,795 I 2774 2774] actor_task_submitter.cc:73: Set actor max pending calls to -1 actor_id=a03197abf5b69c756c3ce51d01000000
[2025-02-16 16:25:20,795 I 2774 2774] core_worker.cc:3017: Creating actor actor_id=a03197abf5b69c756c3ce51d01000000
[2025-02-16 16:25:24,839 I 2774 2774] task_receiver.cc:196: Actor creation task finished, task_id: ffffffffffffffffa03197abf5b69c756c3ce51d01000000, actor_id: a03197abf5b69c756c3ce51d01000000, actor_repr_name: _train_tune
[2025-02-16 16:25:30,796 W 2774 2805] metric_exporter.cc:105: [1] Export metrics to agent failed: RpcError: RPC Error message: failed to connect to all addresses; last error: UNKNOWN: ipv4:127.0.0.1:62634: Failed to connect to remote host: Connection refused; RPC Error details: . This won't affect Ray, but you can lose metrics from the cluster.
[2025-02-16 16:25:50,414 I 2774 2810] core_worker.cc:4177: Force kill actor request has received. exiting immediately... The actor is dead because all references to the actor were removed.
[2025-02-16 16:25:50,414 W 2774 2810] core_worker.cc:958: Force exit the process.  Details: Worker exits because the actor is killed. The actor is dead because all references to the actor were removed.
[2025-02-16 16:25:50,415 I 2774 2810] core_worker.cc:855: Try killing all child processes of this worker as it exits. Child process pids: 
[2025-02-16 16:25:50,416 I 2774 2810] core_worker.cc:814: Disconnecting to the raylet.
[2025-02-16 16:25:50,416 I 2774 2810] raylet_client.cc:162: RayletClient::Disconnect, exit_type=INTENDED_SYSTEM_EXIT, exit_detail=Worker exits because the actor is killed. The actor is dead because all references to the actor were removed., has creation_task_exception_pb_bytes=0
[2025-02-16 16:25:50,416 W 2774 2810] raylet_client.cc:187: IOError: Broken pipe [RayletClient] Failed to disconnect from raylet. This means the raylet the worker is connected is probably already dead.
[2025-02-16 16:25:50,416 I 2774 2774] core_worker.cc:877: Exit signal received, this process will exit after all outstanding tasks have finished, exit_type=SYSTEM_ERROR, detail=Worker exits unexpectedly by a signal. SystemExit is raised (sys.exit is called). Exit code: 1. The process receives a SIGTERM.
[2025-02-16 16:25:50,416 W 2774 2774] core_worker.cc:890: Failed to notify Raylet. It is either the raylet is already dead or the raylet disconnects the client because it kills this worker.
