[2025-02-16 16:19:14,188 I 1886 1886] core_worker_process.cc:107: Constructing CoreWorkerProcess. pid: 1886
[2025-02-16 16:19:14,190 I 1886 1886] io_service_pool.cc:35: IOServicePool is running with 1 io_service.
[2025-02-16 16:19:14,192 I 1886 1886] grpc_server.cc:134: worker server started, listening on port 33571.
[2025-02-16 16:19:14,192 I 1886 1886] core_worker.cc:275: Initializing worker at address: 172.19.0.2:33571 worker_id=345d065eeac8c4bb08e8997c82dd6be729aca37b697b716a7636eae8 node_id=e2a8235b1a5d9a56d69221182f2a84dad1790ce590062e454e5fef5d
[2025-02-16 16:19:14,193 I 1886 1886] task_event_buffer.cc:257: Reporting task events to GCS every 1000ms.
[2025-02-16 16:19:14,194 I 1886 1886] core_worker.cc:703: Adjusted worker niceness to 15
[2025-02-16 16:19:14,194 I 1886 1922] core_worker.cc:642: Event stats:


Global stats: 14 total (9 active)
Queueing time: mean = 7.622 us, max = 44.778 us, min = 30.756 us, total = 106.703 us
Execution time:  mean = 100.607 us, total = 1.408 ms
Event stats:
	PeriodicalRunner.RunFnPeriodically - 7 total (5 active, 1 running), Execution time: mean = 2.008 us, total = 14.053 us, Queueing time: mean = 10.791 us, max = 44.778 us, min = 30.756 us, total = 75.534 us
	CoreWorker.ExitIfParentRayletDies - 1 total (1 active), Execution time: mean = 0.000 s, total = 0.000 s, Queueing time: mean = 0.000 s, max = -0.000 s, min = 9223372036.855 s, total = 0.000 s
	Publisher.CheckDeadSubscribers - 1 total (1 active), Execution time: mean = 0.000 s, total = 0.000 s, Queueing time: mean = 0.000 s, max = -0.000 s, min = 9223372036.855 s, total = 0.000 s
	ray::rpc::InternalPubSubGcsService.grpc_client.GcsSubscriberPoll - 1 total (1 active), Execution time: mean = 0.000 s, total = 0.000 s, Queueing time: mean = 0.000 s, max = -0.000 s, min = 9223372036.855 s, total = 0.000 s
	ray::rpc::InternalPubSubGcsService.grpc_client.GcsSubscriberCommandBatch - 1 total (0 active), Execution time: mean = 607.270 us, total = 607.270 us, Queueing time: mean = 0.000 s, max = -0.000 s, min = 9223372036.855 s, total = 0.000 s
	ray::rpc::WorkerInfoGcsService.grpc_client.AddWorkerInfo.OnReplyReceived - 1 total (0 active), Execution time: mean = 22.547 us, total = 22.547 us, Queueing time: mean = 31.169 us, max = 31.169 us, min = 31.169 us, total = 31.169 us
	ray::rpc::WorkerInfoGcsService.grpc_client.AddWorkerInfo - 1 total (0 active), Execution time: mean = 764.627 us, total = 764.627 us, Queueing time: mean = 0.000 s, max = -0.000 s, min = 9223372036.855 s, total = 0.000 s
	ray::rpc::InternalPubSubGcsService.grpc_client.GcsSubscriberCommandBatch.OnReplyReceived - 1 total (1 active), Execution time: mean = 0.000 s, total = 0.000 s, Queueing time: mean = 0.000 s, max = -0.000 s, min = 9223372036.855 s, total = 0.000 s

-----------------
Task Event stats:

IO Service Stats:

Global stats: 4 total (1 active)
Queueing time: mean = 10.179 us, max = 23.496 us, min = 17.219 us, total = 40.715 us
Execution time:  mean = 161.061 us, total = 644.243 us
Event stats:
	CoreWorker.deadline_timer.flush_task_events - 1 total (1 active), Execution time: mean = 0.000 s, total = 0.000 s, Queueing time: mean = 0.000 s, max = -0.000 s, min = 9223372036.855 s, total = 0.000 s
	ray::rpc::TaskInfoGcsService.grpc_client.AddTaskEventData.OnReplyReceived - 1 total (0 active), Execution time: mean = 14.706 us, total = 14.706 us, Queueing time: mean = 17.219 us, max = 17.219 us, min = 17.219 us, total = 17.219 us
	ray::rpc::TaskInfoGcsService.grpc_client.AddTaskEventData - 1 total (0 active), Execution time: mean = 490.820 us, total = 490.820 us, Queueing time: mean = 0.000 s, max = -0.000 s, min = 9223372036.855 s, total = 0.000 s
	PeriodicalRunner.RunFnPeriodically - 1 total (0 active), Execution time: mean = 138.717 us, total = 138.717 us, Queueing time: mean = 23.496 us, max = 23.496 us, min = 23.496 us, total = 23.496 us
Other Stats:
	grpc_in_progress:0
	current number of task status events in buffer: 0
	current number of profile events in buffer: 0
	current number of dropped task attempts tracked: 0
	total task events sent: 0 MiB
	total number of task attempts sent: 0
	total number of task attempts dropped reported: 0
	total number of sent failure: 0
	num status task events dropped: 0
	num profile task events dropped: 0


[2025-02-16 16:19:14,194 I 1886 1886] event.cc:491: Ray Event initialized for CORE_WORKER
[2025-02-16 16:19:14,194 I 1886 1886] event.cc:491: Ray Event initialized for EXPORT_TASK
[2025-02-16 16:19:14,194 I 1886 1886] event.cc:322: Set ray event level to warning
[2025-02-16 16:19:14,195 I 1886 1922] accessor.cc:762: Received notification for node, IsAlive = 1 node_id=e2a8235b1a5d9a56d69221182f2a84dad1790ce590062e454e5fef5d
[2025-02-16 16:19:14,195 I 1886 1922] core_worker.cc:4754: Number of alive nodes:1
[2025-02-16 16:19:14,195 I 1886 1886] actor_task_submitter.cc:73: Set actor max pending calls to -1 actor_id=dcbcc65aa97cfa97ff66ed7201000000
[2025-02-16 16:19:14,196 I 1886 1886] core_worker.cc:3017: Creating actor actor_id=dcbcc65aa97cfa97ff66ed7201000000
[2025-02-16 16:19:17,903 I 1886 1886] task_receiver.cc:196: Actor creation task finished, task_id: ffffffffffffffffdcbcc65aa97cfa97ff66ed7201000000, actor_id: dcbcc65aa97cfa97ff66ed7201000000, actor_repr_name: _train_tune
[2025-02-16 16:19:24,199 W 1886 1917] metric_exporter.cc:105: [1] Export metrics to agent failed: RpcError: RPC Error message: failed to connect to all addresses; last error: UNKNOWN: ipv4:127.0.0.1:62634: Failed to connect to remote host: Connection refused; RPC Error details: . This won't affect Ray, but you can lose metrics from the cluster.
[2025-02-16 16:20:03,952 I 1886 1922] core_worker.cc:4177: Force kill actor request has received. exiting immediately... The actor is dead because all references to the actor were removed.
[2025-02-16 16:20:03,952 W 1886 1922] core_worker.cc:958: Force exit the process.  Details: Worker exits because the actor is killed. The actor is dead because all references to the actor were removed.
[2025-02-16 16:20:03,953 I 1886 1922] core_worker.cc:855: Try killing all child processes of this worker as it exits. Child process pids: 
[2025-02-16 16:20:03,953 I 1886 1922] core_worker.cc:814: Disconnecting to the raylet.
[2025-02-16 16:20:03,953 I 1886 1922] raylet_client.cc:162: RayletClient::Disconnect, exit_type=INTENDED_SYSTEM_EXIT, exit_detail=Worker exits because the actor is killed. The actor is dead because all references to the actor were removed., has creation_task_exception_pb_bytes=0
[2025-02-16 16:20:03,953 W 1886 1922] raylet_client.cc:187: IOError: Broken pipe [RayletClient] Failed to disconnect from raylet. This means the raylet the worker is connected is probably already dead.
