[2025-02-16 16:30:12,289 I 3585 3585] core_worker_process.cc:107: Constructing CoreWorkerProcess. pid: 3585
[2025-02-16 16:30:12,291 I 3585 3585] io_service_pool.cc:35: IOServicePool is running with 1 io_service.
[2025-02-16 16:30:12,294 I 3585 3585] grpc_server.cc:134: worker server started, listening on port 40343.
[2025-02-16 16:30:12,295 I 3585 3585] core_worker.cc:275: Initializing worker at address: 172.19.0.2:40343 worker_id=89a30b77fb9fca6bf81e327e5baea9ed72ad65df5731d55ad19e5f84 node_id=e2a8235b1a5d9a56d69221182f2a84dad1790ce590062e454e5fef5d
[2025-02-16 16:30:12,295 I 3585 3585] task_event_buffer.cc:257: Reporting task events to GCS every 1000ms.
[2025-02-16 16:30:12,296 I 3585 3585] core_worker.cc:703: Adjusted worker niceness to 15
[2025-02-16 16:30:12,296 I 3585 3621] core_worker.cc:642: Event stats:


Global stats: 15 total (9 active)
Queueing time: mean = 10.877 us, max = 90.122 us, min = 21.151 us, total = 163.153 us
Execution time:  mean = 85.571 us, total = 1.284 ms
Event stats:
	PeriodicalRunner.RunFnPeriodically - 7 total (5 active, 1 running), Execution time: mean = 2.508 us, total = 17.553 us, Queueing time: mean = 15.896 us, max = 90.122 us, min = 21.151 us, total = 111.273 us
	ray::rpc::NodeInfoGcsService.grpc_client.GetAllNodeInfo - 1 total (1 active), Execution time: mean = 0.000 s, total = 0.000 s, Queueing time: mean = 0.000 s, max = -0.000 s, min = 9223372036.855 s, total = 0.000 s
	ray::rpc::InternalPubSubGcsService.grpc_client.GcsSubscriberCommandBatch.OnReplyReceived - 1 total (0 active), Execution time: mean = 121.467 us, total = 121.467 us, Queueing time: mean = 22.441 us, max = 22.441 us, min = 22.441 us, total = 22.441 us
	Publisher.CheckDeadSubscribers - 1 total (1 active), Execution time: mean = 0.000 s, total = 0.000 s, Queueing time: mean = 0.000 s, max = -0.000 s, min = 9223372036.855 s, total = 0.000 s
	ray::rpc::WorkerInfoGcsService.grpc_client.AddWorkerInfo - 1 total (0 active), Execution time: mean = 613.024 us, total = 613.024 us, Queueing time: mean = 0.000 s, max = -0.000 s, min = 9223372036.855 s, total = 0.000 s
	ray::rpc::InternalPubSubGcsService.grpc_client.GcsSubscriberPoll - 1 total (1 active), Execution time: mean = 0.000 s, total = 0.000 s, Queueing time: mean = 0.000 s, max = -0.000 s, min = 9223372036.855 s, total = 0.000 s
	CoreWorker.ExitIfParentRayletDies - 1 total (1 active), Execution time: mean = 0.000 s, total = 0.000 s, Queueing time: mean = 0.000 s, max = -0.000 s, min = 9223372036.855 s, total = 0.000 s
	ray::rpc::WorkerInfoGcsService.grpc_client.AddWorkerInfo.OnReplyReceived - 1 total (0 active), Execution time: mean = 64.470 us, total = 64.470 us, Queueing time: mean = 29.439 us, max = 29.439 us, min = 29.439 us, total = 29.439 us
	ray::rpc::InternalPubSubGcsService.grpc_client.GcsSubscriberCommandBatch - 1 total (0 active), Execution time: mean = 467.050 us, total = 467.050 us, Queueing time: mean = 0.000 s, max = -0.000 s, min = 9223372036.855 s, total = 0.000 s

-----------------
Task Event stats:

IO Service Stats:

Global stats: 4 total (1 active)
Queueing time: mean = 13.607 us, max = 32.508 us, min = 21.922 us, total = 54.430 us
Execution time:  mean = 153.945 us, total = 615.778 us
Event stats:
	CoreWorker.deadline_timer.flush_task_events - 1 total (1 active), Execution time: mean = 0.000 s, total = 0.000 s, Queueing time: mean = 0.000 s, max = -0.000 s, min = 9223372036.855 s, total = 0.000 s
	ray::rpc::TaskInfoGcsService.grpc_client.AddTaskEventData.OnReplyReceived - 1 total (0 active), Execution time: mean = 26.153 us, total = 26.153 us, Queueing time: mean = 32.508 us, max = 32.508 us, min = 32.508 us, total = 32.508 us
	ray::rpc::TaskInfoGcsService.grpc_client.AddTaskEventData - 1 total (0 active), Execution time: mean = 413.221 us, total = 413.221 us, Queueing time: mean = 0.000 s, max = -0.000 s, min = 9223372036.855 s, total = 0.000 s
	PeriodicalRunner.RunFnPeriodically - 1 total (0 active), Execution time: mean = 176.404 us, total = 176.404 us, Queueing time: mean = 21.922 us, max = 21.922 us, min = 21.922 us, total = 21.922 us
Other Stats:
	grpc_in_progress:0
	current number of task status events in buffer: 0
	current number of profile events in buffer: 0
	current number of dropped task attempts tracked: 0
	total task events sent: 0 MiB
	total number of task attempts sent: 0
	total number of task attempts dropped reported: 0
	total number of sent failure: 0
	num status task events dropped: 0
	num profile task events dropped: 0


[2025-02-16 16:30:12,297 I 3585 3585] event.cc:491: Ray Event initialized for CORE_WORKER
[2025-02-16 16:30:12,297 I 3585 3585] event.cc:491: Ray Event initialized for EXPORT_TASK
[2025-02-16 16:30:12,297 I 3585 3585] event.cc:322: Set ray event level to warning
[2025-02-16 16:30:12,297 I 3585 3621] accessor.cc:762: Received notification for node, IsAlive = 1 node_id=e2a8235b1a5d9a56d69221182f2a84dad1790ce590062e454e5fef5d
[2025-02-16 16:30:12,297 I 3585 3621] core_worker.cc:4754: Number of alive nodes:1
[2025-02-16 16:30:12,298 I 3585 3585] actor_task_submitter.cc:73: Set actor max pending calls to -1 actor_id=5347a03389187bdca415d01b01000000
[2025-02-16 16:30:12,298 I 3585 3585] core_worker.cc:3017: Creating actor actor_id=5347a03389187bdca415d01b01000000
[2025-02-16 16:30:16,476 I 3585 3585] task_receiver.cc:196: Actor creation task finished, task_id: ffffffffffffffff5347a03389187bdca415d01b01000000, actor_id: 5347a03389187bdca415d01b01000000, actor_repr_name: _train_tune
[2025-02-16 16:30:22,301 W 3585 3616] metric_exporter.cc:105: [1] Export metrics to agent failed: RpcError: RPC Error message: failed to connect to all addresses; last error: UNKNOWN: ipv4:127.0.0.1:62634: Failed to connect to remote host: Connection refused; RPC Error details: . This won't affect Ray, but you can lose metrics from the cluster.
[2025-02-16 16:30:50,495 I 3585 3621] core_worker.cc:4177: Force kill actor request has received. exiting immediately... The actor is dead because all references to the actor were removed.
[2025-02-16 16:30:50,495 W 3585 3621] core_worker.cc:958: Force exit the process.  Details: Worker exits because the actor is killed. The actor is dead because all references to the actor were removed.
[2025-02-16 16:30:50,496 I 3585 3621] core_worker.cc:855: Try killing all child processes of this worker as it exits. Child process pids: 
[2025-02-16 16:30:50,496 I 3585 3621] core_worker.cc:814: Disconnecting to the raylet.
[2025-02-16 16:30:50,496 I 3585 3621] raylet_client.cc:162: RayletClient::Disconnect, exit_type=INTENDED_SYSTEM_EXIT, exit_detail=Worker exits because the actor is killed. The actor is dead because all references to the actor were removed., has creation_task_exception_pb_bytes=0
[2025-02-16 16:30:50,497 W 3585 3621] raylet_client.cc:187: IOError: Broken pipe [RayletClient] Failed to disconnect from raylet. This means the raylet the worker is connected is probably already dead.
