[2025-02-16 16:20:56,327 I 2109 2109] core_worker_process.cc:107: Constructing CoreWorkerProcess. pid: 2109
[2025-02-16 16:20:56,329 I 2109 2109] io_service_pool.cc:35: IOServicePool is running with 1 io_service.
[2025-02-16 16:20:56,331 I 2109 2109] grpc_server.cc:134: worker server started, listening on port 38111.
[2025-02-16 16:20:56,332 I 2109 2109] core_worker.cc:275: Initializing worker at address: 172.19.0.2:38111 worker_id=e5a709906045e40731f45341c4e45eea59fc9e73c9a980547d215578 node_id=e2a8235b1a5d9a56d69221182f2a84dad1790ce590062e454e5fef5d
[2025-02-16 16:20:56,333 I 2109 2109] task_event_buffer.cc:257: Reporting task events to GCS every 1000ms.
[2025-02-16 16:20:56,334 I 2109 2109] core_worker.cc:703: Adjusted worker niceness to 15
[2025-02-16 16:20:56,334 I 2109 2145] core_worker.cc:642: Event stats:


Global stats: 11 total (5 active)
Queueing time: mean = 14.310 us, max = 56.130 us, min = 21.138 us, total = 157.415 us
Execution time:  mean = 116.668 us, total = 1.283 ms
Event stats:
	PeriodicalRunner.RunFnPeriodically - 3 total (1 active, 1 running), Execution time: mean = 5.495 us, total = 16.484 us, Queueing time: mean = 36.116 us, max = 56.130 us, min = 52.218 us, total = 108.348 us
	CoreWorker.ExitIfParentRayletDies - 1 total (1 active), Execution time: mean = 0.000 s, total = 0.000 s, Queueing time: mean = 0.000 s, max = -0.000 s, min = 9223372036.855 s, total = 0.000 s
	ray::rpc::WorkerInfoGcsService.grpc_client.AddWorkerInfo.OnReplyReceived - 1 total (0 active), Execution time: mean = 27.345 us, total = 27.345 us, Queueing time: mean = 27.929 us, max = 27.929 us, min = 27.929 us, total = 27.929 us
	ray::rpc::InternalPubSubGcsService.grpc_client.GcsSubscriberPoll - 1 total (1 active), Execution time: mean = 0.000 s, total = 0.000 s, Queueing time: mean = 0.000 s, max = -0.000 s, min = 9223372036.855 s, total = 0.000 s
	ray::rpc::WorkerInfoGcsService.grpc_client.AddWorkerInfo - 1 total (0 active), Execution time: mean = 564.538 us, total = 564.538 us, Queueing time: mean = 0.000 s, max = -0.000 s, min = 9223372036.855 s, total = 0.000 s
	ray::rpc::InternalPubSubGcsService.grpc_client.GcsSubscriberCommandBatch - 1 total (0 active), Execution time: mean = 579.938 us, total = 579.938 us, Queueing time: mean = 0.000 s, max = -0.000 s, min = 9223372036.855 s, total = 0.000 s
	ray::rpc::InternalPubSubGcsService.grpc_client.GcsSubscriberCommandBatch.OnReplyReceived - 1 total (0 active), Execution time: mean = 95.044 us, total = 95.044 us, Queueing time: mean = 21.138 us, max = 21.138 us, min = 21.138 us, total = 21.138 us
	ray::rpc::NodeInfoGcsService.grpc_client.GetAllNodeInfo - 1 total (1 active), Execution time: mean = 0.000 s, total = 0.000 s, Queueing time: mean = 0.000 s, max = -0.000 s, min = 9223372036.855 s, total = 0.000 s
	Publisher.CheckDeadSubscribers - 1 total (1 active), Execution time: mean = 0.000 s, total = 0.000 s, Queueing time: mean = 0.000 s, max = -0.000 s, min = 9223372036.855 s, total = 0.000 s

-----------------
Task Event stats:

IO Service Stats:

Global stats: 4 total (1 active)
Queueing time: mean = 15.685 us, max = 43.466 us, min = 19.273 us, total = 62.739 us
Execution time:  mean = 204.571 us, total = 818.284 us
Event stats:
	CoreWorker.deadline_timer.flush_task_events - 1 total (1 active), Execution time: mean = 0.000 s, total = 0.000 s, Queueing time: mean = 0.000 s, max = -0.000 s, min = 9223372036.855 s, total = 0.000 s
	PeriodicalRunner.RunFnPeriodically - 1 total (0 active), Execution time: mean = 231.873 us, total = 231.873 us, Queueing time: mean = 43.466 us, max = 43.466 us, min = 43.466 us, total = 43.466 us
	ray::rpc::TaskInfoGcsService.grpc_client.AddTaskEventData.OnReplyReceived - 1 total (0 active), Execution time: mean = 14.187 us, total = 14.187 us, Queueing time: mean = 19.273 us, max = 19.273 us, min = 19.273 us, total = 19.273 us
	ray::rpc::TaskInfoGcsService.grpc_client.AddTaskEventData - 1 total (0 active), Execution time: mean = 572.224 us, total = 572.224 us, Queueing time: mean = 0.000 s, max = -0.000 s, min = 9223372036.855 s, total = 0.000 s
Other Stats:
	grpc_in_progress:0
	current number of task status events in buffer: 0
	current number of profile events in buffer: 0
	current number of dropped task attempts tracked: 0
	total task events sent: 0 MiB
	total number of task attempts sent: 0
	total number of task attempts dropped reported: 0
	total number of sent failure: 0
	num status task events dropped: 0
	num profile task events dropped: 0


[2025-02-16 16:20:56,334 I 2109 2109] event.cc:491: Ray Event initialized for CORE_WORKER
[2025-02-16 16:20:56,334 I 2109 2145] accessor.cc:762: Received notification for node, IsAlive = 1 node_id=e2a8235b1a5d9a56d69221182f2a84dad1790ce590062e454e5fef5d
[2025-02-16 16:20:56,334 I 2109 2145] core_worker.cc:4754: Number of alive nodes:1
[2025-02-16 16:20:56,334 I 2109 2109] event.cc:491: Ray Event initialized for EXPORT_TASK
[2025-02-16 16:20:56,334 I 2109 2109] event.cc:322: Set ray event level to warning
[2025-02-16 16:20:56,336 I 2109 2109] actor_task_submitter.cc:73: Set actor max pending calls to -1 actor_id=a9235da0890629e4818b526401000000
[2025-02-16 16:20:56,336 I 2109 2109] core_worker.cc:3017: Creating actor actor_id=a9235da0890629e4818b526401000000
[2025-02-16 16:21:00,402 I 2109 2109] task_receiver.cc:196: Actor creation task finished, task_id: ffffffffffffffffa9235da0890629e4818b526401000000, actor_id: a9235da0890629e4818b526401000000, actor_repr_name: _train_tune
[2025-02-16 16:21:06,382 W 2109 2140] metric_exporter.cc:105: [1] Export metrics to agent failed: RpcError: RPC Error message: failed to connect to all addresses; last error: UNKNOWN: ipv4:127.0.0.1:62634: Failed to connect to remote host: Connection refused; RPC Error details: . This won't affect Ray, but you can lose metrics from the cluster.
[2025-02-16 16:21:08,826 I 2109 2145] core_worker.cc:4177: Force kill actor request has received. exiting immediately... The actor is dead because all references to the actor were removed.
[2025-02-16 16:21:08,826 W 2109 2145] core_worker.cc:958: Force exit the process.  Details: Worker exits because the actor is killed. The actor is dead because all references to the actor were removed.
[2025-02-16 16:21:08,826 I 2109 2145] core_worker.cc:855: Try killing all child processes of this worker as it exits. Child process pids: 
[2025-02-16 16:21:08,827 I 2109 2145] core_worker.cc:814: Disconnecting to the raylet.
[2025-02-16 16:21:08,827 I 2109 2145] raylet_client.cc:162: RayletClient::Disconnect, exit_type=INTENDED_SYSTEM_EXIT, exit_detail=Worker exits because the actor is killed. The actor is dead because all references to the actor were removed., has creation_task_exception_pb_bytes=0
[2025-02-16 16:21:08,827 W 2109 2145] raylet_client.cc:187: IOError: Broken pipe [RayletClient] Failed to disconnect from raylet. This means the raylet the worker is connected is probably already dead.
