[2025-02-16 16:27:01,105 I 2997 2997] core_worker_process.cc:107: Constructing CoreWorkerProcess. pid: 2997
[2025-02-16 16:27:01,107 I 2997 2997] io_service_pool.cc:35: IOServicePool is running with 1 io_service.
[2025-02-16 16:27:01,109 I 2997 2997] grpc_server.cc:134: worker server started, listening on port 41529.
[2025-02-16 16:27:01,111 I 2997 2997] core_worker.cc:275: Initializing worker at address: 172.19.0.2:41529 worker_id=2dc05919d43037692c4b3d82c4657bf9db1b161214b15dc7b4796bd9 node_id=e2a8235b1a5d9a56d69221182f2a84dad1790ce590062e454e5fef5d
[2025-02-16 16:27:01,112 I 2997 2997] task_event_buffer.cc:257: Reporting task events to GCS every 1000ms.
[2025-02-16 16:27:01,113 I 2997 2997] core_worker.cc:703: Adjusted worker niceness to 15
[2025-02-16 16:27:01,113 I 2997 3033] core_worker.cc:642: Event stats:


Global stats: 12 total (5 active)
Queueing time: mean = 37.766 us, max = 327.061 us, min = 35.275 us, total = 453.197 us
Execution time:  mean = 168.760 us, total = 2.025 ms
Event stats:
	PeriodicalRunner.RunFnPeriodically - 3 total (1 active, 1 running), Execution time: mean = 5.961 us, total = 17.884 us, Queueing time: mean = 124.998 us, max = 327.061 us, min = 47.933 us, total = 374.994 us
	CoreWorker.ExitIfParentRayletDies - 1 total (1 active), Execution time: mean = 0.000 s, total = 0.000 s, Queueing time: mean = 0.000 s, max = -0.000 s, min = 9223372036.855 s, total = 0.000 s
	Publisher.CheckDeadSubscribers - 1 total (1 active), Execution time: mean = 0.000 s, total = 0.000 s, Queueing time: mean = 0.000 s, max = -0.000 s, min = 9223372036.855 s, total = 0.000 s
	ray::rpc::WorkerInfoGcsService.grpc_client.AddWorkerInfo - 1 total (0 active), Execution time: mean = 787.007 us, total = 787.007 us, Queueing time: mean = 0.000 s, max = -0.000 s, min = 9223372036.855 s, total = 0.000 s
	ray::rpc::InternalPubSubGcsService.grpc_client.GcsSubscriberCommandBatch - 1 total (0 active), Execution time: mean = 487.757 us, total = 487.757 us, Queueing time: mean = 0.000 s, max = -0.000 s, min = 9223372036.855 s, total = 0.000 s
	ray::rpc::WorkerInfoGcsService.grpc_client.AddWorkerInfo.OnReplyReceived - 1 total (0 active), Execution time: mean = 31.464 us, total = 31.464 us, Queueing time: mean = 35.275 us, max = 35.275 us, min = 35.275 us, total = 35.275 us
	ray::rpc::InternalPubSubGcsService.grpc_client.GcsSubscriberCommandBatch.OnReplyReceived - 1 total (0 active), Execution time: mean = 132.067 us, total = 132.067 us, Queueing time: mean = 42.928 us, max = 42.928 us, min = 42.928 us, total = 42.928 us
	ray::rpc::NodeInfoGcsService.grpc_client.GetAllNodeInfo - 1 total (0 active), Execution time: mean = 568.936 us, total = 568.936 us, Queueing time: mean = 0.000 s, max = -0.000 s, min = 9223372036.855 s, total = 0.000 s
	ray::rpc::NodeInfoGcsService.grpc_client.GetAllNodeInfo.OnReplyReceived - 1 total (1 active), Execution time: mean = 0.000 s, total = 0.000 s, Queueing time: mean = 0.000 s, max = -0.000 s, min = 9223372036.855 s, total = 0.000 s
	ray::rpc::InternalPubSubGcsService.grpc_client.GcsSubscriberPoll - 1 total (1 active), Execution time: mean = 0.000 s, total = 0.000 s, Queueing time: mean = 0.000 s, max = -0.000 s, min = 9223372036.855 s, total = 0.000 s

-----------------
Task Event stats:

IO Service Stats:

Global stats: 4 total (1 active)
Queueing time: mean = 23.410 us, max = 50.608 us, min = 43.033 us, total = 93.641 us
Execution time:  mean = 219.790 us, total = 879.160 us
Event stats:
	ray::rpc::TaskInfoGcsService.grpc_client.AddTaskEventData - 1 total (0 active), Execution time: mean = 701.132 us, total = 701.132 us, Queueing time: mean = 0.000 s, max = -0.000 s, min = 9223372036.855 s, total = 0.000 s
	ray::rpc::TaskInfoGcsService.grpc_client.AddTaskEventData.OnReplyReceived - 1 total (0 active), Execution time: mean = 22.772 us, total = 22.772 us, Queueing time: mean = 43.033 us, max = 43.033 us, min = 43.033 us, total = 43.033 us
	CoreWorker.deadline_timer.flush_task_events - 1 total (1 active), Execution time: mean = 0.000 s, total = 0.000 s, Queueing time: mean = 0.000 s, max = -0.000 s, min = 9223372036.855 s, total = 0.000 s
	PeriodicalRunner.RunFnPeriodically - 1 total (0 active), Execution time: mean = 155.256 us, total = 155.256 us, Queueing time: mean = 50.608 us, max = 50.608 us, min = 50.608 us, total = 50.608 us
Other Stats:
	grpc_in_progress:0
	current number of task status events in buffer: 0
	current number of profile events in buffer: 0
	current number of dropped task attempts tracked: 0
	total task events sent: 0 MiB
	total number of task attempts sent: 0
	total number of task attempts dropped reported: 0
	total number of sent failure: 0
	num status task events dropped: 0
	num profile task events dropped: 0


[2025-02-16 16:27:01,113 I 2997 3033] accessor.cc:762: Received notification for node, IsAlive = 1 node_id=e2a8235b1a5d9a56d69221182f2a84dad1790ce590062e454e5fef5d
[2025-02-16 16:27:01,114 I 2997 3033] core_worker.cc:4754: Number of alive nodes:1
[2025-02-16 16:27:01,114 I 2997 2997] event.cc:491: Ray Event initialized for CORE_WORKER
[2025-02-16 16:27:01,114 I 2997 2997] event.cc:491: Ray Event initialized for EXPORT_TASK
[2025-02-16 16:27:01,114 I 2997 2997] event.cc:322: Set ray event level to warning
[2025-02-16 16:27:01,116 I 2997 2997] actor_task_submitter.cc:73: Set actor max pending calls to -1 actor_id=d2ed7524c9aafb25c3f59fc001000000
[2025-02-16 16:27:01,116 I 2997 2997] core_worker.cc:3017: Creating actor actor_id=d2ed7524c9aafb25c3f59fc001000000
[2025-02-16 16:27:05,354 I 2997 2997] task_receiver.cc:196: Actor creation task finished, task_id: ffffffffffffffffd2ed7524c9aafb25c3f59fc001000000, actor_id: d2ed7524c9aafb25c3f59fc001000000, actor_repr_name: _train_tune
[2025-02-16 16:27:11,163 W 2997 3028] metric_exporter.cc:105: [1] Export metrics to agent failed: RpcError: RPC Error message: failed to connect to all addresses; last error: UNKNOWN: ipv4:127.0.0.1:62634: Failed to connect to remote host: Connection refused; RPC Error details: . This won't affect Ray, but you can lose metrics from the cluster.
[2025-02-16 16:27:20,267 I 2997 2997] core_worker.cc:877: Exit signal received, this process will exit after all outstanding tasks have finished, exit_type=SYSTEM_ERROR, detail=Worker exits unexpectedly by a signal. SystemExit is raised (sys.exit is called). Exit code: 1. The process receives a SIGTERM.
[2025-02-16 16:27:20,267 W 2997 2997] core_worker.cc:890: Failed to notify Raylet. It is either the raylet is already dead or the raylet disconnects the client because it kills this worker.
[2025-02-16 16:27:20,269 I 2997 2997] core_worker.cc:855: Try killing all child processes of this worker as it exits. Child process pids: 
[2025-02-16 16:27:20,271 I 2997 2997] core_worker.cc:814: Disconnecting to the raylet.
[2025-02-16 16:27:20,271 I 2997 2997] raylet_client.cc:162: RayletClient::Disconnect, exit_type=SYSTEM_ERROR, exit_detail=Worker exits unexpectedly by a signal. SystemExit is raised (sys.exit is called). Exit code: 1. The process receives a SIGTERM., has creation_task_exception_pb_bytes=0
[2025-02-16 16:27:20,271 W 2997 2997] raylet_client.cc:187: IOError: Broken pipe [RayletClient] Failed to disconnect from raylet. This means the raylet the worker is connected is probably already dead.
[2025-02-16 16:27:20,271 I 2997 2997] core_worker.cc:722: Shutting down a core worker.
[2025-02-16 16:27:20,271 I 2997 2997] task_event_buffer.cc:268: Shutting down TaskEventBuffer.
[2025-02-16 16:27:20,271 I 2997 3048] task_event_buffer.cc:236: Task event buffer io service stopped.
[2025-02-16 16:27:20,271 I 2997 2997] core_worker.cc:748: Disconnecting a GCS client.
[2025-02-16 16:27:20,271 I 2997 2997] core_worker.cc:752: Waiting for joining a core worker io thread. If it hangs here, there might be deadlock or a high load in the core worker io service.
[2025-02-16 16:27:20,271 I 2997 3033] core_worker.cc:985: Core worker main io service stopped.
[2025-02-16 16:27:20,272 I 2997 2997] core_worker.cc:765: Core worker ready to be deallocated.
[2025-02-16 16:27:20,272 I 2997 2997] core_worker_process.cc:249: Task execution loop terminated. Removing the global worker.
[2025-02-16 16:27:20,272 I 2997 2997] core_worker.cc:713: Core worker is destructed
[2025-02-16 16:27:20,272 I 2997 2997] task_event_buffer.cc:268: Shutting down TaskEventBuffer.
[2025-02-16 16:27:20,515 I 2997 2997] core_worker_process.cc:151: Destructing CoreWorkerProcessImpl. pid: 2997
[2025-02-16 16:27:20,516 I 2997 2997] io_service_pool.cc:47: IOServicePool is stopped.
[2025-02-16 16:27:20,572 I 2997 2997] stats.h:120: Stats module has shutdown.
