[2025-02-16 16:27:42,014 I 3143 3143] core_worker_process.cc:107: Constructing CoreWorkerProcess. pid: 3143
[2025-02-16 16:27:42,015 I 3143 3143] io_service_pool.cc:35: IOServicePool is running with 1 io_service.
[2025-02-16 16:27:42,019 I 3143 3143] grpc_server.cc:134: worker server started, listening on port 34217.
[2025-02-16 16:27:42,021 I 3143 3143] core_worker.cc:275: Initializing worker at address: 172.19.0.2:34217 worker_id=d5df188239bfac05931a41b3863b0a05cb63662d9c23ad3b60036f51 node_id=e2a8235b1a5d9a56d69221182f2a84dad1790ce590062e454e5fef5d
[2025-02-16 16:27:42,022 I 3143 3143] task_event_buffer.cc:257: Reporting task events to GCS every 1000ms.
[2025-02-16 16:27:42,023 I 3143 3143] core_worker.cc:703: Adjusted worker niceness to 15
[2025-02-16 16:27:42,023 I 3143 3143] event.cc:491: Ray Event initialized for CORE_WORKER
[2025-02-16 16:27:42,023 I 3143 3180] core_worker.cc:642: Event stats:


Global stats: 15 total (9 active)
Queueing time: mean = 10.527 us, max = 72.478 us, min = 18.508 us, total = 157.909 us
Execution time:  mean = 79.093 us, total = 1.186 ms
Event stats:
	PeriodicalRunner.RunFnPeriodically - 7 total (5 active, 1 running), Execution time: mean = 2.616 us, total = 18.311 us, Queueing time: mean = 15.146 us, max = 72.478 us, min = 33.543 us, total = 106.021 us
	ray::rpc::WorkerInfoGcsService.grpc_client.AddWorkerInfo - 1 total (0 active), Execution time: mean = 514.057 us, total = 514.057 us, Queueing time: mean = 0.000 s, max = -0.000 s, min = 9223372036.855 s, total = 0.000 s
	ray::rpc::InternalPubSubGcsService.grpc_client.GcsSubscriberPoll - 1 total (1 active), Execution time: mean = 0.000 s, total = 0.000 s, Queueing time: mean = 0.000 s, max = -0.000 s, min = 9223372036.855 s, total = 0.000 s
	ray::rpc::WorkerInfoGcsService.grpc_client.AddWorkerInfo.OnReplyReceived - 1 total (0 active), Execution time: mean = 16.769 us, total = 16.769 us, Queueing time: mean = 18.508 us, max = 18.508 us, min = 18.508 us, total = 18.508 us
	ray::rpc::InternalPubSubGcsService.grpc_client.GcsSubscriberCommandBatch.OnReplyReceived - 1 total (0 active), Execution time: mean = 88.612 us, total = 88.612 us, Queueing time: mean = 33.380 us, max = 33.380 us, min = 33.380 us, total = 33.380 us
	CoreWorker.ExitIfParentRayletDies - 1 total (1 active), Execution time: mean = 0.000 s, total = 0.000 s, Queueing time: mean = 0.000 s, max = -0.000 s, min = 9223372036.855 s, total = 0.000 s
	Publisher.CheckDeadSubscribers - 1 total (1 active), Execution time: mean = 0.000 s, total = 0.000 s, Queueing time: mean = 0.000 s, max = -0.000 s, min = 9223372036.855 s, total = 0.000 s
	ray::rpc::InternalPubSubGcsService.grpc_client.GcsSubscriberCommandBatch - 1 total (0 active), Execution time: mean = 548.649 us, total = 548.649 us, Queueing time: mean = 0.000 s, max = -0.000 s, min = 9223372036.855 s, total = 0.000 s
	ray::rpc::NodeInfoGcsService.grpc_client.GetAllNodeInfo - 1 total (1 active), Execution time: mean = 0.000 s, total = 0.000 s, Queueing time: mean = 0.000 s, max = -0.000 s, min = 9223372036.855 s, total = 0.000 s

-----------------
Task Event stats:

IO Service Stats:

Global stats: 4 total (1 active)
Queueing time: mean = 11.995 us, max = 30.319 us, min = 17.660 us, total = 47.979 us
Execution time:  mean = 133.789 us, total = 535.155 us
Event stats:
	ray::rpc::TaskInfoGcsService.grpc_client.AddTaskEventData.OnReplyReceived - 1 total (0 active), Execution time: mean = 17.404 us, total = 17.404 us, Queueing time: mean = 30.319 us, max = 30.319 us, min = 30.319 us, total = 30.319 us
	CoreWorker.deadline_timer.flush_task_events - 1 total (1 active), Execution time: mean = 0.000 s, total = 0.000 s, Queueing time: mean = 0.000 s, max = -0.000 s, min = 9223372036.855 s, total = 0.000 s
	PeriodicalRunner.RunFnPeriodically - 1 total (0 active), Execution time: mean = 116.242 us, total = 116.242 us, Queueing time: mean = 17.660 us, max = 17.660 us, min = 17.660 us, total = 17.660 us
	ray::rpc::TaskInfoGcsService.grpc_client.AddTaskEventData - 1 total (0 active), Execution time: mean = 401.509 us, total = 401.509 us, Queueing time: mean = 0.000 s, max = -0.000 s, min = 9223372036.855 s, total = 0.000 s
Other Stats:
	grpc_in_progress:0
	current number of task status events in buffer: 0
	current number of profile events in buffer: 0
	current number of dropped task attempts tracked: 0
	total task events sent: 0 MiB
	total number of task attempts sent: 0
	total number of task attempts dropped reported: 0
	total number of sent failure: 0
	num status task events dropped: 0
	num profile task events dropped: 0


[2025-02-16 16:27:42,023 I 3143 3143] event.cc:491: Ray Event initialized for EXPORT_TASK
[2025-02-16 16:27:42,023 I 3143 3143] event.cc:322: Set ray event level to warning
[2025-02-16 16:27:42,024 I 3143 3180] accessor.cc:762: Received notification for node, IsAlive = 1 node_id=e2a8235b1a5d9a56d69221182f2a84dad1790ce590062e454e5fef5d
[2025-02-16 16:27:42,024 I 3143 3180] core_worker.cc:4754: Number of alive nodes:1
[2025-02-16 16:27:42,028 I 3143 3143] actor_task_submitter.cc:73: Set actor max pending calls to -1 actor_id=be84c3892b59f9efc93d93bc01000000
[2025-02-16 16:27:42,028 I 3143 3143] core_worker.cc:3017: Creating actor actor_id=be84c3892b59f9efc93d93bc01000000
[2025-02-16 16:27:45,794 I 3143 3143] task_receiver.cc:196: Actor creation task finished, task_id: ffffffffffffffffbe84c3892b59f9efc93d93bc01000000, actor_id: be84c3892b59f9efc93d93bc01000000, actor_repr_name: _train_tune
[2025-02-16 16:27:52,027 W 3143 3175] metric_exporter.cc:105: [1] Export metrics to agent failed: RpcError: RPC Error message: failed to connect to all addresses; last error: UNKNOWN: ipv4:127.0.0.1:62634: Failed to connect to remote host: Connection refused; RPC Error details: . This won't affect Ray, but you can lose metrics from the cluster.
[2025-02-16 16:28:00,445 I 3143 3180] core_worker.cc:4177: Force kill actor request has received. exiting immediately... The actor is dead because all references to the actor were removed.
[2025-02-16 16:28:00,445 W 3143 3180] core_worker.cc:958: Force exit the process.  Details: Worker exits because the actor is killed. The actor is dead because all references to the actor were removed.
[2025-02-16 16:28:00,445 I 3143 3180] core_worker.cc:855: Try killing all child processes of this worker as it exits. Child process pids: 
[2025-02-16 16:28:00,446 I 3143 3180] core_worker.cc:814: Disconnecting to the raylet.
[2025-02-16 16:28:00,446 I 3143 3180] raylet_client.cc:162: RayletClient::Disconnect, exit_type=INTENDED_SYSTEM_EXIT, exit_detail=Worker exits because the actor is killed. The actor is dead because all references to the actor were removed., has creation_task_exception_pb_bytes=0
[2025-02-16 16:28:00,446 W 3143 3180] raylet_client.cc:187: IOError: Broken pipe [RayletClient] Failed to disconnect from raylet. This means the raylet the worker is connected is probably already dead.
