:job_id:01000000
:actor_name:ImplicitFunc
:actor_name:_train_tune
/app/.venv/lib/python3.11/site-packages/ray/tune/integration/pytorch_lightning.py:198: `ray.tune.integration.pytorch_lightning.TuneReportCallback` is deprecated. Use `ray.tune.integration.pytorch_lightning.TuneReportCheckpointCallback` instead.
Seed set to 2
GPU available: True (cuda), used: True
TPU available: False, using: 0 TPU cores
HPU available: False, using: 0 HPUs
You are using a CUDA device ('NVIDIA GeForce RTX 4070 Laptop GPU') that has Tensor Cores. To properly utilize them, you should set `torch.set_float32_matmul_precision('medium' | 'high')` which will trade-off precision for performance. For more details, read https://pytorch.org/docs/stable/generated/torch.set_float32_matmul_precision.html#torch.set_float32_matmul_precision
LOCAL_RANK: 0 - CUDA_VISIBLE_DEVICES: [0]

  | Name            | Type          | Params | Mode 
----------------------------------------------------------
0 | loss            | WMAPE         | 0      | train
1 | padder          | ConstantPad1d | 0      | train
2 | scaler          | TemporalNorm  | 0      | train
3 | hist_encoder    | LSTM          | 484 K  | train
4 | context_adapter | Linear        | 82.4 K | train
5 | mlp_decoder     | MLP           | 897    | train
----------------------------------------------------------
567 K     Trainable params
0         Non-trainable params
567 K     Total params
2.269     Total estimated model params size (MB)
11        Modules in train mode
0         Modules in eval mode
`Trainer.fit` stopped: `max_steps=500` reached.
