2025-02-10 18:41:03,709 - tune_model - DEBUG - Salvando configuração inicial: {'h': 417, 'encoder_hidden_size': <ray.tune.search.sample.Categorical object at 0x7f876fd52150>, 'encoder_n_layers': <ray.tune.search.sample.Integer object at 0x7f876fdfb090>, 'context_size': <ray.tune.search.sample.Categorical object at 0x7f876fdf32d0>, 'decoder_hidden_size': <ray.tune.search.sample.Categorical object at 0x7f876fe049d0>, 'learning_rate': <ray.tune.search.sample.Float object at 0x7f876fd7ad10>, 'max_steps': <ray.tune.search.sample.Categorical object at 0x7f876fe10810>, 'batch_size': <ray.tune.search.sample.Categorical object at 0x7f876fe108d0>, 'loss': WMAPE(), 'random_seed': <ray.tune.search.sample.Integer object at 0x7f876fe10950>, 'input_size': <ray.tune.search.sample.Categorical object at 0x7f876fe109d0>, 'inference_input_size': <ray.tune.search.sample.Categorical object at 0x7f876fe10a50>, 'valid_loss': WMAPE()}
2025-02-10 18:42:29,839 - tune_model - DEBUG - Configuração após o treino: {'h': 417, 'encoder_hidden_size': <ray.tune.search.sample.Categorical object at 0x7f876fd52150>, 'encoder_n_layers': <ray.tune.search.sample.Integer object at 0x7f876fdfb090>, 'context_size': <ray.tune.search.sample.Categorical object at 0x7f876fdf32d0>, 'decoder_hidden_size': <ray.tune.search.sample.Categorical object at 0x7f876fe049d0>, 'learning_rate': <ray.tune.search.sample.Float object at 0x7f876fd7ad10>, 'max_steps': <ray.tune.search.sample.Categorical object at 0x7f876fe10810>, 'batch_size': <ray.tune.search.sample.Categorical object at 0x7f876fe108d0>, 'loss': WMAPE(), 'random_seed': <ray.tune.search.sample.Integer object at 0x7f876fe10950>, 'input_size': <ray.tune.search.sample.Categorical object at 0x7f876fe109d0>, 'inference_input_size': <ray.tune.search.sample.Categorical object at 0x7f876fe10a50>, 'valid_loss': WMAPE()}
2025-02-10 18:42:29,893 - tune_model - INFO - Salvando modelo em: ml_models/neuralforecast_lstm_2025-02-10.joblib
2025-02-10 18:42:30,305 - tune_model - INFO - Plot salvo em : reports/forecast_plot_2025-02-10.png
2025-02-10 18:46:12,375 - tune_model - DEBUG - Salvando configuração inicial: {'h': 417, 'encoder_hidden_size': <ray.tune.search.sample.Categorical object at 0x7f233042be90>, 'encoder_n_layers': <ray.tune.search.sample.Integer object at 0x7f2330432f90>, 'context_size': <ray.tune.search.sample.Categorical object at 0x7f2330433190>, 'decoder_hidden_size': <ray.tune.search.sample.Categorical object at 0x7f2330432f10>, 'learning_rate': <ray.tune.search.sample.Float object at 0x7f2330433290>, 'max_steps': <ray.tune.search.sample.Categorical object at 0x7f23304332d0>, 'batch_size': <ray.tune.search.sample.Categorical object at 0x7f2330433350>, 'loss': WMAPE(), 'random_seed': <ray.tune.search.sample.Integer object at 0x7f23304333d0>, 'input_size': <ray.tune.search.sample.Categorical object at 0x7f2330433450>, 'inference_input_size': <ray.tune.search.sample.Categorical object at 0x7f23304334d0>, 'valid_loss': WMAPE()}
2025-02-10 19:00:56,605 - tune_model - DEBUG - Configuração após o treino: {'h': 417, 'encoder_hidden_size': <ray.tune.search.sample.Categorical object at 0x7f233042be90>, 'encoder_n_layers': <ray.tune.search.sample.Integer object at 0x7f2330432f90>, 'context_size': <ray.tune.search.sample.Categorical object at 0x7f2330433190>, 'decoder_hidden_size': <ray.tune.search.sample.Categorical object at 0x7f2330432f10>, 'learning_rate': <ray.tune.search.sample.Float object at 0x7f2330433290>, 'max_steps': <ray.tune.search.sample.Categorical object at 0x7f23304332d0>, 'batch_size': <ray.tune.search.sample.Categorical object at 0x7f2330433350>, 'loss': WMAPE(), 'random_seed': <ray.tune.search.sample.Integer object at 0x7f23304333d0>, 'input_size': <ray.tune.search.sample.Categorical object at 0x7f2330433450>, 'inference_input_size': <ray.tune.search.sample.Categorical object at 0x7f23304334d0>, 'valid_loss': WMAPE()}
2025-02-10 19:00:57,086 - tune_model - INFO - Salvando modelo em: ml_models/neuralforecast_lstm_2025-02-10.joblib
2025-02-10 19:00:57,209 - tune_model - INFO - A avaliação do wmape é: 0.25643233195758935
2025-02-10 19:00:57,452 - tune_model - INFO - Plot salvo em : reports/forecast_plot_2025-02-10.png
2025-02-10 19:03:21,283 - tune_model - DEBUG - Salvando configuração inicial: {'h': 417, 'encoder_hidden_size': <ray.tune.search.sample.Categorical object at 0x7f970cb93650>, 'encoder_n_layers': <ray.tune.search.sample.Integer object at 0x7f970cb9abd0>, 'context_size': <ray.tune.search.sample.Categorical object at 0x7f970cb9ae50>, 'decoder_hidden_size': <ray.tune.search.sample.Categorical object at 0x7f970cb9ab50>, 'learning_rate': <ray.tune.search.sample.Float object at 0x7f970cb9af10>, 'max_steps': <ray.tune.search.sample.Categorical object at 0x7f970cb9af90>, 'batch_size': <ray.tune.search.sample.Categorical object at 0x7f970cb9b010>, 'loss': WMAPE(), 'random_seed': <ray.tune.search.sample.Integer object at 0x7f970cb9b090>, 'input_size': <ray.tune.search.sample.Categorical object at 0x7f970cb9b110>, 'inference_input_size': <ray.tune.search.sample.Categorical object at 0x7f970cb9b190>, 'valid_loss': WMAPE()}
2025-02-10 19:18:22,394 - tune_model - DEBUG - Configuração após o treino: {'h': 417, 'encoder_hidden_size': <ray.tune.search.sample.Categorical object at 0x7f970cb93650>, 'encoder_n_layers': <ray.tune.search.sample.Integer object at 0x7f970cb9abd0>, 'context_size': <ray.tune.search.sample.Categorical object at 0x7f970cb9ae50>, 'decoder_hidden_size': <ray.tune.search.sample.Categorical object at 0x7f970cb9ab50>, 'learning_rate': <ray.tune.search.sample.Float object at 0x7f970cb9af10>, 'max_steps': <ray.tune.search.sample.Categorical object at 0x7f970cb9af90>, 'batch_size': <ray.tune.search.sample.Categorical object at 0x7f970cb9b010>, 'loss': WMAPE(), 'random_seed': <ray.tune.search.sample.Integer object at 0x7f970cb9b090>, 'input_size': <ray.tune.search.sample.Categorical object at 0x7f970cb9b110>, 'inference_input_size': <ray.tune.search.sample.Categorical object at 0x7f970cb9b190>, 'valid_loss': WMAPE()}
2025-02-10 19:18:22,463 - tune_model - INFO - Salvando modelo em: ml_models/neuralforecast_lstm_2025-02-10.joblib
2025-02-10 19:18:22,569 - tune_model - INFO - A avaliação do wmape é: 0.25643233195758935
2025-02-10 19:18:22,570 - tune_model - DEBUG - Stocks previstos: ['WEGE3.SA']
2025-02-10 19:18:22,790 - tune_model - INFO - Plot salvo em : reports/forecast_plot_2025-02-10.png
2025-02-10 19:21:45,260 - tune_model - INFO - Dados carregados para os seguintes símbolos ['ABEV3.SA' 'BBAS3.SA' 'BBDC3.SA' 'BBDC4.SA' 'BPAC11.SA' 'ITSA4.SA'
 'ITUB4.SA' 'JBSS3.SA' 'KLBN11.SA' 'PETR4.SA' 'SANB11.SA' 'VALE3.SA'
 'WEGE3.SA']
2025-02-10 19:21:45,264 - tune_model - INFO - Modelo carregado.
2025-02-10 19:21:45,284 - tune_model - INFO - Definindo o nome do experimento como : fiap_mle_fase4_20250210_1921
2025-02-10 19:21:45,391 - tune_model - DEBUG - Salvando configuração inicial: {'h': 417, 'encoder_hidden_size': <ray.tune.search.sample.Categorical object at 0x7f189f0e6d10>, 'encoder_n_layers': <ray.tune.search.sample.Integer object at 0x7f189f0f0f50>, 'context_size': <ray.tune.search.sample.Categorical object at 0x7f189f0f4f90>, 'decoder_hidden_size': <ray.tune.search.sample.Categorical object at 0x7f189f0ef290>, 'learning_rate': <ray.tune.search.sample.Float object at 0x7f189f0f5010>, 'max_steps': <ray.tune.search.sample.Categorical object at 0x7f189f0efe50>, 'batch_size': <ray.tune.search.sample.Categorical object at 0x7f189f0f5090>, 'loss': WMAPE(), 'random_seed': <ray.tune.search.sample.Integer object at 0x7f189f0f5110>, 'input_size': <ray.tune.search.sample.Categorical object at 0x7f189f0f5190>, 'inference_input_size': <ray.tune.search.sample.Categorical object at 0x7f189f0f5210>, 'valid_loss': WMAPE()}
2025-02-10 19:25:34,560 - tune_model - INFO - Dados carregados para os seguintes símbolos ['ABEV3.SA' 'BBAS3.SA' 'BBDC3.SA' 'BBDC4.SA' 'BPAC11.SA' 'ITSA4.SA'
 'ITUB4.SA' 'JBSS3.SA' 'KLBN11.SA' 'PETR4.SA' 'SANB11.SA' 'VALE3.SA'
 'WEGE3.SA']
2025-02-10 19:25:34,561 - tune_model - INFO - Horizonte de treinamento definido como: 417
2025-02-10 19:25:34,562 - tune_model - INFO - Modelo carregado.
2025-02-10 19:25:34,630 - tune_model - INFO - Definindo o nome da execução do experimento como : fiap_mle_fase4_20250210_1925
2025-02-10 19:26:15,244 - tune_model - INFO - Dados carregados para os seguintes símbolos ['ABEV3.SA' 'BBAS3.SA' 'BBDC3.SA' 'BBDC4.SA' 'BPAC11.SA' 'ITSA4.SA'
 'ITUB4.SA' 'JBSS3.SA' 'KLBN11.SA' 'PETR4.SA' 'SANB11.SA' 'VALE3.SA'
 'WEGE3.SA']
2025-02-10 19:26:15,245 - tune_model - INFO - Horizonte de treinamento definido como: 417
2025-02-10 19:26:15,247 - tune_model - INFO - Modelo carregado.
2025-02-10 19:26:15,324 - tune_model - INFO - Definindo o nome da execução do experimento como : fiap_mle_fase4_20250210_1926
2025-02-10 19:31:26,509 - tune_model - INFO - Dados carregados para os seguintes símbolos ['ABEV3.SA' 'BBAS3.SA' 'BBDC3.SA' 'BBDC4.SA' 'BPAC11.SA' 'ITSA4.SA'
 'ITUB4.SA' 'JBSS3.SA' 'KLBN11.SA' 'PETR4.SA' 'SANB11.SA' 'VALE3.SA'
 'WEGE3.SA']
2025-02-10 19:31:26,510 - tune_model - INFO - Horizonte de treinamento definido como: 417
2025-02-10 19:31:26,512 - tune_model - INFO - Modelo carregado.
2025-02-10 19:31:26,586 - tune_model - INFO - Definindo o nome da execução do experimento como : fiap_mle_fase4_20250210_1931
2025-02-10 19:33:09,193 - tune_model - INFO - Dados carregados para os seguintes símbolos ['ABEV3.SA' 'BBAS3.SA' 'BBDC3.SA' 'BBDC4.SA' 'BPAC11.SA' 'ITSA4.SA'
 'ITUB4.SA' 'JBSS3.SA' 'KLBN11.SA' 'PETR4.SA' 'SANB11.SA' 'VALE3.SA'
 'WEGE3.SA']
2025-02-10 19:33:09,194 - tune_model - INFO - Horizonte de treinamento definido como: 417
2025-02-10 19:33:09,196 - tune_model - INFO - Modelo carregado.
2025-02-10 19:33:09,300 - tune_model - DEBUG - Salvando configuração inicial: {'h': 417, 'encoder_hidden_size': <ray.tune.search.sample.Categorical object at 0x7fb69dd1d850>, 'encoder_n_layers': <ray.tune.search.sample.Integer object at 0x7fb69dd21810>, 'context_size': <ray.tune.search.sample.Categorical object at 0x7fb69dd24dd0>, 'decoder_hidden_size': <ray.tune.search.sample.Categorical object at 0x7fb69dd216d0>, 'learning_rate': <ray.tune.search.sample.Float object at 0x7fb69dd25010>, 'max_steps': <ray.tune.search.sample.Categorical object at 0x7fb69dd213d0>, 'batch_size': <ray.tune.search.sample.Categorical object at 0x7fb69dd25090>, 'loss': WMAPE(), 'random_seed': <ray.tune.search.sample.Integer object at 0x7fb69dd25110>, 'input_size': <ray.tune.search.sample.Categorical object at 0x7fb69dd25190>, 'inference_input_size': <ray.tune.search.sample.Categorical object at 0x7fb69dd25210>, 'valid_loss': WMAPE()}
2025-02-10 19:33:49,617 - tune_model - INFO - Dados carregados para os seguintes símbolos ['ABEV3.SA' 'BBAS3.SA' 'BBDC3.SA' 'BBDC4.SA' 'BPAC11.SA' 'ITSA4.SA'
 'ITUB4.SA' 'JBSS3.SA' 'KLBN11.SA' 'PETR4.SA' 'SANB11.SA' 'VALE3.SA'
 'WEGE3.SA']
2025-02-10 19:33:49,618 - tune_model - INFO - Horizonte de treinamento definido como: 417
2025-02-10 19:33:49,620 - tune_model - INFO - Modelo carregado.
2025-02-10 19:33:49,683 - tune_model - INFO - Definindo o nome da execução do experimento como : fiap_mle_fase4_20250210_1933
2025-02-10 19:33:49,724 - tune_model - DEBUG - Salvando configuração inicial: {'h': 417, 'encoder_hidden_size': <ray.tune.search.sample.Categorical object at 0x7f02b5719a10>, 'encoder_n_layers': <ray.tune.search.sample.Integer object at 0x7f02b5715810>, 'context_size': <ray.tune.search.sample.Categorical object at 0x7f02b5714790>, 'decoder_hidden_size': <ray.tune.search.sample.Categorical object at 0x7f02b5718290>, 'learning_rate': <ray.tune.search.sample.Float object at 0x7f02b571cb50>, 'max_steps': <ray.tune.search.sample.Categorical object at 0x7f02b571cc10>, 'batch_size': <ray.tune.search.sample.Categorical object at 0x7f02b571cc90>, 'loss': WMAPE(), 'random_seed': <ray.tune.search.sample.Integer object at 0x7f02b571cd10>, 'input_size': <ray.tune.search.sample.Categorical object at 0x7f02b571cd90>, 'inference_input_size': <ray.tune.search.sample.Categorical object at 0x7f02b571ce10>, 'valid_loss': WMAPE()}
2025-02-10 19:37:35,384 - tune_model - INFO - Dataframe filtrado: (3902, 3)
2025-02-10 19:37:35,384 - tune_model - INFO - Dados carregados para os seguintes símbolos ['ABEV3.SA' 'BBAS3.SA' 'BBDC3.SA' 'BBDC4.SA' 'BPAC11.SA' 'ITSA4.SA'
 'ITUB4.SA' 'JBSS3.SA' 'KLBN11.SA' 'PETR4.SA' 'SANB11.SA' 'VALE3.SA'
 'WEGE3.SA']
2025-02-10 19:37:35,385 - tune_model - INFO - Horizonte de treinamento definido como: 169
2025-02-10 19:37:35,387 - tune_model - INFO - Modelo carregado.
2025-02-10 19:37:35,470 - tune_model - INFO - Definindo o nome da execução do experimento como : fiap_mle_fase4_20250210_1937
2025-02-10 19:37:35,528 - tune_model - DEBUG - Salvando configuração inicial: {'h': 169, 'encoder_hidden_size': <ray.tune.search.sample.Categorical object at 0x7f6cb3cf7e90>, 'encoder_n_layers': <ray.tune.search.sample.Integer object at 0x7f6cb3cf9f90>, 'context_size': <ray.tune.search.sample.Categorical object at 0x7f6cb3cfc7d0>, 'decoder_hidden_size': <ray.tune.search.sample.Categorical object at 0x7f6cb3cfaa90>, 'learning_rate': <ray.tune.search.sample.Float object at 0x7f6cb3cfc850>, 'max_steps': <ray.tune.search.sample.Categorical object at 0x7f6cb3cfc890>, 'batch_size': <ray.tune.search.sample.Categorical object at 0x7f6cb3cfc910>, 'loss': WMAPE(), 'random_seed': <ray.tune.search.sample.Integer object at 0x7f6cb3cfc990>, 'input_size': <ray.tune.search.sample.Categorical object at 0x7f6cb3cfca10>, 'inference_input_size': <ray.tune.search.sample.Categorical object at 0x7f6cb3cfca90>, 'valid_loss': WMAPE()}
2025-02-10 19:38:44,164 - tune_model - DEBUG - Configuração após o treino: {'h': 169, 'encoder_hidden_size': <ray.tune.search.sample.Categorical object at 0x7f6cb3cf7e90>, 'encoder_n_layers': <ray.tune.search.sample.Integer object at 0x7f6cb3cf9f90>, 'context_size': <ray.tune.search.sample.Categorical object at 0x7f6cb3cfc7d0>, 'decoder_hidden_size': <ray.tune.search.sample.Categorical object at 0x7f6cb3cfaa90>, 'learning_rate': <ray.tune.search.sample.Float object at 0x7f6cb3cfc850>, 'max_steps': <ray.tune.search.sample.Categorical object at 0x7f6cb3cfc890>, 'batch_size': <ray.tune.search.sample.Categorical object at 0x7f6cb3cfc910>, 'loss': WMAPE(), 'random_seed': <ray.tune.search.sample.Integer object at 0x7f6cb3cfc990>, 'input_size': <ray.tune.search.sample.Categorical object at 0x7f6cb3cfca10>, 'inference_input_size': <ray.tune.search.sample.Categorical object at 0x7f6cb3cfca90>, 'valid_loss': WMAPE()}
2025-02-10 19:38:44,219 - tune_model - INFO - Salvando modelo em: ml_models/neuralforecast_lstm_2025-02-10.joblib
2025-02-10 19:38:44,407 - tune_model - INFO - A avaliação do wmape é: 0.18217488827962444
2025-02-10 19:38:44,408 - tune_model - DEBUG - Stocks previstos: ['ABEV3.SA' 'BBAS3.SA' 'BBDC3.SA' 'BBDC4.SA' 'BPAC11.SA' 'ITSA4.SA'
 'ITUB4.SA' 'JBSS3.SA' 'KLBN11.SA' 'PETR4.SA' 'SANB11.SA' 'VALE3.SA'
 'WEGE3.SA']
2025-02-10 19:38:44,671 - tune_model - INFO - Plot salvo em : reports/forecast_plot_2025-02-10.png
2025-02-10 19:39:39,010 - tune_model - INFO - Dataframe filtrado: (3902, 3)
2025-02-10 19:39:39,010 - tune_model - INFO - Dados carregados para os seguintes símbolos ['ABEV3.SA' 'BBAS3.SA' 'BBDC3.SA' 'BBDC4.SA' 'BPAC11.SA' 'ITSA4.SA'
 'ITUB4.SA' 'JBSS3.SA' 'KLBN11.SA' 'PETR4.SA' 'SANB11.SA' 'VALE3.SA'
 'WEGE3.SA']
2025-02-10 19:39:39,011 - tune_model - INFO - Horizonte de treinamento definido como: 169
2025-02-10 19:39:39,013 - tune_model - INFO - Modelo carregado.
2025-02-10 19:39:39,086 - tune_model - INFO - Definindo o nome da execução do experimento como : fiap_mle_fase4_20250210_1939
2025-02-10 19:39:39,128 - tune_model - DEBUG - Salvando configuração inicial: {'h': 169, 'encoder_hidden_size': <ray.tune.search.sample.Categorical object at 0x7fc220636d90>, 'encoder_n_layers': <ray.tune.search.sample.Integer object at 0x7fc220629250>, 'context_size': <ray.tune.search.sample.Categorical object at 0x7fc2206330d0>, 'decoder_hidden_size': <ray.tune.search.sample.Categorical object at 0x7fc2205fdd50>, 'learning_rate': <ray.tune.search.sample.Float object at 0x7fc220638e90>, 'max_steps': <ray.tune.search.sample.Categorical object at 0x7fc220639090>, 'batch_size': <ray.tune.search.sample.Categorical object at 0x7fc220639110>, 'loss': WMAPE(), 'random_seed': <ray.tune.search.sample.Integer object at 0x7fc220639190>, 'input_size': <ray.tune.search.sample.Categorical object at 0x7fc220639210>, 'inference_input_size': <ray.tune.search.sample.Categorical object at 0x7fc220639290>, 'valid_loss': WMAPE()}
2025-02-10 19:40:32,054 - tune_model - INFO - Dataframe filtrado: (3902, 3)
2025-02-10 19:40:32,054 - tune_model - INFO - Dados carregados para os seguintes símbolos ['ABEV3.SA' 'BBAS3.SA' 'BBDC3.SA' 'BBDC4.SA' 'BPAC11.SA' 'ITSA4.SA'
 'ITUB4.SA' 'JBSS3.SA' 'KLBN11.SA' 'PETR4.SA' 'SANB11.SA' 'VALE3.SA'
 'WEGE3.SA']
2025-02-10 19:40:32,055 - tune_model - INFO - Horizonte de treinamento definido como: 169
2025-02-10 19:40:32,057 - tune_model - INFO - Modelo carregado.
2025-02-10 19:40:32,457 - tune_model - INFO - Definindo o nome da execução do experimento como : fiap_mle_fase4_20250210_1940
2025-02-10 19:40:32,506 - tune_model - DEBUG - Salvando configuração inicial: {'h': 169, 'encoder_hidden_size': <ray.tune.search.sample.Categorical object at 0x7f00f57083d0>, 'encoder_n_layers': <ray.tune.search.sample.Integer object at 0x7f00f5710bd0>, 'context_size': <ray.tune.search.sample.Categorical object at 0x7f00f5710dd0>, 'decoder_hidden_size': <ray.tune.search.sample.Categorical object at 0x7f00f5710b50>, 'learning_rate': <ray.tune.search.sample.Float object at 0x7f00f5710ed0>, 'max_steps': <ray.tune.search.sample.Categorical object at 0x7f00f5710f10>, 'batch_size': <ray.tune.search.sample.Categorical object at 0x7f00f5710f90>, 'loss': WMAPE(), 'random_seed': <ray.tune.search.sample.Integer object at 0x7f00f5711010>, 'input_size': <ray.tune.search.sample.Categorical object at 0x7f00f5711090>, 'inference_input_size': <ray.tune.search.sample.Categorical object at 0x7f00f5711110>, 'valid_loss': WMAPE()}
2025-02-10 19:56:59,903 - tune_model - DEBUG - Configuração após o treino: {'h': 169, 'encoder_hidden_size': <ray.tune.search.sample.Categorical object at 0x7f00f57083d0>, 'encoder_n_layers': <ray.tune.search.sample.Integer object at 0x7f00f5710bd0>, 'context_size': <ray.tune.search.sample.Categorical object at 0x7f00f5710dd0>, 'decoder_hidden_size': <ray.tune.search.sample.Categorical object at 0x7f00f5710b50>, 'learning_rate': <ray.tune.search.sample.Float object at 0x7f00f5710ed0>, 'max_steps': <ray.tune.search.sample.Categorical object at 0x7f00f5710f10>, 'batch_size': <ray.tune.search.sample.Categorical object at 0x7f00f5710f90>, 'loss': WMAPE(), 'random_seed': <ray.tune.search.sample.Integer object at 0x7f00f5711010>, 'input_size': <ray.tune.search.sample.Categorical object at 0x7f00f5711090>, 'inference_input_size': <ray.tune.search.sample.Categorical object at 0x7f00f5711110>, 'valid_loss': WMAPE()}
2025-02-10 19:56:59,984 - tune_model - INFO - Salvando modelo em: ml_models/neuralforecast_lstm_2025-02-10.joblib
2025-02-10 19:57:00,190 - tune_model - INFO - A avaliação do wmape é: 0.15477922011996834
2025-02-10 19:57:00,190 - tune_model - DEBUG - Stocks previstos: ['ABEV3.SA' 'BBAS3.SA' 'BBDC3.SA' 'BBDC4.SA' 'BPAC11.SA' 'ITSA4.SA'
 'ITUB4.SA' 'JBSS3.SA' 'KLBN11.SA' 'PETR4.SA' 'SANB11.SA' 'VALE3.SA'
 'WEGE3.SA']
2025-02-10 19:57:00,502 - tune_model - INFO - Plot salvo em : reports/forecast_plot_2025-02-10.png
2025-02-10 21:11:22,490 - tune_model - INFO - Dataframe filtrado: (3902, 3)
2025-02-10 21:11:22,491 - tune_model - INFO - Dados carregados para os seguintes símbolos ['ABEV3.SA' 'BBAS3.SA' 'BBDC3.SA' 'BBDC4.SA' 'BPAC11.SA' 'ITSA4.SA'
 'ITUB4.SA' 'JBSS3.SA' 'KLBN11.SA' 'PETR4.SA' 'SANB11.SA' 'VALE3.SA'
 'WEGE3.SA']
2025-02-10 21:11:22,493 - tune_model - INFO - Horizonte de treinamento definido como: 169
2025-02-10 21:11:22,497 - tune_model - INFO - Modelo carregado.
2025-02-10 21:11:22,669 - tune_model - INFO - Definindo o nome da execução do experimento como : fiap_mle_fase4_20250210_2111
2025-02-10 21:11:22,729 - tune_model - DEBUG - Salvando configuração inicial: {'h': 169, 'encoder_hidden_size': <ray.tune.search.sample.Categorical object at 0x7fa6e41519d0>, 'encoder_n_layers': <ray.tune.search.sample.Integer object at 0x7fa6e4153910>, 'context_size': <ray.tune.search.sample.Categorical object at 0x7fa6e416be90>, 'decoder_hidden_size': <ray.tune.search.sample.Categorical object at 0x7fa6e4153c50>, 'learning_rate': <ray.tune.search.sample.Float object at 0x7fa6e416bf10>, 'max_steps': <ray.tune.search.sample.Categorical object at 0x7fa6e416bf90>, 'batch_size': <ray.tune.search.sample.Categorical object at 0x7fa6e4174050>, 'loss': WMAPE(), 'random_seed': <ray.tune.search.sample.Integer object at 0x7fa6e41740d0>, 'input_size': <ray.tune.search.sample.Categorical object at 0x7fa6e4174150>, 'inference_input_size': <ray.tune.search.sample.Categorical object at 0x7fa6e41741d0>, 'valid_loss': WMAPE()}
2025-02-10 21:13:27,687 - tune_model - INFO - Dataframe filtrado: (3902, 3)
2025-02-10 21:13:27,688 - tune_model - INFO - Dados carregados para os seguintes símbolos ['ABEV3.SA' 'BBAS3.SA' 'BBDC3.SA' 'BBDC4.SA' 'BPAC11.SA' 'ITSA4.SA'
 'ITUB4.SA' 'JBSS3.SA' 'KLBN11.SA' 'PETR4.SA' 'SANB11.SA' 'VALE3.SA'
 'WEGE3.SA']
2025-02-10 21:13:27,690 - tune_model - INFO - Horizonte de treinamento definido como: 169
2025-02-10 21:13:27,694 - tune_model - INFO - Modelo carregado.
2025-02-10 21:13:27,841 - tune_model - INFO - Definindo o nome da execução do experimento como : fiap_mle_fase4_20250210_2113
2025-02-10 21:13:27,903 - tune_model - DEBUG - Salvando configuração inicial: {'h': 169, 'encoder_hidden_size': <ray.tune.search.sample.Categorical object at 0x7fc8b914f490>, 'encoder_n_layers': <ray.tune.search.sample.Integer object at 0x7fc8b9171250>, 'context_size': <ray.tune.search.sample.Categorical object at 0x7fc8b91714d0>, 'decoder_hidden_size': <ray.tune.search.sample.Categorical object at 0x7fc8b9157650>, 'learning_rate': <ray.tune.search.sample.Float object at 0x7fc8b91715d0>, 'max_steps': <ray.tune.search.sample.Categorical object at 0x7fc8b9171650>, 'batch_size': <ray.tune.search.sample.Categorical object at 0x7fc8b91716d0>, 'loss': WMAPE(), 'random_seed': <ray.tune.search.sample.Integer object at 0x7fc8b9171750>, 'input_size': <ray.tune.search.sample.Categorical object at 0x7fc8b91717d0>, 'inference_input_size': <ray.tune.search.sample.Categorical object at 0x7fc8b9171850>, 'valid_loss': WMAPE()}
2025-02-10 21:31:13,813 - tune_model - INFO - Dataframe filtrado: (3902, 3)
2025-02-10 21:31:13,814 - tune_model - INFO - Dados carregados para os seguintes símbolos ['ABEV3.SA' 'BBAS3.SA' 'BBDC3.SA' 'BBDC4.SA' 'BPAC11.SA' 'ITSA4.SA'
 'ITUB4.SA' 'JBSS3.SA' 'KLBN11.SA' 'PETR4.SA' 'SANB11.SA' 'VALE3.SA'
 'WEGE3.SA']
2025-02-10 21:31:13,816 - tune_model - INFO - Horizonte de treinamento definido como: 169
2025-02-10 21:32:49,036 - tune_model - INFO - Dataframe filtrado: (3902, 3)
2025-02-10 21:32:49,039 - tune_model - INFO - Dados carregados para os seguintes símbolos ['ABEV3.SA' 'BBAS3.SA' 'BBDC3.SA' 'BBDC4.SA' 'BPAC11.SA' 'ITSA4.SA'
 'ITUB4.SA' 'JBSS3.SA' 'KLBN11.SA' 'PETR4.SA' 'SANB11.SA' 'VALE3.SA'
 'WEGE3.SA']
2025-02-10 21:32:49,041 - tune_model - INFO - Horizonte de treinamento definido como: 169
2025-02-10 21:32:49,045 - tune_model - INFO - Modelo carregado.
2025-02-10 21:32:49,258 - tune_model - INFO - Definindo o nome da execução do experimento como : fiap_mle_fase4_20250210_2132
2025-02-10 21:32:49,319 - tune_model - DEBUG - Salvando configuração inicial: {'h': 169, 'encoder_hidden_size': <ray.tune.search.sample.Categorical object at 0x7f45c415e2a0>, 'encoder_n_layers': <ray.tune.search.sample.Integer object at 0x7f45c41b5280>, 'context_size': <ray.tune.search.sample.Categorical object at 0x7f45c41b55b0>, 'decoder_hidden_size': <ray.tune.search.sample.Categorical object at 0x7f45c41b5520>, 'learning_rate': <ray.tune.search.sample.Float object at 0x7f45c41b56d0>, 'max_steps': <ray.tune.search.sample.Categorical object at 0x7f45c41b57f0>, 'batch_size': <ray.tune.search.sample.Categorical object at 0x7f45c41b57c0>, 'loss': WMAPE(), 'random_seed': <ray.tune.search.sample.Integer object at 0x7f45c41b5910>, 'input_size': <ray.tune.search.sample.Categorical object at 0x7f45c41b5a30>, 'inference_input_size': <ray.tune.search.sample.Categorical object at 0x7f45c41b5a00>, 'valid_loss': WMAPE()}
2025-02-10 21:44:57,794 - tune_model - INFO - Dataframe filtrado: (3902, 3)
2025-02-10 21:44:57,795 - tune_model - INFO - Dados carregados para os seguintes símbolos ['ABEV3.SA' 'BBAS3.SA' 'BBDC3.SA' 'BBDC4.SA' 'BPAC11.SA' 'ITSA4.SA'
 'ITUB4.SA' 'JBSS3.SA' 'KLBN11.SA' 'PETR4.SA' 'SANB11.SA' 'VALE3.SA'
 'WEGE3.SA']
2025-02-10 21:44:57,796 - tune_model - INFO - Horizonte de treinamento definido como: 169
2025-02-10 21:44:57,798 - tune_model - INFO - Modelo carregado.
2025-02-10 21:44:57,872 - tune_model - INFO - Definindo o nome da execução do experimento como : fiap_mle_fase4_20250210_2144
2025-02-10 21:44:57,919 - tune_model - DEBUG - Salvando configuração inicial: {'h': 169, 'encoder_hidden_size': <ray.tune.search.sample.Categorical object at 0x7f50e94f3500>, 'encoder_n_layers': <ray.tune.search.sample.Integer object at 0x7f50e94f3860>, 'context_size': <ray.tune.search.sample.Categorical object at 0x7f50e953baa0>, 'decoder_hidden_size': <ray.tune.search.sample.Categorical object at 0x7f50e953b230>, 'learning_rate': <ray.tune.search.sample.Float object at 0x7f50e9539e20>, 'max_steps': <ray.tune.search.sample.Categorical object at 0x7f50e953bcb0>, 'batch_size': <ray.tune.search.sample.Categorical object at 0x7f50e953bc80>, 'loss': WMAPE(), 'random_seed': <ray.tune.search.sample.Integer object at 0x7f50e953bdd0>, 'input_size': <ray.tune.search.sample.Categorical object at 0x7f50e953bef0>, 'inference_input_size': <ray.tune.search.sample.Categorical object at 0x7f50e953bec0>, 'valid_loss': WMAPE()}
2025-02-10 21:51:56,359 - tune_model - INFO - Dataframe filtrado: (3902, 3)
2025-02-10 21:51:56,359 - tune_model - INFO - Dados carregados para os seguintes símbolos ['ABEV3.SA' 'BBAS3.SA' 'BBDC3.SA' 'BBDC4.SA' 'BPAC11.SA' 'ITSA4.SA'
 'ITUB4.SA' 'JBSS3.SA' 'KLBN11.SA' 'PETR4.SA' 'SANB11.SA' 'VALE3.SA'
 'WEGE3.SA']
2025-02-10 21:51:56,360 - tune_model - INFO - Horizonte de treinamento definido como: 169
2025-02-10 21:51:56,363 - tune_model - INFO - Modelo carregado.
2025-02-10 21:51:56,453 - tune_model - INFO - Definindo o nome da execução do experimento como : fiap_mle_fase4_20250210_2151
2025-02-10 21:51:56,499 - tune_model - DEBUG - Salvando configuração inicial: {'h': 169, 'encoder_hidden_size': <ray.tune.search.sample.Categorical object at 0x7f77a56b3380>, 'encoder_n_layers': <ray.tune.search.sample.Integer object at 0x7f77a4d23890>, 'context_size': <ray.tune.search.sample.Categorical object at 0x7f77a4d23980>, 'decoder_hidden_size': <ray.tune.search.sample.Categorical object at 0x7f77a4d239b0>, 'learning_rate': <ray.tune.search.sample.Float object at 0x7f77a4d23ad0>, 'max_steps': <ray.tune.search.sample.Categorical object at 0x7f77a4d23c20>, 'batch_size': <ray.tune.search.sample.Categorical object at 0x7f77a4d23bf0>, 'loss': WMAPE(), 'random_seed': <ray.tune.search.sample.Integer object at 0x7f77a4d23d40>, 'input_size': <ray.tune.search.sample.Categorical object at 0x7f77a4d23e60>, 'inference_input_size': <ray.tune.search.sample.Categorical object at 0x7f77a4d23e30>, 'valid_loss': WMAPE()}
2025-02-10 21:55:09,960 - tune_model - INFO - Dataframe filtrado: (3902, 3)
2025-02-10 21:55:09,960 - tune_model - INFO - Dados carregados para os seguintes símbolos ['ABEV3.SA' 'BBAS3.SA' 'BBDC3.SA' 'BBDC4.SA' 'BPAC11.SA' 'ITSA4.SA'
 'ITUB4.SA' 'JBSS3.SA' 'KLBN11.SA' 'PETR4.SA' 'SANB11.SA' 'VALE3.SA'
 'WEGE3.SA']
2025-02-10 21:55:09,961 - tune_model - INFO - Horizonte de treinamento definido como: 169
2025-02-10 21:55:09,964 - tune_model - INFO - Modelo carregado.
2025-02-10 21:55:10,038 - tune_model - INFO - Definindo o nome da execução do experimento como : fiap_mle_fase4_20250210_2155
2025-02-10 21:55:10,078 - tune_model - DEBUG - Salvando configuração inicial: {'h': 169, 'encoder_hidden_size': <ray.tune.search.sample.Categorical object at 0x7f906ffef500>, 'encoder_n_layers': <ray.tune.search.sample.Integer object at 0x7f906ffee900>, 'context_size': <ray.tune.search.sample.Categorical object at 0x7f907003cda0>, 'decoder_hidden_size': <ray.tune.search.sample.Categorical object at 0x7f907003d9d0>, 'learning_rate': <ray.tune.search.sample.Float object at 0x7f907003d640>, 'max_steps': <ray.tune.search.sample.Categorical object at 0x7f907003c4a0>, 'batch_size': <ray.tune.search.sample.Categorical object at 0x7f907003deb0>, 'loss': WMAPE(), 'random_seed': <ray.tune.search.sample.Integer object at 0x7f907003f4a0>, 'input_size': <ray.tune.search.sample.Categorical object at 0x7f907003f5c0>, 'inference_input_size': <ray.tune.search.sample.Categorical object at 0x7f907003f590>, 'valid_loss': WMAPE()}
2025-02-10 21:57:01,626 - tune_model - DEBUG - Configuração após o treino: {'h': 169, 'encoder_hidden_size': <ray.tune.search.sample.Categorical object at 0x7f906ffef500>, 'encoder_n_layers': <ray.tune.search.sample.Integer object at 0x7f906ffee900>, 'context_size': <ray.tune.search.sample.Categorical object at 0x7f907003cda0>, 'decoder_hidden_size': <ray.tune.search.sample.Categorical object at 0x7f907003d9d0>, 'learning_rate': <ray.tune.search.sample.Float object at 0x7f907003d640>, 'max_steps': <ray.tune.search.sample.Categorical object at 0x7f907003c4a0>, 'batch_size': <ray.tune.search.sample.Categorical object at 0x7f907003deb0>, 'loss': WMAPE(), 'random_seed': <ray.tune.search.sample.Integer object at 0x7f907003f4a0>, 'input_size': <ray.tune.search.sample.Categorical object at 0x7f907003f5c0>, 'inference_input_size': <ray.tune.search.sample.Categorical object at 0x7f907003f590>, 'valid_loss': WMAPE()}
2025-02-10 21:57:01,659 - tune_model - INFO - Salvando modelo em: ml_models/neuralforecast_autolstm_2025-02-10.joblib
2025-02-10 21:57:01,788 - tune_model - INFO - A avaliação do wmape é: 0.17645990281531523
2025-02-10 21:57:01,788 - tune_model - DEBUG - Stocks previstos: ['ABEV3.SA' 'BBAS3.SA' 'BBDC3.SA' 'BBDC4.SA' 'BPAC11.SA' 'ITSA4.SA'
 'ITUB4.SA' 'JBSS3.SA' 'KLBN11.SA' 'PETR4.SA' 'SANB11.SA' 'VALE3.SA'
 'WEGE3.SA']
2025-02-10 21:57:02,341 - tune_model - INFO - Plot salvo em : reports/forecast_plot_2025-02-10.png
2025-02-10 22:00:20,299 - tune_model - INFO - Dataframe filtrado: (3902, 3)
2025-02-10 22:00:20,300 - tune_model - INFO - Dados carregados para os seguintes símbolos ['ABEV3.SA' 'BBAS3.SA' 'BBDC3.SA' 'BBDC4.SA' 'BPAC11.SA' 'ITSA4.SA'
 'ITUB4.SA' 'JBSS3.SA' 'KLBN11.SA' 'PETR4.SA' 'SANB11.SA' 'VALE3.SA'
 'WEGE3.SA']
2025-02-10 22:00:20,300 - tune_model - INFO - Horizonte de treinamento definido como: 169
2025-02-10 22:00:20,303 - tune_model - INFO - Modelo carregado.
2025-02-10 22:00:20,372 - tune_model - INFO - Definindo o nome da execução do experimento como : fiap_mle_fase4_20250210_2200
2025-02-10 22:00:20,411 - tune_model - DEBUG - Salvando configuração inicial: {'h': 169, 'encoder_hidden_size': <ray.tune.search.sample.Categorical object at 0x7f560aaeb770>, 'encoder_n_layers': <ray.tune.search.sample.Integer object at 0x7f560aaeac60>, 'context_size': <ray.tune.search.sample.Categorical object at 0x7f560ab38920>, 'decoder_hidden_size': <ray.tune.search.sample.Categorical object at 0x7f560ab38380>, 'learning_rate': <ray.tune.search.sample.Float object at 0x7f560ab3b440>, 'max_steps': <ray.tune.search.sample.Categorical object at 0x7f560ab3a420>, 'batch_size': <ray.tune.search.sample.Categorical object at 0x7f560ab39c40>, 'loss': WMAPE(), 'random_seed': <ray.tune.search.sample.Integer object at 0x7f560ab38980>, 'input_size': <ray.tune.search.sample.Categorical object at 0x7f560ab3ade0>, 'inference_input_size': <ray.tune.search.sample.Categorical object at 0x7f560ab398b0>, 'valid_loss': WMAPE()}
2025-02-10 22:02:49,655 - tune_model - DEBUG - Configuração após o treino: {'h': 169, 'encoder_hidden_size': <ray.tune.search.sample.Categorical object at 0x7f560aaeb770>, 'encoder_n_layers': <ray.tune.search.sample.Integer object at 0x7f560aaeac60>, 'context_size': <ray.tune.search.sample.Categorical object at 0x7f560ab38920>, 'decoder_hidden_size': <ray.tune.search.sample.Categorical object at 0x7f560ab38380>, 'learning_rate': <ray.tune.search.sample.Float object at 0x7f560ab3b440>, 'max_steps': <ray.tune.search.sample.Categorical object at 0x7f560ab3a420>, 'batch_size': <ray.tune.search.sample.Categorical object at 0x7f560ab39c40>, 'loss': WMAPE(), 'random_seed': <ray.tune.search.sample.Integer object at 0x7f560ab38980>, 'input_size': <ray.tune.search.sample.Categorical object at 0x7f560ab3ade0>, 'inference_input_size': <ray.tune.search.sample.Categorical object at 0x7f560ab398b0>, 'valid_loss': WMAPE()}
2025-02-10 22:02:49,696 - tune_model - INFO - Salvando modelo em: ml_models/neuralforecast_autolstm_2025-02-10.joblib
2025-02-10 22:02:49,855 - tune_model - INFO - A avaliação do wmape é: 0.14438270773875458
2025-02-10 22:02:49,856 - tune_model - DEBUG - Stocks previstos: ['ABEV3.SA' 'BBAS3.SA' 'BBDC3.SA' 'BBDC4.SA' 'BPAC11.SA' 'ITSA4.SA'
 'ITUB4.SA' 'JBSS3.SA' 'KLBN11.SA' 'PETR4.SA' 'SANB11.SA' 'VALE3.SA'
 'WEGE3.SA']
2025-02-10 22:02:50,327 - tune_model - INFO - Plot salvo em : reports/forecast_plot_2025-02-10.png
2025-02-10 22:04:51,573 - tune_model - INFO - Dataframe filtrado: (3902, 3)
2025-02-10 22:04:51,573 - tune_model - INFO - Dados carregados para os seguintes símbolos ['ABEV3.SA' 'BBAS3.SA' 'BBDC3.SA' 'BBDC4.SA' 'BPAC11.SA' 'ITSA4.SA'
 'ITUB4.SA' 'JBSS3.SA' 'KLBN11.SA' 'PETR4.SA' 'SANB11.SA' 'VALE3.SA'
 'WEGE3.SA']
2025-02-10 22:04:51,574 - tune_model - INFO - Horizonte de treinamento definido como: 169
2025-02-10 22:04:51,576 - tune_model - INFO - Modelo carregado.
2025-02-10 22:04:51,653 - tune_model - INFO - Definindo o nome da execução do experimento como : fiap_mle_fase4_20250210_2204
2025-02-10 22:04:51,694 - tune_model - DEBUG - Salvando configuração inicial: {'h': 169, 'encoder_hidden_size': <ray.tune.search.sample.Categorical object at 0x7fb871901250>, 'encoder_n_layers': <ray.tune.search.sample.Integer object at 0x7fb8719004a0>, 'context_size': <ray.tune.search.sample.Categorical object at 0x7fb871903f20>, 'decoder_hidden_size': <ray.tune.search.sample.Categorical object at 0x7fb87190c050>, 'learning_rate': <ray.tune.search.sample.Float object at 0x7fb87190c0b0>, 'max_steps': <ray.tune.search.sample.Categorical object at 0x7fb87190c200>, 'batch_size': <ray.tune.search.sample.Categorical object at 0x7fb87190c1d0>, 'loss': WMAPE(), 'random_seed': <ray.tune.search.sample.Integer object at 0x7fb87190c320>, 'input_size': <ray.tune.search.sample.Categorical object at 0x7fb87190c440>, 'inference_input_size': <ray.tune.search.sample.Categorical object at 0x7fb87190c410>, 'valid_loss': WMAPE()}
2025-02-10 22:18:59,547 - tune_model - INFO - Hiperparâmetros: "alias":                     None
"batch_size":                16
"context_size":              50
"dataloader_kwargs":         None
"decoder_hidden_size":       512
"decoder_layers":            2
"drop_last_loader":          False
"early_stop_patience_steps": -1
"encoder_bias":              True
"encoder_dropout":           0.0
"encoder_hidden_size":       300
"encoder_n_layers":          1
"futr_exog_list":            None
"h":                         169
"hist_exog_list":            None
"inference_input_size":      -169
"input_size":                -169
"learning_rate":             0.00028291811423129034
"loss":                      WMAPE()
"lr_scheduler":              None
"lr_scheduler_kwargs":       None
"max_steps":                 500
"num_lr_decays":             -1
"num_workers_loader":        0
"optimizer":                 None
"optimizer_kwargs":          None
"random_seed":               9
"scaler_type":               robust
"stat_exog_list":            None
"val_check_steps":           100
"valid_batch_size":          None
"valid_loss":                WMAPE()
2025-02-10 22:18:59,570 - tune_model - DEBUG - Configuração após o treino: {'h': 169, 'encoder_hidden_size': <ray.tune.search.sample.Categorical object at 0x7fb871901250>, 'encoder_n_layers': <ray.tune.search.sample.Integer object at 0x7fb8719004a0>, 'context_size': <ray.tune.search.sample.Categorical object at 0x7fb871903f20>, 'decoder_hidden_size': <ray.tune.search.sample.Categorical object at 0x7fb87190c050>, 'learning_rate': <ray.tune.search.sample.Float object at 0x7fb87190c0b0>, 'max_steps': <ray.tune.search.sample.Categorical object at 0x7fb87190c200>, 'batch_size': <ray.tune.search.sample.Categorical object at 0x7fb87190c1d0>, 'loss': WMAPE(), 'random_seed': <ray.tune.search.sample.Integer object at 0x7fb87190c320>, 'input_size': <ray.tune.search.sample.Categorical object at 0x7fb87190c440>, 'inference_input_size': <ray.tune.search.sample.Categorical object at 0x7fb87190c410>, 'valid_loss': WMAPE()}
2025-02-10 22:18:59,652 - tune_model - INFO - Salvando modelo em: ml_models/neuralforecast_autolstm_2025-02-10.joblib
2025-02-10 22:18:59,877 - tune_model - INFO - A avaliação do wmape é: 0.17469124657873228
2025-02-10 22:18:59,878 - tune_model - DEBUG - Stocks previstos: ['ABEV3.SA' 'BBAS3.SA' 'BBDC3.SA' 'BBDC4.SA' 'BPAC11.SA' 'ITSA4.SA'
 'ITUB4.SA' 'JBSS3.SA' 'KLBN11.SA' 'PETR4.SA' 'SANB11.SA' 'VALE3.SA'
 'WEGE3.SA']
2025-02-10 22:19:00,167 - tune_model - INFO - Plot salvo em : reports/forecast_plot_2025-02-10.png
2025-02-10 22:43:57,409 - tune_model - INFO - Dataframe filtrado: (3902, 3)
2025-02-10 22:43:57,409 - tune_model - INFO - Dados carregados para os seguintes símbolos ['ABEV3.SA' 'BBAS3.SA' 'BBDC3.SA' 'BBDC4.SA' 'BPAC11.SA' 'ITSA4.SA'
 'ITUB4.SA' 'JBSS3.SA' 'KLBN11.SA' 'PETR4.SA' 'SANB11.SA' 'VALE3.SA'
 'WEGE3.SA']
2025-02-10 22:43:57,410 - tune_model - INFO - Horizonte de treinamento definido como: 103
2025-02-10 22:43:57,412 - tune_model - INFO - Modelo carregado.
2025-02-10 22:43:57,840 - tune_model - INFO - Definindo o nome da execução do experimento como : fiap_mle_fase4_20250210_2243
2025-02-10 22:43:57,896 - tune_model - DEBUG - Salvando configuração inicial: {'h': 103, 'encoder_hidden_size': <ray.tune.search.sample.Categorical object at 0x7fd2600e4e00>, 'encoder_n_layers': <ray.tune.search.sample.Integer object at 0x7fd2600e6810>, 'context_size': <ray.tune.search.sample.Categorical object at 0x7fd2600e8710>, 'decoder_hidden_size': <ray.tune.search.sample.Categorical object at 0x7fd2600e8740>, 'learning_rate': <ray.tune.search.sample.Float object at 0x7fd2600e8770>, 'max_steps': <ray.tune.search.sample.Categorical object at 0x7fd2600e88c0>, 'batch_size': <ray.tune.search.sample.Categorical object at 0x7fd2600e8890>, 'loss': WMAPE(), 'random_seed': <ray.tune.search.sample.Integer object at 0x7fd2600e89e0>, 'input_size': <ray.tune.search.sample.Categorical object at 0x7fd2600e8b00>, 'inference_input_size': <ray.tune.search.sample.Categorical object at 0x7fd2600e8ad0>, 'valid_loss': WMAPE()}
2025-02-10 22:44:52,452 - tune_model - INFO - Hiperparâmetros: "alias":                     None
"batch_size":                32
"context_size":              50
"dataloader_kwargs":         None
"decoder_hidden_size":       512
"decoder_layers":            2
"drop_last_loader":          False
"early_stop_patience_steps": -1
"encoder_bias":              True
"encoder_dropout":           0.0
"encoder_hidden_size":       100
"encoder_n_layers":          2
"futr_exog_list":            None
"h":                         103
"hist_exog_list":            None
"inference_input_size":      -103
"input_size":                412
"learning_rate":             0.00027069412997418423
"loss":                      WMAPE()
"lr_scheduler":              None
"lr_scheduler_kwargs":       None
"max_steps":                 1000
"num_lr_decays":             -1
"num_workers_loader":        0
"optimizer":                 None
"optimizer_kwargs":          None
"random_seed":               5
"scaler_type":               robust
"stat_exog_list":            None
"val_check_steps":           100
"valid_batch_size":          None
"valid_loss":                WMAPE()
2025-02-10 22:44:52,470 - tune_model - DEBUG - Configuração após o treino: {'h': 103, 'encoder_hidden_size': <ray.tune.search.sample.Categorical object at 0x7fd2600e4e00>, 'encoder_n_layers': <ray.tune.search.sample.Integer object at 0x7fd2600e6810>, 'context_size': <ray.tune.search.sample.Categorical object at 0x7fd2600e8710>, 'decoder_hidden_size': <ray.tune.search.sample.Categorical object at 0x7fd2600e8740>, 'learning_rate': <ray.tune.search.sample.Float object at 0x7fd2600e8770>, 'max_steps': <ray.tune.search.sample.Categorical object at 0x7fd2600e88c0>, 'batch_size': <ray.tune.search.sample.Categorical object at 0x7fd2600e8890>, 'loss': WMAPE(), 'random_seed': <ray.tune.search.sample.Integer object at 0x7fd2600e89e0>, 'input_size': <ray.tune.search.sample.Categorical object at 0x7fd2600e8b00>, 'inference_input_size': <ray.tune.search.sample.Categorical object at 0x7fd2600e8ad0>, 'valid_loss': WMAPE()}
2025-02-10 22:44:52,520 - tune_model - INFO - Salvando modelo em: ml_models/neuralforecast_autolstm_2025-02-10.joblib
2025-02-10 22:44:52,703 - tune_model - INFO - A avaliação do wmape é: 0.14991773138021147
2025-02-10 22:44:52,703 - tune_model - DEBUG - Stocks previstos: ['ABEV3.SA' 'BBAS3.SA' 'BBDC3.SA' 'BBDC4.SA' 'BPAC11.SA' 'ITSA4.SA'
 'ITUB4.SA' 'JBSS3.SA' 'KLBN11.SA' 'PETR4.SA' 'SANB11.SA' 'VALE3.SA'
 'WEGE3.SA']
2025-02-10 22:44:53,211 - tune_model - INFO - Plot salvo em : reports/forecast_plot_2025-02-10.png
2025-02-10 22:55:59,837 - tune_model - INFO - Dataframe filtrado: (3902, 3)
2025-02-10 22:55:59,838 - tune_model - INFO - Dados carregados para os seguintes símbolos ['ABEV3.SA' 'BBAS3.SA' 'BBDC3.SA' 'BBDC4.SA' 'BPAC11.SA' 'ITSA4.SA'
 'ITUB4.SA' 'JBSS3.SA' 'KLBN11.SA' 'PETR4.SA' 'SANB11.SA' 'VALE3.SA'
 'WEGE3.SA']
2025-02-10 22:55:59,839 - tune_model - INFO - Horizonte de treinamento definido como: 82
2025-02-10 22:55:59,840 - tune_model - INFO - Modelo carregado.
2025-02-10 22:55:59,929 - tune_model - INFO - Definindo o nome da execução do experimento como : fiap_mle_fase4_20250210_2255
2025-02-10 22:55:59,981 - tune_model - DEBUG - Salvando configuração inicial: {'h': 82, 'encoder_hidden_size': <ray.tune.search.sample.Categorical object at 0x7efdaa6e3ad0>, 'encoder_n_layers': <ray.tune.search.sample.Integer object at 0x7efdaa6e3bf0>, 'context_size': <ray.tune.search.sample.Categorical object at 0x7efdaa7317f0>, 'decoder_hidden_size': <ray.tune.search.sample.Categorical object at 0x7efdaa730950>, 'learning_rate': <ray.tune.search.sample.Float object at 0x7efdaa733440>, 'max_steps': <ray.tune.search.sample.Categorical object at 0x7efdaa7337d0>, 'batch_size': <ray.tune.search.sample.Categorical object at 0x7efdaa7337a0>, 'loss': WMAPE(), 'random_seed': <ray.tune.search.sample.Integer object at 0x7efdaa7338f0>, 'input_size': <ray.tune.search.sample.Categorical object at 0x7efdaa733a10>, 'inference_input_size': <ray.tune.search.sample.Categorical object at 0x7efdaa7339e0>, 'valid_loss': WMAPE()}
2025-02-10 23:08:54,071 - tune_model - INFO - Hiperparâmetros: "alias":                     None
"batch_size":                16
"context_size":              5
"dataloader_kwargs":         None
"decoder_hidden_size":       128
"decoder_layers":            2
"drop_last_loader":          False
"early_stop_patience_steps": -1
"encoder_bias":              True
"encoder_dropout":           0.0
"encoder_hidden_size":       200
"encoder_n_layers":          1
"futr_exog_list":            None
"h":                         82
"hist_exog_list":            None
"inference_input_size":      -82
"input_size":                1312
"learning_rate":             0.0004350037351403283
"loss":                      WMAPE()
"lr_scheduler":              None
"lr_scheduler_kwargs":       None
"max_steps":                 500
"num_lr_decays":             -1
"num_workers_loader":        0
"optimizer":                 None
"optimizer_kwargs":          None
"random_seed":               18
"scaler_type":               robust
"stat_exog_list":            None
"val_check_steps":           100
"valid_batch_size":          None
"valid_loss":                WMAPE()
2025-02-10 23:08:54,092 - tune_model - DEBUG - Configuração após o treino: {'h': 82, 'encoder_hidden_size': <ray.tune.search.sample.Categorical object at 0x7efdaa6e3ad0>, 'encoder_n_layers': <ray.tune.search.sample.Integer object at 0x7efdaa6e3bf0>, 'context_size': <ray.tune.search.sample.Categorical object at 0x7efdaa7317f0>, 'decoder_hidden_size': <ray.tune.search.sample.Categorical object at 0x7efdaa730950>, 'learning_rate': <ray.tune.search.sample.Float object at 0x7efdaa733440>, 'max_steps': <ray.tune.search.sample.Categorical object at 0x7efdaa7337d0>, 'batch_size': <ray.tune.search.sample.Categorical object at 0x7efdaa7337a0>, 'loss': WMAPE(), 'random_seed': <ray.tune.search.sample.Integer object at 0x7efdaa7338f0>, 'input_size': <ray.tune.search.sample.Categorical object at 0x7efdaa733a10>, 'inference_input_size': <ray.tune.search.sample.Categorical object at 0x7efdaa7339e0>, 'valid_loss': WMAPE()}
2025-02-10 23:08:54,188 - tune_model - INFO - Salvando modelo em: ml_models/neuralforecast_autolstm_2025-02-10.joblib
2025-02-10 23:08:54,295 - tune_model - INFO - A avaliação do wmape é: 0.07139992666682272
2025-02-10 23:08:54,297 - tune_model - DEBUG - Stocks previstos: ['ABEV3.SA' 'BBAS3.SA' 'BBDC3.SA' 'BBDC4.SA' 'BPAC11.SA' 'ITSA4.SA'
 'ITUB4.SA' 'JBSS3.SA' 'KLBN11.SA' 'PETR4.SA' 'SANB11.SA' 'VALE3.SA'
 'WEGE3.SA']
2025-02-10 23:08:54,914 - tune_model - INFO - Plot salvo em : reports/forecast_plot_2025-02-10.png
2025-02-11 23:48:30,886 - tune_model - INFO - Dataframe filtrado: (3902, 3)
2025-02-11 23:48:30,887 - tune_model - INFO - Dados carregados para os seguintes símbolos ['ABEV3.SA' 'BBAS3.SA' 'BBDC3.SA' 'BBDC4.SA' 'BPAC11.SA' 'ITSA4.SA'
 'ITUB4.SA' 'JBSS3.SA' 'KLBN11.SA' 'PETR4.SA' 'SANB11.SA' 'VALE3.SA'
 'WEGE3.SA']
2025-02-11 23:48:30,889 - tune_model - INFO - Horizonte de treinamento definido como: 82
2025-02-11 23:48:30,891 - tune_model - INFO - Modelo carregado.
2025-02-11 23:48:31,054 - tune_model - INFO - Definindo o nome da execução do experimento como : fiap_mle_fase4_20250211_2348
2025-02-12 00:02:21,103 - tune_model - INFO - Melhores Hiperparâmetros: "alias":                     None
"batch_size":                16
"context_size":              5
"dataloader_kwargs":         None
"decoder_hidden_size":       128
"decoder_layers":            2
"drop_last_loader":          False
"early_stop_patience_steps": -1
"encoder_bias":              True
"encoder_dropout":           0.0
"encoder_hidden_size":       200
"encoder_n_layers":          1
"futr_exog_list":            None
"h":                         82
"hist_exog_list":            None
"inference_input_size":      -82
"input_size":                1312
"learning_rate":             0.0004350037351403283
"loss":                      WMAPE()
"lr_scheduler":              None
"lr_scheduler_kwargs":       None
"max_steps":                 500
"num_lr_decays":             -1
"optimizer":                 None
"optimizer_kwargs":          None
"random_seed":               18
"scaler_type":               robust
"stat_exog_list":            None
"val_check_steps":           100
"valid_batch_size":          None
"valid_loss":                WMAPE()
2025-02-12 00:02:21,187 - tune_model - INFO - Salvando modelo em: ml_models/neuralforecast_autolstm_20250212_0002.joblib
2025-02-12 00:02:21,268 - tune_model - INFO - A avaliação do wmape é: 0.07139992666682272
2025-02-12 00:02:21,268 - tune_model - DEBUG - Stocks previstos: ['ABEV3.SA' 'BBAS3.SA' 'BBDC3.SA' 'BBDC4.SA' 'BPAC11.SA' 'ITSA4.SA'
 'ITUB4.SA' 'JBSS3.SA' 'KLBN11.SA' 'PETR4.SA' 'SANB11.SA' 'VALE3.SA'
 'WEGE3.SA']
2025-02-12 00:02:21,665 - tune_model - INFO - Plot salvo em : reports/forecast_plot_20250212_0002.png
